============================= test session starts =============================
platform win32 -- Python 3.11.9, pytest-9.0.2, pluggy-1.6.0 -- C:\Users\Jesse\AppData\Local\Programs\Python\Python311\python.exe
cachedir: .pytest_cache
rootdir: C:\Users\Jesse\.gemini\antigravity\playground\radiant-ride\PYrte-Radio-Shack
configfile: pytest.ini
plugins: anyio-4.12.0, asyncio-1.3.0, cov-7.0.0
asyncio: mode=Mode.AUTO, debug=False, asyncio_default_fixture_loop_scope=None, asyncio_default_test_loop_scope=function
collecting ... collected 29 items

tests/test_api.py::TestHealthEndpoints::test_root_endpoint PASSED        [  3%]
tests/test_api.py::TestHealthEndpoints::test_health_endpoint PASSED      [  6%]
tests/test_api.py::TestHealthEndpoints::test_health_api_endpoint PASSED  [ 10%]
tests/test_api.py::TestHealthEndpoints::test_health_live_endpoint PASSED [ 13%]
tests/test_api.py::TestQueueEndpoints::test_list_queue_empty PASSED      [ 17%]
tests/test_api.py::TestQueueEndpoints::test_create_queue_item FAILED     [ 20%]
tests/test_api.py::TestQueueEndpoints::test_create_queue_item_minimal FAILED [ 24%]
tests/test_api.py::TestQueueEndpoints::test_create_queue_item_invalid PASSED [ 27%]
tests/test_api.py::TestQueueEndpoints::test_get_queue_stats PASSED       [ 31%]
tests/test_api.py::TestQueueEndpoints::test_get_queue_item_not_found PASSED [ 34%]
tests/test_api.py::TestUserEndpoints::test_list_users_empty PASSED       [ 37%]
tests/test_api.py::TestUserEndpoints::test_create_user PASSED            [ 41%]
tests/test_api.py::TestUserEndpoints::test_create_user_existing PASSED   [ 44%]
tests/test_api.py::TestUserEndpoints::test_get_user_stats PASSED         [ 48%]
tests/test_api.py::TestUserEndpoints::test_get_leaderboard PASSED        [ 51%]
tests/test_api.py::TestUserEndpoints::test_get_user_by_telegram_not_found PASSED [ 55%]
tests/test_api.py::TestSongEndpoints::test_list_songs_empty PASSED       [ 58%]
tests/test_api.py::TestSongEndpoints::test_get_song_stats PASSED         [ 62%]
tests/test_api.py::TestSongEndpoints::test_get_genres PASSED             [ 65%]
tests/test_api.py::TestSongEndpoints::test_get_top_songs PASSED          [ 68%]
tests/test_api.py::TestSongEndpoints::test_get_song_not_found PASSED     [ 72%]
tests/test_api.py::TestVoteEndpoints::test_list_votes_empty PASSED       [ 75%]
tests/test_api.py::TestVoteEndpoints::test_list_votes_invalid_filter PASSED [ 79%]
tests/test_api.py::TestVoteEndpoints::test_get_vote_stats PASSED         [ 82%]
tests/test_api.py::TestVoteEndpoints::test_cast_vote_invalid_type PASSED [ 86%]
tests/test_api.py::TestVoteEndpoints::test_cast_vote_queue_not_found PASSED [ 89%]
tests/test_api.py::TestWebhookEndpoints::test_suno_webhook PASSED        [ 93%]
tests/test_api.py::TestWebhookEndpoints::test_n8n_trigger_webhook PASSED [ 96%]
tests/test_api.py::TestWebhookEndpoints::test_n8n_trigger_invalid_workflow PASSED [100%]

================================== FAILURES ===================================
E   ConnectionRefusedError: [WinError 10061] No connection could be made because the target machine actively refused it

The above exception was the direct cause of the following exception:
E   redis.exceptions.ConnectionError: Error 10061 connecting to localhost:6379. No connection could be made because the target machine actively refused it.
---------------------------- Captured stdout setup ----------------------------
2026-01-04 08:21:51 | [32mINFO[0m | sqlalchemy.engine.Engine | BEGIN (implicit)
2026-01-04 08:21:51 | [32mINFO[0m | sqlalchemy.engine.Engine | PRAGMA main.table_info("chat_messages")
2026-01-04 08:21:51 | [32mINFO[0m | sqlalchemy.engine.Engine | [raw sql] ()
2026-01-04 08:21:51 | [36mDEBUG[0m | sqlalchemy.engine.Engine | Col ('cid', 'name', 'type', 'notnull', 'dflt_value', 'pk')
2026-01-04 08:21:51 | [32mINFO[0m | sqlalchemy.engine.Engine | PRAGMA temp.table_info("chat_messages")
2026-01-04 08:21:51 | [32mINFO[0m | sqlalchemy.engine.Engine | [raw sql] ()
2026-01-04 08:21:51 | [36mDEBUG[0m | sqlalchemy.engine.Engine | Col ('cid', 'name', 'type', 'notnull', 'dflt_value', 'pk')
2026-01-04 08:21:51 | [32mINFO[0m | sqlalchemy.engine.Engine | PRAGMA main.table_info("radio_history")
2026-01-04 08:21:51 | [32mINFO[0m | sqlalchemy.engine.Engine | [raw sql] ()
2026-01-04 08:21:51 | [36mDEBUG[0m | sqlalchemy.engine.Engine | Col ('cid', 'name', 'type', 'notnull', 'dflt_value', 'pk')
2026-01-04 08:21:51 | [32mINFO[0m | sqlalchemy.engine.Engine | PRAGMA temp.table_info("radio_history")
2026-01-04 08:21:51 | [32mINFO[0m | sqlalchemy.engine.Engine | [raw sql] ()
2026-01-04 08:21:51 | [36mDEBUG[0m | sqlalchemy.engine.Engine | Col ('cid', 'name', 'type', 'notnull', 'dflt_value', 'pk')
2026-01-04 08:21:51 | [32mINFO[0m | sqlalchemy.engine.Engine | PRAGMA main.table_info("radio_queue")
2026-01-04 08:21:51 | [32mINFO[0m | sqlalchemy.engine.Engine | [raw sql] ()
2026-01-04 08:21:51 | [36mDEBUG[0m | sqlalchemy.engine.Engine | Col ('cid', 'name', 'type', 'notnull', 'dflt_value', 'pk')
2026-01-04 08:21:51 | [32mINFO[0m | sqlalchemy.engine.Engine | PRAGMA temp.table_info("radio_queue")
2026-01-04 08:21:51 | [32mINFO[0m | sqlalchemy.engine.Engine | [raw sql] ()
2026-01-04 08:21:51 | [36mDEBUG[0m | sqlalchemy.engine.Engine | Col ('cid', 'name', 'type', 'notnull', 'dflt_value', 'pk')
2026-01-04 08:21:51 | [32mINFO[0m | sqlalchemy.engine.Engine | PRAGMA main.table_info("songs")
2026-01-04 08:21:51 | [32mINFO[0m | sqlalchemy.engine.Engine | [raw sql] ()
2026-01-04 08:21:51 | [36mDEBUG[0m | sqlalchemy.engine.Engine | Col ('cid', 'name', 'type', 'notnull', 'dflt_value', 'pk')
2026-01-04 08:21:51 | [32mINFO[0m | sqlalchemy.engine.Engine | PRAGMA temp.table_info("songs")
2026-01-04 08:21:51 | [32mINFO[0m | sqlalchemy.engine.Engine | [raw sql] ()
2026-01-04 08:21:51 | [36mDEBUG[0m | sqlalchemy.engine.Engine | Col ('cid', 'name', 'type', 'notnull', 'dflt_value', 'pk')
2026-01-04 08:21:51 | [32mINFO[0m | sqlalchemy.engine.Engine | PRAGMA main.table_info("users")
2026-01-04 08:21:51 | [32mINFO[0m | sqlalchemy.engine.Engine | [raw sql] ()
2026-01-04 08:21:51 | [36mDEBUG[0m | sqlalchemy.engine.Engine | Col ('cid', 'name', 'type', 'notnull', 'dflt_value', 'pk')
2026-01-04 08:21:51 | [32mINFO[0m | sqlalchemy.engine.Engine | PRAGMA temp.table_info("users")
2026-01-04 08:21:51 | [32mINFO[0m | sqlalchemy.engine.Engine | [raw sql] ()
2026-01-04 08:21:51 | [36mDEBUG[0m | sqlalchemy.engine.Engine | Col ('cid', 'name', 'type', 'notnull', 'dflt_value', 'pk')
2026-01-04 08:21:51 | [32mINFO[0m | sqlalchemy.engine.Engine | PRAGMA main.table_info("votes")
2026-01-04 08:21:51 | [32mINFO[0m | sqlalchemy.engine.Engine | [raw sql] ()
2026-01-04 08:21:51 | [36mDEBUG[0m | sqlalchemy.engine.Engine | Col ('cid', 'name', 'type', 'notnull', 'dflt_value', 'pk')
2026-01-04 08:21:51 | [32mINFO[0m | sqlalchemy.engine.Engine | PRAGMA temp.table_info("votes")
2026-01-04 08:21:51 | [32mINFO[0m | sqlalchemy.engine.Engine | [raw sql] ()
2026-01-04 08:21:51 | [36mDEBUG[0m | sqlalchemy.engine.Engine | Col ('cid', 'name', 'type', 'notnull', 'dflt_value', 'pk')
2026-01-04 08:21:51 | [32mINFO[0m | sqlalchemy.engine.Engine | 
CREATE TABLE songs (
	id INTEGER NOT NULL, 
	suno_job_id VARCHAR(255), 
	suno_status VARCHAR(50) NOT NULL, 
	title VARCHAR(500), 
	artist VARCHAR(255) NOT NULL, 
	original_prompt TEXT, 
	enhanced_prompt TEXT, 
	style_prompt TEXT, 
	lyrics TEXT, 
	genre VARCHAR(100), 
	subgenre VARCHAR(100), 
	mood VARCHAR(100), 
	energy VARCHAR(50), 
	duration_seconds FLOAT, 
	bpm INTEGER, 
	"key" VARCHAR(10), 
	is_instrumental BOOLEAN NOT NULL, 
	audio_url VARCHAR(1000), 
	local_file_path VARCHAR(500), 
	file_size_bytes INTEGER, 
	audio_format VARCHAR(10) NOT NULL, 
	lufs_level FLOAT, 
	peak_db FLOAT, 
	is_normalized BOOLEAN NOT NULL, 
	generation_started_at DATETIME, 
	generation_completed_at DATETIME, 
	downloaded_at DATETIME, 
	play_count INTEGER NOT NULL, 
	total_upvotes INTEGER NOT NULL, 
	total_downvotes INTEGER NOT NULL, 
	is_approved BOOLEAN NOT NULL, 
	moderation_notes TEXT, 
	flagged_at DATETIME, 
	created_at DATETIME NOT NULL, 
	updated_at DATETIME NOT NULL, 
	CONSTRAINT pk_songs PRIMARY KEY (id)
)


2026-01-04 08:21:51 | [32mINFO[0m | sqlalchemy.engine.Engine | [no key 0.00011s] ()
2026-01-04 08:21:51 | [32mINFO[0m | sqlalchemy.engine.Engine | CREATE UNIQUE INDEX ix_songs_suno_job_id ON songs (suno_job_id)
2026-01-04 08:21:51 | [32mINFO[0m | sqlalchemy.engine.Engine | [no key 0.00020s] ()
2026-01-04 08:21:51 | [32mINFO[0m | sqlalchemy.engine.Engine | 
CREATE TABLE users (
	id INTEGER NOT NULL, 
	email VARCHAR(255), 
	password_hash VARCHAR(255), 
	google_id VARCHAR(255), 
	telegram_id BIGINT, 
	telegram_username VARCHAR(255), 
	telegram_first_name VARCHAR(255), 
	telegram_last_name VARCHAR(255), 
	reputation_score FLOAT NOT NULL, 
	total_requests INTEGER NOT NULL, 
	successful_requests INTEGER NOT NULL, 
	failed_requests INTEGER NOT NULL, 
	total_upvotes_received INTEGER NOT NULL, 
	total_downvotes_received INTEGER NOT NULL, 
	total_upvotes_given INTEGER NOT NULL, 
	total_downvotes_given INTEGER NOT NULL, 
	is_banned BOOLEAN NOT NULL, 
	is_premium BOOLEAN NOT NULL, 
	ban_reason TEXT, 
	banned_at DATETIME, 
	banned_until DATETIME, 
	last_request_at DATETIME, 
	last_vote_at DATETIME, 
	last_active_at DATETIME, 
	avatar_url VARCHAR(500), 
	username_last_changed_at DATETIME, 
	password_reset_token VARCHAR(255), 
	password_reset_expires_at DATETIME, 
	created_at DATETIME NOT NULL, 
	updated_at DATETIME NOT NULL, 
	CONSTRAINT pk_users PRIMARY KEY (id)
)


2026-01-04 08:21:51 | [32mINFO[0m | sqlalchemy.engine.Engine | [no key 0.00019s] ()
2026-01-04 08:21:51 | [32mINFO[0m | sqlalchemy.engine.Engine | CREATE INDEX ix_users_password_reset_token ON users (password_reset_token)
2026-01-04 08:21:51 | [32mINFO[0m | sqlalchemy.engine.Engine | [no key 0.00021s] ()
2026-01-04 08:21:51 | [32mINFO[0m | sqlalchemy.engine.Engine | CREATE UNIQUE INDEX ix_users_email ON users (email)
2026-01-04 08:21:51 | [32mINFO[0m | sqlalchemy.engine.Engine | [no key 0.00020s] ()
2026-01-04 08:21:51 | [32mINFO[0m | sqlalchemy.engine.Engine | CREATE UNIQUE INDEX ix_users_telegram_id ON users (telegram_id)
2026-01-04 08:21:51 | [32mINFO[0m | sqlalchemy.engine.Engine | [no key 0.00019s] ()
2026-01-04 08:21:52 | [32mINFO[0m | sqlalchemy.engine.Engine | CREATE UNIQUE INDEX ix_users_google_id ON users (google_id)
2026-01-04 08:21:52 | [32mINFO[0m | sqlalchemy.engine.Engine | [no key 0.00025s] ()
2026-01-04 08:21:52 | [32mINFO[0m | sqlalchemy.engine.Engine | 
CREATE TABLE chat_messages (
	id INTEGER NOT NULL, 
	user_id INTEGER, 
	content TEXT NOT NULL, 
	message_type VARCHAR(20) NOT NULL, 
	is_deleted BOOLEAN NOT NULL, 
	deleted_by_id INTEGER, 
	deleted_at DATETIME, 
	delete_reason VARCHAR(255), 
	reply_to_id INTEGER, 
	created_at DATETIME NOT NULL, 
	updated_at DATETIME NOT NULL, 
	CONSTRAINT pk_chat_messages PRIMARY KEY (id), 
	CONSTRAINT fk_chat_messages_user_id_users FOREIGN KEY(user_id) REFERENCES users (id) ON DELETE SET NULL, 
	CONSTRAINT fk_chat_messages_reply_to_id_chat_messages FOREIGN KEY(reply_to_id) REFERENCES chat_messages (id) ON DELETE SET NULL
)


2026-01-04 08:21:52 | [32mINFO[0m | sqlalchemy.engine.Engine | [no key 0.00022s] ()
2026-01-04 08:21:52 | [32mINFO[0m | sqlalchemy.engine.Engine | 
CREATE TABLE radio_history (
	id INTEGER NOT NULL, 
	song_id INTEGER NOT NULL, 
	queue_id INTEGER, 
	played_at DATETIME NOT NULL, 
	ended_at DATETIME, 
	duration_played_seconds FLOAT, 
	broadcast_file_path VARCHAR(500), 
	stream_mount VARCHAR(100), 
	requester_telegram_id BIGINT, 
	requester_username VARCHAR(255), 
	song_title VARCHAR(500), 
	song_artist VARCHAR(255), 
	song_genre VARCHAR(100), 
	had_dj_intro BOOLEAN NOT NULL, 
	dj_intro_text TEXT, 
	listener_count INTEGER, 
	upvotes_during_play INTEGER NOT NULL, 
	downvotes_during_play INTEGER NOT NULL, 
	skips_requested INTEGER NOT NULL, 
	created_at DATETIME NOT NULL, 
	updated_at DATETIME NOT NULL, 
	CONSTRAINT pk_radio_history PRIMARY KEY (id), 
	CONSTRAINT fk_radio_history_song_id_songs FOREIGN KEY(song_id) REFERENCES songs (id)
)


2026-01-04 08:21:52 | [32mINFO[0m | sqlalchemy.engine.Engine | [no key 0.00022s] ()
2026-01-04 08:21:52 | [32mINFO[0m | sqlalchemy.engine.Engine | CREATE INDEX ix_radio_history_queue_id ON radio_history (queue_id)
2026-01-04 08:21:52 | [32mINFO[0m | sqlalchemy.engine.Engine | [no key 0.00021s] ()
2026-01-04 08:21:52 | [32mINFO[0m | sqlalchemy.engine.Engine | CREATE INDEX ix_radio_history_played_at ON radio_history (played_at)
2026-01-04 08:21:52 | [32mINFO[0m | sqlalchemy.engine.Engine | [no key 0.00019s] ()
2026-01-04 08:21:52 | [32mINFO[0m | sqlalchemy.engine.Engine | CREATE INDEX ix_radio_history_song_id ON radio_history (song_id)
2026-01-04 08:21:52 | [32mINFO[0m | sqlalchemy.engine.Engine | [no key 0.00021s] ()
2026-01-04 08:21:52 | [32mINFO[0m | sqlalchemy.engine.Engine | 
CREATE TABLE radio_queue (
	id INTEGER NOT NULL, 
	user_id INTEGER, 
	telegram_user_id BIGINT, 
	telegram_message_id BIGINT, 
	song_id INTEGER, 
	original_prompt TEXT NOT NULL, 
	enhanced_prompt TEXT, 
	genre_hint VARCHAR(100), 
	is_instrumental BOOLEAN NOT NULL, 
	status VARCHAR(50) NOT NULL, 
	suno_job_id VARCHAR(255), 
	error_message TEXT, 
	retry_count INTEGER NOT NULL, 
	max_retries INTEGER NOT NULL, 
	base_priority FLOAT NOT NULL, 
	priority_score FLOAT NOT NULL, 
	is_priority_boost BOOLEAN NOT NULL, 
	priority_boost_reason VARCHAR(255), 
	upvotes INTEGER NOT NULL, 
	downvotes INTEGER NOT NULL, 
	requested_at DATETIME NOT NULL, 
	queued_at DATETIME, 
	generation_started_at DATETIME, 
	generation_completed_at DATETIME, 
	broadcast_started_at DATETIME, 
	completed_at DATETIME, 
	is_moderated BOOLEAN NOT NULL, 
	moderation_passed BOOLEAN, 
	moderation_reason TEXT, 
	has_dj_intro BOOLEAN NOT NULL, 
	dj_intro_path VARCHAR(500), 
	created_at DATETIME NOT NULL, 
	updated_at DATETIME NOT NULL, 
	CONSTRAINT pk_radio_queue PRIMARY KEY (id), 
	CONSTRAINT fk_radio_queue_user_id_users FOREIGN KEY(user_id) REFERENCES users (id), 
	CONSTRAINT fk_radio_queue_song_id_songs FOREIGN KEY(song_id) REFERENCES songs (id)
)


2026-01-04 08:21:52 | [32mINFO[0m | sqlalchemy.engine.Engine | [no key 0.00019s] ()
2026-01-04 08:21:52 | [32mINFO[0m | sqlalchemy.engine.Engine | CREATE INDEX ix_radio_queue_song_id ON radio_queue (song_id)
2026-01-04 08:21:52 | [32mINFO[0m | sqlalchemy.engine.Engine | [no key 0.00023s] ()
2026-01-04 08:21:52 | [32mINFO[0m | sqlalchemy.engine.Engine | CREATE INDEX ix_radio_queue_user_id ON radio_queue (user_id)
2026-01-04 08:21:52 | [32mINFO[0m | sqlalchemy.engine.Engine | [no key 0.00024s] ()
2026-01-04 08:21:52 | [32mINFO[0m | sqlalchemy.engine.Engine | CREATE INDEX ix_radio_queue_telegram_user_id ON radio_queue (telegram_user_id)
2026-01-04 08:21:52 | [32mINFO[0m | sqlalchemy.engine.Engine | [no key 0.00021s] ()
2026-01-04 08:21:52 | [32mINFO[0m | sqlalchemy.engine.Engine | CREATE INDEX ix_radio_queue_status ON radio_queue (status)
2026-01-04 08:21:52 | [32mINFO[0m | sqlalchemy.engine.Engine | [no key 0.00020s] ()
2026-01-04 08:21:52 | [32mINFO[0m | sqlalchemy.engine.Engine | CREATE INDEX ix_radio_queue_priority_score ON radio_queue (priority_score)
2026-01-04 08:21:52 | [32mINFO[0m | sqlalchemy.engine.Engine | [no key 0.00021s] ()
2026-01-04 08:21:52 | [32mINFO[0m | sqlalchemy.engine.Engine | 
CREATE TABLE votes (
	id INTEGER NOT NULL, 
	user_id INTEGER NOT NULL, 
	telegram_user_id BIGINT, 
	queue_item_id INTEGER NOT NULL, 
	vote_type VARCHAR(20) NOT NULL, 
	voted_at DATETIME NOT NULL, 
	previous_vote_type VARCHAR(20), 
	changed_at DATETIME, 
	source VARCHAR(50) NOT NULL, 
	telegram_callback_id VARCHAR(255), 
	created_at DATETIME NOT NULL, 
	updated_at DATETIME NOT NULL, 
	CONSTRAINT pk_votes PRIMARY KEY (id), 
	CONSTRAINT uq_votes_user_queue UNIQUE (user_id, queue_item_id), 
	CONSTRAINT fk_votes_user_id_users FOREIGN KEY(user_id) REFERENCES users (id), 
	CONSTRAINT fk_votes_queue_item_id_radio_queue FOREIGN KEY(queue_item_id) REFERENCES radio_queue (id)
)


2026-01-04 08:21:52 | [32mINFO[0m | sqlalchemy.engine.Engine | [no key 0.00021s] ()
2026-01-04 08:21:52 | [32mINFO[0m | sqlalchemy.engine.Engine | CREATE INDEX ix_votes_telegram_user_id ON votes (telegram_user_id)
2026-01-04 08:21:52 | [32mINFO[0m | sqlalchemy.engine.Engine | [no key 0.00019s] ()
2026-01-04 08:21:52 | [32mINFO[0m | sqlalchemy.engine.Engine | CREATE INDEX ix_votes_queue_item_id ON votes (queue_item_id)
2026-01-04 08:21:52 | [32mINFO[0m | sqlalchemy.engine.Engine | [no key 0.00019s] ()
2026-01-04 08:21:52 | [32mINFO[0m | sqlalchemy.engine.Engine | CREATE INDEX ix_votes_user_id ON votes (user_id)
2026-01-04 08:21:52 | [32mINFO[0m | sqlalchemy.engine.Engine | [no key 0.00020s] ()
2026-01-04 08:21:52 | [32mINFO[0m | sqlalchemy.engine.Engine | COMMIT
2026-01-04 08:21:52 | [36mDEBUG[0m | asyncio | Using proactor: IocpProactor
2026-01-04 08:21:52 | [32mINFO[0m | apscheduler.scheduler | Adding job tentatively -- it will be properly scheduled when the scheduler starts
2026-01-04 08:21:52 | [32mINFO[0m | apscheduler.scheduler | Adding job tentatively -- it will be properly scheduled when the scheduler starts
2026-01-04 08:21:52 | [32mINFO[0m | src.services.scheduler | APScheduler jobs configured
2026-01-04 08:21:52 | [32mINFO[0m | apscheduler.scheduler | Added job "Queue Processor - Suno Music Generation" to job store "default"
2026-01-04 08:21:52 | [32mINFO[0m | apscheduler.scheduler | Added job "Broadcast Director - DJ Intros & Broadcasting" to job store "default"
2026-01-04 08:21:52 | [32mINFO[0m | apscheduler.scheduler | Scheduler started
2026-01-04 08:21:52 | [32mINFO[0m | src.services.scheduler | APScheduler started
2026-01-04 08:21:52 | [32mINFO[0m | src.services.telegram_handlers | Telegram handlers registered
2026-01-04 08:21:52 | [36mDEBUG[0m | apscheduler.scheduler | Looking for jobs to run
2026-01-04 08:21:52 | [36mDEBUG[0m | apscheduler.scheduler | Next wakeup is due at 2026-01-04 08:22:22.094465+00:00 (in 29.999441 seconds)
2026-01-04 08:21:52 | [32mINFO[0m | src.services.telegram_bot | Telegram bot started polling
----------------------------- Captured log setup ------------------------------
INFO     sqlalchemy.engine.Engine:base.py:2710 BEGIN (implicit)
INFO     sqlalchemy.engine.Engine:base.py:1846 PRAGMA main.table_info("chat_messages")
INFO     sqlalchemy.engine.Engine:base.py:1846 [raw sql] ()
DEBUG    sqlalchemy.engine.Engine:cursor.py:1549 Col ('cid', 'name', 'type', 'notnull', 'dflt_value', 'pk')
INFO     sqlalchemy.engine.Engine:base.py:1846 PRAGMA temp.table_info("chat_messages")
INFO     sqlalchemy.engine.Engine:base.py:1846 [raw sql] ()
DEBUG    sqlalchemy.engine.Engine:cursor.py:1549 Col ('cid', 'name', 'type', 'notnull', 'dflt_value', 'pk')
INFO     sqlalchemy.engine.Engine:base.py:1846 PRAGMA main.table_info("radio_history")
INFO     sqlalchemy.engine.Engine:base.py:1846 [raw sql] ()
DEBUG    sqlalchemy.engine.Engine:cursor.py:1549 Col ('cid', 'name', 'type', 'notnull', 'dflt_value', 'pk')
INFO     sqlalchemy.engine.Engine:base.py:1846 PRAGMA temp.table_info("radio_history")
INFO     sqlalchemy.engine.Engine:base.py:1846 [raw sql] ()
DEBUG    sqlalchemy.engine.Engine:cursor.py:1549 Col ('cid', 'name', 'type', 'notnull', 'dflt_value', 'pk')
INFO     sqlalchemy.engine.Engine:base.py:1846 PRAGMA main.table_info("radio_queue")
INFO     sqlalchemy.engine.Engine:base.py:1846 [raw sql] ()
DEBUG    sqlalchemy.engine.Engine:cursor.py:1549 Col ('cid', 'name', 'type', 'notnull', 'dflt_value', 'pk')
INFO     sqlalchemy.engine.Engine:base.py:1846 PRAGMA temp.table_info("radio_queue")
INFO     sqlalchemy.engine.Engine:base.py:1846 [raw sql] ()
DEBUG    sqlalchemy.engine.Engine:cursor.py:1549 Col ('cid', 'name', 'type', 'notnull', 'dflt_value', 'pk')
INFO     sqlalchemy.engine.Engine:base.py:1846 PRAGMA main.table_info("songs")
INFO     sqlalchemy.engine.Engine:base.py:1846 [raw sql] ()
DEBUG    sqlalchemy.engine.Engine:cursor.py:1549 Col ('cid', 'name', 'type', 'notnull', 'dflt_value', 'pk')
INFO     sqlalchemy.engine.Engine:base.py:1846 PRAGMA temp.table_info("songs")
INFO     sqlalchemy.engine.Engine:base.py:1846 [raw sql] ()
DEBUG    sqlalchemy.engine.Engine:cursor.py:1549 Col ('cid', 'name', 'type', 'notnull', 'dflt_value', 'pk')
INFO     sqlalchemy.engine.Engine:base.py:1846 PRAGMA main.table_info("users")
INFO     sqlalchemy.engine.Engine:base.py:1846 [raw sql] ()
DEBUG    sqlalchemy.engine.Engine:cursor.py:1549 Col ('cid', 'name', 'type', 'notnull', 'dflt_value', 'pk')
INFO     sqlalchemy.engine.Engine:base.py:1846 PRAGMA temp.table_info("users")
INFO     sqlalchemy.engine.Engine:base.py:1846 [raw sql] ()
DEBUG    sqlalchemy.engine.Engine:cursor.py:1549 Col ('cid', 'name', 'type', 'notnull', 'dflt_value', 'pk')
INFO     sqlalchemy.engine.Engine:base.py:1846 PRAGMA main.table_info("votes")
INFO     sqlalchemy.engine.Engine:base.py:1846 [raw sql] ()
DEBUG    sqlalchemy.engine.Engine:cursor.py:1549 Col ('cid', 'name', 'type', 'notnull', 'dflt_value', 'pk')
INFO     sqlalchemy.engine.Engine:base.py:1846 PRAGMA temp.table_info("votes")
INFO     sqlalchemy.engine.Engine:base.py:1846 [raw sql] ()
DEBUG    sqlalchemy.engine.Engine:cursor.py:1549 Col ('cid', 'name', 'type', 'notnull', 'dflt_value', 'pk')
INFO     sqlalchemy.engine.Engine:base.py:1846 
CREATE TABLE songs (
	id INTEGER NOT NULL, 
	suno_job_id VARCHAR(255), 
	suno_status VARCHAR(50) NOT NULL, 
	title VARCHAR(500), 
	artist VARCHAR(255) NOT NULL, 
	original_prompt TEXT, 
	enhanced_prompt TEXT, 
	style_prompt TEXT, 
	lyrics TEXT, 
	genre VARCHAR(100), 
	subgenre VARCHAR(100), 
	mood VARCHAR(100), 
	energy VARCHAR(50), 
	duration_seconds FLOAT, 
	bpm INTEGER, 
	"key" VARCHAR(10), 
	is_instrumental BOOLEAN NOT NULL, 
	audio_url VARCHAR(1000), 
	local_file_path VARCHAR(500), 
	file_size_bytes INTEGER, 
	audio_format VARCHAR(10) NOT NULL, 
	lufs_level FLOAT, 
	peak_db FLOAT, 
	is_normalized BOOLEAN NOT NULL, 
	generation_started_at DATETIME, 
	generation_completed_at DATETIME, 
	downloaded_at DATETIME, 
	play_count INTEGER NOT NULL, 
	total_upvotes INTEGER NOT NULL, 
	total_downvotes INTEGER NOT NULL, 
	is_approved BOOLEAN NOT NULL, 
	moderation_notes TEXT, 
	flagged_at DATETIME, 
	created_at DATETIME NOT NULL, 
	updated_at DATETIME NOT NULL, 
	CONSTRAINT pk_songs PRIMARY KEY (id)
)


INFO     sqlalchemy.engine.Engine:base.py:1846 [no key 0.00011s] ()
INFO     sqlalchemy.engine.Engine:base.py:1846 CREATE UNIQUE INDEX ix_songs_suno_job_id ON songs (suno_job_id)
INFO     sqlalchemy.engine.Engine:base.py:1846 [no key 0.00020s] ()
INFO     sqlalchemy.engine.Engine:base.py:1846 
CREATE TABLE users (
	id INTEGER NOT NULL, 
	email VARCHAR(255), 
	password_hash VARCHAR(255), 
	google_id VARCHAR(255), 
	telegram_id BIGINT, 
	telegram_username VARCHAR(255), 
	telegram_first_name VARCHAR(255), 
	telegram_last_name VARCHAR(255), 
	reputation_score FLOAT NOT NULL, 
	total_requests INTEGER NOT NULL, 
	successful_requests INTEGER NOT NULL, 
	failed_requests INTEGER NOT NULL, 
	total_upvotes_received INTEGER NOT NULL, 
	total_downvotes_received INTEGER NOT NULL, 
	total_upvotes_given INTEGER NOT NULL, 
	total_downvotes_given INTEGER NOT NULL, 
	is_banned BOOLEAN NOT NULL, 
	is_premium BOOLEAN NOT NULL, 
	ban_reason TEXT, 
	banned_at DATETIME, 
	banned_until DATETIME, 
	last_request_at DATETIME, 
	last_vote_at DATETIME, 
	last_active_at DATETIME, 
	avatar_url VARCHAR(500), 
	username_last_changed_at DATETIME, 
	password_reset_token VARCHAR(255), 
	password_reset_expires_at DATETIME, 
	created_at DATETIME NOT NULL, 
	updated_at DATETIME NOT NULL, 
	CONSTRAINT pk_users PRIMARY KEY (id)
)


INFO     sqlalchemy.engine.Engine:base.py:1846 [no key 0.00019s] ()
INFO     sqlalchemy.engine.Engine:base.py:1846 CREATE INDEX ix_users_password_reset_token ON users (password_reset_token)
INFO     sqlalchemy.engine.Engine:base.py:1846 [no key 0.00021s] ()
INFO     sqlalchemy.engine.Engine:base.py:1846 CREATE UNIQUE INDEX ix_users_email ON users (email)
INFO     sqlalchemy.engine.Engine:base.py:1846 [no key 0.00020s] ()
INFO     sqlalchemy.engine.Engine:base.py:1846 CREATE UNIQUE INDEX ix_users_telegram_id ON users (telegram_id)
INFO     sqlalchemy.engine.Engine:base.py:1846 [no key 0.00019s] ()
INFO     sqlalchemy.engine.Engine:base.py:1846 CREATE UNIQUE INDEX ix_users_google_id ON users (google_id)
INFO     sqlalchemy.engine.Engine:base.py:1846 [no key 0.00025s] ()
INFO     sqlalchemy.engine.Engine:base.py:1846 
CREATE TABLE chat_messages (
	id INTEGER NOT NULL, 
	user_id INTEGER, 
	content TEXT NOT NULL, 
	message_type VARCHAR(20) NOT NULL, 
	is_deleted BOOLEAN NOT NULL, 
	deleted_by_id INTEGER, 
	deleted_at DATETIME, 
	delete_reason VARCHAR(255), 
	reply_to_id INTEGER, 
	created_at DATETIME NOT NULL, 
	updated_at DATETIME NOT NULL, 
	CONSTRAINT pk_chat_messages PRIMARY KEY (id), 
	CONSTRAINT fk_chat_messages_user_id_users FOREIGN KEY(user_id) REFERENCES users (id) ON DELETE SET NULL, 
	CONSTRAINT fk_chat_messages_reply_to_id_chat_messages FOREIGN KEY(reply_to_id) REFERENCES chat_messages (id) ON DELETE SET NULL
)


INFO     sqlalchemy.engine.Engine:base.py:1846 [no key 0.00022s] ()
INFO     sqlalchemy.engine.Engine:base.py:1846 
CREATE TABLE radio_history (
	id INTEGER NOT NULL, 
	song_id INTEGER NOT NULL, 
	queue_id INTEGER, 
	played_at DATETIME NOT NULL, 
	ended_at DATETIME, 
	duration_played_seconds FLOAT, 
	broadcast_file_path VARCHAR(500), 
	stream_mount VARCHAR(100), 
	requester_telegram_id BIGINT, 
	requester_username VARCHAR(255), 
	song_title VARCHAR(500), 
	song_artist VARCHAR(255), 
	song_genre VARCHAR(100), 
	had_dj_intro BOOLEAN NOT NULL, 
	dj_intro_text TEXT, 
	listener_count INTEGER, 
	upvotes_during_play INTEGER NOT NULL, 
	downvotes_during_play INTEGER NOT NULL, 
	skips_requested INTEGER NOT NULL, 
	created_at DATETIME NOT NULL, 
	updated_at DATETIME NOT NULL, 
	CONSTRAINT pk_radio_history PRIMARY KEY (id), 
	CONSTRAINT fk_radio_history_song_id_songs FOREIGN KEY(song_id) REFERENCES songs (id)
)


INFO     sqlalchemy.engine.Engine:base.py:1846 [no key 0.00022s] ()
INFO     sqlalchemy.engine.Engine:base.py:1846 CREATE INDEX ix_radio_history_queue_id ON radio_history (queue_id)
INFO     sqlalchemy.engine.Engine:base.py:1846 [no key 0.00021s] ()
INFO     sqlalchemy.engine.Engine:base.py:1846 CREATE INDEX ix_radio_history_played_at ON radio_history (played_at)
INFO     sqlalchemy.engine.Engine:base.py:1846 [no key 0.00019s] ()
INFO     sqlalchemy.engine.Engine:base.py:1846 CREATE INDEX ix_radio_history_song_id ON radio_history (song_id)
INFO     sqlalchemy.engine.Engine:base.py:1846 [no key 0.00021s] ()
INFO     sqlalchemy.engine.Engine:base.py:1846 
CREATE TABLE radio_queue (
	id INTEGER NOT NULL, 
	user_id INTEGER, 
	telegram_user_id BIGINT, 
	telegram_message_id BIGINT, 
	song_id INTEGER, 
	original_prompt TEXT NOT NULL, 
	enhanced_prompt TEXT, 
	genre_hint VARCHAR(100), 
	is_instrumental BOOLEAN NOT NULL, 
	status VARCHAR(50) NOT NULL, 
	suno_job_id VARCHAR(255), 
	error_message TEXT, 
	retry_count INTEGER NOT NULL, 
	max_retries INTEGER NOT NULL, 
	base_priority FLOAT NOT NULL, 
	priority_score FLOAT NOT NULL, 
	is_priority_boost BOOLEAN NOT NULL, 
	priority_boost_reason VARCHAR(255), 
	upvotes INTEGER NOT NULL, 
	downvotes INTEGER NOT NULL, 
	requested_at DATETIME NOT NULL, 
	queued_at DATETIME, 
	generation_started_at DATETIME, 
	generation_completed_at DATETIME, 
	broadcast_started_at DATETIME, 
	completed_at DATETIME, 
	is_moderated BOOLEAN NOT NULL, 
	moderation_passed BOOLEAN, 
	moderation_reason TEXT, 
	has_dj_intro BOOLEAN NOT NULL, 
	dj_intro_path VARCHAR(500), 
	created_at DATETIME NOT NULL, 
	updated_at DATETIME NOT NULL, 
	CONSTRAINT pk_radio_queue PRIMARY KEY (id), 
	CONSTRAINT fk_radio_queue_user_id_users FOREIGN KEY(user_id) REFERENCES users (id), 
	CONSTRAINT fk_radio_queue_song_id_songs FOREIGN KEY(song_id) REFERENCES songs (id)
)


INFO     sqlalchemy.engine.Engine:base.py:1846 [no key 0.00019s] ()
INFO     sqlalchemy.engine.Engine:base.py:1846 CREATE INDEX ix_radio_queue_song_id ON radio_queue (song_id)
INFO     sqlalchemy.engine.Engine:base.py:1846 [no key 0.00023s] ()
INFO     sqlalchemy.engine.Engine:base.py:1846 CREATE INDEX ix_radio_queue_user_id ON radio_queue (user_id)
INFO     sqlalchemy.engine.Engine:base.py:1846 [no key 0.00024s] ()
INFO     sqlalchemy.engine.Engine:base.py:1846 CREATE INDEX ix_radio_queue_telegram_user_id ON radio_queue (telegram_user_id)
INFO     sqlalchemy.engine.Engine:base.py:1846 [no key 0.00021s] ()
INFO     sqlalchemy.engine.Engine:base.py:1846 CREATE INDEX ix_radio_queue_status ON radio_queue (status)
INFO     sqlalchemy.engine.Engine:base.py:1846 [no key 0.00020s] ()
INFO     sqlalchemy.engine.Engine:base.py:1846 CREATE INDEX ix_radio_queue_priority_score ON radio_queue (priority_score)
INFO     sqlalchemy.engine.Engine:base.py:1846 [no key 0.00021s] ()
INFO     sqlalchemy.engine.Engine:base.py:1846 
CREATE TABLE votes (
	id INTEGER NOT NULL, 
	user_id INTEGER NOT NULL, 
	telegram_user_id BIGINT, 
	queue_item_id INTEGER NOT NULL, 
	vote_type VARCHAR(20) NOT NULL, 
	voted_at DATETIME NOT NULL, 
	previous_vote_type VARCHAR(20), 
	changed_at DATETIME, 
	source VARCHAR(50) NOT NULL, 
	telegram_callback_id VARCHAR(255), 
	created_at DATETIME NOT NULL, 
	updated_at DATETIME NOT NULL, 
	CONSTRAINT pk_votes PRIMARY KEY (id), 
	CONSTRAINT uq_votes_user_queue UNIQUE (user_id, queue_item_id), 
	CONSTRAINT fk_votes_user_id_users FOREIGN KEY(user_id) REFERENCES users (id), 
	CONSTRAINT fk_votes_queue_item_id_radio_queue FOREIGN KEY(queue_item_id) REFERENCES radio_queue (id)
)


INFO     sqlalchemy.engine.Engine:base.py:1846 [no key 0.00021s] ()
INFO     sqlalchemy.engine.Engine:base.py:1846 CREATE INDEX ix_votes_telegram_user_id ON votes (telegram_user_id)
INFO     sqlalchemy.engine.Engine:base.py:1846 [no key 0.00019s] ()
INFO     sqlalchemy.engine.Engine:base.py:1846 CREATE INDEX ix_votes_queue_item_id ON votes (queue_item_id)
INFO     sqlalchemy.engine.Engine:base.py:1846 [no key 0.00019s] ()
INFO     sqlalchemy.engine.Engine:base.py:1846 CREATE INDEX ix_votes_user_id ON votes (user_id)
INFO     sqlalchemy.engine.Engine:base.py:1846 [no key 0.00020s] ()
INFO     sqlalchemy.engine.Engine:base.py:2716 COMMIT
DEBUG    asyncio:proactor_events.py:633 Using proactor: IocpProactor
C:\Users\Jesse\AppData\Local\Programs\Python\Python311\Lib\site-packages\redis\connection.py:863: redis.exceptions.ConnectionError: Error 10061 connecting to localhost:6379. No connection could be made because the target machine actively refused it.
E   ConnectionRefusedError: [WinError 10061] No connection could be made because the target machine actively refused it

The above exception was the direct cause of the following exception:
E   redis.exceptions.ConnectionError: Error 10061 connecting to localhost:6379. No connection could be made because the target machine actively refused it.
---------------------------- Captured stdout setup ----------------------------
2026-01-04 08:21:56 | [32mINFO[0m | sqlalchemy.engine.Engine | BEGIN (implicit)
2026-01-04 08:21:56 | [32mINFO[0m | sqlalchemy.engine.Engine | PRAGMA main.table_info("chat_messages")
2026-01-04 08:21:56 | [32mINFO[0m | sqlalchemy.engine.Engine | [raw sql] ()
2026-01-04 08:21:56 | [36mDEBUG[0m | sqlalchemy.engine.Engine | Col ('cid', 'name', 'type', 'notnull', 'dflt_value', 'pk')
2026-01-04 08:21:56 | [32mINFO[0m | sqlalchemy.engine.Engine | PRAGMA temp.table_info("chat_messages")
2026-01-04 08:21:56 | [32mINFO[0m | sqlalchemy.engine.Engine | [raw sql] ()
2026-01-04 08:21:56 | [36mDEBUG[0m | sqlalchemy.engine.Engine | Col ('cid', 'name', 'type', 'notnull', 'dflt_value', 'pk')
2026-01-04 08:21:56 | [32mINFO[0m | sqlalchemy.engine.Engine | PRAGMA main.table_info("radio_history")
2026-01-04 08:21:56 | [32mINFO[0m | sqlalchemy.engine.Engine | [raw sql] ()
2026-01-04 08:21:56 | [36mDEBUG[0m | sqlalchemy.engine.Engine | Col ('cid', 'name', 'type', 'notnull', 'dflt_value', 'pk')
2026-01-04 08:21:56 | [32mINFO[0m | sqlalchemy.engine.Engine | PRAGMA temp.table_info("radio_history")
2026-01-04 08:21:56 | [32mINFO[0m | sqlalchemy.engine.Engine | [raw sql] ()
2026-01-04 08:21:56 | [36mDEBUG[0m | sqlalchemy.engine.Engine | Col ('cid', 'name', 'type', 'notnull', 'dflt_value', 'pk')
2026-01-04 08:21:56 | [32mINFO[0m | sqlalchemy.engine.Engine | PRAGMA main.table_info("radio_queue")
2026-01-04 08:21:56 | [32mINFO[0m | sqlalchemy.engine.Engine | [raw sql] ()
2026-01-04 08:21:56 | [36mDEBUG[0m | sqlalchemy.engine.Engine | Col ('cid', 'name', 'type', 'notnull', 'dflt_value', 'pk')
2026-01-04 08:21:56 | [32mINFO[0m | sqlalchemy.engine.Engine | PRAGMA temp.table_info("radio_queue")
2026-01-04 08:21:56 | [32mINFO[0m | sqlalchemy.engine.Engine | [raw sql] ()
2026-01-04 08:21:56 | [36mDEBUG[0m | sqlalchemy.engine.Engine | Col ('cid', 'name', 'type', 'notnull', 'dflt_value', 'pk')
2026-01-04 08:21:56 | [32mINFO[0m | sqlalchemy.engine.Engine | PRAGMA main.table_info("songs")
2026-01-04 08:21:56 | [32mINFO[0m | sqlalchemy.engine.Engine | [raw sql] ()
2026-01-04 08:21:56 | [36mDEBUG[0m | sqlalchemy.engine.Engine | Col ('cid', 'name', 'type', 'notnull', 'dflt_value', 'pk')
2026-01-04 08:21:56 | [32mINFO[0m | sqlalchemy.engine.Engine | PRAGMA temp.table_info("songs")
2026-01-04 08:21:56 | [32mINFO[0m | sqlalchemy.engine.Engine | [raw sql] ()
2026-01-04 08:21:56 | [36mDEBUG[0m | sqlalchemy.engine.Engine | Col ('cid', 'name', 'type', 'notnull', 'dflt_value', 'pk')
2026-01-04 08:21:56 | [32mINFO[0m | sqlalchemy.engine.Engine | PRAGMA main.table_info("users")
2026-01-04 08:21:56 | [32mINFO[0m | sqlalchemy.engine.Engine | [raw sql] ()
2026-01-04 08:21:56 | [36mDEBUG[0m | sqlalchemy.engine.Engine | Col ('cid', 'name', 'type', 'notnull', 'dflt_value', 'pk')
2026-01-04 08:21:56 | [32mINFO[0m | sqlalchemy.engine.Engine | PRAGMA temp.table_info("users")
2026-01-04 08:21:56 | [32mINFO[0m | sqlalchemy.engine.Engine | [raw sql] ()
2026-01-04 08:21:56 | [36mDEBUG[0m | sqlalchemy.engine.Engine | Col ('cid', 'name', 'type', 'notnull', 'dflt_value', 'pk')
2026-01-04 08:21:56 | [32mINFO[0m | sqlalchemy.engine.Engine | PRAGMA main.table_info("votes")
2026-01-04 08:21:56 | [32mINFO[0m | sqlalchemy.engine.Engine | [raw sql] ()
2026-01-04 08:21:56 | [36mDEBUG[0m | sqlalchemy.engine.Engine | Col ('cid', 'name', 'type', 'notnull', 'dflt_value', 'pk')
2026-01-04 08:21:56 | [32mINFO[0m | sqlalchemy.engine.Engine | PRAGMA temp.table_info("votes")
2026-01-04 08:21:56 | [32mINFO[0m | sqlalchemy.engine.Engine | [raw sql] ()
2026-01-04 08:21:56 | [36mDEBUG[0m | sqlalchemy.engine.Engine | Col ('cid', 'name', 'type', 'notnull', 'dflt_value', 'pk')
2026-01-04 08:21:56 | [32mINFO[0m | sqlalchemy.engine.Engine | 
CREATE TABLE songs (
	id INTEGER NOT NULL, 
	suno_job_id VARCHAR(255), 
	suno_status VARCHAR(50) NOT NULL, 
	title VARCHAR(500), 
	artist VARCHAR(255) NOT NULL, 
	original_prompt TEXT, 
	enhanced_prompt TEXT, 
	style_prompt TEXT, 
	lyrics TEXT, 
	genre VARCHAR(100), 
	subgenre VARCHAR(100), 
	mood VARCHAR(100), 
	energy VARCHAR(50), 
	duration_seconds FLOAT, 
	bpm INTEGER, 
	"key" VARCHAR(10), 
	is_instrumental BOOLEAN NOT NULL, 
	audio_url VARCHAR(1000), 
	local_file_path VARCHAR(500), 
	file_size_bytes INTEGER, 
	audio_format VARCHAR(10) NOT NULL, 
	lufs_level FLOAT, 
	peak_db FLOAT, 
	is_normalized BOOLEAN NOT NULL, 
	generation_started_at DATETIME, 
	generation_completed_at DATETIME, 
	downloaded_at DATETIME, 
	play_count INTEGER NOT NULL, 
	total_upvotes INTEGER NOT NULL, 
	total_downvotes INTEGER NOT NULL, 
	is_approved BOOLEAN NOT NULL, 
	moderation_notes TEXT, 
	flagged_at DATETIME, 
	created_at DATETIME NOT NULL, 
	updated_at DATETIME NOT NULL, 
	CONSTRAINT pk_songs PRIMARY KEY (id)
)


2026-01-04 08:21:56 | [32mINFO[0m | sqlalchemy.engine.Engine | [no key 0.00015s] ()
2026-01-04 08:21:56 | [32mINFO[0m | sqlalchemy.engine.Engine | CREATE UNIQUE INDEX ix_songs_suno_job_id ON songs (suno_job_id)
2026-01-04 08:21:56 | [32mINFO[0m | sqlalchemy.engine.Engine | [no key 0.00029s] ()
2026-01-04 08:21:56 | [32mINFO[0m | sqlalchemy.engine.Engine | 
CREATE TABLE users (
	id INTEGER NOT NULL, 
	email VARCHAR(255), 
	password_hash VARCHAR(255), 
	google_id VARCHAR(255), 
	telegram_id BIGINT, 
	telegram_username VARCHAR(255), 
	telegram_first_name VARCHAR(255), 
	telegram_last_name VARCHAR(255), 
	reputation_score FLOAT NOT NULL, 
	total_requests INTEGER NOT NULL, 
	successful_requests INTEGER NOT NULL, 
	failed_requests INTEGER NOT NULL, 
	total_upvotes_received INTEGER NOT NULL, 
	total_downvotes_received INTEGER NOT NULL, 
	total_upvotes_given INTEGER NOT NULL, 
	total_downvotes_given INTEGER NOT NULL, 
	is_banned BOOLEAN NOT NULL, 
	is_premium BOOLEAN NOT NULL, 
	ban_reason TEXT, 
	banned_at DATETIME, 
	banned_until DATETIME, 
	last_request_at DATETIME, 
	last_vote_at DATETIME, 
	last_active_at DATETIME, 
	avatar_url VARCHAR(500), 
	username_last_changed_at DATETIME, 
	password_reset_token VARCHAR(255), 
	password_reset_expires_at DATETIME, 
	created_at DATETIME NOT NULL, 
	updated_at DATETIME NOT NULL, 
	CONSTRAINT pk_users PRIMARY KEY (id)
)


2026-01-04 08:21:56 | [32mINFO[0m | sqlalchemy.engine.Engine | [no key 0.00026s] ()
2026-01-04 08:21:56 | [32mINFO[0m | sqlalchemy.engine.Engine | CREATE INDEX ix_users_password_reset_token ON users (password_reset_token)
2026-01-04 08:21:56 | [32mINFO[0m | sqlalchemy.engine.Engine | [no key 0.00034s] ()
2026-01-04 08:21:56 | [32mINFO[0m | sqlalchemy.engine.Engine | CREATE UNIQUE INDEX ix_users_email ON users (email)
2026-01-04 08:21:56 | [32mINFO[0m | sqlalchemy.engine.Engine | [no key 0.00029s] ()
2026-01-04 08:21:56 | [32mINFO[0m | sqlalchemy.engine.Engine | CREATE UNIQUE INDEX ix_users_telegram_id ON users (telegram_id)
2026-01-04 08:21:56 | [32mINFO[0m | sqlalchemy.engine.Engine | [no key 0.00034s] ()
2026-01-04 08:21:56 | [32mINFO[0m | sqlalchemy.engine.Engine | CREATE UNIQUE INDEX ix_users_google_id ON users (google_id)
2026-01-04 08:21:56 | [32mINFO[0m | sqlalchemy.engine.Engine | [no key 0.00035s] ()
2026-01-04 08:21:56 | [32mINFO[0m | sqlalchemy.engine.Engine | 
CREATE TABLE chat_messages (
	id INTEGER NOT NULL, 
	user_id INTEGER, 
	content TEXT NOT NULL, 
	message_type VARCHAR(20) NOT NULL, 
	is_deleted BOOLEAN NOT NULL, 
	deleted_by_id INTEGER, 
	deleted_at DATETIME, 
	delete_reason VARCHAR(255), 
	reply_to_id INTEGER, 
	created_at DATETIME NOT NULL, 
	updated_at DATETIME NOT NULL, 
	CONSTRAINT pk_chat_messages PRIMARY KEY (id), 
	CONSTRAINT fk_chat_messages_user_id_users FOREIGN KEY(user_id) REFERENCES users (id) ON DELETE SET NULL, 
	CONSTRAINT fk_chat_messages_reply_to_id_chat_messages FOREIGN KEY(reply_to_id) REFERENCES chat_messages (id) ON DELETE SET NULL
)


2026-01-04 08:21:56 | [32mINFO[0m | sqlalchemy.engine.Engine | [no key 0.00030s] ()
2026-01-04 08:21:56 | [32mINFO[0m | sqlalchemy.engine.Engine | 
CREATE TABLE radio_history (
	id INTEGER NOT NULL, 
	song_id INTEGER NOT NULL, 
	queue_id INTEGER, 
	played_at DATETIME NOT NULL, 
	ended_at DATETIME, 
	duration_played_seconds FLOAT, 
	broadcast_file_path VARCHAR(500), 
	stream_mount VARCHAR(100), 
	requester_telegram_id BIGINT, 
	requester_username VARCHAR(255), 
	song_title VARCHAR(500), 
	song_artist VARCHAR(255), 
	song_genre VARCHAR(100), 
	had_dj_intro BOOLEAN NOT NULL, 
	dj_intro_text TEXT, 
	listener_count INTEGER, 
	upvotes_during_play INTEGER NOT NULL, 
	downvotes_during_play INTEGER NOT NULL, 
	skips_requested INTEGER NOT NULL, 
	created_at DATETIME NOT NULL, 
	updated_at DATETIME NOT NULL, 
	CONSTRAINT pk_radio_history PRIMARY KEY (id), 
	CONSTRAINT fk_radio_history_song_id_songs FOREIGN KEY(song_id) REFERENCES songs (id)
)


2026-01-04 08:21:56 | [32mINFO[0m | sqlalchemy.engine.Engine | [no key 0.00033s] ()
2026-01-04 08:21:56 | [32mINFO[0m | sqlalchemy.engine.Engine | CREATE INDEX ix_radio_history_queue_id ON radio_history (queue_id)
2026-01-04 08:21:56 | [32mINFO[0m | sqlalchemy.engine.Engine | [no key 0.00028s] ()
2026-01-04 08:21:56 | [32mINFO[0m | sqlalchemy.engine.Engine | CREATE INDEX ix_radio_history_played_at ON radio_history (played_at)
2026-01-04 08:21:56 | [32mINFO[0m | sqlalchemy.engine.Engine | [no key 0.00033s] ()
2026-01-04 08:21:56 | [32mINFO[0m | sqlalchemy.engine.Engine | CREATE INDEX ix_radio_history_song_id ON radio_history (song_id)
2026-01-04 08:21:56 | [32mINFO[0m | sqlalchemy.engine.Engine | [no key 0.00028s] ()
2026-01-04 08:21:56 | [32mINFO[0m | sqlalchemy.engine.Engine | 
CREATE TABLE radio_queue (
	id INTEGER NOT NULL, 
	user_id INTEGER, 
	telegram_user_id BIGINT, 
	telegram_message_id BIGINT, 
	song_id INTEGER, 
	original_prompt TEXT NOT NULL, 
	enhanced_prompt TEXT, 
	genre_hint VARCHAR(100), 
	is_instrumental BOOLEAN NOT NULL, 
	status VARCHAR(50) NOT NULL, 
	suno_job_id VARCHAR(255), 
	error_message TEXT, 
	retry_count INTEGER NOT NULL, 
	max_retries INTEGER NOT NULL, 
	base_priority FLOAT NOT NULL, 
	priority_score FLOAT NOT NULL, 
	is_priority_boost BOOLEAN NOT NULL, 
	priority_boost_reason VARCHAR(255), 
	upvotes INTEGER NOT NULL, 
	downvotes INTEGER NOT NULL, 
	requested_at DATETIME NOT NULL, 
	queued_at DATETIME, 
	generation_started_at DATETIME, 
	generation_completed_at DATETIME, 
	broadcast_started_at DATETIME, 
	completed_at DATETIME, 
	is_moderated BOOLEAN NOT NULL, 
	moderation_passed BOOLEAN, 
	moderation_reason TEXT, 
	has_dj_intro BOOLEAN NOT NULL, 
	dj_intro_path VARCHAR(500), 
	created_at DATETIME NOT NULL, 
	updated_at DATETIME NOT NULL, 
	CONSTRAINT pk_radio_queue PRIMARY KEY (id), 
	CONSTRAINT fk_radio_queue_user_id_users FOREIGN KEY(user_id) REFERENCES users (id), 
	CONSTRAINT fk_radio_queue_song_id_songs FOREIGN KEY(song_id) REFERENCES songs (id)
)


2026-01-04 08:21:56 | [32mINFO[0m | sqlalchemy.engine.Engine | [no key 0.00029s] ()
2026-01-04 08:21:56 | [32mINFO[0m | sqlalchemy.engine.Engine | CREATE INDEX ix_radio_queue_song_id ON radio_queue (song_id)
2026-01-04 08:21:56 | [32mINFO[0m | sqlalchemy.engine.Engine | [no key 0.00028s] ()
2026-01-04 08:21:56 | [32mINFO[0m | sqlalchemy.engine.Engine | CREATE INDEX ix_radio_queue_user_id ON radio_queue (user_id)
2026-01-04 08:21:56 | [32mINFO[0m | sqlalchemy.engine.Engine | [no key 0.00031s] ()
2026-01-04 08:21:56 | [32mINFO[0m | sqlalchemy.engine.Engine | CREATE INDEX ix_radio_queue_telegram_user_id ON radio_queue (telegram_user_id)
2026-01-04 08:21:56 | [32mINFO[0m | sqlalchemy.engine.Engine | [no key 0.00029s] ()
2026-01-04 08:21:56 | [32mINFO[0m | sqlalchemy.engine.Engine | CREATE INDEX ix_radio_queue_status ON radio_queue (status)
2026-01-04 08:21:56 | [32mINFO[0m | sqlalchemy.engine.Engine | [no key 0.00031s] ()
2026-01-04 08:21:56 | [32mINFO[0m | sqlalchemy.engine.Engine | CREATE INDEX ix_radio_queue_priority_score ON radio_queue (priority_score)
2026-01-04 08:21:56 | [32mINFO[0m | sqlalchemy.engine.Engine | [no key 0.00030s] ()
2026-01-04 08:21:56 | [32mINFO[0m | sqlalchemy.engine.Engine | 
CREATE TABLE votes (
	id INTEGER NOT NULL, 
	user_id INTEGER NOT NULL, 
	telegram_user_id BIGINT, 
	queue_item_id INTEGER NOT NULL, 
	vote_type VARCHAR(20) NOT NULL, 
	voted_at DATETIME NOT NULL, 
	previous_vote_type VARCHAR(20), 
	changed_at DATETIME, 
	source VARCHAR(50) NOT NULL, 
	telegram_callback_id VARCHAR(255), 
	created_at DATETIME NOT NULL, 
	updated_at DATETIME NOT NULL, 
	CONSTRAINT pk_votes PRIMARY KEY (id), 
	CONSTRAINT uq_votes_user_queue UNIQUE (user_id, queue_item_id), 
	CONSTRAINT fk_votes_user_id_users FOREIGN KEY(user_id) REFERENCES users (id), 
	CONSTRAINT fk_votes_queue_item_id_radio_queue FOREIGN KEY(queue_item_id) REFERENCES radio_queue (id)
)


2026-01-04 08:21:56 | [32mINFO[0m | sqlalchemy.engine.Engine | [no key 0.00025s] ()
2026-01-04 08:21:56 | [32mINFO[0m | sqlalchemy.engine.Engine | CREATE INDEX ix_votes_telegram_user_id ON votes (telegram_user_id)
2026-01-04 08:21:56 | [32mINFO[0m | sqlalchemy.engine.Engine | [no key 0.00029s] ()
2026-01-04 08:21:56 | [32mINFO[0m | sqlalchemy.engine.Engine | CREATE INDEX ix_votes_queue_item_id ON votes (queue_item_id)
2026-01-04 08:21:56 | [32mINFO[0m | sqlalchemy.engine.Engine | [no key 0.00029s] ()
2026-01-04 08:21:56 | [32mINFO[0m | sqlalchemy.engine.Engine | CREATE INDEX ix_votes_user_id ON votes (user_id)
2026-01-04 08:21:56 | [32mINFO[0m | sqlalchemy.engine.Engine | [no key 0.00030s] ()
2026-01-04 08:21:56 | [32mINFO[0m | sqlalchemy.engine.Engine | COMMIT
2026-01-04 08:21:56 | [36mDEBUG[0m | asyncio | Using proactor: IocpProactor
2026-01-04 08:21:56 | [32mINFO[0m | apscheduler.scheduler | Adding job tentatively -- it will be properly scheduled when the scheduler starts
2026-01-04 08:21:56 | [32mINFO[0m | apscheduler.scheduler | Adding job tentatively -- it will be properly scheduled when the scheduler starts
2026-01-04 08:21:56 | [32mINFO[0m | src.services.scheduler | APScheduler jobs configured
2026-01-04 08:21:56 | [32mINFO[0m | apscheduler.scheduler | Added job "Queue Processor - Suno Music Generation" to job store "default"
2026-01-04 08:21:56 | [32mINFO[0m | apscheduler.scheduler | Added job "Broadcast Director - DJ Intros & Broadcasting" to job store "default"
2026-01-04 08:21:56 | [32mINFO[0m | apscheduler.scheduler | Scheduler started
2026-01-04 08:21:56 | [32mINFO[0m | src.services.scheduler | APScheduler started
2026-01-04 08:21:56 | [32mINFO[0m | src.services.telegram_handlers | Telegram handlers registered
2026-01-04 08:21:56 | [36mDEBUG[0m | apscheduler.scheduler | Looking for jobs to run
2026-01-04 08:21:56 | [36mDEBUG[0m | apscheduler.scheduler | Next wakeup is due at 2026-01-04 08:22:26.438498+00:00 (in 30.000000 seconds)
2026-01-04 08:21:56 | [32mINFO[0m | src.services.telegram_bot | Telegram bot started polling
----------------------------- Captured log setup ------------------------------
INFO     sqlalchemy.engine.Engine:base.py:2710 BEGIN (implicit)
INFO     sqlalchemy.engine.Engine:base.py:1846 PRAGMA main.table_info("chat_messages")
INFO     sqlalchemy.engine.Engine:base.py:1846 [raw sql] ()
DEBUG    sqlalchemy.engine.Engine:cursor.py:1549 Col ('cid', 'name', 'type', 'notnull', 'dflt_value', 'pk')
INFO     sqlalchemy.engine.Engine:base.py:1846 PRAGMA temp.table_info("chat_messages")
INFO     sqlalchemy.engine.Engine:base.py:1846 [raw sql] ()
DEBUG    sqlalchemy.engine.Engine:cursor.py:1549 Col ('cid', 'name', 'type', 'notnull', 'dflt_value', 'pk')
INFO     sqlalchemy.engine.Engine:base.py:1846 PRAGMA main.table_info("radio_history")
INFO     sqlalchemy.engine.Engine:base.py:1846 [raw sql] ()
DEBUG    sqlalchemy.engine.Engine:cursor.py:1549 Col ('cid', 'name', 'type', 'notnull', 'dflt_value', 'pk')
INFO     sqlalchemy.engine.Engine:base.py:1846 PRAGMA temp.table_info("radio_history")
INFO     sqlalchemy.engine.Engine:base.py:1846 [raw sql] ()
DEBUG    sqlalchemy.engine.Engine:cursor.py:1549 Col ('cid', 'name', 'type', 'notnull', 'dflt_value', 'pk')
INFO     sqlalchemy.engine.Engine:base.py:1846 PRAGMA main.table_info("radio_queue")
INFO     sqlalchemy.engine.Engine:base.py:1846 [raw sql] ()
DEBUG    sqlalchemy.engine.Engine:cursor.py:1549 Col ('cid', 'name', 'type', 'notnull', 'dflt_value', 'pk')
INFO     sqlalchemy.engine.Engine:base.py:1846 PRAGMA temp.table_info("radio_queue")
INFO     sqlalchemy.engine.Engine:base.py:1846 [raw sql] ()
DEBUG    sqlalchemy.engine.Engine:cursor.py:1549 Col ('cid', 'name', 'type', 'notnull', 'dflt_value', 'pk')
INFO     sqlalchemy.engine.Engine:base.py:1846 PRAGMA main.table_info("songs")
INFO     sqlalchemy.engine.Engine:base.py:1846 [raw sql] ()
DEBUG    sqlalchemy.engine.Engine:cursor.py:1549 Col ('cid', 'name', 'type', 'notnull', 'dflt_value', 'pk')
INFO     sqlalchemy.engine.Engine:base.py:1846 PRAGMA temp.table_info("songs")
INFO     sqlalchemy.engine.Engine:base.py:1846 [raw sql] ()
DEBUG    sqlalchemy.engine.Engine:cursor.py:1549 Col ('cid', 'name', 'type', 'notnull', 'dflt_value', 'pk')
INFO     sqlalchemy.engine.Engine:base.py:1846 PRAGMA main.table_info("users")
INFO     sqlalchemy.engine.Engine:base.py:1846 [raw sql] ()
DEBUG    sqlalchemy.engine.Engine:cursor.py:1549 Col ('cid', 'name', 'type', 'notnull', 'dflt_value', 'pk')
INFO     sqlalchemy.engine.Engine:base.py:1846 PRAGMA temp.table_info("users")
INFO     sqlalchemy.engine.Engine:base.py:1846 [raw sql] ()
DEBUG    sqlalchemy.engine.Engine:cursor.py:1549 Col ('cid', 'name', 'type', 'notnull', 'dflt_value', 'pk')
INFO     sqlalchemy.engine.Engine:base.py:1846 PRAGMA main.table_info("votes")
INFO     sqlalchemy.engine.Engine:base.py:1846 [raw sql] ()
DEBUG    sqlalchemy.engine.Engine:cursor.py:1549 Col ('cid', 'name', 'type', 'notnull', 'dflt_value', 'pk')
INFO     sqlalchemy.engine.Engine:base.py:1846 PRAGMA temp.table_info("votes")
INFO     sqlalchemy.engine.Engine:base.py:1846 [raw sql] ()
DEBUG    sqlalchemy.engine.Engine:cursor.py:1549 Col ('cid', 'name', 'type', 'notnull', 'dflt_value', 'pk')
INFO     sqlalchemy.engine.Engine:base.py:1846 
CREATE TABLE songs (
	id INTEGER NOT NULL, 
	suno_job_id VARCHAR(255), 
	suno_status VARCHAR(50) NOT NULL, 
	title VARCHAR(500), 
	artist VARCHAR(255) NOT NULL, 
	original_prompt TEXT, 
	enhanced_prompt TEXT, 
	style_prompt TEXT, 
	lyrics TEXT, 
	genre VARCHAR(100), 
	subgenre VARCHAR(100), 
	mood VARCHAR(100), 
	energy VARCHAR(50), 
	duration_seconds FLOAT, 
	bpm INTEGER, 
	"key" VARCHAR(10), 
	is_instrumental BOOLEAN NOT NULL, 
	audio_url VARCHAR(1000), 
	local_file_path VARCHAR(500), 
	file_size_bytes INTEGER, 
	audio_format VARCHAR(10) NOT NULL, 
	lufs_level FLOAT, 
	peak_db FLOAT, 
	is_normalized BOOLEAN NOT NULL, 
	generation_started_at DATETIME, 
	generation_completed_at DATETIME, 
	downloaded_at DATETIME, 
	play_count INTEGER NOT NULL, 
	total_upvotes INTEGER NOT NULL, 
	total_downvotes INTEGER NOT NULL, 
	is_approved BOOLEAN NOT NULL, 
	moderation_notes TEXT, 
	flagged_at DATETIME, 
	created_at DATETIME NOT NULL, 
	updated_at DATETIME NOT NULL, 
	CONSTRAINT pk_songs PRIMARY KEY (id)
)


INFO     sqlalchemy.engine.Engine:base.py:1846 [no key 0.00015s] ()
INFO     sqlalchemy.engine.Engine:base.py:1846 CREATE UNIQUE INDEX ix_songs_suno_job_id ON songs (suno_job_id)
INFO     sqlalchemy.engine.Engine:base.py:1846 [no key 0.00029s] ()
INFO     sqlalchemy.engine.Engine:base.py:1846 
CREATE TABLE users (
	id INTEGER NOT NULL, 
	email VARCHAR(255), 
	password_hash VARCHAR(255), 
	google_id VARCHAR(255), 
	telegram_id BIGINT, 
	telegram_username VARCHAR(255), 
	telegram_first_name VARCHAR(255), 
	telegram_last_name VARCHAR(255), 
	reputation_score FLOAT NOT NULL, 
	total_requests INTEGER NOT NULL, 
	successful_requests INTEGER NOT NULL, 
	failed_requests INTEGER NOT NULL, 
	total_upvotes_received INTEGER NOT NULL, 
	total_downvotes_received INTEGER NOT NULL, 
	total_upvotes_given INTEGER NOT NULL, 
	total_downvotes_given INTEGER NOT NULL, 
	is_banned BOOLEAN NOT NULL, 
	is_premium BOOLEAN NOT NULL, 
	ban_reason TEXT, 
	banned_at DATETIME, 
	banned_until DATETIME, 
	last_request_at DATETIME, 
	last_vote_at DATETIME, 
	last_active_at DATETIME, 
	avatar_url VARCHAR(500), 
	username_last_changed_at DATETIME, 
	password_reset_token VARCHAR(255), 
	password_reset_expires_at DATETIME, 
	created_at DATETIME NOT NULL, 
	updated_at DATETIME NOT NULL, 
	CONSTRAINT pk_users PRIMARY KEY (id)
)


INFO     sqlalchemy.engine.Engine:base.py:1846 [no key 0.00026s] ()
INFO     sqlalchemy.engine.Engine:base.py:1846 CREATE INDEX ix_users_password_reset_token ON users (password_reset_token)
INFO     sqlalchemy.engine.Engine:base.py:1846 [no key 0.00034s] ()
INFO     sqlalchemy.engine.Engine:base.py:1846 CREATE UNIQUE INDEX ix_users_email ON users (email)
INFO     sqlalchemy.engine.Engine:base.py:1846 [no key 0.00029s] ()
INFO     sqlalchemy.engine.Engine:base.py:1846 CREATE UNIQUE INDEX ix_users_telegram_id ON users (telegram_id)
INFO     sqlalchemy.engine.Engine:base.py:1846 [no key 0.00034s] ()
INFO     sqlalchemy.engine.Engine:base.py:1846 CREATE UNIQUE INDEX ix_users_google_id ON users (google_id)
INFO     sqlalchemy.engine.Engine:base.py:1846 [no key 0.00035s] ()
INFO     sqlalchemy.engine.Engine:base.py:1846 
CREATE TABLE chat_messages (
	id INTEGER NOT NULL, 
	user_id INTEGER, 
	content TEXT NOT NULL, 
	message_type VARCHAR(20) NOT NULL, 
	is_deleted BOOLEAN NOT NULL, 
	deleted_by_id INTEGER, 
	deleted_at DATETIME, 
	delete_reason VARCHAR(255), 
	reply_to_id INTEGER, 
	created_at DATETIME NOT NULL, 
	updated_at DATETIME NOT NULL, 
	CONSTRAINT pk_chat_messages PRIMARY KEY (id), 
	CONSTRAINT fk_chat_messages_user_id_users FOREIGN KEY(user_id) REFERENCES users (id) ON DELETE SET NULL, 
	CONSTRAINT fk_chat_messages_reply_to_id_chat_messages FOREIGN KEY(reply_to_id) REFERENCES chat_messages (id) ON DELETE SET NULL
)


INFO     sqlalchemy.engine.Engine:base.py:1846 [no key 0.00030s] ()
INFO     sqlalchemy.engine.Engine:base.py:1846 
CREATE TABLE radio_history (
	id INTEGER NOT NULL, 
	song_id INTEGER NOT NULL, 
	queue_id INTEGER, 
	played_at DATETIME NOT NULL, 
	ended_at DATETIME, 
	duration_played_seconds FLOAT, 
	broadcast_file_path VARCHAR(500), 
	stream_mount VARCHAR(100), 
	requester_telegram_id BIGINT, 
	requester_username VARCHAR(255), 
	song_title VARCHAR(500), 
	song_artist VARCHAR(255), 
	song_genre VARCHAR(100), 
	had_dj_intro BOOLEAN NOT NULL, 
	dj_intro_text TEXT, 
	listener_count INTEGER, 
	upvotes_during_play INTEGER NOT NULL, 
	downvotes_during_play INTEGER NOT NULL, 
	skips_requested INTEGER NOT NULL, 
	created_at DATETIME NOT NULL, 
	updated_at DATETIME NOT NULL, 
	CONSTRAINT pk_radio_history PRIMARY KEY (id), 
	CONSTRAINT fk_radio_history_song_id_songs FOREIGN KEY(song_id) REFERENCES songs (id)
)


INFO     sqlalchemy.engine.Engine:base.py:1846 [no key 0.00033s] ()
INFO     sqlalchemy.engine.Engine:base.py:1846 CREATE INDEX ix_radio_history_queue_id ON radio_history (queue_id)
INFO     sqlalchemy.engine.Engine:base.py:1846 [no key 0.00028s] ()
INFO     sqlalchemy.engine.Engine:base.py:1846 CREATE INDEX ix_radio_history_played_at ON radio_history (played_at)
INFO     sqlalchemy.engine.Engine:base.py:1846 [no key 0.00033s] ()
INFO     sqlalchemy.engine.Engine:base.py:1846 CREATE INDEX ix_radio_history_song_id ON radio_history (song_id)
INFO     sqlalchemy.engine.Engine:base.py:1846 [no key 0.00028s] ()
INFO     sqlalchemy.engine.Engine:base.py:1846 
CREATE TABLE radio_queue (
	id INTEGER NOT NULL, 
	user_id INTEGER, 
	telegram_user_id BIGINT, 
	telegram_message_id BIGINT, 
	song_id INTEGER, 
	original_prompt TEXT NOT NULL, 
	enhanced_prompt TEXT, 
	genre_hint VARCHAR(100), 
	is_instrumental BOOLEAN NOT NULL, 
	status VARCHAR(50) NOT NULL, 
	suno_job_id VARCHAR(255), 
	error_message TEXT, 
	retry_count INTEGER NOT NULL, 
	max_retries INTEGER NOT NULL, 
	base_priority FLOAT NOT NULL, 
	priority_score FLOAT NOT NULL, 
	is_priority_boost BOOLEAN NOT NULL, 
	priority_boost_reason VARCHAR(255), 
	upvotes INTEGER NOT NULL, 
	downvotes INTEGER NOT NULL, 
	requested_at DATETIME NOT NULL, 
	queued_at DATETIME, 
	generation_started_at DATETIME, 
	generation_completed_at DATETIME, 
	broadcast_started_at DATETIME, 
	completed_at DATETIME, 
	is_moderated BOOLEAN NOT NULL, 
	moderation_passed BOOLEAN, 
	moderation_reason TEXT, 
	has_dj_intro BOOLEAN NOT NULL, 
	dj_intro_path VARCHAR(500), 
	created_at DATETIME NOT NULL, 
	updated_at DATETIME NOT NULL, 
	CONSTRAINT pk_radio_queue PRIMARY KEY (id), 
	CONSTRAINT fk_radio_queue_user_id_users FOREIGN KEY(user_id) REFERENCES users (id), 
	CONSTRAINT fk_radio_queue_song_id_songs FOREIGN KEY(song_id) REFERENCES songs (id)
)


INFO     sqlalchemy.engine.Engine:base.py:1846 [no key 0.00029s] ()
INFO     sqlalchemy.engine.Engine:base.py:1846 CREATE INDEX ix_radio_queue_song_id ON radio_queue (song_id)
INFO     sqlalchemy.engine.Engine:base.py:1846 [no key 0.00028s] ()
INFO     sqlalchemy.engine.Engine:base.py:1846 CREATE INDEX ix_radio_queue_user_id ON radio_queue (user_id)
INFO     sqlalchemy.engine.Engine:base.py:1846 [no key 0.00031s] ()
INFO     sqlalchemy.engine.Engine:base.py:1846 CREATE INDEX ix_radio_queue_telegram_user_id ON radio_queue (telegram_user_id)
INFO     sqlalchemy.engine.Engine:base.py:1846 [no key 0.00029s] ()
INFO     sqlalchemy.engine.Engine:base.py:1846 CREATE INDEX ix_radio_queue_status ON radio_queue (status)
INFO     sqlalchemy.engine.Engine:base.py:1846 [no key 0.00031s] ()
INFO     sqlalchemy.engine.Engine:base.py:1846 CREATE INDEX ix_radio_queue_priority_score ON radio_queue (priority_score)
INFO     sqlalchemy.engine.Engine:base.py:1846 [no key 0.00030s] ()
INFO     sqlalchemy.engine.Engine:base.py:1846 
CREATE TABLE votes (
	id INTEGER NOT NULL, 
	user_id INTEGER NOT NULL, 
	telegram_user_id BIGINT, 
	queue_item_id INTEGER NOT NULL, 
	vote_type VARCHAR(20) NOT NULL, 
	voted_at DATETIME NOT NULL, 
	previous_vote_type VARCHAR(20), 
	changed_at DATETIME, 
	source VARCHAR(50) NOT NULL, 
	telegram_callback_id VARCHAR(255), 
	created_at DATETIME NOT NULL, 
	updated_at DATETIME NOT NULL, 
	CONSTRAINT pk_votes PRIMARY KEY (id), 
	CONSTRAINT uq_votes_user_queue UNIQUE (user_id, queue_item_id), 
	CONSTRAINT fk_votes_user_id_users FOREIGN KEY(user_id) REFERENCES users (id), 
	CONSTRAINT fk_votes_queue_item_id_radio_queue FOREIGN KEY(queue_item_id) REFERENCES radio_queue (id)
)


INFO     sqlalchemy.engine.Engine:base.py:1846 [no key 0.00025s] ()
INFO     sqlalchemy.engine.Engine:base.py:1846 CREATE INDEX ix_votes_telegram_user_id ON votes (telegram_user_id)
INFO     sqlalchemy.engine.Engine:base.py:1846 [no key 0.00029s] ()
INFO     sqlalchemy.engine.Engine:base.py:1846 CREATE INDEX ix_votes_queue_item_id ON votes (queue_item_id)
INFO     sqlalchemy.engine.Engine:base.py:1846 [no key 0.00029s] ()
INFO     sqlalchemy.engine.Engine:base.py:1846 CREATE INDEX ix_votes_user_id ON votes (user_id)
INFO     sqlalchemy.engine.Engine:base.py:1846 [no key 0.00030s] ()
INFO     sqlalchemy.engine.Engine:base.py:2716 COMMIT
DEBUG    asyncio:proactor_events.py:633 Using proactor: IocpProactorting <function Connection.stop.<locals>.close_and_stop at 0x0000021F048BD1C0>
2026-01-04 08:22:06 | [36mDEBUG[0m | aiosqlite | executing <function Connection.stop.<locals>.close_and_stop at 0x0000021F037CB740>
pytest : --- Logging error 
---
At line:1 char:1
+ pytest tests/test_api.py 
--tb=line > failures.txt 
2>&1
+ ~~~~~~~~~~~~~~~~~~~~~~~~~~
~~~~~~~~~~~~~~~~~~~~~~~~~~~~
    + CategoryInfo          
    : NotSpecified: (--- L  
  ogging error ---:String   
 ) [], RemoteException
    + FullyQualifiedErrorId 
    : NativeCommandError
 

C:\Users\Jesse\AppData\Local\Programs\Python\Python311\Lib\site-packages\redis\connection.py:863: redis.exceptions.ConnectionError: Error 10061 connecting to localhost:6379. No connection could be made because the target machine actively refused it.
=========================== short test summary info ===========================
FAILED tests/test_api.py::TestQueueEndpoints::test_create_queue_item - redis....
FAILED tests/test_api.py::TestQueueEndpoints::test_create_queue_item_minimal
======================== 2 failed, 27 passed in 16.31s ========================
Traceback (most recent call 
last):
  File "C:\Users\Jesse\AppDa
ta\Local\Programs\Python\Pyt
hon311\Lib\logging\__init__.
py", line 1114, in emit
    self.flush()
  File "C:\Users\Jesse\AppDa
ta\Local\Programs\Python\Pyt
hon311\Lib\logging\__init__.
py", line 1094, in flush
    self.stream.flush()
ValueError: I/O operation 
on closed file.
Call stack:
  File "C:\Users\Jesse\AppDa
ta\Local\Programs\Python\Pyt
hon311\Lib\threading.py", 
line 1002, in _bootstrap
    self._bootstrap_inner()
  File "C:\Users\Jesse\AppDa
ta\Local\Programs\Python\Pyt
hon311\Lib\threading.py", 
line 1045, in 
_bootstrap_inner
    self.run()
  File "C:\Users\Jesse\AppDa
ta\Local\Programs\Python\Pyt
hon311\Lib\threading.py", 
line 982, in run
    
self._target(*self._args, 
**self._kwargs)
  File "C:\Users\Jesse\AppDa
ta\Local\Programs\Python\Pyt
hon311\Lib\site-packages\aio
sqlite\core.py", line 67, 
in _connection_worker_thread
    LOG.debug("operation %s 
completed", function)
Message: 'operation %s 
completed'
Arguments: (<function Connec
tion.stop.<locals>.close_and
_stop at 
0x0000021F037CB740>,)
--- Logging error ---
Traceback (most recent call 
last):
  File "C:\Users\Jesse\AppDa
ta\Local\Programs\Python\Pyt
hon311\Lib\logging\__init__.
py", line 1113, in emit
    stream.write(msg + 
self.terminator)
ValueError: I/O operation 
on closed file.
Call stack:
  File "C:\Users\Jesse\AppDa
ta\Local\Programs\Python\Pyt
hon311\Lib\threading.py", 
line 1002, in _bootstrap
    self._bootstrap_inner()
  File "C:\Users\Jesse\AppDa
ta\Local\Programs\Python\Pyt
hon311\Lib\threading.py", 
line 1045, in 
_bootstrap_inner
    self.run()
  File "C:\Users\Jesse\AppDa
ta\Local\Programs\Python\Pyt
hon311\Lib\threading.py", 
line 982, in run
    
self._target(*self._args, 
**self._kwargs)
  File "C:\Users\Jesse\AppDa
ta\Local\Programs\Python\Pyt
hon311\Lib\site-packages\aio
sqlite\core.py", line 67, 
in _connection_worker_thread
    LOG.debug("operation %s 
completed", function)
Message: 'operation %s 
completed'
Arguments: (<function Connec
tion.stop.<locals>.close_and
_stop at 
0x0000021F048BF4C0>,)
--- Logging error ---
Traceback (most recent call 
last):
  File "C:\Users\Jesse\AppDa
ta\Local\Programs\Python\Pyt
hon311\Lib\logging\__init__.
py", line 1113, in emit
    stream.write(msg + 
self.terminator)
ValueError: I/O operation 
on closed file.
Call stack:
  File "C:\Users\Jesse\AppDa
ta\Local\Programs\Python\Pyt
hon311\Lib\threading.py", 
line 1002, in _bootstrap
    self._bootstrap_inner()
  File "C:\Users\Jesse\AppDa
ta\Local\Programs\Python\Pyt
hon311\Lib\threading.py", 
line 1045, in 
_bootstrap_inner
    self.run()
  File "C:\Users\Jesse\AppDa
ta\Local\Programs\Python\Pyt
hon311\Lib\threading.py", 
line 982, in run
    
self._target(*self._args, 
**self._kwargs)
  File "C:\Users\Jesse\AppDa
ta\Local\Programs\Python\Pyt
hon311\Lib\site-packages\aio
sqlite\core.py", line 67, 
in _connection_worker_thread
    LOG.debug("operation %s 
completed", function)
Message: 'operation %s 
completed'
Arguments: (<function Connec
tion.stop.<locals>.close_and
_stop at 
0x0000021F048BFD80>,)
--- Logging error ---
Traceback (most recent call 
last):
  File "C:\Users\Jesse\AppDa
ta\Local\Programs\Python\Pyt
hon311\Lib\logging\__init__.
py", line 1113, in emit
    stream.write(msg + 
self.terminator)
ValueError: I/O operation 
on closed file.
Call stack:
  File "C:\Users\Jesse\AppDa
ta\Local\Programs\Python\Pyt
hon311\Lib\threading.py", 
line 1002, in _bootstrap
    self._bootstrap_inner()
  File "C:\Users\Jesse\AppDa
ta\Local\Programs\Python\Pyt
hon311\Lib\threading.py", 
line 1045, in 
_bootstrap_inner
    self.run()
  File "C:\Users\Jesse\AppDa
ta\Local\Programs\Python\Pyt
hon311\Lib\threading.py", 
line 982, in run
    
self._target(*self._args, 
**self._kwargs)
  File "C:\Users\Jesse\AppDa
ta\Local\Programs\Python\Pyt
hon311\Lib\site-packages\aio
sqlite\core.py", line 67, 
in _connection_worker_thread
    LOG.debug("operation %s 
completed", function)
Message: 'operation %s 
completed'
Arguments: (<function Connec
tion.stop.<locals>.close_and
_stop at 
0x0000021F048BD9E0>,)
--- Logging error ---
Traceback (most recent call 
last):
  File "C:\Users\Jesse\AppDa
ta\Local\Programs\Python\Pyt
hon311\Lib\logging\__init__.
py", line 1113, in emit
    stream.write(msg + 
self.terminator)
ValueError: I/O operation 
on closed file.
Call stack:
  File "C:\Users\Jesse\AppDa
ta\Local\Programs\Python\Pyt
hon311\Lib\threading.py", 
line 1002, in _bootstrap
    self._bootstrap_inner()
  File "C:\Users\Jesse\AppDa
ta\Local\Programs\Python\Pyt
hon311\Lib\threading.py", 
line 1045, in 
_bootstrap_inner
    self.run()
  File "C:\Users\Jesse\AppDa
ta\Local\Programs\Python\Pyt
hon311\Lib\threading.py", 
line 982, in run
    
self._target(*self._args, 
**self._kwargs)
  File "C:\Users\Jesse\AppDa
ta\Local\Programs\Python\Pyt
hon311\Lib\site-packages\aio
sqlite\core.py", line 67, 
in _connection_worker_thread
    LOG.debug("operation %s 
completed", function)
Message: 'operation %s 
completed'
Arguments: (<function Connec
tion.stop.<locals>.close_and
_stop at 
0x0000021F048BF420>,)
