============================= test session starts =============================
platform win32 -- Python 3.11.9, pytest-9.0.2, pluggy-1.6.0 -- C:\Users\Jesse\AppData\Local\Programs\Python\Python311\python.exe
cachedir: .pytest_cache
rootdir: C:\Users\Jesse\.gemini\antigravity\playground\radiant-ride\PYrte-Radio-Shack
configfile: pytest.ini
plugins: anyio-4.12.0, asyncio-1.3.0, cov-7.0.0
asyncio: mode=Mode.AUTO, debug=False, asyncio_default_fixture_loop_scope=None, asyncio_default_test_loop_scope=function
collecting ... collected 4 items

tests/test_webhooks_broadcast.py::test_broadcast_status_start_song FAILED [ 25%]
tests/test_webhooks_broadcast.py::test_broadcast_status_end_song FAILED  [ 50%]
tests/test_webhooks_broadcast.py::test_broadcast_unknown_song FAILED     [ 75%]
tests/test_webhooks_broadcast.py::test_broadcast_invalid_secret PASSED   [100%]

================================== FAILURES ===================================
______________________ test_broadcast_status_start_song _______________________
tests\test_webhooks_broadcast.py:47: in test_broadcast_status_start_song
    assert response.status_code == 200
E   assert 401 == 200
E    +  where 401 = <Response [401 Unauthorized]>.status_code
---------------------------- Captured stdout setup ----------------------------
2026-01-03 00:52:34 | [36mDEBUG[0m | asyncio | Using proactor: IocpProactor
2026-01-03 00:52:34 | [36mDEBUG[0m | asyncio | Using proactor: IocpProactor
2026-01-03 00:52:34 | [36mDEBUG[0m | aiosqlite | executing <function connect.<locals>.connector at 0x000001BA83D56200>
2026-01-03 00:52:34 | [36mDEBUG[0m | aiosqlite | operation <function connect.<locals>.connector at 0x000001BA83D56200> completed
2026-01-03 00:52:34 | [36mDEBUG[0m | aiosqlite | executing functools.partial(<built-in method create_function of sqlite3.Connection object at 0x000001BA83D11F30>, 'regexp', 2, <function SQLiteDialect_pysqlite.on_connect.<locals>.regexp at 0x000001BA83D25C60>, deterministic=True)
2026-01-03 00:52:34 | [36mDEBUG[0m | aiosqlite | operation functools.partial(<built-in method create_function of sqlite3.Connection object at 0x000001BA83D11F30>, 'regexp', 2, <function SQLiteDialect_pysqlite.on_connect.<locals>.regexp at 0x000001BA83D25C60>, deterministic=True) completed
2026-01-03 00:52:34 | [36mDEBUG[0m | aiosqlite | executing functools.partial(<built-in method create_function of sqlite3.Connection object at 0x000001BA83D11F30>, 'floor', 1, <built-in function floor>, deterministic=True)
2026-01-03 00:52:34 | [36mDEBUG[0m | aiosqlite | operation functools.partial(<built-in method create_function of sqlite3.Connection object at 0x000001BA83D11F30>, 'floor', 1, <built-in function floor>, deterministic=True) completed
2026-01-03 00:52:34 | [36mDEBUG[0m | aiosqlite | executing functools.partial(<built-in method cursor of sqlite3.Connection object at 0x000001BA83D11F30>)
2026-01-03 00:52:34 | [36mDEBUG[0m | aiosqlite | operation functools.partial(<built-in method cursor of sqlite3.Connection object at 0x000001BA83D11F30>) completed
2026-01-03 00:52:34 | [36mDEBUG[0m | aiosqlite | executing functools.partial(<built-in method execute of sqlite3.Cursor object at 0x000001BA83D38D40>, 'PRAGMA read_uncommitted', [])
2026-01-03 00:52:34 | [36mDEBUG[0m | aiosqlite | operation functools.partial(<built-in method execute of sqlite3.Cursor object at 0x000001BA83D38D40>, 'PRAGMA read_uncommitted', []) completed
2026-01-03 00:52:34 | [36mDEBUG[0m | aiosqlite | executing functools.partial(<built-in method fetchall of sqlite3.Cursor object at 0x000001BA83D38D40>)
2026-01-03 00:52:34 | [36mDEBUG[0m | aiosqlite | operation functools.partial(<built-in method fetchall of sqlite3.Cursor object at 0x000001BA83D38D40>) completed
2026-01-03 00:52:34 | [36mDEBUG[0m | aiosqlite | executing functools.partial(<built-in method close of sqlite3.Cursor object at 0x000001BA83D38D40>)
2026-01-03 00:52:34 | [36mDEBUG[0m | aiosqlite | operation functools.partial(<built-in method close of sqlite3.Cursor object at 0x000001BA83D38D40>) completed
2026-01-03 00:52:34 | [36mDEBUG[0m | aiosqlite | executing functools.partial(<built-in method rollback of sqlite3.Connection object at 0x000001BA83D11F30>)
2026-01-03 00:52:34 | [32mINFO[0m | sqlalchemy.engine.Engine | BEGIN (implicit)
2026-01-03 00:52:34 | [36mDEBUG[0m | aiosqlite | operation functools.partial(<built-in method rollback of sqlite3.Connection object at 0x000001BA83D11F30>) completed
2026-01-03 00:52:34 | [32mINFO[0m | sqlalchemy.engine.Engine | PRAGMA main.table_info("chat_messages")
2026-01-03 00:52:34 | [32mINFO[0m | sqlalchemy.engine.Engine | [raw sql] ()
2026-01-03 00:52:34 | [36mDEBUG[0m | aiosqlite | executing functools.partial(<built-in method cursor of sqlite3.Connection object at 0x000001BA83D11F30>)
2026-01-03 00:52:34 | [36mDEBUG[0m | aiosqlite | operation functools.partial(<built-in method cursor of sqlite3.Connection object at 0x000001BA83D11F30>) completed
2026-01-03 00:52:34 | [36mDEBUG[0m | aiosqlite | executing functools.partial(<built-in method execute of sqlite3.Cursor object at 0x000001BA83D39040>, 'PRAGMA main.table_info("chat_messages")', ())
2026-01-03 00:52:34 | [36mDEBUG[0m | aiosqlite | operation functools.partial(<built-in method execute of sqlite3.Cursor object at 0x000001BA83D39040>, 'PRAGMA main.table_info("chat_messages")', ()) completed
2026-01-03 00:52:34 | [36mDEBUG[0m | aiosqlite | executing functools.partial(<built-in method fetchall of sqlite3.Cursor object at 0x000001BA83D39040>)
2026-01-03 00:52:34 | [36mDEBUG[0m | aiosqlite | operation functools.partial(<built-in method fetchall of sqlite3.Cursor object at 0x000001BA83D39040>) completed
2026-01-03 00:52:34 | [36mDEBUG[0m | aiosqlite | executing functools.partial(<built-in method close of sqlite3.Cursor object at 0x000001BA83D39040>)
2026-01-03 00:52:34 | [36mDEBUG[0m | aiosqlite | operation functools.partial(<built-in method close of sqlite3.Cursor object at 0x000001BA83D39040>) completed
2026-01-03 00:52:34 | [36mDEBUG[0m | sqlalchemy.engine.Engine | Col ('cid', 'name', 'type', 'notnull', 'dflt_value', 'pk')
2026-01-03 00:52:34 | [32mINFO[0m | sqlalchemy.engine.Engine | PRAGMA temp.table_info("chat_messages")
2026-01-03 00:52:34 | [32mINFO[0m | sqlalchemy.engine.Engine | [raw sql] ()
2026-01-03 00:52:34 | [36mDEBUG[0m | aiosqlite | executing functools.partial(<built-in method cursor of sqlite3.Connection object at 0x000001BA83D11F30>)
2026-01-03 00:52:34 | [36mDEBUG[0m | aiosqlite | operation functools.partial(<built-in method cursor of sqlite3.Connection object at 0x000001BA83D11F30>) completed
2026-01-03 00:52:34 | [36mDEBUG[0m | aiosqlite | executing functools.partial(<built-in method execute of sqlite3.Cursor object at 0x000001BA83D39340>, 'PRAGMA temp.table_info("chat_messages")', ())
2026-01-03 00:52:34 | [36mDEBUG[0m | aiosqlite | operation functools.partial(<built-in method execute of sqlite3.Cursor object at 0x000001BA83D39340>, 'PRAGMA temp.table_info("chat_messages")', ()) completed
2026-01-03 00:52:34 | [36mDEBUG[0m | aiosqlite | executing functools.partial(<built-in method fetchall of sqlite3.Cursor object at 0x000001BA83D39340>)
2026-01-03 00:52:34 | [36mDEBUG[0m | aiosqlite | operation functools.partial(<built-in method fetchall of sqlite3.Cursor object at 0x000001BA83D39340>) completed
2026-01-03 00:52:34 | [36mDEBUG[0m | aiosqlite | executing functools.partial(<built-in method close of sqlite3.Cursor object at 0x000001BA83D39340>)
2026-01-03 00:52:34 | [36mDEBUG[0m | aiosqlite | operation functools.partial(<built-in method close of sqlite3.Cursor object at 0x000001BA83D39340>) completed
2026-01-03 00:52:34 | [36mDEBUG[0m | sqlalchemy.engine.Engine | Col ('cid', 'name', 'type', 'notnull', 'dflt_value', 'pk')
2026-01-03 00:52:34 | [32mINFO[0m | sqlalchemy.engine.Engine | PRAGMA main.table_info("radio_history")
2026-01-03 00:52:34 | [32mINFO[0m | sqlalchemy.engine.Engine | [raw sql] ()
2026-01-03 00:52:34 | [36mDEBUG[0m | aiosqlite | executing functools.partial(<built-in method cursor of sqlite3.Connection object at 0x000001BA83D11F30>)
2026-01-03 00:52:34 | [36mDEBUG[0m | aiosqlite | operation functools.partial(<built-in method cursor of sqlite3.Connection object at 0x000001BA83D11F30>) completed
2026-01-03 00:52:34 | [36mDEBUG[0m | aiosqlite | executing functools.partial(<built-in method execute of sqlite3.Cursor object at 0x000001BA83D39740>, 'PRAGMA main.table_info("radio_history")', ())
2026-01-03 00:52:34 | [36mDEBUG[0m | aiosqlite | operation functools.partial(<built-in method execute of sqlite3.Cursor object at 0x000001BA83D39740>, 'PRAGMA main.table_info("radio_history")', ()) completed
2026-01-03 00:52:34 | [36mDEBUG[0m | aiosqlite | executing functools.partial(<built-in method fetchall of sqlite3.Cursor object at 0x000001BA83D39740>)
2026-01-03 00:52:34 | [36mDEBUG[0m | aiosqlite | operation functools.partial(<built-in method fetchall of sqlite3.Cursor object at 0x000001BA83D39740>) completed
2026-01-03 00:52:34 | [36mDEBUG[0m | aiosqlite | executing functools.partial(<built-in method close of sqlite3.Cursor object at 0x000001BA83D39740>)
2026-01-03 00:52:34 | [36mDEBUG[0m | aiosqlite | operation functools.partial(<built-in method close of sqlite3.Cursor object at 0x000001BA83D39740>) completed
2026-01-03 00:52:34 | [36mDEBUG[0m | sqlalchemy.engine.Engine | Col ('cid', 'name', 'type', 'notnull', 'dflt_value', 'pk')
2026-01-03 00:52:34 | [32mINFO[0m | sqlalchemy.engine.Engine | PRAGMA temp.table_info("radio_history")
2026-01-03 00:52:34 | [32mINFO[0m | sqlalchemy.engine.Engine | [raw sql] ()
2026-01-03 00:52:34 | [36mDEBUG[0m | aiosqlite | executing functools.partial(<built-in method cursor of sqlite3.Connection object at 0x000001BA83D11F30>)
2026-01-03 00:52:34 | [36mDEBUG[0m | aiosqlite | operation functools.partial(<built-in method cursor of sqlite3.Connection object at 0x000001BA83D11F30>) completed
2026-01-03 00:52:34 | [36mDEBUG[0m | aiosqlite | executing functools.partial(<built-in method execute of sqlite3.Cursor object at 0x000001BA83D39AC0>, 'PRAGMA temp.table_info("radio_history")', ())
2026-01-03 00:52:34 | [36mDEBUG[0m | aiosqlite | operation functools.partial(<built-in method execute of sqlite3.Cursor object at 0x000001BA83D39AC0>, 'PRAGMA temp.table_info("radio_history")', ()) completed
2026-01-03 00:52:34 | [36mDEBUG[0m | aiosqlite | executing functools.partial(<built-in method fetchall of sqlite3.Cursor object at 0x000001BA83D39AC0>)
2026-01-03 00:52:34 | [36mDEBUG[0m | aiosqlite | operation functools.partial(<built-in method fetchall of sqlite3.Cursor object at 0x000001BA83D39AC0>) completed
2026-01-03 00:52:34 | [36mDEBUG[0m | aiosqlite | executing functools.partial(<built-in method close of sqlite3.Cursor object at 0x000001BA83D39AC0>)
2026-01-03 00:52:34 | [36mDEBUG[0m | aiosqlite | operation functools.partial(<built-in method close of sqlite3.Cursor object at 0x000001BA83D39AC0>) completed
2026-01-03 00:52:34 | [36mDEBUG[0m | sqlalchemy.engine.Engine | Col ('cid', 'name', 'type', 'notnull', 'dflt_value', 'pk')
2026-01-03 00:52:34 | [32mINFO[0m | sqlalchemy.engine.Engine | PRAGMA main.table_info("radio_queue")
2026-01-03 00:52:34 | [32mINFO[0m | sqlalchemy.engine.Engine | [raw sql] ()
2026-01-03 00:52:34 | [36mDEBUG[0m | aiosqlite | executing functools.partial(<built-in method cursor of sqlite3.Connection object at 0x000001BA83D11F30>)
2026-01-03 00:52:34 | [36mDEBUG[0m | aiosqlite | operation functools.partial(<built-in method cursor of sqlite3.Connection object at 0x000001BA83D11F30>) completed
2026-01-03 00:52:34 | [36mDEBUG[0m | aiosqlite | executing functools.partial(<built-in method execute of sqlite3.Cursor object at 0x000001BA83D39EC0>, 'PRAGMA main.table_info("radio_queue")', ())
2026-01-03 00:52:34 | [36mDEBUG[0m | aiosqlite | operation functools.partial(<built-in method execute of sqlite3.Cursor object at 0x000001BA83D39EC0>, 'PRAGMA main.table_info("radio_queue")', ()) completed
2026-01-03 00:52:34 | [36mDEBUG[0m | aiosqlite | executing functools.partial(<built-in method fetchall of sqlite3.Cursor object at 0x000001BA83D39EC0>)
2026-01-03 00:52:34 | [36mDEBUG[0m | aiosqlite | operation functools.partial(<built-in method fetchall of sqlite3.Cursor object at 0x000001BA83D39EC0>) completed
2026-01-03 00:52:34 | [36mDEBUG[0m | aiosqlite | executing functools.partial(<built-in method close of sqlite3.Cursor object at 0x000001BA83D39EC0>)
2026-01-03 00:52:34 | [36mDEBUG[0m | sqlalchemy.engine.Engine | Col ('cid', 'name', 'type', 'notnull', 'dflt_value', 'pk')
2026-01-03 00:52:34 | [36mDEBUG[0m | aiosqlite | operation functools.partial(<built-in method close of sqlite3.Cursor object at 0x000001BA83D39EC0>) completed
2026-01-03 00:52:34 | [32mINFO[0m | sqlalchemy.engine.Engine | PRAGMA temp.table_info("radio_queue")
2026-01-03 00:52:34 | [32mINFO[0m | sqlalchemy.engine.Engine | [raw sql] ()
2026-01-03 00:52:34 | [36mDEBUG[0m | aiosqlite | executing functools.partial(<built-in method cursor of sqlite3.Connection object at 0x000001BA83D11F30>)
2026-01-03 00:52:34 | [36mDEBUG[0m | aiosqlite | operation functools.partial(<built-in method cursor of sqlite3.Connection object at 0x000001BA83D11F30>) completed
2026-01-03 00:52:34 | [36mDEBUG[0m | aiosqlite | executing functools.partial(<built-in method execute of sqlite3.Cursor object at 0x000001BA83C63040>, 'PRAGMA temp.table_info("radio_queue")', ())
2026-01-03 00:52:34 | [36mDEBUG[0m | aiosqlite | operation functools.partial(<built-in method execute of sqlite3.Cursor object at 0x000001BA83C63040>, 'PRAGMA temp.table_info("radio_queue")', ()) completed
2026-01-03 00:52:34 | [36mDEBUG[0m | aiosqlite | executing functools.partial(<built-in method fetchall of sqlite3.Cursor object at 0x000001BA83C63040>)
2026-01-03 00:52:34 | [36mDEBUG[0m | aiosqlite | operation functools.partial(<built-in method fetchall of sqlite3.Cursor object at 0x000001BA83C63040>) completed
2026-01-03 00:52:34 | [36mDEBUG[0m | aiosqlite | executing functools.partial(<built-in method close of sqlite3.Cursor object at 0x000001BA83C63040>)
2026-01-03 00:52:34 | [36mDEBUG[0m | sqlalchemy.engine.Engine | Col ('cid', 'name', 'type', 'notnull', 'dflt_value', 'pk')
2026-01-03 00:52:34 | [32mINFO[0m | sqlalchemy.engine.Engine | PRAGMA main.table_info("songs")
2026-01-03 00:52:34 | [36mDEBUG[0m | aiosqlite | operation functools.partial(<built-in method close of sqlite3.Cursor object at 0x000001BA83C63040>) completed
2026-01-03 00:52:34 | [32mINFO[0m | sqlalchemy.engine.Engine | [raw sql] ()
2026-01-03 00:52:34 | [36mDEBUG[0m | aiosqlite | executing functools.partial(<built-in method cursor of sqlite3.Connection object at 0x000001BA83D11F30>)
2026-01-03 00:52:34 | [36mDEBUG[0m | aiosqlite | operation functools.partial(<built-in method cursor of sqlite3.Connection object at 0x000001BA83D11F30>) completed
2026-01-03 00:52:34 | [36mDEBUG[0m | aiosqlite | executing functools.partial(<built-in method execute of sqlite3.Cursor object at 0x000001BA83D3A0C0>, 'PRAGMA main.table_info("songs")', ())
2026-01-03 00:52:34 | [36mDEBUG[0m | aiosqlite | operation functools.partial(<built-in method execute of sqlite3.Cursor object at 0x000001BA83D3A0C0>, 'PRAGMA main.table_info("songs")', ()) completed
2026-01-03 00:52:34 | [36mDEBUG[0m | aiosqlite | executing functools.partial(<built-in method fetchall of sqlite3.Cursor object at 0x000001BA83D3A0C0>)
2026-01-03 00:52:34 | [36mDEBUG[0m | aiosqlite | operation functools.partial(<built-in method fetchall of sqlite3.Cursor object at 0x000001BA83D3A0C0>) completed
2026-01-03 00:52:34 | [36mDEBUG[0m | aiosqlite | executing functools.partial(<built-in method close of sqlite3.Cursor object at 0x000001BA83D3A0C0>)
2026-01-03 00:52:34 | [36mDEBUG[0m | aiosqlite | operation functools.partial(<built-in method close of sqlite3.Cursor object at 0x000001BA83D3A0C0>) completed
2026-01-03 00:52:34 | [36mDEBUG[0m | sqlalchemy.engine.Engine | Col ('cid', 'name', 'type', 'notnull', 'dflt_value', 'pk')
2026-01-03 00:52:34 | [32mINFO[0m | sqlalchemy.engine.Engine | PRAGMA temp.table_info("songs")
2026-01-03 00:52:34 | [32mINFO[0m | sqlalchemy.engine.Engine | [raw sql] ()
2026-01-03 00:52:34 | [36mDEBUG[0m | aiosqlite | executing functools.partial(<built-in method cursor of sqlite3.Connection object at 0x000001BA83D11F30>)
2026-01-03 00:52:34 | [36mDEBUG[0m | aiosqlite | operation functools.partial(<built-in method cursor of sqlite3.Connection object at 0x000001BA83D11F30>) completed
2026-01-03 00:52:34 | [36mDEBUG[0m | aiosqlite | executing functools.partial(<built-in method execute of sqlite3.Cursor object at 0x000001BA83D3A340>, 'PRAGMA temp.table_info("songs")', ())
2026-01-03 00:52:34 | [36mDEBUG[0m | aiosqlite | operation functools.partial(<built-in method execute of sqlite3.Cursor object at 0x000001BA83D3A340>, 'PRAGMA temp.table_info("songs")', ()) completed
2026-01-03 00:52:34 | [36mDEBUG[0m | aiosqlite | executing functools.partial(<built-in method fetchall of sqlite3.Cursor object at 0x000001BA83D3A340>)
2026-01-03 00:52:34 | [36mDEBUG[0m | aiosqlite | operation functools.partial(<built-in method fetchall of sqlite3.Cursor object at 0x000001BA83D3A340>) completed
2026-01-03 00:52:34 | [36mDEBUG[0m | aiosqlite | executing functools.partial(<built-in method close of sqlite3.Cursor object at 0x000001BA83D3A340>)
2026-01-03 00:52:34 | [36mDEBUG[0m | sqlalchemy.engine.Engine | Col ('cid', 'name', 'type', 'notnull', 'dflt_value', 'pk')
2026-01-03 00:52:34 | [36mDEBUG[0m | aiosqlite | operation functools.partial(<built-in method close of sqlite3.Cursor object at 0x000001BA83D3A340>) completed
2026-01-03 00:52:34 | [32mINFO[0m | sqlalchemy.engine.Engine | PRAGMA main.table_info("users")
2026-01-03 00:52:34 | [32mINFO[0m | sqlalchemy.engine.Engine | [raw sql] ()
2026-01-03 00:52:34 | [36mDEBUG[0m | aiosqlite | executing functools.partial(<built-in method cursor of sqlite3.Connection object at 0x000001BA83D11F30>)
2026-01-03 00:52:34 | [36mDEBUG[0m | aiosqlite | operation functools.partial(<built-in method cursor of sqlite3.Connection object at 0x000001BA83D11F30>) completed
2026-01-03 00:52:34 | [36mDEBUG[0m | aiosqlite | executing functools.partial(<built-in method execute of sqlite3.Cursor object at 0x000001BA83D399C0>, 'PRAGMA main.table_info("users")', ())
2026-01-03 00:52:34 | [36mDEBUG[0m | aiosqlite | operation functools.partial(<built-in method execute of sqlite3.Cursor object at 0x000001BA83D399C0>, 'PRAGMA main.table_info("users")', ()) completed
2026-01-03 00:52:34 | [36mDEBUG[0m | aiosqlite | executing functools.partial(<built-in method fetchall of sqlite3.Cursor object at 0x000001BA83D399C0>)
2026-01-03 00:52:34 | [36mDEBUG[0m | aiosqlite | operation functools.partial(<built-in method fetchall of sqlite3.Cursor object at 0x000001BA83D399C0>) completed
2026-01-03 00:52:34 | [36mDEBUG[0m | aiosqlite | executing functools.partial(<built-in method close of sqlite3.Cursor object at 0x000001BA83D399C0>)
2026-01-03 00:52:34 | [36mDEBUG[0m | aiosqlite | operation functools.partial(<built-in method close of sqlite3.Cursor object at 0x000001BA83D399C0>) completed
2026-01-03 00:52:34 | [36mDEBUG[0m | sqlalchemy.engine.Engine | Col ('cid', 'name', 'type', 'notnull', 'dflt_value', 'pk')
2026-01-03 00:52:34 | [32mINFO[0m | sqlalchemy.engine.Engine | PRAGMA temp.table_info("users")
2026-01-03 00:52:34 | [32mINFO[0m | sqlalchemy.engine.Engine | [raw sql] ()
2026-01-03 00:52:34 | [36mDEBUG[0m | aiosqlite | executing functools.partial(<built-in method cursor of sqlite3.Connection object at 0x000001BA83D11F30>)
2026-01-03 00:52:34 | [36mDEBUG[0m | aiosqlite | operation functools.partial(<built-in method cursor of sqlite3.Connection object at 0x000001BA83D11F30>) completed
2026-01-03 00:52:34 | [36mDEBUG[0m | aiosqlite | executing functools.partial(<built-in method execute of sqlite3.Cursor object at 0x000001BA83D3A6C0>, 'PRAGMA temp.table_info("users")', ())
2026-01-03 00:52:34 | [36mDEBUG[0m | aiosqlite | operation functools.partial(<built-in method execute of sqlite3.Cursor object at 0x000001BA83D3A6C0>, 'PRAGMA temp.table_info("users")', ()) completed
2026-01-03 00:52:34 | [36mDEBUG[0m | aiosqlite | executing functools.partial(<built-in method fetchall of sqlite3.Cursor object at 0x000001BA83D3A6C0>)
2026-01-03 00:52:34 | [36mDEBUG[0m | aiosqlite | operation functools.partial(<built-in method fetchall of sqlite3.Cursor object at 0x000001BA83D3A6C0>) completed
2026-01-03 00:52:34 | [36mDEBUG[0m | aiosqlite | executing functools.partial(<built-in method close of sqlite3.Cursor object at 0x000001BA83D3A6C0>)
2026-01-03 00:52:34 | [36mDEBUG[0m | aiosqlite | operation functools.partial(<built-in method close of sqlite3.Cursor object at 0x000001BA83D3A6C0>) completed
2026-01-03 00:52:34 | [36mDEBUG[0m | sqlalchemy.engine.Engine | Col ('cid', 'name', 'type', 'notnull', 'dflt_value', 'pk')
2026-01-03 00:52:34 | [32mINFO[0m | sqlalchemy.engine.Engine | PRAGMA main.table_info("votes")
2026-01-03 00:52:34 | [32mINFO[0m | sqlalchemy.engine.Engine | [raw sql] ()
2026-01-03 00:52:34 | [36mDEBUG[0m | aiosqlite | executing functools.partial(<built-in method cursor of sqlite3.Connection object at 0x000001BA83D11F30>)
2026-01-03 00:52:34 | [36mDEBUG[0m | aiosqlite | operation functools.partial(<built-in method cursor of sqlite3.Connection object at 0x000001BA83D11F30>) completed
2026-01-03 00:52:34 | [36mDEBUG[0m | aiosqlite | executing functools.partial(<built-in method execute of sqlite3.Cursor object at 0x000001BA83D39C40>, 'PRAGMA main.table_info("votes")', ())
2026-01-03 00:52:34 | [36mDEBUG[0m | aiosqlite | operation functools.partial(<built-in method execute of sqlite3.Cursor object at 0x000001BA83D39C40>, 'PRAGMA main.table_info("votes")', ()) completed
2026-01-03 00:52:34 | [36mDEBUG[0m | aiosqlite | executing functools.partial(<built-in method fetchall of sqlite3.Cursor object at 0x000001BA83D39C40>)
2026-01-03 00:52:34 | [36mDEBUG[0m | aiosqlite | operation functools.partial(<built-in method fetchall of sqlite3.Cursor object at 0x000001BA83D39C40>) completed
2026-01-03 00:52:34 | [36mDEBUG[0m | aiosqlite | executing functools.partial(<built-in method close of sqlite3.Cursor object at 0x000001BA83D39C40>)
2026-01-03 00:52:34 | [36mDEBUG[0m | aiosqlite | operation functools.partial(<built-in method close of sqlite3.Cursor object at 0x000001BA83D39C40>) completed
2026-01-03 00:52:34 | [36mDEBUG[0m | sqlalchemy.engine.Engine | Col ('cid', 'name', 'type', 'notnull', 'dflt_value', 'pk')
2026-01-03 00:52:34 | [32mINFO[0m | sqlalchemy.engine.Engine | PRAGMA temp.table_info("votes")
2026-01-03 00:52:34 | [32mINFO[0m | sqlalchemy.engine.Engine | [raw sql] ()
2026-01-03 00:52:34 | [36mDEBUG[0m | aiosqlite | executing functools.partial(<built-in method cursor of sqlite3.Connection object at 0x000001BA83D11F30>)
2026-01-03 00:52:34 | [36mDEBUG[0m | aiosqlite | operation functools.partial(<built-in method cursor of sqlite3.Connection object at 0x000001BA83D11F30>) completed
2026-01-03 00:52:34 | [36mDEBUG[0m | aiosqlite | executing functools.partial(<built-in method execute of sqlite3.Cursor object at 0x000001BA83D3A9C0>, 'PRAGMA temp.table_info("votes")', ())
2026-01-03 00:52:34 | [36mDEBUG[0m | aiosqlite | operation functools.partial(<built-in method execute of sqlite3.Cursor object at 0x000001BA83D3A9C0>, 'PRAGMA temp.table_info("votes")', ()) completed
2026-01-03 00:52:34 | [36mDEBUG[0m | aiosqlite | executing functools.partial(<built-in method fetchall of sqlite3.Cursor object at 0x000001BA83D3A9C0>)
2026-01-03 00:52:34 | [36mDEBUG[0m | aiosqlite | operation functools.partial(<built-in method fetchall of sqlite3.Cursor object at 0x000001BA83D3A9C0>) completed
2026-01-03 00:52:34 | [36mDEBUG[0m | aiosqlite | executing functools.partial(<built-in method close of sqlite3.Cursor object at 0x000001BA83D3A9C0>)
2026-01-03 00:52:34 | [36mDEBUG[0m | sqlalchemy.engine.Engine | Col ('cid', 'name', 'type', 'notnull', 'dflt_value', 'pk')
2026-01-03 00:52:34 | [36mDEBUG[0m | aiosqlite | operation functools.partial(<built-in method close of sqlite3.Cursor object at 0x000001BA83D3A9C0>) completed
2026-01-03 00:52:34 | [32mINFO[0m | sqlalchemy.engine.Engine | 
CREATE TABLE songs (
	id INTEGER NOT NULL, 
	suno_job_id VARCHAR(255), 
	suno_status VARCHAR(50) NOT NULL, 
	title VARCHAR(500), 
	artist VARCHAR(255) NOT NULL, 
	original_prompt TEXT, 
	enhanced_prompt TEXT, 
	style_prompt TEXT, 
	lyrics TEXT, 
	genre VARCHAR(100), 
	subgenre VARCHAR(100), 
	mood VARCHAR(100), 
	energy VARCHAR(50), 
	duration_seconds FLOAT, 
	bpm INTEGER, 
	"key" VARCHAR(10), 
	is_instrumental BOOLEAN NOT NULL, 
	audio_url VARCHAR(1000), 
	local_file_path VARCHAR(500), 
	file_size_bytes INTEGER, 
	audio_format VARCHAR(10) NOT NULL, 
	lufs_level FLOAT, 
	peak_db FLOAT, 
	is_normalized BOOLEAN NOT NULL, 
	generation_started_at DATETIME, 
	generation_completed_at DATETIME, 
	downloaded_at DATETIME, 
	play_count INTEGER NOT NULL, 
	total_upvotes INTEGER NOT NULL, 
	total_downvotes INTEGER NOT NULL, 
	is_approved BOOLEAN NOT NULL, 
	moderation_notes TEXT, 
	flagged_at DATETIME, 
	created_at DATETIME NOT NULL, 
	updated_at DATETIME NOT NULL, 
	CONSTRAINT pk_songs PRIMARY KEY (id)
)


2026-01-03 00:52:34 | [32mINFO[0m | sqlalchemy.engine.Engine | [no key 0.00048s] ()
2026-01-03 00:52:34 | [36mDEBUG[0m | aiosqlite | executing functools.partial(<built-in method cursor of sqlite3.Connection object at 0x000001BA83D11F30>)
2026-01-03 00:52:34 | [36mDEBUG[0m | aiosqlite | operation functools.partial(<built-in method cursor of sqlite3.Connection object at 0x000001BA83D11F30>) completed
2026-01-03 00:52:34 | [36mDEBUG[0m | aiosqlite | executing functools.partial(<built-in method execute of sqlite3.Cursor object at 0x000001BA83C61E40>, '\nCREATE TABLE songs (\n\tid INTEGER NOT NULL, \n\tsuno_job_id VARCHAR(255), \n\tsuno_status VARCHAR(50) NOT NULL, \n\ttitle VARCHAR(500), \n\tartist VARCHAR(255) NOT NULL, \n\toriginal_prompt TEXT, \n\tenhanced_prompt TEXT, \n\tstyle_prompt TEXT, \n\tlyrics TEXT, \n\tgenre VARCHAR(100), \n\tsubgenre VARCHAR(100), \n\tmood VARCHAR(100), \n\tenergy VARCHAR(50), \n\tduration_seconds FLOAT, \n\tbpm INTEGER, \n\t"key" VARCHAR(10), \n\tis_instrumental BOOLEAN NOT NULL, \n\taudio_url VARCHAR(1000), \n\tlocal_file_path VARCHAR(500), \n\tfile_size_bytes INTEGER, \n\taudio_format VARCHAR(10) NOT NULL, \n\tlufs_level FLOAT, \n\tpeak_db FLOAT, \n\tis_normalized BOOLEAN NOT NULL, \n\tgeneration_started_at DATETIME, \n\tgeneration_completed_at DATETIME, \n\tdownloaded_at DATETIME, \n\tplay_count INTEGER NOT NULL, \n\ttotal_upvotes INTEGER NOT NULL, \n\ttotal_downvotes INTEGER NOT NULL, \n\tis_approved BOOLEAN NOT NULL, \n\tmoderation_notes TEXT, \n\tflagged_at DATETIME, \n\tcreated_at DATETIME NOT NULL, \n\tupdated_at DATETIME NOT NULL, \n\tCONSTRAINT pk_songs PRIMARY KEY (id)\n)\n\n', ())
2026-01-03 00:52:34 | [36mDEBUG[0m | aiosqlite | operation functools.partial(<built-in method execute of sqlite3.Cursor object at 0x000001BA83C61E40>, '\nCREATE TABLE songs (\n\tid INTEGER NOT NULL, \n\tsuno_job_id VARCHAR(255), \n\tsuno_status VARCHAR(50) NOT NULL, \n\ttitle VARCHAR(500), \n\tartist VARCHAR(255) NOT NULL, \n\toriginal_prompt TEXT, \n\tenhanced_prompt TEXT, \n\tstyle_prompt TEXT, \n\tlyrics TEXT, \n\tgenre VARCHAR(100), \n\tsubgenre VARCHAR(100), \n\tmood VARCHAR(100), \n\tenergy VARCHAR(50), \n\tduration_seconds FLOAT, \n\tbpm INTEGER, \n\t"key" VARCHAR(10), \n\tis_instrumental BOOLEAN NOT NULL, \n\taudio_url VARCHAR(1000), \n\tlocal_file_path VARCHAR(500), \n\tfile_size_bytes INTEGER, \n\taudio_format VARCHAR(10) NOT NULL, \n\tlufs_level FLOAT, \n\tpeak_db FLOAT, \n\tis_normalized BOOLEAN NOT NULL, \n\tgeneration_started_at DATETIME, \n\tgeneration_completed_at DATETIME, \n\tdownloaded_at DATETIME, \n\tplay_count INTEGER NOT NULL, \n\ttotal_upvotes INTEGER NOT NULL, \n\ttotal_downvotes INTEGER NOT NULL, \n\tis_approved BOOLEAN NOT NULL, \n\tmoderation_notes TEXT, \n\tflagged_at DATETIME, \n\tcreated_at DATETIME NOT NULL, \n\tupdated_at DATETIME NOT NULL, \n\tCONSTRAINT pk_songs PRIMARY KEY (id)\n)\n\n', ()) completed
2026-01-03 00:52:34 | [36mDEBUG[0m | aiosqlite | executing functools.partial(<built-in method close of sqlite3.Cursor object at 0x000001BA83C61E40>)
2026-01-03 00:52:34 | [36mDEBUG[0m | aiosqlite | operation functools.partial(<built-in method close of sqlite3.Cursor object at 0x000001BA83C61E40>) completed
2026-01-03 00:52:34 | [32mINFO[0m | sqlalchemy.engine.Engine | CREATE UNIQUE INDEX ix_songs_suno_job_id ON songs (suno_job_id)
2026-01-03 00:52:34 | [32mINFO[0m | sqlalchemy.engine.Engine | [no key 0.00030s] ()
2026-01-03 00:52:34 | [36mDEBUG[0m | aiosqlite | executing functools.partial(<built-in method cursor of sqlite3.Connection object at 0x000001BA83D11F30>)
2026-01-03 00:52:34 | [36mDEBUG[0m | aiosqlite | operation functools.partial(<built-in method cursor of sqlite3.Connection object at 0x000001BA83D11F30>) completed
2026-01-03 00:52:34 | [36mDEBUG[0m | aiosqlite | executing functools.partial(<built-in method execute of sqlite3.Cursor object at 0x000001BA83D3B4C0>, 'CREATE UNIQUE INDEX ix_songs_suno_job_id ON songs (suno_job_id)', ())
2026-01-03 00:52:34 | [36mDEBUG[0m | aiosqlite | operation functools.partial(<built-in method execute of sqlite3.Cursor object at 0x000001BA83D3B4C0>, 'CREATE UNIQUE INDEX ix_songs_suno_job_id ON songs (suno_job_id)', ()) completed
2026-01-03 00:52:34 | [36mDEBUG[0m | aiosqlite | executing functools.partial(<built-in method close of sqlite3.Cursor object at 0x000001BA83D3B4C0>)
2026-01-03 00:52:34 | [36mDEBUG[0m | aiosqlite | operation functools.partial(<built-in method close of sqlite3.Cursor object at 0x000001BA83D3B4C0>) completed
2026-01-03 00:52:34 | [32mINFO[0m | sqlalchemy.engine.Engine | 
CREATE TABLE users (
	id INTEGER NOT NULL, 
	telegram_id BIGINT NOT NULL, 
	telegram_username VARCHAR(255), 
	telegram_first_name VARCHAR(255), 
	telegram_last_name VARCHAR(255), 
	reputation_score FLOAT NOT NULL, 
	total_requests INTEGER NOT NULL, 
	successful_requests INTEGER NOT NULL, 
	failed_requests INTEGER NOT NULL, 
	total_upvotes_received INTEGER NOT NULL, 
	total_downvotes_received INTEGER NOT NULL, 
	total_upvotes_given INTEGER NOT NULL, 
	total_downvotes_given INTEGER NOT NULL, 
	is_banned BOOLEAN NOT NULL, 
	is_premium BOOLEAN NOT NULL, 
	ban_reason TEXT, 
	banned_at DATETIME, 
	banned_until DATETIME, 
	last_request_at DATETIME, 
	last_vote_at DATETIME, 
	last_active_at DATETIME, 
	created_at DATETIME NOT NULL, 
	updated_at DATETIME NOT NULL, 
	CONSTRAINT pk_users PRIMARY KEY (id)
)


2026-01-03 00:52:34 | [32mINFO[0m | sqlalchemy.engine.Engine | [no key 0.00031s] ()
2026-01-03 00:52:34 | [36mDEBUG[0m | aiosqlite | executing functools.partial(<built-in method cursor of sqlite3.Connection object at 0x000001BA83D11F30>)
2026-01-03 00:52:34 | [36mDEBUG[0m | aiosqlite | operation functools.partial(<built-in method cursor of sqlite3.Connection object at 0x000001BA83D11F30>) completed
2026-01-03 00:52:34 | [36mDEBUG[0m | aiosqlite | executing functools.partial(<built-in method execute of sqlite3.Cursor object at 0x000001BA83D3A940>, '\nCREATE TABLE users (\n\tid INTEGER NOT NULL, \n\ttelegram_id BIGINT NOT NULL, \n\ttelegram_username VARCHAR(255), \n\ttelegram_first_name VARCHAR(255), \n\ttelegram_last_name VARCHAR(255), \n\treputation_score FLOAT NOT NULL, \n\ttotal_requests INTEGER NOT NULL, \n\tsuccessful_requests INTEGER NOT NULL, \n\tfailed_requests INTEGER NOT NULL, \n\ttotal_upvotes_received INTEGER NOT NULL, \n\ttotal_downvotes_received INTEGER NOT NULL, \n\ttotal_upvotes_given INTEGER NOT NULL, \n\ttotal_downvotes_given INTEGER NOT NULL, \n\tis_banned BOOLEAN NOT NULL, \n\tis_premium BOOLEAN NOT NULL, \n\tban_reason TEXT, \n\tbanned_at DATETIME, \n\tbanned_until DATETIME, \n\tlast_request_at DATETIME, \n\tlast_vote_at DATETIME, \n\tlast_active_at DATETIME, \n\tcreated_at DATETIME NOT NULL, \n\tupdated_at DATETIME NOT NULL, \n\tCONSTRAINT pk_users PRIMARY KEY (id)\n)\n\n', ())
2026-01-03 00:52:34 | [36mDEBUG[0m | aiosqlite | operation functools.partial(<built-in method execute of sqlite3.Cursor object at 0x000001BA83D3A940>, '\nCREATE TABLE users (\n\tid INTEGER NOT NULL, \n\ttelegram_id BIGINT NOT NULL, \n\ttelegram_username VARCHAR(255), \n\ttelegram_first_name VARCHAR(255), \n\ttelegram_last_name VARCHAR(255), \n\treputation_score FLOAT NOT NULL, \n\ttotal_requests INTEGER NOT NULL, \n\tsuccessful_requests INTEGER NOT NULL, \n\tfailed_requests INTEGER NOT NULL, \n\ttotal_upvotes_received INTEGER NOT NULL, \n\ttotal_downvotes_received INTEGER NOT NULL, \n\ttotal_upvotes_given INTEGER NOT NULL, \n\ttotal_downvotes_given INTEGER NOT NULL, \n\tis_banned BOOLEAN NOT NULL, \n\tis_premium BOOLEAN NOT NULL, \n\tban_reason TEXT, \n\tbanned_at DATETIME, \n\tbanned_until DATETIME, \n\tlast_request_at DATETIME, \n\tlast_vote_at DATETIME, \n\tlast_active_at DATETIME, \n\tcreated_at DATETIME NOT NULL, \n\tupdated_at DATETIME NOT NULL, \n\tCONSTRAINT pk_users PRIMARY KEY (id)\n)\n\n', ()) completed
2026-01-03 00:52:34 | [36mDEBUG[0m | aiosqlite | executing functools.partial(<built-in method close of sqlite3.Cursor object at 0x000001BA83D3A940>)
2026-01-03 00:52:34 | [36mDEBUG[0m | aiosqlite | operation functools.partial(<built-in method close of sqlite3.Cursor object at 0x000001BA83D3A940>) completed
2026-01-03 00:52:34 | [32mINFO[0m | sqlalchemy.engine.Engine | CREATE UNIQUE INDEX ix_users_telegram_id ON users (telegram_id)
2026-01-03 00:52:34 | [32mINFO[0m | sqlalchemy.engine.Engine | [no key 0.00046s] ()
2026-01-03 00:52:34 | [36mDEBUG[0m | aiosqlite | executing functools.partial(<built-in method cursor of sqlite3.Connection object at 0x000001BA83D11F30>)
2026-01-03 00:52:34 | [36mDEBUG[0m | aiosqlite | operation functools.partial(<built-in method cursor of sqlite3.Connection object at 0x000001BA83D11F30>) completed
2026-01-03 00:52:34 | [36mDEBUG[0m | aiosqlite | executing functools.partial(<built-in method execute of sqlite3.Cursor object at 0x000001BA83D9D2C0>, 'CREATE UNIQUE INDEX ix_users_telegram_id ON users (telegram_id)', ())
2026-01-03 00:52:34 | [36mDEBUG[0m | aiosqlite | operation functools.partial(<built-in method execute of sqlite3.Cursor object at 0x000001BA83D9D2C0>, 'CREATE UNIQUE INDEX ix_users_telegram_id ON users (telegram_id)', ()) completed
2026-01-03 00:52:34 | [36mDEBUG[0m | aiosqlite | executing functools.partial(<built-in method close of sqlite3.Cursor object at 0x000001BA83D9D2C0>)
2026-01-03 00:52:34 | [36mDEBUG[0m | aiosqlite | operation functools.partial(<built-in method close of sqlite3.Cursor object at 0x000001BA83D9D2C0>) completed
2026-01-03 00:52:34 | [32mINFO[0m | sqlalchemy.engine.Engine | 
CREATE TABLE chat_messages (
	id INTEGER NOT NULL, 
	user_id INTEGER, 
	content TEXT NOT NULL, 
	message_type VARCHAR(20) NOT NULL, 
	is_deleted BOOLEAN NOT NULL, 
	deleted_by_id INTEGER, 
	deleted_at DATETIME, 
	delete_reason VARCHAR(255), 
	reply_to_id INTEGER, 
	created_at DATETIME NOT NULL, 
	updated_at DATETIME NOT NULL, 
	CONSTRAINT pk_chat_messages PRIMARY KEY (id), 
	CONSTRAINT fk_chat_messages_user_id_users FOREIGN KEY(user_id) REFERENCES users (id) ON DELETE SET NULL, 
	CONSTRAINT fk_chat_messages_reply_to_id_chat_messages FOREIGN KEY(reply_to_id) REFERENCES chat_messages (id) ON DELETE SET NULL
)


2026-01-03 00:52:34 | [32mINFO[0m | sqlalchemy.engine.Engine | [no key 0.00028s] ()
2026-01-03 00:52:34 | [36mDEBUG[0m | aiosqlite | executing functools.partial(<built-in method cursor of sqlite3.Connection object at 0x000001BA83D11F30>)
2026-01-03 00:52:34 | [36mDEBUG[0m | aiosqlite | operation functools.partial(<built-in method cursor of sqlite3.Connection object at 0x000001BA83D11F30>) completed
2026-01-03 00:52:34 | [36mDEBUG[0m | aiosqlite | executing functools.partial(<built-in method execute of sqlite3.Cursor object at 0x000001BA83D3A2C0>, '\nCREATE TABLE chat_messages (\n\tid INTEGER NOT NULL, \n\tuser_id INTEGER, \n\tcontent TEXT NOT NULL, \n\tmessage_type VARCHAR(20) NOT NULL, \n\tis_deleted BOOLEAN NOT NULL, \n\tdeleted_by_id INTEGER, \n\tdeleted_at DATETIME, \n\tdelete_reason VARCHAR(255), \n\treply_to_id INTEGER, \n\tcreated_at DATETIME NOT NULL, \n\tupdated_at DATETIME NOT NULL, \n\tCONSTRAINT pk_chat_messages PRIMARY KEY (id), \n\tCONSTRAINT fk_chat_messages_user_id_users FOREIGN KEY(user_id) REFERENCES users (id) ON DELETE SET NULL, \n\tCONSTRAINT fk_chat_messages_reply_to_id_chat_messages FOREIGN KEY(reply_to_id) REFERENCES chat_messages (id) ON DELETE SET NULL\n)\n\n', ())
2026-01-03 00:52:34 | [36mDEBUG[0m | aiosqlite | operation functools.partial(<built-in method execute of sqlite3.Cursor object at 0x000001BA83D3A2C0>, '\nCREATE TABLE chat_messages (\n\tid INTEGER NOT NULL, \n\tuser_id INTEGER, \n\tcontent TEXT NOT NULL, \n\tmessage_type VARCHAR(20) NOT NULL, \n\tis_deleted BOOLEAN NOT NULL, \n\tdeleted_by_id INTEGER, \n\tdeleted_at DATETIME, \n\tdelete_reason VARCHAR(255), \n\treply_to_id INTEGER, \n\tcreated_at DATETIME NOT NULL, \n\tupdated_at DATETIME NOT NULL, \n\tCONSTRAINT pk_chat_messages PRIMARY KEY (id), \n\tCONSTRAINT fk_chat_messages_user_id_users FOREIGN KEY(user_id) REFERENCES users (id) ON DELETE SET NULL, \n\tCONSTRAINT fk_chat_messages_reply_to_id_chat_messages FOREIGN KEY(reply_to_id) REFERENCES chat_messages (id) ON DELETE SET NULL\n)\n\n', ()) completed
2026-01-03 00:52:34 | [36mDEBUG[0m | aiosqlite | executing functools.partial(<built-in method close of sqlite3.Cursor object at 0x000001BA83D3A2C0>)
2026-01-03 00:52:34 | [36mDEBUG[0m | aiosqlite | operation functools.partial(<built-in method close of sqlite3.Cursor object at 0x000001BA83D3A2C0>) completed
2026-01-03 00:52:34 | [32mINFO[0m | sqlalchemy.engine.Engine | 
CREATE TABLE radio_history (
	id INTEGER NOT NULL, 
	song_id INTEGER NOT NULL, 
	queue_id INTEGER, 
	played_at DATETIME NOT NULL, 
	ended_at DATETIME, 
	duration_played_seconds FLOAT, 
	broadcast_file_path VARCHAR(500), 
	stream_mount VARCHAR(100), 
	requester_telegram_id BIGINT, 
	requester_username VARCHAR(255), 
	song_title VARCHAR(500), 
	song_artist VARCHAR(255), 
	song_genre VARCHAR(100), 
	had_dj_intro BOOLEAN NOT NULL, 
	dj_intro_text TEXT, 
	listener_count INTEGER, 
	upvotes_during_play INTEGER NOT NULL, 
	downvotes_during_play INTEGER NOT NULL, 
	skips_requested INTEGER NOT NULL, 
	created_at DATETIME NOT NULL, 
	updated_at DATETIME NOT NULL, 
	CONSTRAINT pk_radio_history PRIMARY KEY (id), 
	CONSTRAINT fk_radio_history_song_id_songs FOREIGN KEY(song_id) REFERENCES songs (id)
)


2026-01-03 00:52:34 | [32mINFO[0m | sqlalchemy.engine.Engine | [no key 0.00032s] ()
2026-01-03 00:52:34 | [36mDEBUG[0m | aiosqlite | executing functools.partial(<built-in method cursor of sqlite3.Connection object at 0x000001BA83D11F30>)
2026-01-03 00:52:34 | [36mDEBUG[0m | aiosqlite | operation functools.partial(<built-in method cursor of sqlite3.Connection object at 0x000001BA83D11F30>) completed
2026-01-03 00:52:34 | [36mDEBUG[0m | aiosqlite | executing functools.partial(<built-in method execute of sqlite3.Cursor object at 0x000001BA83D3A1C0>, '\nCREATE TABLE radio_history (\n\tid INTEGER NOT NULL, \n\tsong_id INTEGER NOT NULL, \n\tqueue_id INTEGER, \n\tplayed_at DATETIME NOT NULL, \n\tended_at DATETIME, \n\tduration_played_seconds FLOAT, \n\tbroadcast_file_path VARCHAR(500), \n\tstream_mount VARCHAR(100), \n\trequester_telegram_id BIGINT, \n\trequester_username VARCHAR(255), \n\tsong_title VARCHAR(500), \n\tsong_artist VARCHAR(255), \n\tsong_genre VARCHAR(100), \n\thad_dj_intro BOOLEAN NOT NULL, \n\tdj_intro_text TEXT, \n\tlistener_count INTEGER, \n\tupvotes_during_play INTEGER NOT NULL, \n\tdownvotes_during_play INTEGER NOT NULL, \n\tskips_requested INTEGER NOT NULL, \n\tcreated_at DATETIME NOT NULL, \n\tupdated_at DATETIME NOT NULL, \n\tCONSTRAINT pk_radio_history PRIMARY KEY (id), \n\tCONSTRAINT fk_radio_history_song_id_songs FOREIGN KEY(song_id) REFERENCES songs (id)\n)\n\n', ())
2026-01-03 00:52:34 | [36mDEBUG[0m | aiosqlite | operation functools.partial(<built-in method execute of sqlite3.Cursor object at 0x000001BA83D3A1C0>, '\nCREATE TABLE radio_history (\n\tid INTEGER NOT NULL, \n\tsong_id INTEGER NOT NULL, \n\tqueue_id INTEGER, \n\tplayed_at DATETIME NOT NULL, \n\tended_at DATETIME, \n\tduration_played_seconds FLOAT, \n\tbroadcast_file_path VARCHAR(500), \n\tstream_mount VARCHAR(100), \n\trequester_telegram_id BIGINT, \n\trequester_username VARCHAR(255), \n\tsong_title VARCHAR(500), \n\tsong_artist VARCHAR(255), \n\tsong_genre VARCHAR(100), \n\thad_dj_intro BOOLEAN NOT NULL, \n\tdj_intro_text TEXT, \n\tlistener_count INTEGER, \n\tupvotes_during_play INTEGER NOT NULL, \n\tdownvotes_during_play INTEGER NOT NULL, \n\tskips_requested INTEGER NOT NULL, \n\tcreated_at DATETIME NOT NULL, \n\tupdated_at DATETIME NOT NULL, \n\tCONSTRAINT pk_radio_history PRIMARY KEY (id), \n\tCONSTRAINT fk_radio_history_song_id_songs FOREIGN KEY(song_id) REFERENCES songs (id)\n)\n\n', ()) completed
2026-01-03 00:52:34 | [36mDEBUG[0m | aiosqlite | executing functools.partial(<built-in method close of sqlite3.Cursor object at 0x000001BA83D3A1C0>)
2026-01-03 00:52:34 | [36mDEBUG[0m | aiosqlite | operation functools.partial(<built-in method close of sqlite3.Cursor object at 0x000001BA83D3A1C0>) completed
2026-01-03 00:52:34 | [32mINFO[0m | sqlalchemy.engine.Engine | CREATE INDEX ix_radio_history_song_id ON radio_history (song_id)
2026-01-03 00:52:34 | [32mINFO[0m | sqlalchemy.engine.Engine | [no key 0.00020s] ()
2026-01-03 00:52:34 | [36mDEBUG[0m | aiosqlite | executing functools.partial(<built-in method cursor of sqlite3.Connection object at 0x000001BA83D11F30>)
2026-01-03 00:52:34 | [36mDEBUG[0m | aiosqlite | operation functools.partial(<built-in method cursor of sqlite3.Connection object at 0x000001BA83D11F30>) completed
2026-01-03 00:52:34 | [36mDEBUG[0m | aiosqlite | executing functools.partial(<built-in method execute of sqlite3.Cursor object at 0x000001BA83D3B9C0>, 'CREATE INDEX ix_radio_history_song_id ON radio_history (song_id)', ())
2026-01-03 00:52:34 | [36mDEBUG[0m | aiosqlite | operation functools.partial(<built-in method execute of sqlite3.Cursor object at 0x000001BA83D3B9C0>, 'CREATE INDEX ix_radio_history_song_id ON radio_history (song_id)', ()) completed
2026-01-03 00:52:34 | [36mDEBUG[0m | aiosqlite | executing functools.partial(<built-in method close of sqlite3.Cursor object at 0x000001BA83D3B9C0>)
2026-01-03 00:52:34 | [32mINFO[0m | sqlalchemy.engine.Engine | CREATE INDEX ix_radio_history_queue_id ON radio_history (queue_id)
2026-01-03 00:52:34 | [36mDEBUG[0m | aiosqlite | operation functools.partial(<built-in method close of sqlite3.Cursor object at 0x000001BA83D3B9C0>) completed
2026-01-03 00:52:34 | [32mINFO[0m | sqlalchemy.engine.Engine | [no key 0.00027s] ()
2026-01-03 00:52:34 | [36mDEBUG[0m | aiosqlite | executing functools.partial(<built-in method cursor of sqlite3.Connection object at 0x000001BA83D11F30>)
2026-01-03 00:52:34 | [36mDEBUG[0m | aiosqlite | operation functools.partial(<built-in method cursor of sqlite3.Connection object at 0x000001BA83D11F30>) completed
2026-01-03 00:52:34 | [36mDEBUG[0m | aiosqlite | executing functools.partial(<built-in method execute of sqlite3.Cursor object at 0x000001BA83D3ABC0>, 'CREATE INDEX ix_radio_history_queue_id ON radio_history (queue_id)', ())
2026-01-03 00:52:34 | [36mDEBUG[0m | aiosqlite | operation functools.partial(<built-in method execute of sqlite3.Cursor object at 0x000001BA83D3ABC0>, 'CREATE INDEX ix_radio_history_queue_id ON radio_history (queue_id)', ()) completed
2026-01-03 00:52:34 | [36mDEBUG[0m | aiosqlite | executing functools.partial(<built-in method close of sqlite3.Cursor object at 0x000001BA83D3ABC0>)
2026-01-03 00:52:34 | [36mDEBUG[0m | aiosqlite | operation functools.partial(<built-in method close of sqlite3.Cursor object at 0x000001BA83D3ABC0>) completed
2026-01-03 00:52:34 | [32mINFO[0m | sqlalchemy.engine.Engine | CREATE INDEX ix_radio_history_played_at ON radio_history (played_at)
2026-01-03 00:52:34 | [32mINFO[0m | sqlalchemy.engine.Engine | [no key 0.00036s] ()
2026-01-03 00:52:34 | [36mDEBUG[0m | aiosqlite | executing functools.partial(<built-in method cursor of sqlite3.Connection object at 0x000001BA83D11F30>)
2026-01-03 00:52:34 | [36mDEBUG[0m | aiosqlite | operation functools.partial(<built-in method cursor of sqlite3.Connection object at 0x000001BA83D11F30>) completed
2026-01-03 00:52:34 | [36mDEBUG[0m | aiosqlite | executing functools.partial(<built-in method execute of sqlite3.Cursor object at 0x000001BA83D9F0C0>, 'CREATE INDEX ix_radio_history_played_at ON radio_history (played_at)', ())
2026-01-03 00:52:34 | [36mDEBUG[0m | aiosqlite | operation functools.partial(<built-in method execute of sqlite3.Cursor object at 0x000001BA83D9F0C0>, 'CREATE INDEX ix_radio_history_played_at ON radio_history (played_at)', ()) completed
2026-01-03 00:52:34 | [36mDEBUG[0m | aiosqlite | executing functools.partial(<built-in method close of sqlite3.Cursor object at 0x000001BA83D9F0C0>)
2026-01-03 00:52:34 | [36mDEBUG[0m | aiosqlite | operation functools.partial(<built-in method close of sqlite3.Cursor object at 0x000001BA83D9F0C0>) completed
2026-01-03 00:52:34 | [32mINFO[0m | sqlalchemy.engine.Engine | 
CREATE TABLE radio_queue (
	id INTEGER NOT NULL, 
	user_id INTEGER, 
	telegram_user_id BIGINT, 
	telegram_message_id BIGINT, 
	song_id INTEGER, 
	original_prompt TEXT NOT NULL, 
	enhanced_prompt TEXT, 
	genre_hint VARCHAR(100), 
	is_instrumental BOOLEAN NOT NULL, 
	status VARCHAR(50) NOT NULL, 
	suno_job_id VARCHAR(255), 
	error_message TEXT, 
	retry_count INTEGER NOT NULL, 
	max_retries INTEGER NOT NULL, 
	base_priority FLOAT NOT NULL, 
	priority_score FLOAT NOT NULL, 
	is_priority_boost BOOLEAN NOT NULL, 
	priority_boost_reason VARCHAR(255), 
	upvotes INTEGER NOT NULL, 
	downvotes INTEGER NOT NULL, 
	requested_at DATETIME NOT NULL, 
	queued_at DATETIME, 
	generation_started_at DATETIME, 
	generation_completed_at DATETIME, 
	broadcast_started_at DATETIME, 
	completed_at DATETIME, 
	is_moderated BOOLEAN NOT NULL, 
	moderation_passed BOOLEAN, 
	moderation_reason TEXT, 
	has_dj_intro BOOLEAN NOT NULL, 
	dj_intro_path VARCHAR(500), 
	created_at DATETIME NOT NULL, 
	updated_at DATETIME NOT NULL, 
	CONSTRAINT pk_radio_queue PRIMARY KEY (id), 
	CONSTRAINT fk_radio_queue_user_id_users FOREIGN KEY(user_id) REFERENCES users (id), 
	CONSTRAINT fk_radio_queue_song_id_songs FOREIGN KEY(song_id) REFERENCES songs (id)
)


2026-01-03 00:52:34 | [32mINFO[0m | sqlalchemy.engine.Engine | [no key 0.00028s] ()
2026-01-03 00:52:34 | [36mDEBUG[0m | aiosqlite | executing functools.partial(<built-in method cursor of sqlite3.Connection object at 0x000001BA83D11F30>)
2026-01-03 00:52:34 | [36mDEBUG[0m | aiosqlite | operation functools.partial(<built-in method cursor of sqlite3.Connection object at 0x000001BA83D11F30>) completed
2026-01-03 00:52:34 | [36mDEBUG[0m | aiosqlite | executing functools.partial(<built-in method execute of sqlite3.Cursor object at 0x000001BA83D3AC40>, '\nCREATE TABLE radio_queue (\n\tid INTEGER NOT NULL, \n\tuser_id INTEGER, \n\ttelegram_user_id BIGINT, \n\ttelegram_message_id BIGINT, \n\tsong_id INTEGER, \n\toriginal_prompt TEXT NOT NULL, \n\tenhanced_prompt TEXT, \n\tgenre_hint VARCHAR(100), \n\tis_instrumental BOOLEAN NOT NULL, \n\tstatus VARCHAR(50) NOT NULL, \n\tsuno_job_id VARCHAR(255), \n\terror_message TEXT, \n\tretry_count INTEGER NOT NULL, \n\tmax_retries INTEGER NOT NULL, \n\tbase_priority FLOAT NOT NULL, \n\tpriority_score FLOAT NOT NULL, \n\tis_priority_boost BOOLEAN NOT NULL, \n\tpriority_boost_reason VARCHAR(255), \n\tupvotes INTEGER NOT NULL, \n\tdownvotes INTEGER NOT NULL, \n\trequested_at DATETIME NOT NULL, \n\tqueued_at DATETIME, \n\tgeneration_started_at DATETIME, \n\tgeneration_completed_at DATETIME, \n\tbroadcast_started_at DATETIME, \n\tcompleted_at DATETIME, \n\tis_moderated BOOLEAN NOT NULL, \n\tmoderation_passed BOOLEAN, \n\tmoderation_reason TEXT, \n\thas_dj_intro BOOLEAN NOT NULL, \n\tdj_intro_path VARCHAR(500), \n\tcreated_at DATETIME NOT NULL, \n\tupdated_at DATETIME NOT NULL, \n\tCONSTRAINT pk_radio_queue PRIMARY KEY (id), \n\tCONSTRAINT fk_radio_queue_user_id_users FOREIGN KEY(user_id) REFERENCES users (id), \n\tCONSTRAINT fk_radio_queue_song_id_songs FOREIGN KEY(song_id) REFERENCES songs (id)\n)\n\n', ())
2026-01-03 00:52:34 | [36mDEBUG[0m | aiosqlite | operation functools.partial(<built-in method execute of sqlite3.Cursor object at 0x000001BA83D3AC40>, '\nCREATE TABLE radio_queue (\n\tid INTEGER NOT NULL, \n\tuser_id INTEGER, \n\ttelegram_user_id BIGINT, \n\ttelegram_message_id BIGINT, \n\tsong_id INTEGER, \n\toriginal_prompt TEXT NOT NULL, \n\tenhanced_prompt TEXT, \n\tgenre_hint VARCHAR(100), \n\tis_instrumental BOOLEAN NOT NULL, \n\tstatus VARCHAR(50) NOT NULL, \n\tsuno_job_id VARCHAR(255), \n\terror_message TEXT, \n\tretry_count INTEGER NOT NULL, \n\tmax_retries INTEGER NOT NULL, \n\tbase_priority FLOAT NOT NULL, \n\tpriority_score FLOAT NOT NULL, \n\tis_priority_boost BOOLEAN NOT NULL, \n\tpriority_boost_reason VARCHAR(255), \n\tupvotes INTEGER NOT NULL, \n\tdownvotes INTEGER NOT NULL, \n\trequested_at DATETIME NOT NULL, \n\tqueued_at DATETIME, \n\tgeneration_started_at DATETIME, \n\tgeneration_completed_at DATETIME, \n\tbroadcast_started_at DATETIME, \n\tcompleted_at DATETIME, \n\tis_moderated BOOLEAN NOT NULL, \n\tmoderation_passed BOOLEAN, \n\tmoderation_reason TEXT, \n\thas_dj_intro BOOLEAN NOT NULL, \n\tdj_intro_path VARCHAR(500), \n\tcreated_at DATETIME NOT NULL, \n\tupdated_at DATETIME NOT NULL, \n\tCONSTRAINT pk_radio_queue PRIMARY KEY (id), \n\tCONSTRAINT fk_radio_queue_user_id_users FOREIGN KEY(user_id) REFERENCES users (id), \n\tCONSTRAINT fk_radio_queue_song_id_songs FOREIGN KEY(song_id) REFERENCES songs (id)\n)\n\n', ()) completed
2026-01-03 00:52:34 | [36mDEBUG[0m | aiosqlite | executing functools.partial(<built-in method close of sqlite3.Cursor object at 0x000001BA83D3AC40>)
2026-01-03 00:52:34 | [36mDEBUG[0m | aiosqlite | operation functools.partial(<built-in method close of sqlite3.Cursor object at 0x000001BA83D3AC40>) completed
2026-01-03 00:52:34 | [32mINFO[0m | sqlalchemy.engine.Engine | CREATE INDEX ix_radio_queue_song_id ON radio_queue (song_id)
2026-01-03 00:52:34 | [32mINFO[0m | sqlalchemy.engine.Engine | [no key 0.00025s] ()
2026-01-03 00:52:34 | [36mDEBUG[0m | aiosqlite | executing functools.partial(<built-in method cursor of sqlite3.Connection object at 0x000001BA83D11F30>)
2026-01-03 00:52:34 | [36mDEBUG[0m | aiosqlite | operation functools.partial(<built-in method cursor of sqlite3.Connection object at 0x000001BA83D11F30>) completed
2026-01-03 00:52:34 | [36mDEBUG[0m | aiosqlite | executing functools.partial(<built-in method execute of sqlite3.Cursor object at 0x000001BA83D9DB40>, 'CREATE INDEX ix_radio_queue_song_id ON radio_queue (song_id)', ())
2026-01-03 00:52:34 | [36mDEBUG[0m | aiosqlite | operation functools.partial(<built-in method execute of sqlite3.Cursor object at 0x000001BA83D9DB40>, 'CREATE INDEX ix_radio_queue_song_id ON radio_queue (song_id)', ()) completed
2026-01-03 00:52:34 | [36mDEBUG[0m | aiosqlite | executing functools.partial(<built-in method close of sqlite3.Cursor object at 0x000001BA83D9DB40>)
2026-01-03 00:52:34 | [36mDEBUG[0m | aiosqlite | operation functools.partial(<built-in method close of sqlite3.Cursor object at 0x000001BA83D9DB40>) completed
2026-01-03 00:52:34 | [32mINFO[0m | sqlalchemy.engine.Engine | CREATE INDEX ix_radio_queue_telegram_user_id ON radio_queue (telegram_user_id)
2026-01-03 00:52:34 | [32mINFO[0m | sqlalchemy.engine.Engine | [no key 0.00033s] ()
2026-01-03 00:52:34 | [36mDEBUG[0m | aiosqlite | executing functools.partial(<built-in method cursor of sqlite3.Connection object at 0x000001BA83D11F30>)
2026-01-03 00:52:34 | [36mDEBUG[0m | aiosqlite | operation functools.partial(<built-in method cursor of sqlite3.Connection object at 0x000001BA83D11F30>) completed
2026-01-03 00:52:34 | [36mDEBUG[0m | aiosqlite | executing functools.partial(<built-in method execute of sqlite3.Cursor object at 0x000001BA83D9F640>, 'CREATE INDEX ix_radio_queue_telegram_user_id ON radio_queue (telegram_user_id)', ())
2026-01-03 00:52:34 | [36mDEBUG[0m | aiosqlite | operation functools.partial(<built-in method execute of sqlite3.Cursor object at 0x000001BA83D9F640>, 'CREATE INDEX ix_radio_queue_telegram_user_id ON radio_queue (telegram_user_id)', ()) completed
2026-01-03 00:52:34 | [36mDEBUG[0m | aiosqlite | executing functools.partial(<built-in method close of sqlite3.Cursor object at 0x000001BA83D9F640>)
2026-01-03 00:52:34 | [36mDEBUG[0m | aiosqlite | operation functools.partial(<built-in method close of sqlite3.Cursor object at 0x000001BA83D9F640>) completed
2026-01-03 00:52:34 | [32mINFO[0m | sqlalchemy.engine.Engine | CREATE INDEX ix_radio_queue_user_id ON radio_queue (user_id)
2026-01-03 00:52:34 | [32mINFO[0m | sqlalchemy.engine.Engine | [no key 0.00018s] ()
2026-01-03 00:52:34 | [36mDEBUG[0m | aiosqlite | executing functools.partial(<built-in method cursor of sqlite3.Connection object at 0x000001BA83D11F30>)
2026-01-03 00:52:34 | [36mDEBUG[0m | aiosqlite | operation functools.partial(<built-in method cursor of sqlite3.Connection object at 0x000001BA83D11F30>) completed
2026-01-03 00:52:34 | [36mDEBUG[0m | aiosqlite | executing functools.partial(<built-in method execute of sqlite3.Cursor object at 0x000001BA83D3BDC0>, 'CREATE INDEX ix_radio_queue_user_id ON radio_queue (user_id)', ())
2026-01-03 00:52:34 | [36mDEBUG[0m | aiosqlite | operation functools.partial(<built-in method execute of sqlite3.Cursor object at 0x000001BA83D3BDC0>, 'CREATE INDEX ix_radio_queue_user_id ON radio_queue (user_id)', ()) completed
2026-01-03 00:52:34 | [36mDEBUG[0m | aiosqlite | executing functools.partial(<built-in method close of sqlite3.Cursor object at 0x000001BA83D3BDC0>)
2026-01-03 00:52:34 | [36mDEBUG[0m | aiosqlite | operation functools.partial(<built-in method close of sqlite3.Cursor object at 0x000001BA83D3BDC0>) completed
2026-01-03 00:52:34 | [32mINFO[0m | sqlalchemy.engine.Engine | CREATE INDEX ix_radio_queue_status ON radio_queue (status)
2026-01-03 00:52:34 | [32mINFO[0m | sqlalchemy.engine.Engine | [no key 0.00018s] ()
2026-01-03 00:52:34 | [36mDEBUG[0m | aiosqlite | executing functools.partial(<built-in method cursor of sqlite3.Connection object at 0x000001BA83D11F30>)
2026-01-03 00:52:34 | [36mDEBUG[0m | aiosqlite | operation functools.partial(<built-in method cursor of sqlite3.Connection object at 0x000001BA83D11F30>) completed
2026-01-03 00:52:34 | [36mDEBUG[0m | aiosqlite | executing functools.partial(<built-in method execute of sqlite3.Cursor object at 0x000001BA83DBCFC0>, 'CREATE INDEX ix_radio_queue_status ON radio_queue (status)', ())
2026-01-03 00:52:34 | [36mDEBUG[0m | aiosqlite | operation functools.partial(<built-in method execute of sqlite3.Cursor object at 0x000001BA83DBCFC0>, 'CREATE INDEX ix_radio_queue_status ON radio_queue (status)', ()) completed
2026-01-03 00:52:34 | [36mDEBUG[0m | aiosqlite | executing functools.partial(<built-in method close of sqlite3.Cursor object at 0x000001BA83DBCFC0>)
2026-01-03 00:52:34 | [32mINFO[0m | sqlalchemy.engine.Engine | CREATE INDEX ix_radio_queue_priority_score ON radio_queue (priority_score)
2026-01-03 00:52:34 | [36mDEBUG[0m | aiosqlite | operation functools.partial(<built-in method close of sqlite3.Cursor object at 0x000001BA83DBCFC0>) completed
2026-01-03 00:52:34 | [32mINFO[0m | sqlalchemy.engine.Engine | [no key 0.00040s] ()
2026-01-03 00:52:34 | [36mDEBUG[0m | aiosqlite | executing functools.partial(<built-in method cursor of sqlite3.Connection object at 0x000001BA83D11F30>)
2026-01-03 00:52:34 | [36mDEBUG[0m | aiosqlite | operation functools.partial(<built-in method cursor of sqlite3.Connection object at 0x000001BA83D11F30>) completed
2026-01-03 00:52:34 | [36mDEBUG[0m | aiosqlite | executing functools.partial(<built-in method execute of sqlite3.Cursor object at 0x000001BA83DBD240>, 'CREATE INDEX ix_radio_queue_priority_score ON radio_queue (priority_score)', ())
2026-01-03 00:52:34 | [36mDEBUG[0m | aiosqlite | operation functools.partial(<built-in method execute of sqlite3.Cursor object at 0x000001BA83DBD240>, 'CREATE INDEX ix_radio_queue_priority_score ON radio_queue (priority_score)', ()) completed
2026-01-03 00:52:34 | [36mDEBUG[0m | aiosqlite | executing functools.partial(<built-in method close of sqlite3.Cursor object at 0x000001BA83DBD240>)
2026-01-03 00:52:34 | [36mDEBUG[0m | aiosqlite | operation functools.partial(<built-in method close of sqlite3.Cursor object at 0x000001BA83DBD240>) completed
2026-01-03 00:52:34 | [32mINFO[0m | sqlalchemy.engine.Engine | 
CREATE TABLE votes (
	id INTEGER NOT NULL, 
	user_id INTEGER NOT NULL, 
	telegram_user_id BIGINT, 
	queue_item_id INTEGER NOT NULL, 
	vote_type VARCHAR(20) NOT NULL, 
	voted_at DATETIME NOT NULL, 
	previous_vote_type VARCHAR(20), 
	changed_at DATETIME, 
	source VARCHAR(50) NOT NULL, 
	telegram_callback_id VARCHAR(255), 
	created_at DATETIME NOT NULL, 
	updated_at DATETIME NOT NULL, 
	CONSTRAINT pk_votes PRIMARY KEY (id), 
	CONSTRAINT uq_votes_user_queue UNIQUE (user_id, queue_item_id), 
	CONSTRAINT fk_votes_user_id_users FOREIGN KEY(user_id) REFERENCES users (id), 
	CONSTRAINT fk_votes_queue_item_id_radio_queue FOREIGN KEY(queue_item_id) REFERENCES radio_queue (id)
)


2026-01-03 00:52:34 | [32mINFO[0m | sqlalchemy.engine.Engine | [no key 0.00038s] ()
2026-01-03 00:52:34 | [36mDEBUG[0m | aiosqlite | executing functools.partial(<built-in method cursor of sqlite3.Connection object at 0x000001BA83D11F30>)
2026-01-03 00:52:34 | [36mDEBUG[0m | aiosqlite | operation functools.partial(<built-in method cursor of sqlite3.Connection object at 0x000001BA83D11F30>) completed
2026-01-03 00:52:34 | [36mDEBUG[0m | aiosqlite | executing functools.partial(<built-in method execute of sqlite3.Cursor object at 0x000001BA83D9E0C0>, '\nCREATE TABLE votes (\n\tid INTEGER NOT NULL, \n\tuser_id INTEGER NOT NULL, \n\ttelegram_user_id BIGINT, \n\tqueue_item_id INTEGER NOT NULL, \n\tvote_type VARCHAR(20) NOT NULL, \n\tvoted_at DATETIME NOT NULL, \n\tprevious_vote_type VARCHAR(20), \n\tchanged_at DATETIME, \n\tsource VARCHAR(50) NOT NULL, \n\ttelegram_callback_id VARCHAR(255), \n\tcreated_at DATETIME NOT NULL, \n\tupdated_at DATETIME NOT NULL, \n\tCONSTRAINT pk_votes PRIMARY KEY (id), \n\tCONSTRAINT uq_votes_user_queue UNIQUE (user_id, queue_item_id), \n\tCONSTRAINT fk_votes_user_id_users FOREIGN KEY(user_id) REFERENCES users (id), \n\tCONSTRAINT fk_votes_queue_item_id_radio_queue FOREIGN KEY(queue_item_id) REFERENCES radio_queue (id)\n)\n\n', ())
2026-01-03 00:52:34 | [36mDEBUG[0m | aiosqlite | operation functools.partial(<built-in method execute of sqlite3.Cursor object at 0x000001BA83D9E0C0>, '\nCREATE TABLE votes (\n\tid INTEGER NOT NULL, \n\tuser_id INTEGER NOT NULL, \n\ttelegram_user_id BIGINT, \n\tqueue_item_id INTEGER NOT NULL, \n\tvote_type VARCHAR(20) NOT NULL, \n\tvoted_at DATETIME NOT NULL, \n\tprevious_vote_type VARCHAR(20), \n\tchanged_at DATETIME, \n\tsource VARCHAR(50) NOT NULL, \n\ttelegram_callback_id VARCHAR(255), \n\tcreated_at DATETIME NOT NULL, \n\tupdated_at DATETIME NOT NULL, \n\tCONSTRAINT pk_votes PRIMARY KEY (id), \n\tCONSTRAINT uq_votes_user_queue UNIQUE (user_id, queue_item_id), \n\tCONSTRAINT fk_votes_user_id_users FOREIGN KEY(user_id) REFERENCES users (id), \n\tCONSTRAINT fk_votes_queue_item_id_radio_queue FOREIGN KEY(queue_item_id) REFERENCES radio_queue (id)\n)\n\n', ()) completed
2026-01-03 00:52:34 | [36mDEBUG[0m | aiosqlite | executing functools.partial(<built-in method close of sqlite3.Cursor object at 0x000001BA83D9E0C0>)
2026-01-03 00:52:34 | [36mDEBUG[0m | aiosqlite | operation functools.partial(<built-in method close of sqlite3.Cursor object at 0x000001BA83D9E0C0>) completed
2026-01-03 00:52:34 | [32mINFO[0m | sqlalchemy.engine.Engine | CREATE INDEX ix_votes_user_id ON votes (user_id)
2026-01-03 00:52:34 | [32mINFO[0m | sqlalchemy.engine.Engine | [no key 0.00028s] ()
2026-01-03 00:52:34 | [36mDEBUG[0m | aiosqlite | executing functools.partial(<built-in method cursor of sqlite3.Connection object at 0x000001BA83D11F30>)
2026-01-03 00:52:34 | [36mDEBUG[0m | aiosqlite | operation functools.partial(<built-in method cursor of sqlite3.Connection object at 0x000001BA83D11F30>) completed
2026-01-03 00:52:34 | [36mDEBUG[0m | aiosqlite | executing functools.partial(<built-in method execute of sqlite3.Cursor object at 0x000001BA83D9E740>, 'CREATE INDEX ix_votes_user_id ON votes (user_id)', ())
2026-01-03 00:52:34 | [36mDEBUG[0m | aiosqlite | operation functools.partial(<built-in method execute of sqlite3.Cursor object at 0x000001BA83D9E740>, 'CREATE INDEX ix_votes_user_id ON votes (user_id)', ()) completed
2026-01-03 00:52:34 | [36mDEBUG[0m | aiosqlite | executing functools.partial(<built-in method close of sqlite3.Cursor object at 0x000001BA83D9E740>)
2026-01-03 00:52:34 | [36mDEBUG[0m | aiosqlite | operation functools.partial(<built-in method close of sqlite3.Cursor object at 0x000001BA83D9E740>) completed
2026-01-03 00:52:34 | [32mINFO[0m | sqlalchemy.engine.Engine | CREATE INDEX ix_votes_queue_item_id ON votes (queue_item_id)
2026-01-03 00:52:34 | [32mINFO[0m | sqlalchemy.engine.Engine | [no key 0.00027s] ()
2026-01-03 00:52:34 | [36mDEBUG[0m | aiosqlite | executing functools.partial(<built-in method cursor of sqlite3.Connection object at 0x000001BA83D11F30>)
2026-01-03 00:52:34 | [36mDEBUG[0m | aiosqlite | operation functools.partial(<built-in method cursor of sqlite3.Connection object at 0x000001BA83D11F30>) completed
2026-01-03 00:52:34 | [36mDEBUG[0m | aiosqlite | executing functools.partial(<built-in method execute of sqlite3.Cursor object at 0x000001BA83DBDF40>, 'CREATE INDEX ix_votes_queue_item_id ON votes (queue_item_id)', ())
2026-01-03 00:52:34 | [36mDEBUG[0m | aiosqlite | operation functools.partial(<built-in method execute of sqlite3.Cursor object at 0x000001BA83DBDF40>, 'CREATE INDEX ix_votes_queue_item_id ON votes (queue_item_id)', ()) completed
2026-01-03 00:52:34 | [36mDEBUG[0m | aiosqlite | executing functools.partial(<built-in method close of sqlite3.Cursor object at 0x000001BA83DBDF40>)
2026-01-03 00:52:34 | [32mINFO[0m | sqlalchemy.engine.Engine | CREATE INDEX ix_votes_telegram_user_id ON votes (telegram_user_id)
2026-01-03 00:52:34 | [36mDEBUG[0m | aiosqlite | operation functools.partial(<built-in method close of sqlite3.Cursor object at 0x000001BA83DBDF40>) completed
2026-01-03 00:52:34 | [32mINFO[0m | sqlalchemy.engine.Engine | [no key 0.00025s] ()
2026-01-03 00:52:34 | [36mDEBUG[0m | aiosqlite | executing functools.partial(<built-in method cursor of sqlite3.Connection object at 0x000001BA83D11F30>)
2026-01-03 00:52:34 | [36mDEBUG[0m | aiosqlite | operation functools.partial(<built-in method cursor of sqlite3.Connection object at 0x000001BA83D11F30>) completed
2026-01-03 00:52:34 | [36mDEBUG[0m | aiosqlite | executing functools.partial(<built-in method execute of sqlite3.Cursor object at 0x000001BA83DBE6C0>, 'CREATE INDEX ix_votes_telegram_user_id ON votes (telegram_user_id)', ())
2026-01-03 00:52:34 | [36mDEBUG[0m | aiosqlite | operation functools.partial(<built-in method execute of sqlite3.Cursor object at 0x000001BA83DBE6C0>, 'CREATE INDEX ix_votes_telegram_user_id ON votes (telegram_user_id)', ()) completed
2026-01-03 00:52:34 | [36mDEBUG[0m | aiosqlite | executing functools.partial(<built-in method close of sqlite3.Cursor object at 0x000001BA83DBE6C0>)
2026-01-03 00:52:34 | [36mDEBUG[0m | aiosqlite | operation functools.partial(<built-in method close of sqlite3.Cursor object at 0x000001BA83DBE6C0>) completed
2026-01-03 00:52:34 | [32mINFO[0m | sqlalchemy.engine.Engine | COMMIT
2026-01-03 00:52:34 | [36mDEBUG[0m | aiosqlite | executing functools.partial(<built-in method commit of sqlite3.Connection object at 0x000001BA83D11F30>)
2026-01-03 00:52:34 | [36mDEBUG[0m | aiosqlite | operation functools.partial(<built-in method commit of sqlite3.Connection object at 0x000001BA83D11F30>) completed
2026-01-03 00:52:34 | [36mDEBUG[0m | aiosqlite | executing functools.partial(<built-in method rollback of sqlite3.Connection object at 0x000001BA83D11F30>)
2026-01-03 00:52:34 | [36mDEBUG[0m | aiosqlite | operation functools.partial(<built-in method rollback of sqlite3.Connection object at 0x000001BA83D11F30>) completed
----------------------------- Captured log setup ------------------------------
DEBUG    asyncio:proactor_events.py:633 Using proactor: IocpProactor
DEBUG    asyncio:proactor_events.py:633 Using proactor: IocpProactor
DEBUG    aiosqlite:core.py:62 executing <function connect.<locals>.connector at 0x000001BA83D56200>
DEBUG    aiosqlite:core.py:67 operation <function connect.<locals>.connector at 0x000001BA83D56200> completed
DEBUG    aiosqlite:core.py:62 executing functools.partial(<built-in method create_function of sqlite3.Connection object at 0x000001BA83D11F30>, 'regexp', 2, <function SQLiteDialect_pysqlite.on_connect.<locals>.regexp at 0x000001BA83D25C60>, deterministic=True)
DEBUG    aiosqlite:core.py:67 operation functools.partial(<built-in method create_function of sqlite3.Connection object at 0x000001BA83D11F30>, 'regexp', 2, <function SQLiteDialect_pysqlite.on_connect.<locals>.regexp at 0x000001BA83D25C60>, deterministic=True) completed
DEBUG    aiosqlite:core.py:62 executing functools.partial(<built-in method create_function of sqlite3.Connection object at 0x000001BA83D11F30>, 'floor', 1, <built-in function floor>, deterministic=True)
DEBUG    aiosqlite:core.py:67 operation functools.partial(<built-in method create_function of sqlite3.Connection object at 0x000001BA83D11F30>, 'floor', 1, <built-in function floor>, deterministic=True) completed
DEBUG    aiosqlite:core.py:62 executing functools.partial(<built-in method cursor of sqlite3.Connection object at 0x000001BA83D11F30>)
DEBUG    aiosqlite:core.py:67 operation functools.partial(<built-in method cursor of sqlite3.Connection object at 0x000001BA83D11F30>) completed
DEBUG    aiosqlite:core.py:62 executing functools.partial(<built-in method execute of sqlite3.Cursor object at 0x000001BA83D38D40>, 'PRAGMA read_uncommitted', [])
DEBUG    aiosqlite:core.py:67 operation functools.partial(<built-in method execute of sqlite3.Cursor object at 0x000001BA83D38D40>, 'PRAGMA read_uncommitted', []) completed
DEBUG    aiosqlite:core.py:62 executing functools.partial(<built-in method fetchall of sqlite3.Cursor object at 0x000001BA83D38D40>)
DEBUG    aiosqlite:core.py:67 operation functools.partial(<built-in method fetchall of sqlite3.Cursor object at 0x000001BA83D38D40>) completed
DEBUG    aiosqlite:core.py:62 executing functools.partial(<built-in method close of sqlite3.Cursor object at 0x000001BA83D38D40>)
DEBUG    aiosqlite:core.py:67 operation functools.partial(<built-in method close of sqlite3.Cursor object at 0x000001BA83D38D40>) completed
DEBUG    aiosqlite:core.py:62 executing functools.partial(<built-in method rollback of sqlite3.Connection object at 0x000001BA83D11F30>)
INFO     sqlalchemy.engine.Engine:base.py:2710 BEGIN (implicit)
DEBUG    aiosqlite:core.py:67 operation functools.partial(<built-in method rollback of sqlite3.Connection object at 0x000001BA83D11F30>) completed
INFO     sqlalchemy.engine.Engine:base.py:1846 PRAGMA main.table_info("chat_messages")
INFO     sqlalchemy.engine.Engine:base.py:1846 [raw sql] ()
DEBUG    aiosqlite:core.py:62 executing functools.partial(<built-in method cursor of sqlite3.Connection object at 0x000001BA83D11F30>)
DEBUG    aiosqlite:core.py:67 operation functools.partial(<built-in method cursor of sqlite3.Connection object at 0x000001BA83D11F30>) completed
DEBUG    aiosqlite:core.py:62 executing functools.partial(<built-in method execute of sqlite3.Cursor object at 0x000001BA83D39040>, 'PRAGMA main.table_info("chat_messages")', ())
DEBUG    aiosqlite:core.py:67 operation functools.partial(<built-in method execute of sqlite3.Cursor object at 0x000001BA83D39040>, 'PRAGMA main.table_info("chat_messages")', ()) completed
DEBUG    aiosqlite:core.py:62 executing functools.partial(<built-in method fetchall of sqlite3.Cursor object at 0x000001BA83D39040>)
DEBUG    aiosqlite:core.py:67 operation functools.partial(<built-in method fetchall of sqlite3.Cursor object at 0x000001BA83D39040>) completed
DEBUG    aiosqlite:core.py:62 executing functools.partial(<built-in method close of sqlite3.Cursor object at 0x000001BA83D39040>)
DEBUG    aiosqlite:core.py:67 operation functools.partial(<built-in method close of sqlite3.Cursor object at 0x000001BA83D39040>) completed
DEBUG    sqlalchemy.engine.Engine:cursor.py:1549 Col ('cid', 'name', 'type', 'notnull', 'dflt_value', 'pk')
INFO     sqlalchemy.engine.Engine:base.py:1846 PRAGMA temp.table_info("chat_messages")
INFO     sqlalchemy.engine.Engine:base.py:1846 [raw sql] ()
DEBUG    aiosqlite:core.py:62 executing functools.partial(<built-in method cursor of sqlite3.Connection object at 0x000001BA83D11F30>)
DEBUG    aiosqlite:core.py:67 operation functools.partial(<built-in method cursor of sqlite3.Connection object at 0x000001BA83D11F30>) completed
DEBUG    aiosqlite:core.py:62 executing functools.partial(<built-in method execute of sqlite3.Cursor object at 0x000001BA83D39340>, 'PRAGMA temp.table_info("chat_messages")', ())
DEBUG    aiosqlite:core.py:67 operation functools.partial(<built-in method execute of sqlite3.Cursor object at 0x000001BA83D39340>, 'PRAGMA temp.table_info("chat_messages")', ()) completed
DEBUG    aiosqlite:core.py:62 executing functools.partial(<built-in method fetchall of sqlite3.Cursor object at 0x000001BA83D39340>)
DEBUG    aiosqlite:core.py:67 operation functools.partial(<built-in method fetchall of sqlite3.Cursor object at 0x000001BA83D39340>) completed
DEBUG    aiosqlite:core.py:62 executing functools.partial(<built-in method close of sqlite3.Cursor object at 0x000001BA83D39340>)
DEBUG    aiosqlite:core.py:67 operation functools.partial(<built-in method close of sqlite3.Cursor object at 0x000001BA83D39340>) completed
DEBUG    sqlalchemy.engine.Engine:cursor.py:1549 Col ('cid', 'name', 'type', 'notnull', 'dflt_value', 'pk')
INFO     sqlalchemy.engine.Engine:base.py:1846 PRAGMA main.table_info("radio_history")
INFO     sqlalchemy.engine.Engine:base.py:1846 [raw sql] ()
DEBUG    aiosqlite:core.py:62 executing functools.partial(<built-in method cursor of sqlite3.Connection object at 0x000001BA83D11F30>)
DEBUG    aiosqlite:core.py:67 operation functools.partial(<built-in method cursor of sqlite3.Connection object at 0x000001BA83D11F30>) completed
DEBUG    aiosqlite:core.py:62 executing functools.partial(<built-in method execute of sqlite3.Cursor object at 0x000001BA83D39740>, 'PRAGMA main.table_info("radio_history")', ())
DEBUG    aiosqlite:core.py:67 operation functools.partial(<built-in method execute of sqlite3.Cursor object at 0x000001BA83D39740>, 'PRAGMA main.table_info("radio_history")', ()) completed
DEBUG    aiosqlite:core.py:62 executing functools.partial(<built-in method fetchall of sqlite3.Cursor object at 0x000001BA83D39740>)
DEBUG    aiosqlite:core.py:67 operation functools.partial(<built-in method fetchall of sqlite3.Cursor object at 0x000001BA83D39740>) completed
DEBUG    aiosqlite:core.py:62 executing functools.partial(<built-in method close of sqlite3.Cursor object at 0x000001BA83D39740>)
DEBUG    aiosqlite:core.py:67 operation functools.partial(<built-in method close of sqlite3.Cursor object at 0x000001BA83D39740>) completed
DEBUG    sqlalchemy.engine.Engine:cursor.py:1549 Col ('cid', 'name', 'type', 'notnull', 'dflt_value', 'pk')
INFO     sqlalchemy.engine.Engine:base.py:1846 PRAGMA temp.table_info("radio_history")
INFO     sqlalchemy.engine.Engine:base.py:1846 [raw sql] ()
DEBUG    aiosqlite:core.py:62 executing functools.partial(<built-in method cursor of sqlite3.Connection object at 0x000001BA83D11F30>)
DEBUG    aiosqlite:core.py:67 operation functools.partial(<built-in method cursor of sqlite3.Connection object at 0x000001BA83D11F30>) completed
DEBUG    aiosqlite:core.py:62 executing functools.partial(<built-in method execute of sqlite3.Cursor object at 0x000001BA83D39AC0>, 'PRAGMA temp.table_info("radio_history")', ())
DEBUG    aiosqlite:core.py:67 operation functools.partial(<built-in method execute of sqlite3.Cursor object at 0x000001BA83D39AC0>, 'PRAGMA temp.table_info("radio_history")', ()) completed
DEBUG    aiosqlite:core.py:62 executing functools.partial(<built-in method fetchall of sqlite3.Cursor object at 0x000001BA83D39AC0>)
DEBUG    aiosqlite:core.py:67 operation functools.partial(<built-in method fetchall of sqlite3.Cursor object at 0x000001BA83D39AC0>) completed
DEBUG    aiosqlite:core.py:62 executing functools.partial(<built-in method close of sqlite3.Cursor object at 0x000001BA83D39AC0>)
DEBUG    aiosqlite:core.py:67 operation functools.partial(<built-in method close of sqlite3.Cursor object at 0x000001BA83D39AC0>) completed
DEBUG    sqlalchemy.engine.Engine:cursor.py:1549 Col ('cid', 'name', 'type', 'notnull', 'dflt_value', 'pk')
INFO     sqlalchemy.engine.Engine:base.py:1846 PRAGMA main.table_info("radio_queue")
INFO     sqlalchemy.engine.Engine:base.py:1846 [raw sql] ()
DEBUG    aiosqlite:core.py:62 executing functools.partial(<built-in method cursor of sqlite3.Connection object at 0x000001BA83D11F30>)
DEBUG    aiosqlite:core.py:67 operation functools.partial(<built-in method cursor of sqlite3.Connection object at 0x000001BA83D11F30>) completed
DEBUG    aiosqlite:core.py:62 executing functools.partial(<built-in method execute of sqlite3.Cursor object at 0x000001BA83D39EC0>, 'PRAGMA main.table_info("radio_queue")', ())
DEBUG    aiosqlite:core.py:67 operation functools.partial(<built-in method execute of sqlite3.Cursor object at 0x000001BA83D39EC0>, 'PRAGMA main.table_info("radio_queue")', ()) completed
DEBUG    aiosqlite:core.py:62 executing functools.partial(<built-in method fetchall of sqlite3.Cursor object at 0x000001BA83D39EC0>)
DEBUG    aiosqlite:core.py:67 operation functools.partial(<built-in method fetchall of sqlite3.Cursor object at 0x000001BA83D39EC0>) completed
DEBUG    aiosqlite:core.py:62 executing functools.partial(<built-in method close of sqlite3.Cursor object at 0x000001BA83D39EC0>)
DEBUG    sqlalchemy.engine.Engine:cursor.py:1549 Col ('cid', 'name', 'type', 'notnull', 'dflt_value', 'pk')
DEBUG    aiosqlite:core.py:67 operation functools.partial(<built-in method close of sqlite3.Cursor object at 0x000001BA83D39EC0>) completed
INFO     sqlalchemy.engine.Engine:base.py:1846 PRAGMA temp.table_info("radio_queue")
INFO     sqlalchemy.engine.Engine:base.py:1846 [raw sql] ()
DEBUG    aiosqlite:core.py:62 executing functools.partial(<built-in method cursor of sqlite3.Connection object at 0x000001BA83D11F30>)
DEBUG    aiosqlite:core.py:67 operation functools.partial(<built-in method cursor of sqlite3.Connection object at 0x000001BA83D11F30>) completed
DEBUG    aiosqlite:core.py:62 executing functools.partial(<built-in method execute of sqlite3.Cursor object at 0x000001BA83C63040>, 'PRAGMA temp.table_info("radio_queue")', ())
DEBUG    aiosqlite:core.py:67 operation functools.partial(<built-in method execute of sqlite3.Cursor object at 0x000001BA83C63040>, 'PRAGMA temp.table_info("radio_queue")', ()) completed
DEBUG    aiosqlite:core.py:62 executing functools.partial(<built-in method fetchall of sqlite3.Cursor object at 0x000001BA83C63040>)
DEBUG    aiosqlite:core.py:67 operation functools.partial(<built-in method fetchall of sqlite3.Cursor object at 0x000001BA83C63040>) completed
DEBUG    aiosqlite:core.py:62 executing functools.partial(<built-in method close of sqlite3.Cursor object at 0x000001BA83C63040>)
DEBUG    sqlalchemy.engine.Engine:cursor.py:1549 Col ('cid', 'name', 'type', 'notnull', 'dflt_value', 'pk')
INFO     sqlalchemy.engine.Engine:base.py:1846 PRAGMA main.table_info("songs")
DEBUG    aiosqlite:core.py:67 operation functools.partial(<built-in method close of sqlite3.Cursor object at 0x000001BA83C63040>) completed
INFO     sqlalchemy.engine.Engine:base.py:1846 [raw sql] ()
DEBUG    aiosqlite:core.py:62 executing functools.partial(<built-in method cursor of sqlite3.Connection object at 0x000001BA83D11F30>)
DEBUG    aiosqlite:core.py:67 operation functools.partial(<built-in method cursor of sqlite3.Connection object at 0x000001BA83D11F30>) completed
DEBUG    aiosqlite:core.py:62 executing functools.partial(<built-in method execute of sqlite3.Cursor object at 0x000001BA83D3A0C0>, 'PRAGMA main.table_info("songs")', ())
DEBUG    aiosqlite:core.py:67 operation functools.partial(<built-in method execute of sqlite3.Cursor object at 0x000001BA83D3A0C0>, 'PRAGMA main.table_info("songs")', ()) completed
DEBUG    aiosqlite:core.py:62 executing functools.partial(<built-in method fetchall of sqlite3.Cursor object at 0x000001BA83D3A0C0>)
DEBUG    aiosqlite:core.py:67 operation functools.partial(<built-in method fetchall of sqlite3.Cursor object at 0x000001BA83D3A0C0>) completed
DEBUG    aiosqlite:core.py:62 executing functools.partial(<built-in method close of sqlite3.Cursor object at 0x000001BA83D3A0C0>)
DEBUG    aiosqlite:core.py:67 operation functools.partial(<built-in method close of sqlite3.Cursor object at 0x000001BA83D3A0C0>) completed
DEBUG    sqlalchemy.engine.Engine:cursor.py:1549 Col ('cid', 'name', 'type', 'notnull', 'dflt_value', 'pk')
INFO     sqlalchemy.engine.Engine:base.py:1846 PRAGMA temp.table_info("songs")
INFO     sqlalchemy.engine.Engine:base.py:1846 [raw sql] ()
DEBUG    aiosqlite:core.py:62 executing functools.partial(<built-in method cursor of sqlite3.Connection object at 0x000001BA83D11F30>)
DEBUG    aiosqlite:core.py:67 operation functools.partial(<built-in method cursor of sqlite3.Connection object at 0x000001BA83D11F30>) completed
DEBUG    aiosqlite:core.py:62 executing functools.partial(<built-in method execute of sqlite3.Cursor object at 0x000001BA83D3A340>, 'PRAGMA temp.table_info("songs")', ())
DEBUG    aiosqlite:core.py:67 operation functools.partial(<built-in method execute of sqlite3.Cursor object at 0x000001BA83D3A340>, 'PRAGMA temp.table_info("songs")', ()) completed
DEBUG    aiosqlite:core.py:62 executing functools.partial(<built-in method fetchall of sqlite3.Cursor object at 0x000001BA83D3A340>)
DEBUG    aiosqlite:core.py:67 operation functools.partial(<built-in method fetchall of sqlite3.Cursor object at 0x000001BA83D3A340>) completed
DEBUG    aiosqlite:core.py:62 executing functools.partial(<built-in method close of sqlite3.Cursor object at 0x000001BA83D3A340>)
DEBUG    sqlalchemy.engine.Engine:cursor.py:1549 Col ('cid', 'name', 'type', 'notnull', 'dflt_value', 'pk')
DEBUG    aiosqlite:core.py:67 operation functools.partial(<built-in method close of sqlite3.Cursor object at 0x000001BA83D3A340>) completed
INFO     sqlalchemy.engine.Engine:base.py:1846 PRAGMA main.table_info("users")
INFO     sqlalchemy.engine.Engine:base.py:1846 [raw sql] ()
DEBUG    aiosqlite:core.py:62 executing functools.partial(<built-in method cursor of sqlite3.Connection object at 0x000001BA83D11F30>)
DEBUG    aiosqlite:core.py:67 operation functools.partial(<built-in method cursor of sqlite3.Connection object at 0x000001BA83D11F30>) completed
DEBUG    aiosqlite:core.py:62 executing functools.partial(<built-in method execute of sqlite3.Cursor object at 0x000001BA83D399C0>, 'PRAGMA main.table_info("users")', ())
DEBUG    aiosqlite:core.py:67 operation functools.partial(<built-in method execute of sqlite3.Cursor object at 0x000001BA83D399C0>, 'PRAGMA main.table_info("users")', ()) completed
DEBUG    aiosqlite:core.py:62 executing functools.partial(<built-in method fetchall of sqlite3.Cursor object at 0x000001BA83D399C0>)
DEBUG    aiosqlite:core.py:67 operation functools.partial(<built-in method fetchall of sqlite3.Cursor object at 0x000001BA83D399C0>) completed
DEBUG    aiosqlite:core.py:62 executing functools.partial(<built-in method close of sqlite3.Cursor object at 0x000001BA83D399C0>)
DEBUG    aiosqlite:core.py:67 operation functools.partial(<built-in method close of sqlite3.Cursor object at 0x000001BA83D399C0>) completed
DEBUG    sqlalchemy.engine.Engine:cursor.py:1549 Col ('cid', 'name', 'type', 'notnull', 'dflt_value', 'pk')
INFO     sqlalchemy.engine.Engine:base.py:1846 PRAGMA temp.table_info("users")
INFO     sqlalchemy.engine.Engine:base.py:1846 [raw sql] ()
DEBUG    aiosqlite:core.py:62 executing functools.partial(<built-in method cursor of sqlite3.Connection object at 0x000001BA83D11F30>)
DEBUG    aiosqlite:core.py:67 operation functools.partial(<built-in method cursor of sqlite3.Connection object at 0x000001BA83D11F30>) completed
DEBUG    aiosqlite:core.py:62 executing functools.partial(<built-in method execute of sqlite3.Cursor object at 0x000001BA83D3A6C0>, 'PRAGMA temp.table_info("users")', ())
DEBUG    aiosqlite:core.py:67 operation functools.partial(<built-in method execute of sqlite3.Cursor object at 0x000001BA83D3A6C0>, 'PRAGMA temp.table_info("users")', ()) completed
DEBUG    aiosqlite:core.py:62 executing functools.partial(<built-in method fetchall of sqlite3.Cursor object at 0x000001BA83D3A6C0>)
DEBUG    aiosqlite:core.py:67 operation functools.partial(<built-in method fetchall of sqlite3.Cursor object at 0x000001BA83D3A6C0>) completed
DEBUG    aiosqlite:core.py:62 executing functools.partial(<built-in method close of sqlite3.Cursor object at 0x000001BA83D3A6C0>)
DEBUG    aiosqlite:core.py:67 operation functools.partial(<built-in method close of sqlite3.Cursor object at 0x000001BA83D3A6C0>) completed
DEBUG    sqlalchemy.engine.Engine:cursor.py:1549 Col ('cid', 'name', 'type', 'notnull', 'dflt_value', 'pk')
INFO     sqlalchemy.engine.Engine:base.py:1846 PRAGMA main.table_info("votes")
INFO     sqlalchemy.engine.Engine:base.py:1846 [raw sql] ()
DEBUG    aiosqlite:core.py:62 executing functools.partial(<built-in method cursor of sqlite3.Connection object at 0x000001BA83D11F30>)
DEBUG    aiosqlite:core.py:67 operation functools.partial(<built-in method cursor of sqlite3.Connection object at 0x000001BA83D11F30>) completed
DEBUG    aiosqlite:core.py:62 executing functools.partial(<built-in method execute of sqlite3.Cursor object at 0x000001BA83D39C40>, 'PRAGMA main.table_info("votes")', ())
DEBUG    aiosqlite:core.py:67 operation functools.partial(<built-in method execute of sqlite3.Cursor object at 0x000001BA83D39C40>, 'PRAGMA main.table_info("votes")', ()) completed
DEBUG    aiosqlite:core.py:62 executing functools.partial(<built-in method fetchall of sqlite3.Cursor object at 0x000001BA83D39C40>)
DEBUG    aiosqlite:core.py:67 operation functools.partial(<built-in method fetchall of sqlite3.Cursor object at 0x000001BA83D39C40>) completed
DEBUG    aiosqlite:core.py:62 executing functools.partial(<built-in method close of sqlite3.Cursor object at 0x000001BA83D39C40>)
DEBUG    aiosqlite:core.py:67 operation functools.partial(<built-in method close of sqlite3.Cursor object at 0x000001BA83D39C40>) completed
DEBUG    sqlalchemy.engine.Engine:cursor.py:1549 Col ('cid', 'name', 'type', 'notnull', 'dflt_value', 'pk')
INFO     sqlalchemy.engine.Engine:base.py:1846 PRAGMA temp.table_info("votes")
INFO     sqlalchemy.engine.Engine:base.py:1846 [raw sql] ()
DEBUG    aiosqlite:core.py:62 executing functools.partial(<built-in method cursor of sqlite3.Connection object at 0x000001BA83D11F30>)
DEBUG    aiosqlite:core.py:67 operation functools.partial(<built-in method cursor of sqlite3.Connection object at 0x000001BA83D11F30>) completed
DEBUG    aiosqlite:core.py:62 executing functools.partial(<built-in method execute of sqlite3.Cursor object at 0x000001BA83D3A9C0>, 'PRAGMA temp.table_info("votes")', ())
DEBUG    aiosqlite:core.py:67 operation functools.partial(<built-in method execute of sqlite3.Cursor object at 0x000001BA83D3A9C0>, 'PRAGMA temp.table_info("votes")', ()) completed
DEBUG    aiosqlite:core.py:62 executing functools.partial(<built-in method fetchall of sqlite3.Cursor object at 0x000001BA83D3A9C0>)
DEBUG    aiosqlite:core.py:67 operation functools.partial(<built-in method fetchall of sqlite3.Cursor object at 0x000001BA83D3A9C0>) completed
DEBUG    aiosqlite:core.py:62 executing functools.partial(<built-in method close of sqlite3.Cursor object at 0x000001BA83D3A9C0>)
DEBUG    sqlalchemy.engine.Engine:cursor.py:1549 Col ('cid', 'name', 'type', 'notnull', 'dflt_value', 'pk')
DEBUG    aiosqlite:core.py:67 operation functools.partial(<built-in method close of sqlite3.Cursor object at 0x000001BA83D3A9C0>) completed
INFO     sqlalchemy.engine.Engine:base.py:1846 
CREATE TABLE songs (
	id INTEGER NOT NULL, 
	suno_job_id VARCHAR(255), 
	suno_status VARCHAR(50) NOT NULL, 
	title VARCHAR(500), 
	artist VARCHAR(255) NOT NULL, 
	original_prompt TEXT, 
	enhanced_prompt TEXT, 
	style_prompt TEXT, 
	lyrics TEXT, 
	genre VARCHAR(100), 
	subgenre VARCHAR(100), 
	mood VARCHAR(100), 
	energy VARCHAR(50), 
	duration_seconds FLOAT, 
	bpm INTEGER, 
	"key" VARCHAR(10), 
	is_instrumental BOOLEAN NOT NULL, 
	audio_url VARCHAR(1000), 
	local_file_path VARCHAR(500), 
	file_size_bytes INTEGER, 
	audio_format VARCHAR(10) NOT NULL, 
	lufs_level FLOAT, 
	peak_db FLOAT, 
	is_normalized BOOLEAN NOT NULL, 
	generation_started_at DATETIME, 
	generation_completed_at DATETIME, 
	downloaded_at DATETIME, 
	play_count INTEGER NOT NULL, 
	total_upvotes INTEGER NOT NULL, 
	total_downvotes INTEGER NOT NULL, 
	is_approved BOOLEAN NOT NULL, 
	moderation_notes TEXT, 
	flagged_at DATETIME, 
	created_at DATETIME NOT NULL, 
	updated_at DATETIME NOT NULL, 
	CONSTRAINT pk_songs PRIMARY KEY (id)
)


INFO     sqlalchemy.engine.Engine:base.py:1846 [no key 0.00048s] ()
DEBUG    aiosqlite:core.py:62 executing functools.partial(<built-in method cursor of sqlite3.Connection object at 0x000001BA83D11F30>)
DEBUG    aiosqlite:core.py:67 operation functools.partial(<built-in method cursor of sqlite3.Connection object at 0x000001BA83D11F30>) completed
DEBUG    aiosqlite:core.py:62 executing functools.partial(<built-in method execute of sqlite3.Cursor object at 0x000001BA83C61E40>, '\nCREATE TABLE songs (\n\tid INTEGER NOT NULL, \n\tsuno_job_id VARCHAR(255), \n\tsuno_status VARCHAR(50) NOT NULL, \n\ttitle VARCHAR(500), \n\tartist VARCHAR(255) NOT NULL, \n\toriginal_prompt TEXT, \n\tenhanced_prompt TEXT, \n\tstyle_prompt TEXT, \n\tlyrics TEXT, \n\tgenre VARCHAR(100), \n\tsubgenre VARCHAR(100), \n\tmood VARCHAR(100), \n\tenergy VARCHAR(50), \n\tduration_seconds FLOAT, \n\tbpm INTEGER, \n\t"key" VARCHAR(10), \n\tis_instrumental BOOLEAN NOT NULL, \n\taudio_url VARCHAR(1000), \n\tlocal_file_path VARCHAR(500), \n\tfile_size_bytes INTEGER, \n\taudio_format VARCHAR(10) NOT NULL, \n\tlufs_level FLOAT, \n\tpeak_db FLOAT, \n\tis_normalized BOOLEAN NOT NULL, \n\tgeneration_started_at DATETIME, \n\tgeneration_completed_at DATETIME, \n\tdownloaded_at DATETIME, \n\tplay_count INTEGER NOT NULL, \n\ttotal_upvotes INTEGER NOT NULL, \n\ttotal_downvotes INTEGER NOT NULL, \n\tis_approved BOOLEAN NOT NULL, \n\tmoderation_notes TEXT, \n\tflagged_at DATETIME, \n\tcreated_at DATETIME NOT NULL, \n\tupdated_at DATETIME NOT NULL, \n\tCONSTRAINT pk_songs PRIMARY KEY (id)\n)\n\n', ())
DEBUG    aiosqlite:core.py:67 operation functools.partial(<built-in method execute of sqlite3.Cursor object at 0x000001BA83C61E40>, '\nCREATE TABLE songs (\n\tid INTEGER NOT NULL, \n\tsuno_job_id VARCHAR(255), \n\tsuno_status VARCHAR(50) NOT NULL, \n\ttitle VARCHAR(500), \n\tartist VARCHAR(255) NOT NULL, \n\toriginal_prompt TEXT, \n\tenhanced_prompt TEXT, \n\tstyle_prompt TEXT, \n\tlyrics TEXT, \n\tgenre VARCHAR(100), \n\tsubgenre VARCHAR(100), \n\tmood VARCHAR(100), \n\tenergy VARCHAR(50), \n\tduration_seconds FLOAT, \n\tbpm INTEGER, \n\t"key" VARCHAR(10), \n\tis_instrumental BOOLEAN NOT NULL, \n\taudio_url VARCHAR(1000), \n\tlocal_file_path VARCHAR(500), \n\tfile_size_bytes INTEGER, \n\taudio_format VARCHAR(10) NOT NULL, \n\tlufs_level FLOAT, \n\tpeak_db FLOAT, \n\tis_normalized BOOLEAN NOT NULL, \n\tgeneration_started_at DATETIME, \n\tgeneration_completed_at DATETIME, \n\tdownloaded_at DATETIME, \n\tplay_count INTEGER NOT NULL, \n\ttotal_upvotes INTEGER NOT NULL, \n\ttotal_downvotes INTEGER NOT NULL, \n\tis_approved BOOLEAN NOT NULL, \n\tmoderation_notes TEXT, \n\tflagged_at DATETIME, \n\tcreated_at DATETIME NOT NULL, \n\tupdated_at DATETIME NOT NULL, \n\tCONSTRAINT pk_songs PRIMARY KEY (id)\n)\n\n', ()) completed
DEBUG    aiosqlite:core.py:62 executing functools.partial(<built-in method close of sqlite3.Cursor object at 0x000001BA83C61E40>)
DEBUG    aiosqlite:core.py:67 operation functools.partial(<built-in method close of sqlite3.Cursor object at 0x000001BA83C61E40>) completed
INFO     sqlalchemy.engine.Engine:base.py:1846 CREATE UNIQUE INDEX ix_songs_suno_job_id ON songs (suno_job_id)
INFO     sqlalchemy.engine.Engine:base.py:1846 [no key 0.00030s] ()
DEBUG    aiosqlite:core.py:62 executing functools.partial(<built-in method cursor of sqlite3.Connection object at 0x000001BA83D11F30>)
DEBUG    aiosqlite:core.py:67 operation functools.partial(<built-in method cursor of sqlite3.Connection object at 0x000001BA83D11F30>) completed
DEBUG    aiosqlite:core.py:62 executing functools.partial(<built-in method execute of sqlite3.Cursor object at 0x000001BA83D3B4C0>, 'CREATE UNIQUE INDEX ix_songs_suno_job_id ON songs (suno_job_id)', ())
DEBUG    aiosqlite:core.py:67 operation functools.partial(<built-in method execute of sqlite3.Cursor object at 0x000001BA83D3B4C0>, 'CREATE UNIQUE INDEX ix_songs_suno_job_id ON songs (suno_job_id)', ()) completed
DEBUG    aiosqlite:core.py:62 executing functools.partial(<built-in method close of sqlite3.Cursor object at 0x000001BA83D3B4C0>)
DEBUG    aiosqlite:core.py:67 operation functools.partial(<built-in method close of sqlite3.Cursor object at 0x000001BA83D3B4C0>) completed
INFO     sqlalchemy.engine.Engine:base.py:1846 
CREATE TABLE users (
	id INTEGER NOT NULL, 
	telegram_id BIGINT NOT NULL, 
	telegram_username VARCHAR(255), 
	telegram_first_name VARCHAR(255), 
	telegram_last_name VARCHAR(255), 
	reputation_score FLOAT NOT NULL, 
	total_requests INTEGER NOT NULL, 
	successful_requests INTEGER NOT NULL, 
	failed_requests INTEGER NOT NULL, 
	total_upvotes_received INTEGER NOT NULL, 
	total_downvotes_received INTEGER NOT NULL, 
	total_upvotes_given INTEGER NOT NULL, 
	total_downvotes_given INTEGER NOT NULL, 
	is_banned BOOLEAN NOT NULL, 
	is_premium BOOLEAN NOT NULL, 
	ban_reason TEXT, 
	banned_at DATETIME, 
	banned_until DATETIME, 
	last_request_at DATETIME, 
	last_vote_at DATETIME, 
	last_active_at DATETIME, 
	created_at DATETIME NOT NULL, 
	updated_at DATETIME NOT NULL, 
	CONSTRAINT pk_users PRIMARY KEY (id)
)


INFO     sqlalchemy.engine.Engine:base.py:1846 [no key 0.00031s] ()
DEBUG    aiosqlite:core.py:62 executing functools.partial(<built-in method cursor of sqlite3.Connection object at 0x000001BA83D11F30>)
DEBUG    aiosqlite:core.py:67 operation functools.partial(<built-in method cursor of sqlite3.Connection object at 0x000001BA83D11F30>) completed
DEBUG    aiosqlite:core.py:62 executing functools.partial(<built-in method execute of sqlite3.Cursor object at 0x000001BA83D3A940>, '\nCREATE TABLE users (\n\tid INTEGER NOT NULL, \n\ttelegram_id BIGINT NOT NULL, \n\ttelegram_username VARCHAR(255), \n\ttelegram_first_name VARCHAR(255), \n\ttelegram_last_name VARCHAR(255), \n\treputation_score FLOAT NOT NULL, \n\ttotal_requests INTEGER NOT NULL, \n\tsuccessful_requests INTEGER NOT NULL, \n\tfailed_requests INTEGER NOT NULL, \n\ttotal_upvotes_received INTEGER NOT NULL, \n\ttotal_downvotes_received INTEGER NOT NULL, \n\ttotal_upvotes_given INTEGER NOT NULL, \n\ttotal_downvotes_given INTEGER NOT NULL, \n\tis_banned BOOLEAN NOT NULL, \n\tis_premium BOOLEAN NOT NULL, \n\tban_reason TEXT, \n\tbanned_at DATETIME, \n\tbanned_until DATETIME, \n\tlast_request_at DATETIME, \n\tlast_vote_at DATETIME, \n\tlast_active_at DATETIME, \n\tcreated_at DATETIME NOT NULL, \n\tupdated_at DATETIME NOT NULL, \n\tCONSTRAINT pk_users PRIMARY KEY (id)\n)\n\n', ())
DEBUG    aiosqlite:core.py:67 operation functools.partial(<built-in method execute of sqlite3.Cursor object at 0x000001BA83D3A940>, '\nCREATE TABLE users (\n\tid INTEGER NOT NULL, \n\ttelegram_id BIGINT NOT NULL, \n\ttelegram_username VARCHAR(255), \n\ttelegram_first_name VARCHAR(255), \n\ttelegram_last_name VARCHAR(255), \n\treputation_score FLOAT NOT NULL, \n\ttotal_requests INTEGER NOT NULL, \n\tsuccessful_requests INTEGER NOT NULL, \n\tfailed_requests INTEGER NOT NULL, \n\ttotal_upvotes_received INTEGER NOT NULL, \n\ttotal_downvotes_received INTEGER NOT NULL, \n\ttotal_upvotes_given INTEGER NOT NULL, \n\ttotal_downvotes_given INTEGER NOT NULL, \n\tis_banned BOOLEAN NOT NULL, \n\tis_premium BOOLEAN NOT NULL, \n\tban_reason TEXT, \n\tbanned_at DATETIME, \n\tbanned_until DATETIME, \n\tlast_request_at DATETIME, \n\tlast_vote_at DATETIME, \n\tlast_active_at DATETIME, \n\tcreated_at DATETIME NOT NULL, \n\tupdated_at DATETIME NOT NULL, \n\tCONSTRAINT pk_users PRIMARY KEY (id)\n)\n\n', ()) completed
DEBUG    aiosqlite:core.py:62 executing functools.partial(<built-in method close of sqlite3.Cursor object at 0x000001BA83D3A940>)
DEBUG    aiosqlite:core.py:67 operation functools.partial(<built-in method close of sqlite3.Cursor object at 0x000001BA83D3A940>) completed
INFO     sqlalchemy.engine.Engine:base.py:1846 CREATE UNIQUE INDEX ix_users_telegram_id ON users (telegram_id)
INFO     sqlalchemy.engine.Engine:base.py:1846 [no key 0.00046s] ()
DEBUG    aiosqlite:core.py:62 executing functools.partial(<built-in method cursor of sqlite3.Connection object at 0x000001BA83D11F30>)
DEBUG    aiosqlite:core.py:67 operation functools.partial(<built-in method cursor of sqlite3.Connection object at 0x000001BA83D11F30>) completed
DEBUG    aiosqlite:core.py:62 executing functools.partial(<built-in method execute of sqlite3.Cursor object at 0x000001BA83D9D2C0>, 'CREATE UNIQUE INDEX ix_users_telegram_id ON users (telegram_id)', ())
DEBUG    aiosqlite:core.py:67 operation functools.partial(<built-in method execute of sqlite3.Cursor object at 0x000001BA83D9D2C0>, 'CREATE UNIQUE INDEX ix_users_telegram_id ON users (telegram_id)', ()) completed
DEBUG    aiosqlite:core.py:62 executing functools.partial(<built-in method close of sqlite3.Cursor object at 0x000001BA83D9D2C0>)
DEBUG    aiosqlite:core.py:67 operation functools.partial(<built-in method close of sqlite3.Cursor object at 0x000001BA83D9D2C0>) completed
INFO     sqlalchemy.engine.Engine:base.py:1846 
CREATE TABLE chat_messages (
	id INTEGER NOT NULL, 
	user_id INTEGER, 
	content TEXT NOT NULL, 
	message_type VARCHAR(20) NOT NULL, 
	is_deleted BOOLEAN NOT NULL, 
	deleted_by_id INTEGER, 
	deleted_at DATETIME, 
	delete_reason VARCHAR(255), 
	reply_to_id INTEGER, 
	created_at DATETIME NOT NULL, 
	updated_at DATETIME NOT NULL, 
	CONSTRAINT pk_chat_messages PRIMARY KEY (id), 
	CONSTRAINT fk_chat_messages_user_id_users FOREIGN KEY(user_id) REFERENCES users (id) ON DELETE SET NULL, 
	CONSTRAINT fk_chat_messages_reply_to_id_chat_messages FOREIGN KEY(reply_to_id) REFERENCES chat_messages (id) ON DELETE SET NULL
)


INFO     sqlalchemy.engine.Engine:base.py:1846 [no key 0.00028s] ()
DEBUG    aiosqlite:core.py:62 executing functools.partial(<built-in method cursor of sqlite3.Connection object at 0x000001BA83D11F30>)
DEBUG    aiosqlite:core.py:67 operation functools.partial(<built-in method cursor of sqlite3.Connection object at 0x000001BA83D11F30>) completed
DEBUG    aiosqlite:core.py:62 executing functools.partial(<built-in method execute of sqlite3.Cursor object at 0x000001BA83D3A2C0>, '\nCREATE TABLE chat_messages (\n\tid INTEGER NOT NULL, \n\tuser_id INTEGER, \n\tcontent TEXT NOT NULL, \n\tmessage_type VARCHAR(20) NOT NULL, \n\tis_deleted BOOLEAN NOT NULL, \n\tdeleted_by_id INTEGER, \n\tdeleted_at DATETIME, \n\tdelete_reason VARCHAR(255), \n\treply_to_id INTEGER, \n\tcreated_at DATETIME NOT NULL, \n\tupdated_at DATETIME NOT NULL, \n\tCONSTRAINT pk_chat_messages PRIMARY KEY (id), \n\tCONSTRAINT fk_chat_messages_user_id_users FOREIGN KEY(user_id) REFERENCES users (id) ON DELETE SET NULL, \n\tCONSTRAINT fk_chat_messages_reply_to_id_chat_messages FOREIGN KEY(reply_to_id) REFERENCES chat_messages (id) ON DELETE SET NULL\n)\n\n', ())
DEBUG    aiosqlite:core.py:67 operation functools.partial(<built-in method execute of sqlite3.Cursor object at 0x000001BA83D3A2C0>, '\nCREATE TABLE chat_messages (\n\tid INTEGER NOT NULL, \n\tuser_id INTEGER, \n\tcontent TEXT NOT NULL, \n\tmessage_type VARCHAR(20) NOT NULL, \n\tis_deleted BOOLEAN NOT NULL, \n\tdeleted_by_id INTEGER, \n\tdeleted_at DATETIME, \n\tdelete_reason VARCHAR(255), \n\treply_to_id INTEGER, \n\tcreated_at DATETIME NOT NULL, \n\tupdated_at DATETIME NOT NULL, \n\tCONSTRAINT pk_chat_messages PRIMARY KEY (id), \n\tCONSTRAINT fk_chat_messages_user_id_users FOREIGN KEY(user_id) REFERENCES users (id) ON DELETE SET NULL, \n\tCONSTRAINT fk_chat_messages_reply_to_id_chat_messages FOREIGN KEY(reply_to_id) REFERENCES chat_messages (id) ON DELETE SET NULL\n)\n\n', ()) completed
DEBUG    aiosqlite:core.py:62 executing functools.partial(<built-in method close of sqlite3.Cursor object at 0x000001BA83D3A2C0>)
DEBUG    aiosqlite:core.py:67 operation functools.partial(<built-in method close of sqlite3.Cursor object at 0x000001BA83D3A2C0>) completed
INFO     sqlalchemy.engine.Engine:base.py:1846 
CREATE TABLE radio_history (
	id INTEGER NOT NULL, 
	song_id INTEGER NOT NULL, 
	queue_id INTEGER, 
	played_at DATETIME NOT NULL, 
	ended_at DATETIME, 
	duration_played_seconds FLOAT, 
	broadcast_file_path VARCHAR(500), 
	stream_mount VARCHAR(100), 
	requester_telegram_id BIGINT, 
	requester_username VARCHAR(255), 
	song_title VARCHAR(500), 
	song_artist VARCHAR(255), 
	song_genre VARCHAR(100), 
	had_dj_intro BOOLEAN NOT NULL, 
	dj_intro_text TEXT, 
	listener_count INTEGER, 
	upvotes_during_play INTEGER NOT NULL, 
	downvotes_during_play INTEGER NOT NULL, 
	skips_requested INTEGER NOT NULL, 
	created_at DATETIME NOT NULL, 
	updated_at DATETIME NOT NULL, 
	CONSTRAINT pk_radio_history PRIMARY KEY (id), 
	CONSTRAINT fk_radio_history_song_id_songs FOREIGN KEY(song_id) REFERENCES songs (id)
)


INFO     sqlalchemy.engine.Engine:base.py:1846 [no key 0.00032s] ()
DEBUG    aiosqlite:core.py:62 executing functools.partial(<built-in method cursor of sqlite3.Connection object at 0x000001BA83D11F30>)
DEBUG    aiosqlite:core.py:67 operation functools.partial(<built-in method cursor of sqlite3.Connection object at 0x000001BA83D11F30>) completed
DEBUG    aiosqlite:core.py:62 executing functools.partial(<built-in method execute of sqlite3.Cursor object at 0x000001BA83D3A1C0>, '\nCREATE TABLE radio_history (\n\tid INTEGER NOT NULL, \n\tsong_id INTEGER NOT NULL, \n\tqueue_id INTEGER, \n\tplayed_at DATETIME NOT NULL, \n\tended_at DATETIME, \n\tduration_played_seconds FLOAT, \n\tbroadcast_file_path VARCHAR(500), \n\tstream_mount VARCHAR(100), \n\trequester_telegram_id BIGINT, \n\trequester_username VARCHAR(255), \n\tsong_title VARCHAR(500), \n\tsong_artist VARCHAR(255), \n\tsong_genre VARCHAR(100), \n\thad_dj_intro BOOLEAN NOT NULL, \n\tdj_intro_text TEXT, \n\tlistener_count INTEGER, \n\tupvotes_during_play INTEGER NOT NULL, \n\tdownvotes_during_play INTEGER NOT NULL, \n\tskips_requested INTEGER NOT NULL, \n\tcreated_at DATETIME NOT NULL, \n\tupdated_at DATETIME NOT NULL, \n\tCONSTRAINT pk_radio_history PRIMARY KEY (id), \n\tCONSTRAINT fk_radio_history_song_id_songs FOREIGN KEY(song_id) REFERENCES songs (id)\n)\n\n', ())
DEBUG    aiosqlite:core.py:67 operation functools.partial(<built-in method execute of sqlite3.Cursor object at 0x000001BA83D3A1C0>, '\nCREATE TABLE radio_history (\n\tid INTEGER NOT NULL, \n\tsong_id INTEGER NOT NULL, \n\tqueue_id INTEGER, \n\tplayed_at DATETIME NOT NULL, \n\tended_at DATETIME, \n\tduration_played_seconds FLOAT, \n\tbroadcast_file_path VARCHAR(500), \n\tstream_mount VARCHAR(100), \n\trequester_telegram_id BIGINT, \n\trequester_username VARCHAR(255), \n\tsong_title VARCHAR(500), \n\tsong_artist VARCHAR(255), \n\tsong_genre VARCHAR(100), \n\thad_dj_intro BOOLEAN NOT NULL, \n\tdj_intro_text TEXT, \n\tlistener_count INTEGER, \n\tupvotes_during_play INTEGER NOT NULL, \n\tdownvotes_during_play INTEGER NOT NULL, \n\tskips_requested INTEGER NOT NULL, \n\tcreated_at DATETIME NOT NULL, \n\tupdated_at DATETIME NOT NULL, \n\tCONSTRAINT pk_radio_history PRIMARY KEY (id), \n\tCONSTRAINT fk_radio_history_song_id_songs FOREIGN KEY(song_id) REFERENCES songs (id)\n)\n\n', ()) completed
DEBUG    aiosqlite:core.py:62 executing functools.partial(<built-in method close of sqlite3.Cursor object at 0x000001BA83D3A1C0>)
DEBUG    aiosqlite:core.py:67 operation functools.partial(<built-in method close of sqlite3.Cursor object at 0x000001BA83D3A1C0>) completed
INFO     sqlalchemy.engine.Engine:base.py:1846 CREATE INDEX ix_radio_history_song_id ON radio_history (song_id)
INFO     sqlalchemy.engine.Engine:base.py:1846 [no key 0.00020s] ()
DEBUG    aiosqlite:core.py:62 executing functools.partial(<built-in method cursor of sqlite3.Connection object at 0x000001BA83D11F30>)
DEBUG    aiosqlite:core.py:67 operation functools.partial(<built-in method cursor of sqlite3.Connection object at 0x000001BA83D11F30>) completed
DEBUG    aiosqlite:core.py:62 executing functools.partial(<built-in method execute of sqlite3.Cursor object at 0x000001BA83D3B9C0>, 'CREATE INDEX ix_radio_history_song_id ON radio_history (song_id)', ())
DEBUG    aiosqlite:core.py:67 operation functools.partial(<built-in method execute of sqlite3.Cursor object at 0x000001BA83D3B9C0>, 'CREATE INDEX ix_radio_history_song_id ON radio_history (song_id)', ()) completed
DEBUG    aiosqlite:core.py:62 executing functools.partial(<built-in method close of sqlite3.Cursor object at 0x000001BA83D3B9C0>)
INFO     sqlalchemy.engine.Engine:base.py:1846 CREATE INDEX ix_radio_history_queue_id ON radio_history (queue_id)
DEBUG    aiosqlite:core.py:67 operation functools.partial(<built-in method close of sqlite3.Cursor object at 0x000001BA83D3B9C0>) completed
INFO     sqlalchemy.engine.Engine:base.py:1846 [no key 0.00027s] ()
DEBUG    aiosqlite:core.py:62 executing functools.partial(<built-in method cursor of sqlite3.Connection object at 0x000001BA83D11F30>)
DEBUG    aiosqlite:core.py:67 operation functools.partial(<built-in method cursor of sqlite3.Connection object at 0x000001BA83D11F30>) completed
DEBUG    aiosqlite:core.py:62 executing functools.partial(<built-in method execute of sqlite3.Cursor object at 0x000001BA83D3ABC0>, 'CREATE INDEX ix_radio_history_queue_id ON radio_history (queue_id)', ())
DEBUG    aiosqlite:core.py:67 operation functools.partial(<built-in method execute of sqlite3.Cursor object at 0x000001BA83D3ABC0>, 'CREATE INDEX ix_radio_history_queue_id ON radio_history (queue_id)', ()) completed
DEBUG    aiosqlite:core.py:62 executing functools.partial(<built-in method close of sqlite3.Cursor object at 0x000001BA83D3ABC0>)
DEBUG    aiosqlite:core.py:67 operation functools.partial(<built-in method close of sqlite3.Cursor object at 0x000001BA83D3ABC0>) completed
INFO     sqlalchemy.engine.Engine:base.py:1846 CREATE INDEX ix_radio_history_played_at ON radio_history (played_at)
INFO     sqlalchemy.engine.Engine:base.py:1846 [no key 0.00036s] ()
DEBUG    aiosqlite:core.py:62 executing functools.partial(<built-in method cursor of sqlite3.Connection object at 0x000001BA83D11F30>)
DEBUG    aiosqlite:core.py:67 operation functools.partial(<built-in method cursor of sqlite3.Connection object at 0x000001BA83D11F30>) completed
DEBUG    aiosqlite:core.py:62 executing functools.partial(<built-in method execute of sqlite3.Cursor object at 0x000001BA83D9F0C0>, 'CREATE INDEX ix_radio_history_played_at ON radio_history (played_at)', ())
DEBUG    aiosqlite:core.py:67 operation functools.partial(<built-in method execute of sqlite3.Cursor object at 0x000001BA83D9F0C0>, 'CREATE INDEX ix_radio_history_played_at ON radio_history (played_at)', ()) completed
DEBUG    aiosqlite:core.py:62 executing functools.partial(<built-in method close of sqlite3.Cursor object at 0x000001BA83D9F0C0>)
DEBUG    aiosqlite:core.py:67 operation functools.partial(<built-in method close of sqlite3.Cursor object at 0x000001BA83D9F0C0>) completed
INFO     sqlalchemy.engine.Engine:base.py:1846 
CREATE TABLE radio_queue (
	id INTEGER NOT NULL, 
	user_id INTEGER, 
	telegram_user_id BIGINT, 
	telegram_message_id BIGINT, 
	song_id INTEGER, 
	original_prompt TEXT NOT NULL, 
	enhanced_prompt TEXT, 
	genre_hint VARCHAR(100), 
	is_instrumental BOOLEAN NOT NULL, 
	status VARCHAR(50) NOT NULL, 
	suno_job_id VARCHAR(255), 
	error_message TEXT, 
	retry_count INTEGER NOT NULL, 
	max_retries INTEGER NOT NULL, 
	base_priority FLOAT NOT NULL, 
	priority_score FLOAT NOT NULL, 
	is_priority_boost BOOLEAN NOT NULL, 
	priority_boost_reason VARCHAR(255), 
	upvotes INTEGER NOT NULL, 
	downvotes INTEGER NOT NULL, 
	requested_at DATETIME NOT NULL, 
	queued_at DATETIME, 
	generation_started_at DATETIME, 
	generation_completed_at DATETIME, 
	broadcast_started_at DATETIME, 
	completed_at DATETIME, 
	is_moderated BOOLEAN NOT NULL, 
	moderation_passed BOOLEAN, 
	moderation_reason TEXT, 
	has_dj_intro BOOLEAN NOT NULL, 
	dj_intro_path VARCHAR(500), 
	created_at DATETIME NOT NULL, 
	updated_at DATETIME NOT NULL, 
	CONSTRAINT pk_radio_queue PRIMARY KEY (id), 
	CONSTRAINT fk_radio_queue_user_id_users FOREIGN KEY(user_id) REFERENCES users (id), 
	CONSTRAINT fk_radio_queue_song_id_songs FOREIGN KEY(song_id) REFERENCES songs (id)
)


INFO     sqlalchemy.engine.Engine:base.py:1846 [no key 0.00028s] ()
DEBUG    aiosqlite:core.py:62 executing functools.partial(<built-in method cursor of sqlite3.Connection object at 0x000001BA83D11F30>)
DEBUG    aiosqlite:core.py:67 operation functools.partial(<built-in method cursor of sqlite3.Connection object at 0x000001BA83D11F30>) completed
DEBUG    aiosqlite:core.py:62 executing functools.partial(<built-in method execute of sqlite3.Cursor object at 0x000001BA83D3AC40>, '\nCREATE TABLE radio_queue (\n\tid INTEGER NOT NULL, \n\tuser_id INTEGER, \n\ttelegram_user_id BIGINT, \n\ttelegram_message_id BIGINT, \n\tsong_id INTEGER, \n\toriginal_prompt TEXT NOT NULL, \n\tenhanced_prompt TEXT, \n\tgenre_hint VARCHAR(100), \n\tis_instrumental BOOLEAN NOT NULL, \n\tstatus VARCHAR(50) NOT NULL, \n\tsuno_job_id VARCHAR(255), \n\terror_message TEXT, \n\tretry_count INTEGER NOT NULL, \n\tmax_retries INTEGER NOT NULL, \n\tbase_priority FLOAT NOT NULL, \n\tpriority_score FLOAT NOT NULL, \n\tis_priority_boost BOOLEAN NOT NULL, \n\tpriority_boost_reason VARCHAR(255), \n\tupvotes INTEGER NOT NULL, \n\tdownvotes INTEGER NOT NULL, \n\trequested_at DATETIME NOT NULL, \n\tqueued_at DATETIME, \n\tgeneration_started_at DATETIME, \n\tgeneration_completed_at DATETIME, \n\tbroadcast_started_at DATETIME, \n\tcompleted_at DATETIME, \n\tis_moderated BOOLEAN NOT NULL, \n\tmoderation_passed BOOLEAN, \n\tmoderation_reason TEXT, \n\thas_dj_intro BOOLEAN NOT NULL, \n\tdj_intro_path VARCHAR(500), \n\tcreated_at DATETIME NOT NULL, \n\tupdated_at DATETIME NOT NULL, \n\tCONSTRAINT pk_radio_queue PRIMARY KEY (id), \n\tCONSTRAINT fk_radio_queue_user_id_users FOREIGN KEY(user_id) REFERENCES users (id), \n\tCONSTRAINT fk_radio_queue_song_id_songs FOREIGN KEY(song_id) REFERENCES songs (id)\n)\n\n', ())
DEBUG    aiosqlite:core.py:67 operation functools.partial(<built-in method execute of sqlite3.Cursor object at 0x000001BA83D3AC40>, '\nCREATE TABLE radio_queue (\n\tid INTEGER NOT NULL, \n\tuser_id INTEGER, \n\ttelegram_user_id BIGINT, \n\ttelegram_message_id BIGINT, \n\tsong_id INTEGER, \n\toriginal_prompt TEXT NOT NULL, \n\tenhanced_prompt TEXT, \n\tgenre_hint VARCHAR(100), \n\tis_instrumental BOOLEAN NOT NULL, \n\tstatus VARCHAR(50) NOT NULL, \n\tsuno_job_id VARCHAR(255), \n\terror_message TEXT, \n\tretry_count INTEGER NOT NULL, \n\tmax_retries INTEGER NOT NULL, \n\tbase_priority FLOAT NOT NULL, \n\tpriority_score FLOAT NOT NULL, \n\tis_priority_boost BOOLEAN NOT NULL, \n\tpriority_boost_reason VARCHAR(255), \n\tupvotes INTEGER NOT NULL, \n\tdownvotes INTEGER NOT NULL, \n\trequested_at DATETIME NOT NULL, \n\tqueued_at DATETIME, \n\tgeneration_started_at DATETIME, \n\tgeneration_completed_at DATETIME, \n\tbroadcast_started_at DATETIME, \n\tcompleted_at DATETIME, \n\tis_moderated BOOLEAN NOT NULL, \n\tmoderation_passed BOOLEAN, \n\tmoderation_reason TEXT, \n\thas_dj_intro BOOLEAN NOT NULL, \n\tdj_intro_path VARCHAR(500), \n\tcreated_at DATETIME NOT NULL, \n\tupdated_at DATETIME NOT NULL, \n\tCONSTRAINT pk_radio_queue PRIMARY KEY (id), \n\tCONSTRAINT fk_radio_queue_user_id_users FOREIGN KEY(user_id) REFERENCES users (id), \n\tCONSTRAINT fk_radio_queue_song_id_songs FOREIGN KEY(song_id) REFERENCES songs (id)\n)\n\n', ()) completed
DEBUG    aiosqlite:core.py:62 executing functools.partial(<built-in method close of sqlite3.Cursor object at 0x000001BA83D3AC40>)
DEBUG    aiosqlite:core.py:67 operation functools.partial(<built-in method close of sqlite3.Cursor object at 0x000001BA83D3AC40>) completed
INFO     sqlalchemy.engine.Engine:base.py:1846 CREATE INDEX ix_radio_queue_song_id ON radio_queue (song_id)
INFO     sqlalchemy.engine.Engine:base.py:1846 [no key 0.00025s] ()
DEBUG    aiosqlite:core.py:62 executing functools.partial(<built-in method cursor of sqlite3.Connection object at 0x000001BA83D11F30>)
DEBUG    aiosqlite:core.py:67 operation functools.partial(<built-in method cursor of sqlite3.Connection object at 0x000001BA83D11F30>) completed
DEBUG    aiosqlite:core.py:62 executing functools.partial(<built-in method execute of sqlite3.Cursor object at 0x000001BA83D9DB40>, 'CREATE INDEX ix_radio_queue_song_id ON radio_queue (song_id)', ())
DEBUG    aiosqlite:core.py:67 operation functools.partial(<built-in method execute of sqlite3.Cursor object at 0x000001BA83D9DB40>, 'CREATE INDEX ix_radio_queue_song_id ON radio_queue (song_id)', ()) completed
DEBUG    aiosqlite:core.py:62 executing functools.partial(<built-in method close of sqlite3.Cursor object at 0x000001BA83D9DB40>)
DEBUG    aiosqlite:core.py:67 operation functools.partial(<built-in method close of sqlite3.Cursor object at 0x000001BA83D9DB40>) completed
INFO     sqlalchemy.engine.Engine:base.py:1846 CREATE INDEX ix_radio_queue_telegram_user_id ON radio_queue (telegram_user_id)
INFO     sqlalchemy.engine.Engine:base.py:1846 [no key 0.00033s] ()
DEBUG    aiosqlite:core.py:62 executing functools.partial(<built-in method cursor of sqlite3.Connection object at 0x000001BA83D11F30>)
DEBUG    aiosqlite:core.py:67 operation functools.partial(<built-in method cursor of sqlite3.Connection object at 0x000001BA83D11F30>) completed
DEBUG    aiosqlite:core.py:62 executing functools.partial(<built-in method execute of sqlite3.Cursor object at 0x000001BA83D9F640>, 'CREATE INDEX ix_radio_queue_telegram_user_id ON radio_queue (telegram_user_id)', ())
DEBUG    aiosqlite:core.py:67 operation functools.partial(<built-in method execute of sqlite3.Cursor object at 0x000001BA83D9F640>, 'CREATE INDEX ix_radio_queue_telegram_user_id ON radio_queue (telegram_user_id)', ()) completed
DEBUG    aiosqlite:core.py:62 executing functools.partial(<built-in method close of sqlite3.Cursor object at 0x000001BA83D9F640>)
DEBUG    aiosqlite:core.py:67 operation functools.partial(<built-in method close of sqlite3.Cursor object at 0x000001BA83D9F640>) completed
INFO     sqlalchemy.engine.Engine:base.py:1846 CREATE INDEX ix_radio_queue_user_id ON radio_queue (user_id)
INFO     sqlalchemy.engine.Engine:base.py:1846 [no key 0.00018s] ()
DEBUG    aiosqlite:core.py:62 executing functools.partial(<built-in method cursor of sqlite3.Connection object at 0x000001BA83D11F30>)
DEBUG    aiosqlite:core.py:67 operation functools.partial(<built-in method cursor of sqlite3.Connection object at 0x000001BA83D11F30>) completed
DEBUG    aiosqlite:core.py:62 executing functools.partial(<built-in method execute of sqlite3.Cursor object at 0x000001BA83D3BDC0>, 'CREATE INDEX ix_radio_queue_user_id ON radio_queue (user_id)', ())
DEBUG    aiosqlite:core.py:67 operation functools.partial(<built-in method execute of sqlite3.Cursor object at 0x000001BA83D3BDC0>, 'CREATE INDEX ix_radio_queue_user_id ON radio_queue (user_id)', ()) completed
DEBUG    aiosqlite:core.py:62 executing functools.partial(<built-in method close of sqlite3.Cursor object at 0x000001BA83D3BDC0>)
DEBUG    aiosqlite:core.py:67 operation functools.partial(<built-in method close of sqlite3.Cursor object at 0x000001BA83D3BDC0>) completed
INFO     sqlalchemy.engine.Engine:base.py:1846 CREATE INDEX ix_radio_queue_status ON radio_queue (status)
INFO     sqlalchemy.engine.Engine:base.py:1846 [no key 0.00018s] ()
DEBUG    aiosqlite:core.py:62 executing functools.partial(<built-in method cursor of sqlite3.Connection object at 0x000001BA83D11F30>)
DEBUG    aiosqlite:core.py:67 operation functools.partial(<built-in method cursor of sqlite3.Connection object at 0x000001BA83D11F30>) completed
DEBUG    aiosqlite:core.py:62 executing functools.partial(<built-in method execute of sqlite3.Cursor object at 0x000001BA83DBCFC0>, 'CREATE INDEX ix_radio_queue_status ON radio_queue (status)', ())
DEBUG    aiosqlite:core.py:67 operation functools.partial(<built-in method execute of sqlite3.Cursor object at 0x000001BA83DBCFC0>, 'CREATE INDEX ix_radio_queue_status ON radio_queue (status)', ()) completed
DEBUG    aiosqlite:core.py:62 executing functools.partial(<built-in method close of sqlite3.Cursor object at 0x000001BA83DBCFC0>)
INFO     sqlalchemy.engine.Engine:base.py:1846 CREATE INDEX ix_radio_queue_priority_score ON radio_queue (priority_score)
DEBUG    aiosqlite:core.py:67 operation functools.partial(<built-in method close of sqlite3.Cursor object at 0x000001BA83DBCFC0>) completed
INFO     sqlalchemy.engine.Engine:base.py:1846 [no key 0.00040s] ()
DEBUG    aiosqlite:core.py:62 executing functools.partial(<built-in method cursor of sqlite3.Connection object at 0x000001BA83D11F30>)
DEBUG    aiosqlite:core.py:67 operation functools.partial(<built-in method cursor of sqlite3.Connection object at 0x000001BA83D11F30>) completed
DEBUG    aiosqlite:core.py:62 executing functools.partial(<built-in method execute of sqlite3.Cursor object at 0x000001BA83DBD240>, 'CREATE INDEX ix_radio_queue_priority_score ON radio_queue (priority_score)', ())
DEBUG    aiosqlite:core.py:67 operation functools.partial(<built-in method execute of sqlite3.Cursor object at 0x000001BA83DBD240>, 'CREATE INDEX ix_radio_queue_priority_score ON radio_queue (priority_score)', ()) completed
DEBUG    aiosqlite:core.py:62 executing functools.partial(<built-in method close of sqlite3.Cursor object at 0x000001BA83DBD240>)
DEBUG    aiosqlite:core.py:67 operation functools.partial(<built-in method close of sqlite3.Cursor object at 0x000001BA83DBD240>) completed
INFO     sqlalchemy.engine.Engine:base.py:1846 
CREATE TABLE votes (
	id INTEGER NOT NULL, 
	user_id INTEGER NOT NULL, 
	telegram_user_id BIGINT, 
	queue_item_id INTEGER NOT NULL, 
	vote_type VARCHAR(20) NOT NULL, 
	voted_at DATETIME NOT NULL, 
	previous_vote_type VARCHAR(20), 
	changed_at DATETIME, 
	source VARCHAR(50) NOT NULL, 
	telegram_callback_id VARCHAR(255), 
	created_at DATETIME NOT NULL, 
	updated_at DATETIME NOT NULL, 
	CONSTRAINT pk_votes PRIMARY KEY (id), 
	CONSTRAINT uq_votes_user_queue UNIQUE (user_id, queue_item_id), 
	CONSTRAINT fk_votes_user_id_users FOREIGN KEY(user_id) REFERENCES users (id), 
	CONSTRAINT fk_votes_queue_item_id_radio_queue FOREIGN KEY(queue_item_id) REFERENCES radio_queue (id)
)


INFO     sqlalchemy.engine.Engine:base.py:1846 [no key 0.00038s] ()
DEBUG    aiosqlite:core.py:62 executing functools.partial(<built-in method cursor of sqlite3.Connection object at 0x000001BA83D11F30>)
DEBUG    aiosqlite:core.py:67 operation functools.partial(<built-in method cursor of sqlite3.Connection object at 0x000001BA83D11F30>) completed
DEBUG    aiosqlite:core.py:62 executing functools.partial(<built-in method execute of sqlite3.Cursor object at 0x000001BA83D9E0C0>, '\nCREATE TABLE votes (\n\tid INTEGER NOT NULL, \n\tuser_id INTEGER NOT NULL, \n\ttelegram_user_id BIGINT, \n\tqueue_item_id INTEGER NOT NULL, \n\tvote_type VARCHAR(20) NOT NULL, \n\tvoted_at DATETIME NOT NULL, \n\tprevious_vote_type VARCHAR(20), \n\tchanged_at DATETIME, \n\tsource VARCHAR(50) NOT NULL, \n\ttelegram_callback_id VARCHAR(255), \n\tcreated_at DATETIME NOT NULL, \n\tupdated_at DATETIME NOT NULL, \n\tCONSTRAINT pk_votes PRIMARY KEY (id), \n\tCONSTRAINT uq_votes_user_queue UNIQUE (user_id, queue_item_id), \n\tCONSTRAINT fk_votes_user_id_users FOREIGN KEY(user_id) REFERENCES users (id), \n\tCONSTRAINT fk_votes_queue_item_id_radio_queue FOREIGN KEY(queue_item_id) REFERENCES radio_queue (id)\n)\n\n', ())
DEBUG    aiosqlite:core.py:67 operation functools.partial(<built-in method execute of sqlite3.Cursor object at 0x000001BA83D9E0C0>, '\nCREATE TABLE votes (\n\tid INTEGER NOT NULL, \n\tuser_id INTEGER NOT NULL, \n\ttelegram_user_id BIGINT, \n\tqueue_item_id INTEGER NOT NULL, \n\tvote_type VARCHAR(20) NOT NULL, \n\tvoted_at DATETIME NOT NULL, \n\tprevious_vote_type VARCHAR(20), \n\tchanged_at DATETIME, \n\tsource VARCHAR(50) NOT NULL, \n\ttelegram_callback_id VARCHAR(255), \n\tcreated_at DATETIME NOT NULL, \n\tupdated_at DATETIME NOT NULL, \n\tCONSTRAINT pk_votes PRIMARY KEY (id), \n\tCONSTRAINT uq_votes_user_queue UNIQUE (user_id, queue_item_id), \n\tCONSTRAINT fk_votes_user_id_users FOREIGN KEY(user_id) REFERENCES users (id), \n\tCONSTRAINT fk_votes_queue_item_id_radio_queue FOREIGN KEY(queue_item_id) REFERENCES radio_queue (id)\n)\n\n', ()) completed
DEBUG    aiosqlite:core.py:62 executing functools.partial(<built-in method close of sqlite3.Cursor object at 0x000001BA83D9E0C0>)
DEBUG    aiosqlite:core.py:67 operation functools.partial(<built-in method close of sqlite3.Cursor object at 0x000001BA83D9E0C0>) completed
INFO     sqlalchemy.engine.Engine:base.py:1846 CREATE INDEX ix_votes_user_id ON votes (user_id)
INFO     sqlalchemy.engine.Engine:base.py:1846 [no key 0.00028s] ()
DEBUG    aiosqlite:core.py:62 executing functools.partial(<built-in method cursor of sqlite3.Connection object at 0x000001BA83D11F30>)
DEBUG    aiosqlite:core.py:67 operation functools.partial(<built-in method cursor of sqlite3.Connection object at 0x000001BA83D11F30>) completed
DEBUG    aiosqlite:core.py:62 executing functools.partial(<built-in method execute of sqlite3.Cursor object at 0x000001BA83D9E740>, 'CREATE INDEX ix_votes_user_id ON votes (user_id)', ())
DEBUG    aiosqlite:core.py:67 operation functools.partial(<built-in method execute of sqlite3.Cursor object at 0x000001BA83D9E740>, 'CREATE INDEX ix_votes_user_id ON votes (user_id)', ()) completed
DEBUG    aiosqlite:core.py:62 executing functools.partial(<built-in method close of sqlite3.Cursor object at 0x000001BA83D9E740>)
DEBUG    aiosqlite:core.py:67 operation functools.partial(<built-in method close of sqlite3.Cursor object at 0x000001BA83D9E740>) completed
INFO     sqlalchemy.engine.Engine:base.py:1846 CREATE INDEX ix_votes_queue_item_id ON votes (queue_item_id)
INFO     sqlalchemy.engine.Engine:base.py:1846 [no key 0.00027s] ()
DEBUG    aiosqlite:core.py:62 executing functools.partial(<built-in method cursor of sqlite3.Connection object at 0x000001BA83D11F30>)
DEBUG    aiosqlite:core.py:67 operation functools.partial(<built-in method cursor of sqlite3.Connection object at 0x000001BA83D11F30>) completed
DEBUG    aiosqlite:core.py:62 executing functools.partial(<built-in method execute of sqlite3.Cursor object at 0x000001BA83DBDF40>, 'CREATE INDEX ix_votes_queue_item_id ON votes (queue_item_id)', ())
DEBUG    aiosqlite:core.py:67 operation functools.partial(<built-in method execute of sqlite3.Cursor object at 0x000001BA83DBDF40>, 'CREATE INDEX ix_votes_queue_item_id ON votes (queue_item_id)', ()) completed
DEBUG    aiosqlite:core.py:62 executing functools.partial(<built-in method close of sqlite3.Cursor object at 0x000001BA83DBDF40>)
INFO     sqlalchemy.engine.Engine:base.py:1846 CREATE INDEX ix_votes_telegram_user_id ON votes (telegram_user_id)
DEBUG    aiosqlite:core.py:67 operation functools.partial(<built-in method close of sqlite3.Cursor object at 0x000001BA83DBDF40>) completed
INFO     sqlalchemy.engine.Engine:base.py:1846 [no key 0.00025s] ()
DEBUG    aiosqlite:core.py:62 executing functools.partial(<built-in method cursor of sqlite3.Connection object at 0x000001BA83D11F30>)
DEBUG    aiosqlite:core.py:67 operation functools.partial(<built-in method cursor of sqlite3.Connection object at 0x000001BA83D11F30>) completed
DEBUG    aiosqlite:core.py:62 executing functools.partial(<built-in method execute of sqlite3.Cursor object at 0x000001BA83DBE6C0>, 'CREATE INDEX ix_votes_telegram_user_id ON votes (telegram_user_id)', ())
DEBUG    aiosqlite:core.py:67 operation functools.partial(<built-in method execute of sqlite3.Cursor object at 0x000001BA83DBE6C0>, 'CREATE INDEX ix_votes_telegram_user_id ON votes (telegram_user_id)', ()) completed
DEBUG    aiosqlite:core.py:62 executing functools.partial(<built-in method close of sqlite3.Cursor object at 0x000001BA83DBE6C0>)
DEBUG    aiosqlite:core.py:67 operation functools.partial(<built-in method close of sqlite3.Cursor object at 0x000001BA83DBE6C0>) completed
INFO     sqlalchemy.engine.Engine:base.py:2716 COMMIT
DEBUG    aiosqlite:core.py:62 executing functools.partial(<built-in method commit of sqlite3.Connection object at 0x000001BA83D11F30>)
DEBUG    aiosqlite:core.py:67 operation functools.partial(<built-in method commit of sqlite3.Connection object at 0x000001BA83D11F30>) completed
DEBUG    aiosqlite:core.py:62 executing functools.partial(<built-in method rollback of sqlite3.Connection object at 0x000001BA83D11F30>)
DEBUG    aiosqlite:core.py:67 operation functools.partial(<built-in method rollback of sqlite3.Connection object at 0x000001BA83D11F30>) completed
---------------------------- Captured stdout call -----------------------------
2026-01-03 00:52:34 | [32mINFO[0m | sqlalchemy.engine.Engine | BEGIN (implicit)
2026-01-03 00:52:34 | [32mINFO[0m | sqlalchemy.engine.Engine | INSERT INTO songs (suno_job_id, suno_status, title, artist, original_prompt, enhanced_prompt, style_prompt, lyrics, genre, subgenre, mood, energy, duration_seconds, bpm, "key", is_instrumental, audio_url, local_file_path, file_size_bytes, audio_format, lufs_level, peak_db, is_normalized, generation_started_at, generation_completed_at, downloaded_at, play_count, total_upvotes, total_downvotes, is_approved, moderation_notes, flagged_at, created_at, updated_at) VALUES (?, ?, ?, ?, ?, ?, ?, ?, ?, ?, ?, ?, ?, ?, ?, ?, ?, ?, ?, ?, ?, ?, ?, ?, ?, ?, ?, ?, ?, ?, ?, ?, ?, ?)
2026-01-03 00:52:34 | [32mINFO[0m | sqlalchemy.engine.Engine | [generated in 0.00110s] (None, 'complete', 'My Cool Song', 'AI Radio', None, None, None, None, None, None, None, None, 180.0, None, None, 0, None, None, None, 'mp3', None, None, 0, None, None, None, 0, 0, 0, 1, None, None, '2026-01-03 00:52:34.495059', '2026-01-03 00:52:34.495059')
2026-01-03 00:52:34 | [36mDEBUG[0m | aiosqlite | executing functools.partial(<built-in method cursor of sqlite3.Connection object at 0x000001BA83D11F30>)
2026-01-03 00:52:34 | [36mDEBUG[0m | aiosqlite | operation functools.partial(<built-in method cursor of sqlite3.Connection object at 0x000001BA83D11F30>) completed
2026-01-03 00:52:34 | [36mDEBUG[0m | aiosqlite | executing functools.partial(<built-in method execute of sqlite3.Cursor object at 0x000001BA83DBD6C0>, 'INSERT INTO songs (suno_job_id, suno_status, title, artist, original_prompt, enhanced_prompt, style_prompt, lyrics, genre, subgenre, mood, energy, duration_seconds, bpm, "key", is_instrumental, audio_url, local_file_path, file_size_bytes, audio_format, lufs_level, peak_db, is_normalized, generation_started_at, generation_completed_at, downloaded_at, play_count, total_upvotes, total_downvotes, is_approved, moderation_notes, flagged_at, created_at, updated_at) VALUES (?, ?, ?, ?, ?, ?, ?, ?, ?, ?, ?, ?, ?, ?, ?, ?, ?, ?, ?, ?, ?, ?, ?, ?, ?, ?, ?, ?, ?, ?, ?, ?, ?, ?)', (None, 'complete', 'My Cool Song', 'AI Radio', None, None, None, None, None, None, None, None, 180.0, None, None, 0, None, None, None, 'mp3', None, None, 0, None, None, None, 0, 0, 0, 1, None, None, '2026-01-03 00:52:34.495059', '2026-01-03 00:52:34.495059'))
2026-01-03 00:52:34 | [36mDEBUG[0m | aiosqlite | operation functools.partial(<built-in method execute of sqlite3.Cursor object at 0x000001BA83DBD6C0>, 'INSERT INTO songs (suno_job_id, suno_status, title, artist, original_prompt, enhanced_prompt, style_prompt, lyrics, genre, subgenre, mood, energy, duration_seconds, bpm, "key", is_instrumental, audio_url, local_file_path, file_size_bytes, audio_format, lufs_level, peak_db, is_normalized, generation_started_at, generation_completed_at, downloaded_at, play_count, total_upvotes, total_downvotes, is_approved, moderation_notes, flagged_at, created_at, updated_at) VALUES (?, ?, ?, ?, ?, ?, ?, ?, ?, ?, ?, ?, ?, ?, ?, ?, ?, ?, ?, ?, ?, ?, ?, ?, ?, ?, ?, ?, ?, ?, ?, ?, ?, ?)', (None, 'complete', 'My Cool Song', 'AI Radio', None, None, None, None, None, None, None, None, 180.0, None, None, 0, None, None, None, 'mp3', None, None, 0, None, None, None, 0, 0, 0, 1, None, None, '2026-01-03 00:52:34.495059', '2026-01-03 00:52:34.495059')) completed
2026-01-03 00:52:34 | [36mDEBUG[0m | aiosqlite | executing functools.partial(<built-in method close of sqlite3.Cursor object at 0x000001BA83DBD6C0>)
2026-01-03 00:52:34 | [36mDEBUG[0m | aiosqlite | operation functools.partial(<built-in method close of sqlite3.Cursor object at 0x000001BA83DBD6C0>) completed
2026-01-03 00:52:34 | [32mINFO[0m | sqlalchemy.engine.Engine | INSERT INTO radio_queue (user_id, telegram_user_id, telegram_message_id, song_id, original_prompt, enhanced_prompt, genre_hint, is_instrumental, status, suno_job_id, error_message, retry_count, max_retries, base_priority, priority_score, is_priority_boost, priority_boost_reason, upvotes, downvotes, requested_at, queued_at, generation_started_at, generation_completed_at, broadcast_started_at, completed_at, is_moderated, moderation_passed, moderation_reason, has_dj_intro, dj_intro_path, created_at, updated_at) VALUES (?, ?, ?, ?, ?, ?, ?, ?, ?, ?, ?, ?, ?, ?, ?, ?, ?, ?, ?, ?, ?, ?, ?, ?, ?, ?, ?, ?, ?, ?, ?, ?)
2026-01-03 00:52:34 | [32mINFO[0m | sqlalchemy.engine.Engine | [generated in 0.00048s] (None, None, None, 1, 'test prompt', None, None, 0, 'generated', None, None, 0, 3, 100.0, 100.0, 0, None, 0, 0, '2026-01-03 00:52:34.504102', None, None, None, None, None, 0, None, None, 0, None, '2026-01-03 00:52:34.504102', '2026-01-03 00:52:34.504102')
2026-01-03 00:52:34 | [36mDEBUG[0m | aiosqlite | executing functools.partial(<built-in method cursor of sqlite3.Connection object at 0x000001BA83D11F30>)
2026-01-03 00:52:34 | [36mDEBUG[0m | aiosqlite | operation functools.partial(<built-in method cursor of sqlite3.Connection object at 0x000001BA83D11F30>) completed
2026-01-03 00:52:34 | [36mDEBUG[0m | aiosqlite | executing functools.partial(<built-in method execute of sqlite3.Cursor object at 0x000001BA83E8BB40>, 'INSERT INTO radio_queue (user_id, telegram_user_id, telegram_message_id, song_id, original_prompt, enhanced_prompt, genre_hint, is_instrumental, status, suno_job_id, error_message, retry_count, max_retries, base_priority, priority_score, is_priority_boost, priority_boost_reason, upvotes, downvotes, requested_at, queued_at, generation_started_at, generation_completed_at, broadcast_started_at, completed_at, is_moderated, moderation_passed, moderation_reason, has_dj_intro, dj_intro_path, created_at, updated_at) VALUES (?, ?, ?, ?, ?, ?, ?, ?, ?, ?, ?, ?, ?, ?, ?, ?, ?, ?, ?, ?, ?, ?, ?, ?, ?, ?, ?, ?, ?, ?, ?, ?)', (None, None, None, 1, 'test prompt', None, None, 0, 'generated', None, None, 0, 3, 100.0, 100.0, 0, None, 0, 0, '2026-01-03 00:52:34.504102', None, None, None, None, None, 0, None, None, 0, None, '2026-01-03 00:52:34.504102', '2026-01-03 00:52:34.504102'))
2026-01-03 00:52:34 | [36mDEBUG[0m | aiosqlite | operation functools.partial(<built-in method execute of sqlite3.Cursor object at 0x000001BA83E8BB40>, 'INSERT INTO radio_queue (user_id, telegram_user_id, telegram_message_id, song_id, original_prompt, enhanced_prompt, genre_hint, is_instrumental, status, suno_job_id, error_message, retry_count, max_retries, base_priority, priority_score, is_priority_boost, priority_boost_reason, upvotes, downvotes, requested_at, queued_at, generation_started_at, generation_completed_at, broadcast_started_at, completed_at, is_moderated, moderation_passed, moderation_reason, has_dj_intro, dj_intro_path, created_at, updated_at) VALUES (?, ?, ?, ?, ?, ?, ?, ?, ?, ?, ?, ?, ?, ?, ?, ?, ?, ?, ?, ?, ?, ?, ?, ?, ?, ?, ?, ?, ?, ?, ?, ?)', (None, None, None, 1, 'test prompt', None, None, 0, 'generated', None, None, 0, 3, 100.0, 100.0, 0, None, 0, 0, '2026-01-03 00:52:34.504102', None, None, None, None, None, 0, None, None, 0, None, '2026-01-03 00:52:34.504102', '2026-01-03 00:52:34.504102')) completed
2026-01-03 00:52:34 | [36mDEBUG[0m | aiosqlite | executing functools.partial(<built-in method close of sqlite3.Cursor object at 0x000001BA83E8BB40>)
2026-01-03 00:52:34 | [36mDEBUG[0m | aiosqlite | operation functools.partial(<built-in method close of sqlite3.Cursor object at 0x000001BA83E8BB40>) completed
2026-01-03 00:52:34 | [32mINFO[0m | sqlalchemy.engine.Engine | COMMIT
2026-01-03 00:52:34 | [36mDEBUG[0m | aiosqlite | executing functools.partial(<built-in method commit of sqlite3.Connection object at 0x000001BA83D11F30>)
2026-01-03 00:52:34 | [36mDEBUG[0m | aiosqlite | operation functools.partial(<built-in method commit of sqlite3.Connection object at 0x000001BA83D11F30>) completed
2026-01-03 00:52:34 | [36mDEBUG[0m | aiosqlite | executing functools.partial(<built-in method rollback of sqlite3.Connection object at 0x000001BA83D11F30>)
2026-01-03 00:52:34 | [36mDEBUG[0m | aiosqlite | operation functools.partial(<built-in method rollback of sqlite3.Connection object at 0x000001BA83D11F30>) completed
------------------------------ Captured log call ------------------------------
INFO     sqlalchemy.engine.Engine:base.py:2710 BEGIN (implicit)
INFO     sqlalchemy.engine.Engine:base.py:1846 INSERT INTO songs (suno_job_id, suno_status, title, artist, original_prompt, enhanced_prompt, style_prompt, lyrics, genre, subgenre, mood, energy, duration_seconds, bpm, "key", is_instrumental, audio_url, local_file_path, file_size_bytes, audio_format, lufs_level, peak_db, is_normalized, generation_started_at, generation_completed_at, downloaded_at, play_count, total_upvotes, total_downvotes, is_approved, moderation_notes, flagged_at, created_at, updated_at) VALUES (?, ?, ?, ?, ?, ?, ?, ?, ?, ?, ?, ?, ?, ?, ?, ?, ?, ?, ?, ?, ?, ?, ?, ?, ?, ?, ?, ?, ?, ?, ?, ?, ?, ?)
INFO     sqlalchemy.engine.Engine:base.py:1846 [generated in 0.00110s] (None, 'complete', 'My Cool Song', 'AI Radio', None, None, None, None, None, None, None, None, 180.0, None, None, 0, None, None, None, 'mp3', None, None, 0, None, None, None, 0, 0, 0, 1, None, None, '2026-01-03 00:52:34.495059', '2026-01-03 00:52:34.495059')
DEBUG    aiosqlite:core.py:62 executing functools.partial(<built-in method cursor of sqlite3.Connection object at 0x000001BA83D11F30>)
DEBUG    aiosqlite:core.py:67 operation functools.partial(<built-in method cursor of sqlite3.Connection object at 0x000001BA83D11F30>) completed
DEBUG    aiosqlite:core.py:62 executing functools.partial(<built-in method execute of sqlite3.Cursor object at 0x000001BA83DBD6C0>, 'INSERT INTO songs (suno_job_id, suno_status, title, artist, original_prompt, enhanced_prompt, style_prompt, lyrics, genre, subgenre, mood, energy, duration_seconds, bpm, "key", is_instrumental, audio_url, local_file_path, file_size_bytes, audio_format, lufs_level, peak_db, is_normalized, generation_started_at, generation_completed_at, downloaded_at, play_count, total_upvotes, total_downvotes, is_approved, moderation_notes, flagged_at, created_at, updated_at) VALUES (?, ?, ?, ?, ?, ?, ?, ?, ?, ?, ?, ?, ?, ?, ?, ?, ?, ?, ?, ?, ?, ?, ?, ?, ?, ?, ?, ?, ?, ?, ?, ?, ?, ?)', (None, 'complete', 'My Cool Song', 'AI Radio', None, None, None, None, None, None, None, None, 180.0, None, None, 0, None, None, None, 'mp3', None, None, 0, None, None, None, 0, 0, 0, 1, None, None, '2026-01-03 00:52:34.495059', '2026-01-03 00:52:34.495059'))
DEBUG    aiosqlite:core.py:67 operation functools.partial(<built-in method execute of sqlite3.Cursor object at 0x000001BA83DBD6C0>, 'INSERT INTO songs (suno_job_id, suno_status, title, artist, original_prompt, enhanced_prompt, style_prompt, lyrics, genre, subgenre, mood, energy, duration_seconds, bpm, "key", is_instrumental, audio_url, local_file_path, file_size_bytes, audio_format, lufs_level, peak_db, is_normalized, generation_started_at, generation_completed_at, downloaded_at, play_count, total_upvotes, total_downvotes, is_approved, moderation_notes, flagged_at, created_at, updated_at) VALUES (?, ?, ?, ?, ?, ?, ?, ?, ?, ?, ?, ?, ?, ?, ?, ?, ?, ?, ?, ?, ?, ?, ?, ?, ?, ?, ?, ?, ?, ?, ?, ?, ?, ?)', (None, 'complete', 'My Cool Song', 'AI Radio', None, None, None, None, None, None, None, None, 180.0, None, None, 0, None, None, None, 'mp3', None, None, 0, None, None, None, 0, 0, 0, 1, None, None, '2026-01-03 00:52:34.495059', '2026-01-03 00:52:34.495059')) completed
DEBUG    aiosqlite:core.py:62 executing functools.partial(<built-in method close of sqlite3.Cursor object at 0x000001BA83DBD6C0>)
DEBUG    aiosqlite:core.py:67 operation functools.partial(<built-in method close of sqlite3.Cursor object at 0x000001BA83DBD6C0>) completed
INFO     sqlalchemy.engine.Engine:base.py:1846 INSERT INTO radio_queue (user_id, telegram_user_id, telegram_message_id, song_id, original_prompt, enhanced_prompt, genre_hint, is_instrumental, status, suno_job_id, error_message, retry_count, max_retries, base_priority, priority_score, is_priority_boost, priority_boost_reason, upvotes, downvotes, requested_at, queued_at, generation_started_at, generation_completed_at, broadcast_started_at, completed_at, is_moderated, moderation_passed, moderation_reason, has_dj_intro, dj_intro_path, created_at, updated_at) VALUES (?, ?, ?, ?, ?, ?, ?, ?, ?, ?, ?, ?, ?, ?, ?, ?, ?, ?, ?, ?, ?, ?, ?, ?, ?, ?, ?, ?, ?, ?, ?, ?)
INFO     sqlalchemy.engine.Engine:base.py:1846 [generated in 0.00048s] (None, None, None, 1, 'test prompt', None, None, 0, 'generated', None, None, 0, 3, 100.0, 100.0, 0, None, 0, 0, '2026-01-03 00:52:34.504102', None, None, None, None, None, 0, None, None, 0, None, '2026-01-03 00:52:34.504102', '2026-01-03 00:52:34.504102')
DEBUG    aiosqlite:core.py:62 executing functools.partial(<built-in method cursor of sqlite3.Connection object at 0x000001BA83D11F30>)
DEBUG    aiosqlite:core.py:67 operation functools.partial(<built-in method cursor of sqlite3.Connection object at 0x000001BA83D11F30>) completed
DEBUG    aiosqlite:core.py:62 executing functools.partial(<built-in method execute of sqlite3.Cursor object at 0x000001BA83E8BB40>, 'INSERT INTO radio_queue (user_id, telegram_user_id, telegram_message_id, song_id, original_prompt, enhanced_prompt, genre_hint, is_instrumental, status, suno_job_id, error_message, retry_count, max_retries, base_priority, priority_score, is_priority_boost, priority_boost_reason, upvotes, downvotes, requested_at, queued_at, generation_started_at, generation_completed_at, broadcast_started_at, completed_at, is_moderated, moderation_passed, moderation_reason, has_dj_intro, dj_intro_path, created_at, updated_at) VALUES (?, ?, ?, ?, ?, ?, ?, ?, ?, ?, ?, ?, ?, ?, ?, ?, ?, ?, ?, ?, ?, ?, ?, ?, ?, ?, ?, ?, ?, ?, ?, ?)', (None, None, None, 1, 'test prompt', None, None, 0, 'generated', None, None, 0, 3, 100.0, 100.0, 0, None, 0, 0, '2026-01-03 00:52:34.504102', None, None, None, None, None, 0, None, None, 0, None, '2026-01-03 00:52:34.504102', '2026-01-03 00:52:34.504102'))
DEBUG    aiosqlite:core.py:67 operation functools.partial(<built-in method execute of sqlite3.Cursor object at 0x000001BA83E8BB40>, 'INSERT INTO radio_queue (user_id, telegram_user_id, telegram_message_id, song_id, original_prompt, enhanced_prompt, genre_hint, is_instrumental, status, suno_job_id, error_message, retry_count, max_retries, base_priority, priority_score, is_priority_boost, priority_boost_reason, upvotes, downvotes, requested_at, queued_at, generation_started_at, generation_completed_at, broadcast_started_at, completed_at, is_moderated, moderation_passed, moderation_reason, has_dj_intro, dj_intro_path, created_at, updated_at) VALUES (?, ?, ?, ?, ?, ?, ?, ?, ?, ?, ?, ?, ?, ?, ?, ?, ?, ?, ?, ?, ?, ?, ?, ?, ?, ?, ?, ?, ?, ?, ?, ?)', (None, None, None, 1, 'test prompt', None, None, 0, 'generated', None, None, 0, 3, 100.0, 100.0, 0, None, 0, 0, '2026-01-03 00:52:34.504102', None, None, None, None, None, 0, None, None, 0, None, '2026-01-03 00:52:34.504102', '2026-01-03 00:52:34.504102')) completed
DEBUG    aiosqlite:core.py:62 executing functools.partial(<built-in method close of sqlite3.Cursor object at 0x000001BA83E8BB40>)
DEBUG    aiosqlite:core.py:67 operation functools.partial(<built-in method close of sqlite3.Cursor object at 0x000001BA83E8BB40>) completed
INFO     sqlalchemy.engine.Engine:base.py:2716 COMMIT
DEBUG    aiosqlite:core.py:62 executing functools.partial(<built-in method commit of sqlite3.Connection object at 0x000001BA83D11F30>)
DEBUG    aiosqlite:core.py:67 operation functools.partial(<built-in method commit of sqlite3.Connection object at 0x000001BA83D11F30>) completed
DEBUG    aiosqlite:core.py:62 executing functools.partial(<built-in method rollback of sqlite3.Connection object at 0x000001BA83D11F30>)
DEBUG    aiosqlite:core.py:67 operation functools.partial(<built-in method rollback of sqlite3.Connection object at 0x000001BA83D11F30>) completed
-------------------------- Captured stdout teardown ---------------------------
2026-01-03 00:52:35 | [32mINFO[0m | sqlalchemy.engine.Engine | BEGIN (implicit)
2026-01-03 00:52:35 | [32mINFO[0m | sqlalchemy.engine.Engine | PRAGMA main.table_info("chat_messages")
2026-01-03 00:52:35 | [32mINFO[0m | sqlalchemy.engine.Engine | [raw sql] ()
2026-01-03 00:52:35 | [36mDEBUG[0m | aiosqlite | executing functools.partial(<built-in method cursor of sqlite3.Connection object at 0x000001BA83D11F30>)
2026-01-03 00:52:35 | [36mDEBUG[0m | aiosqlite | operation functools.partial(<built-in method cursor of sqlite3.Connection object at 0x000001BA83D11F30>) completed
2026-01-03 00:52:35 | [36mDEBUG[0m | aiosqlite | executing functools.partial(<built-in method execute of sqlite3.Cursor object at 0x000001BA83C623C0>, 'PRAGMA main.table_info("chat_messages")', ())
2026-01-03 00:52:35 | [36mDEBUG[0m | aiosqlite | operation functools.partial(<built-in method execute of sqlite3.Cursor object at 0x000001BA83C623C0>, 'PRAGMA main.table_info("chat_messages")', ()) completed
2026-01-03 00:52:35 | [36mDEBUG[0m | aiosqlite | executing functools.partial(<built-in method fetchall of sqlite3.Cursor object at 0x000001BA83C623C0>)
2026-01-03 00:52:35 | [36mDEBUG[0m | aiosqlite | operation functools.partial(<built-in method fetchall of sqlite3.Cursor object at 0x000001BA83C623C0>) completed
2026-01-03 00:52:35 | [36mDEBUG[0m | aiosqlite | executing functools.partial(<built-in method close of sqlite3.Cursor object at 0x000001BA83C623C0>)
2026-01-03 00:52:35 | [36mDEBUG[0m | aiosqlite | operation functools.partial(<built-in method close of sqlite3.Cursor object at 0x000001BA83C623C0>) completed
2026-01-03 00:52:35 | [36mDEBUG[0m | sqlalchemy.engine.Engine | Col ('cid', 'name', 'type', 'notnull', 'dflt_value', 'pk')
2026-01-03 00:52:35 | [36mDEBUG[0m | sqlalchemy.engine.Engine | Row (0, 'id', 'INTEGER', 1, None, 1)
2026-01-03 00:52:35 | [36mDEBUG[0m | sqlalchemy.engine.Engine | Row (1, 'user_id', 'INTEGER', 0, None, 0)
2026-01-03 00:52:35 | [36mDEBUG[0m | sqlalchemy.engine.Engine | Row (2, 'content', 'TEXT', 1, None, 0)
2026-01-03 00:52:35 | [36mDEBUG[0m | sqlalchemy.engine.Engine | Row (3, 'message_type', 'VARCHAR(20)', 1, None, 0)
2026-01-03 00:52:35 | [36mDEBUG[0m | sqlalchemy.engine.Engine | Row (4, 'is_deleted', 'BOOLEAN', 1, None, 0)
2026-01-03 00:52:35 | [36mDEBUG[0m | sqlalchemy.engine.Engine | Row (5, 'deleted_by_id', 'INTEGER', 0, None, 0)
2026-01-03 00:52:35 | [36mDEBUG[0m | sqlalchemy.engine.Engine | Row (6, 'deleted_at', 'DATETIME', 0, None, 0)
2026-01-03 00:52:35 | [36mDEBUG[0m | sqlalchemy.engine.Engine | Row (7, 'delete_reason', 'VARCHAR(255)', 0, None, 0)
2026-01-03 00:52:35 | [36mDEBUG[0m | sqlalchemy.engine.Engine | Row (8, 'reply_to_id', 'INTEGER', 0, None, 0)
2026-01-03 00:52:35 | [36mDEBUG[0m | sqlalchemy.engine.Engine | Row (9, 'created_at', 'DATETIME', 1, None, 0)
2026-01-03 00:52:35 | [36mDEBUG[0m | sqlalchemy.engine.Engine | Row (10, 'updated_at', 'DATETIME', 1, None, 0)
2026-01-03 00:52:35 | [32mINFO[0m | sqlalchemy.engine.Engine | PRAGMA main.table_info("radio_history")
2026-01-03 00:52:35 | [32mINFO[0m | sqlalchemy.engine.Engine | [raw sql] ()
2026-01-03 00:52:35 | [36mDEBUG[0m | aiosqlite | executing functools.partial(<built-in method cursor of sqlite3.Connection object at 0x000001BA83D11F30>)
2026-01-03 00:52:35 | [36mDEBUG[0m | aiosqlite | operation functools.partial(<built-in method cursor of sqlite3.Connection object at 0x000001BA83D11F30>) completed
2026-01-03 00:52:35 | [36mDEBUG[0m | aiosqlite | executing functools.partial(<built-in method execute of sqlite3.Cursor object at 0x000001BA83F278C0>, 'PRAGMA main.table_info("radio_history")', ())
2026-01-03 00:52:35 | [36mDEBUG[0m | aiosqlite | operation functools.partial(<built-in method execute of sqlite3.Cursor object at 0x000001BA83F278C0>, 'PRAGMA main.table_info("radio_history")', ()) completed
2026-01-03 00:52:35 | [36mDEBUG[0m | aiosqlite | executing functools.partial(<built-in method fetchall of sqlite3.Cursor object at 0x000001BA83F278C0>)
2026-01-03 00:52:35 | [36mDEBUG[0m | aiosqlite | operation functools.partial(<built-in method fetchall of sqlite3.Cursor object at 0x000001BA83F278C0>) completed
2026-01-03 00:52:35 | [36mDEBUG[0m | aiosqlite | executing functools.partial(<built-in method close of sqlite3.Cursor object at 0x000001BA83F278C0>)
2026-01-03 00:52:35 | [36mDEBUG[0m | aiosqlite | operation functools.partial(<built-in method close of sqlite3.Cursor object at 0x000001BA83F278C0>) completed
2026-01-03 00:52:35 | [36mDEBUG[0m | sqlalchemy.engine.Engine | Col ('cid', 'name', 'type', 'notnull', 'dflt_value', 'pk')
2026-01-03 00:52:35 | [36mDEBUG[0m | sqlalchemy.engine.Engine | Row (0, 'id', 'INTEGER', 1, None, 1)
2026-01-03 00:52:35 | [36mDEBUG[0m | sqlalchemy.engine.Engine | Row (1, 'song_id', 'INTEGER', 1, None, 0)
2026-01-03 00:52:35 | [36mDEBUG[0m | sqlalchemy.engine.Engine | Row (2, 'queue_id', 'INTEGER', 0, None, 0)
2026-01-03 00:52:35 | [36mDEBUG[0m | sqlalchemy.engine.Engine | Row (3, 'played_at', 'DATETIME', 1, None, 0)
2026-01-03 00:52:35 | [36mDEBUG[0m | sqlalchemy.engine.Engine | Row (4, 'ended_at', 'DATETIME', 0, None, 0)
2026-01-03 00:52:35 | [36mDEBUG[0m | sqlalchemy.engine.Engine | Row (5, 'duration_played_seconds', 'FLOAT', 0, None, 0)
2026-01-03 00:52:35 | [36mDEBUG[0m | sqlalchemy.engine.Engine | Row (6, 'broadcast_file_path', 'VARCHAR(500)', 0, None, 0)
2026-01-03 00:52:35 | [36mDEBUG[0m | sqlalchemy.engine.Engine | Row (7, 'stream_mount', 'VARCHAR(100)', 0, None, 0)
2026-01-03 00:52:35 | [36mDEBUG[0m | sqlalchemy.engine.Engine | Row (8, 'requester_telegram_id', 'BIGINT', 0, None, 0)
2026-01-03 00:52:35 | [36mDEBUG[0m | sqlalchemy.engine.Engine | Row (9, 'requester_username', 'VARCHAR(255)', 0, None, 0)
2026-01-03 00:52:35 | [36mDEBUG[0m | sqlalchemy.engine.Engine | Row (10, 'song_title', 'VARCHAR(500)', 0, None, 0)
2026-01-03 00:52:35 | [36mDEBUG[0m | sqlalchemy.engine.Engine | Row (11, 'song_artist', 'VARCHAR(255)', 0, None, 0)
2026-01-03 00:52:35 | [36mDEBUG[0m | sqlalchemy.engine.Engine | Row (12, 'song_genre', 'VARCHAR(100)', 0, None, 0)
2026-01-03 00:52:35 | [36mDEBUG[0m | sqlalchemy.engine.Engine | Row (13, 'had_dj_intro', 'BOOLEAN', 1, None, 0)
2026-01-03 00:52:35 | [36mDEBUG[0m | sqlalchemy.engine.Engine | Row (14, 'dj_intro_text', 'TEXT', 0, None, 0)
2026-01-03 00:52:35 | [36mDEBUG[0m | sqlalchemy.engine.Engine | Row (15, 'listener_count', 'INTEGER', 0, None, 0)
2026-01-03 00:52:35 | [36mDEBUG[0m | sqlalchemy.engine.Engine | Row (16, 'upvotes_during_play', 'INTEGER', 1, None, 0)
2026-01-03 00:52:35 | [36mDEBUG[0m | sqlalchemy.engine.Engine | Row (17, 'downvotes_during_play', 'INTEGER', 1, None, 0)
2026-01-03 00:52:35 | [36mDEBUG[0m | sqlalchemy.engine.Engine | Row (18, 'skips_requested', 'INTEGER', 1, None, 0)
2026-01-03 00:52:35 | [36mDEBUG[0m | sqlalchemy.engine.Engine | Row (19, 'created_at', 'DATETIME', 1, None, 0)
2026-01-03 00:52:35 | [36mDEBUG[0m | sqlalchemy.engine.Engine | Row (20, 'updated_at', 'DATETIME', 1, None, 0)
2026-01-03 00:52:35 | [32mINFO[0m | sqlalchemy.engine.Engine | PRAGMA main.table_info("radio_queue")
2026-01-03 00:52:35 | [32mINFO[0m | sqlalchemy.engine.Engine | [raw sql] ()
2026-01-03 00:52:35 | [36mDEBUG[0m | aiosqlite | executing functools.partial(<built-in method cursor of sqlite3.Connection object at 0x000001BA83D11F30>)
2026-01-03 00:52:35 | [36mDEBUG[0m | aiosqlite | operation functools.partial(<built-in method cursor of sqlite3.Connection object at 0x000001BA83D11F30>) completed
2026-01-03 00:52:35 | [36mDEBUG[0m | aiosqlite | executing functools.partial(<built-in method execute of sqlite3.Cursor object at 0x000001BA83E8BCC0>, 'PRAGMA main.table_info("radio_queue")', ())
2026-01-03 00:52:35 | [36mDEBUG[0m | aiosqlite | operation functools.partial(<built-in method execute of sqlite3.Cursor object at 0x000001BA83E8BCC0>, 'PRAGMA main.table_info("radio_queue")', ()) completed
2026-01-03 00:52:35 | [36mDEBUG[0m | aiosqlite | executing functools.partial(<built-in method fetchall of sqlite3.Cursor object at 0x000001BA83E8BCC0>)
2026-01-03 00:52:35 | [36mDEBUG[0m | aiosqlite | operation functools.partial(<built-in method fetchall of sqlite3.Cursor object at 0x000001BA83E8BCC0>) completed
2026-01-03 00:52:35 | [36mDEBUG[0m | aiosqlite | executing functools.partial(<built-in method close of sqlite3.Cursor object at 0x000001BA83E8BCC0>)
2026-01-03 00:52:35 | [36mDEBUG[0m | sqlalchemy.engine.Engine | Col ('cid', 'name', 'type', 'notnull', 'dflt_value', 'pk')
2026-01-03 00:52:35 | [36mDEBUG[0m | aiosqlite | operation functools.partial(<built-in method close of sqlite3.Cursor object at 0x000001BA83E8BCC0>) completed
2026-01-03 00:52:35 | [36mDEBUG[0m | sqlalchemy.engine.Engine | Row (0, 'id', 'INTEGER', 1, None, 1)
2026-01-03 00:52:35 | [36mDEBUG[0m | sqlalchemy.engine.Engine | Row (1, 'user_id', 'INTEGER', 0, None, 0)
2026-01-03 00:52:35 | [36mDEBUG[0m | sqlalchemy.engine.Engine | Row (2, 'telegram_user_id', 'BIGINT', 0, None, 0)
2026-01-03 00:52:35 | [36mDEBUG[0m | sqlalchemy.engine.Engine | Row (3, 'telegram_message_id', 'BIGINT', 0, None, 0)
2026-01-03 00:52:35 | [36mDEBUG[0m | sqlalchemy.engine.Engine | Row (4, 'song_id', 'INTEGER', 0, None, 0)
2026-01-03 00:52:35 | [36mDEBUG[0m | sqlalchemy.engine.Engine | Row (5, 'original_prompt', 'TEXT', 1, None, 0)
2026-01-03 00:52:35 | [36mDEBUG[0m | sqlalchemy.engine.Engine | Row (6, 'enhanced_prompt', 'TEXT', 0, None, 0)
2026-01-03 00:52:35 | [36mDEBUG[0m | sqlalchemy.engine.Engine | Row (7, 'genre_hint', 'VARCHAR(100)', 0, None, 0)
2026-01-03 00:52:35 | [36mDEBUG[0m | sqlalchemy.engine.Engine | Row (8, 'is_instrumental', 'BOOLEAN', 1, None, 0)
2026-01-03 00:52:35 | [36mDEBUG[0m | sqlalchemy.engine.Engine | Row (9, 'status', 'VARCHAR(50)', 1, None, 0)
2026-01-03 00:52:35 | [36mDEBUG[0m | sqlalchemy.engine.Engine | Row (10, 'suno_job_id', 'VARCHAR(255)', 0, None, 0)
2026-01-03 00:52:35 | [36mDEBUG[0m | sqlalchemy.engine.Engine | Row (11, 'error_message', 'TEXT', 0, None, 0)
2026-01-03 00:52:35 | [36mDEBUG[0m | sqlalchemy.engine.Engine | Row (12, 'retry_count', 'INTEGER', 1, None, 0)
2026-01-03 00:52:35 | [36mDEBUG[0m | sqlalchemy.engine.Engine | Row (13, 'max_retries', 'INTEGER', 1, None, 0)
2026-01-03 00:52:35 | [36mDEBUG[0m | sqlalchemy.engine.Engine | Row (14, 'base_priority', 'FLOAT', 1, None, 0)
2026-01-03 00:52:35 | [36mDEBUG[0m | sqlalchemy.engine.Engine | Row (15, 'priority_score', 'FLOAT', 1, None, 0)
2026-01-03 00:52:35 | [36mDEBUG[0m | sqlalchemy.engine.Engine | Row (16, 'is_priority_boost', 'BOOLEAN', 1, None, 0)
2026-01-03 00:52:35 | [36mDEBUG[0m | sqlalchemy.engine.Engine | Row (17, 'priority_boost_reason', 'VARCHAR(255)', 0, None, 0)
2026-01-03 00:52:35 | [36mDEBUG[0m | sqlalchemy.engine.Engine | Row (18, 'upvotes', 'INTEGER', 1, None, 0)
2026-01-03 00:52:35 | [36mDEBUG[0m | sqlalchemy.engine.Engine | Row (19, 'downvotes', 'INTEGER', 1, None, 0)
2026-01-03 00:52:35 | [36mDEBUG[0m | sqlalchemy.engine.Engine | Row (20, 'requested_at', 'DATETIME', 1, None, 0)
2026-01-03 00:52:35 | [36mDEBUG[0m | sqlalchemy.engine.Engine | Row (21, 'queued_at', 'DATETIME', 0, None, 0)
2026-01-03 00:52:35 | [36mDEBUG[0m | sqlalchemy.engine.Engine | Row (22, 'generation_started_at', 'DATETIME', 0, None, 0)
2026-01-03 00:52:35 | [36mDEBUG[0m | sqlalchemy.engine.Engine | Row (23, 'generation_completed_at', 'DATETIME', 0, None, 0)
2026-01-03 00:52:35 | [36mDEBUG[0m | sqlalchemy.engine.Engine | Row (24, 'broadcast_started_at', 'DATETIME', 0, None, 0)
2026-01-03 00:52:35 | [36mDEBUG[0m | sqlalchemy.engine.Engine | Row (25, 'completed_at', 'DATETIME', 0, None, 0)
2026-01-03 00:52:35 | [36mDEBUG[0m | sqlalchemy.engine.Engine | Row (26, 'is_moderated', 'BOOLEAN', 1, None, 0)
2026-01-03 00:52:35 | [36mDEBUG[0m | sqlalchemy.engine.Engine | Row (27, 'moderation_passed', 'BOOLEAN', 0, None, 0)
2026-01-03 00:52:35 | [36mDEBUG[0m | sqlalchemy.engine.Engine | Row (28, 'moderation_reason', 'TEXT', 0, None, 0)
2026-01-03 00:52:35 | [36mDEBUG[0m | sqlalchemy.engine.Engine | Row (29, 'has_dj_intro', 'BOOLEAN', 1, None, 0)
2026-01-03 00:52:35 | [36mDEBUG[0m | sqlalchemy.engine.Engine | Row (30, 'dj_intro_path', 'VARCHAR(500)', 0, None, 0)
2026-01-03 00:52:35 | [36mDEBUG[0m | sqlalchemy.engine.Engine | Row (31, 'created_at', 'DATETIME', 1, None, 0)
2026-01-03 00:52:35 | [36mDEBUG[0m | sqlalchemy.engine.Engine | Row (32, 'updated_at', 'DATETIME', 1, None, 0)
2026-01-03 00:52:35 | [32mINFO[0m | sqlalchemy.engine.Engine | PRAGMA main.table_info("songs")
2026-01-03 00:52:35 | [32mINFO[0m | sqlalchemy.engine.Engine | [raw sql] ()
2026-01-03 00:52:35 | [36mDEBUG[0m | aiosqlite | executing functools.partial(<built-in method cursor of sqlite3.Connection object at 0x000001BA83D11F30>)
2026-01-03 00:52:35 | [36mDEBUG[0m | aiosqlite | operation functools.partial(<built-in method cursor of sqlite3.Connection object at 0x000001BA83D11F30>) completed
2026-01-03 00:52:35 | [36mDEBUG[0m | aiosqlite | executing functools.partial(<built-in method execute of sqlite3.Cursor object at 0x000001BA83D3AA40>, 'PRAGMA main.table_info("songs")', ())
2026-01-03 00:52:35 | [36mDEBUG[0m | aiosqlite | operation functools.partial(<built-in method execute of sqlite3.Cursor object at 0x000001BA83D3AA40>, 'PRAGMA main.table_info("songs")', ()) completed
2026-01-03 00:52:35 | [36mDEBUG[0m | aiosqlite | executing functools.partial(<built-in method fetchall of sqlite3.Cursor object at 0x000001BA83D3AA40>)
2026-01-03 00:52:35 | [36mDEBUG[0m | aiosqlite | operation functools.partial(<built-in method fetchall of sqlite3.Cursor object at 0x000001BA83D3AA40>) completed
2026-01-03 00:52:35 | [36mDEBUG[0m | aiosqlite | executing functools.partial(<built-in method close of sqlite3.Cursor object at 0x000001BA83D3AA40>)
2026-01-03 00:52:35 | [36mDEBUG[0m | sqlalchemy.engine.Engine | Col ('cid', 'name', 'type', 'notnull', 'dflt_value', 'pk')
2026-01-03 00:52:35 | [36mDEBUG[0m | aiosqlite | operation functools.partial(<built-in method close of sqlite3.Cursor object at 0x000001BA83D3AA40>) completed
2026-01-03 00:52:35 | [36mDEBUG[0m | sqlalchemy.engine.Engine | Row (0, 'id', 'INTEGER', 1, None, 1)
2026-01-03 00:52:35 | [36mDEBUG[0m | sqlalchemy.engine.Engine | Row (1, 'suno_job_id', 'VARCHAR(255)', 0, None, 0)
2026-01-03 00:52:35 | [36mDEBUG[0m | sqlalchemy.engine.Engine | Row (2, 'suno_status', 'VARCHAR(50)', 1, None, 0)
2026-01-03 00:52:35 | [36mDEBUG[0m | sqlalchemy.engine.Engine | Row (3, 'title', 'VARCHAR(500)', 0, None, 0)
2026-01-03 00:52:35 | [36mDEBUG[0m | sqlalchemy.engine.Engine | Row (4, 'artist', 'VARCHAR(255)', 1, None, 0)
2026-01-03 00:52:35 | [36mDEBUG[0m | sqlalchemy.engine.Engine | Row (5, 'original_prompt', 'TEXT', 0, None, 0)
2026-01-03 00:52:35 | [36mDEBUG[0m | sqlalchemy.engine.Engine | Row (6, 'enhanced_prompt', 'TEXT', 0, None, 0)
2026-01-03 00:52:35 | [36mDEBUG[0m | sqlalchemy.engine.Engine | Row (7, 'style_prompt', 'TEXT', 0, None, 0)
2026-01-03 00:52:35 | [36mDEBUG[0m | sqlalchemy.engine.Engine | Row (8, 'lyrics', 'TEXT', 0, None, 0)
2026-01-03 00:52:35 | [36mDEBUG[0m | sqlalchemy.engine.Engine | Row (9, 'genre', 'VARCHAR(100)', 0, None, 0)
2026-01-03 00:52:35 | [36mDEBUG[0m | sqlalchemy.engine.Engine | Row (10, 'subgenre', 'VARCHAR(100)', 0, None, 0)
2026-01-03 00:52:35 | [36mDEBUG[0m | sqlalchemy.engine.Engine | Row (11, 'mood', 'VARCHAR(100)', 0, None, 0)
2026-01-03 00:52:35 | [36mDEBUG[0m | sqlalchemy.engine.Engine | Row (12, 'energy', 'VARCHAR(50)', 0, None, 0)
2026-01-03 00:52:35 | [36mDEBUG[0m | sqlalchemy.engine.Engine | Row (13, 'duration_seconds', 'FLOAT', 0, None, 0)
2026-01-03 00:52:35 | [36mDEBUG[0m | sqlalchemy.engine.Engine | Row (14, 'bpm', 'INTEGER', 0, None, 0)
2026-01-03 00:52:35 | [36mDEBUG[0m | sqlalchemy.engine.Engine | Row (15, 'key', 'VARCHAR(10)', 0, None, 0)
2026-01-03 00:52:35 | [36mDEBUG[0m | sqlalchemy.engine.Engine | Row (16, 'is_instrumental', 'BOOLEAN', 1, None, 0)
2026-01-03 00:52:35 | [36mDEBUG[0m | sqlalchemy.engine.Engine | Row (17, 'audio_url', 'VARCHAR(1000)', 0, None, 0)
2026-01-03 00:52:35 | [36mDEBUG[0m | sqlalchemy.engine.Engine | Row (18, 'local_file_path', 'VARCHAR(500)', 0, None, 0)
2026-01-03 00:52:35 | [36mDEBUG[0m | sqlalchemy.engine.Engine | Row (19, 'file_size_bytes', 'INTEGER', 0, None, 0)
2026-01-03 00:52:35 | [36mDEBUG[0m | sqlalchemy.engine.Engine | Row (20, 'audio_format', 'VARCHAR(10)', 1, None, 0)
2026-01-03 00:52:35 | [36mDEBUG[0m | sqlalchemy.engine.Engine | Row (21, 'lufs_level', 'FLOAT', 0, None, 0)
2026-01-03 00:52:35 | [36mDEBUG[0m | sqlalchemy.engine.Engine | Row (22, 'peak_db', 'FLOAT', 0, None, 0)
2026-01-03 00:52:35 | [36mDEBUG[0m | sqlalchemy.engine.Engine | Row (23, 'is_normalized', 'BOOLEAN', 1, None, 0)
2026-01-03 00:52:35 | [36mDEBUG[0m | sqlalchemy.engine.Engine | Row (24, 'generation_started_at', 'DATETIME', 0, None, 0)
2026-01-03 00:52:35 | [36mDEBUG[0m | sqlalchemy.engine.Engine | Row (25, 'generation_completed_at', 'DATETIME', 0, None, 0)
2026-01-03 00:52:35 | [36mDEBUG[0m | sqlalchemy.engine.Engine | Row (26, 'downloaded_at', 'DATETIME', 0, None, 0)
2026-01-03 00:52:35 | [36mDEBUG[0m | sqlalchemy.engine.Engine | Row (27, 'play_count', 'INTEGER', 1, None, 0)
2026-01-03 00:52:35 | [36mDEBUG[0m | sqlalchemy.engine.Engine | Row (28, 'total_upvotes', 'INTEGER', 1, None, 0)
2026-01-03 00:52:35 | [36mDEBUG[0m | sqlalchemy.engine.Engine | Row (29, 'total_downvotes', 'INTEGER', 1, None, 0)
2026-01-03 00:52:35 | [36mDEBUG[0m | sqlalchemy.engine.Engine | Row (30, 'is_approved', 'BOOLEAN', 1, None, 0)
2026-01-03 00:52:35 | [36mDEBUG[0m | sqlalchemy.engine.Engine | Row (31, 'moderation_notes', 'TEXT', 0, None, 0)
2026-01-03 00:52:35 | [36mDEBUG[0m | sqlalchemy.engine.Engine | Row (32, 'flagged_at', 'DATETIME', 0, None, 0)
2026-01-03 00:52:35 | [36mDEBUG[0m | sqlalchemy.engine.Engine | Row (33, 'created_at', 'DATETIME', 1, None, 0)
2026-01-03 00:52:35 | [36mDEBUG[0m | sqlalchemy.engine.Engine | Row (34, 'updated_at', 'DATETIME', 1, None, 0)
2026-01-03 00:52:35 | [32mINFO[0m | sqlalchemy.engine.Engine | PRAGMA main.table_info("users")
2026-01-03 00:52:35 | [32mINFO[0m | sqlalchemy.engine.Engine | [raw sql] ()
2026-01-03 00:52:35 | [36mDEBUG[0m | aiosqlite | executing functools.partial(<built-in method cursor of sqlite3.Connection object at 0x000001BA83D11F30>)
2026-01-03 00:52:35 | [36mDEBUG[0m | aiosqlite | operation functools.partial(<built-in method cursor of sqlite3.Connection object at 0x000001BA83D11F30>) completed
2026-01-03 00:52:35 | [36mDEBUG[0m | aiosqlite | executing functools.partial(<built-in method execute of sqlite3.Cursor object at 0x000001BA83F27BC0>, 'PRAGMA main.table_info("users")', ())
2026-01-03 00:52:35 | [36mDEBUG[0m | aiosqlite | operation functools.partial(<built-in method execute of sqlite3.Cursor object at 0x000001BA83F27BC0>, 'PRAGMA main.table_info("users")', ()) completed
2026-01-03 00:52:35 | [36mDEBUG[0m | aiosqlite | executing functools.partial(<built-in method fetchall of sqlite3.Cursor object at 0x000001BA83F27BC0>)
2026-01-03 00:52:35 | [36mDEBUG[0m | aiosqlite | operation functools.partial(<built-in method fetchall of sqlite3.Cursor object at 0x000001BA83F27BC0>) completed
2026-01-03 00:52:35 | [36mDEBUG[0m | aiosqlite | executing functools.partial(<built-in method close of sqlite3.Cursor object at 0x000001BA83F27BC0>)
2026-01-03 00:52:35 | [36mDEBUG[0m | sqlalchemy.engine.Engine | Col ('cid', 'name', 'type', 'notnull', 'dflt_value', 'pk')
2026-01-03 00:52:35 | [36mDEBUG[0m | aiosqlite | operation functools.partial(<built-in method close of sqlite3.Cursor object at 0x000001BA83F27BC0>) completed
2026-01-03 00:52:35 | [36mDEBUG[0m | sqlalchemy.engine.Engine | Row (0, 'id', 'INTEGER', 1, None, 1)
2026-01-03 00:52:35 | [36mDEBUG[0m | sqlalchemy.engine.Engine | Row (1, 'telegram_id', 'BIGINT', 1, None, 0)
2026-01-03 00:52:35 | [36mDEBUG[0m | sqlalchemy.engine.Engine | Row (2, 'telegram_username', 'VARCHAR(255)', 0, None, 0)
2026-01-03 00:52:35 | [36mDEBUG[0m | sqlalchemy.engine.Engine | Row (3, 'telegram_first_name', 'VARCHAR(255)', 0, None, 0)
2026-01-03 00:52:35 | [36mDEBUG[0m | sqlalchemy.engine.Engine | Row (4, 'telegram_last_name', 'VARCHAR(255)', 0, None, 0)
2026-01-03 00:52:35 | [36mDEBUG[0m | sqlalchemy.engine.Engine | Row (5, 'reputation_score', 'FLOAT', 1, None, 0)
2026-01-03 00:52:35 | [36mDEBUG[0m | sqlalchemy.engine.Engine | Row (6, 'total_requests', 'INTEGER', 1, None, 0)
2026-01-03 00:52:35 | [36mDEBUG[0m | sqlalchemy.engine.Engine | Row (7, 'successful_requests', 'INTEGER', 1, None, 0)
2026-01-03 00:52:35 | [36mDEBUG[0m | sqlalchemy.engine.Engine | Row (8, 'failed_requests', 'INTEGER', 1, None, 0)
2026-01-03 00:52:35 | [36mDEBUG[0m | sqlalchemy.engine.Engine | Row (9, 'total_upvotes_received', 'INTEGER', 1, None, 0)
2026-01-03 00:52:35 | [36mDEBUG[0m | sqlalchemy.engine.Engine | Row (10, 'total_downvotes_received', 'INTEGER', 1, None, 0)
2026-01-03 00:52:35 | [36mDEBUG[0m | sqlalchemy.engine.Engine | Row (11, 'total_upvotes_given', 'INTEGER', 1, None, 0)
2026-01-03 00:52:35 | [36mDEBUG[0m | sqlalchemy.engine.Engine | Row (12, 'total_downvotes_given', 'INTEGER', 1, None, 0)
2026-01-03 00:52:35 | [36mDEBUG[0m | sqlalchemy.engine.Engine | Row (13, 'is_banned', 'BOOLEAN', 1, None, 0)
2026-01-03 00:52:35 | [36mDEBUG[0m | sqlalchemy.engine.Engine | Row (14, 'is_premium', 'BOOLEAN', 1, None, 0)
2026-01-03 00:52:35 | [36mDEBUG[0m | sqlalchemy.engine.Engine | Row (15, 'ban_reason', 'TEXT', 0, None, 0)
2026-01-03 00:52:35 | [36mDEBUG[0m | sqlalchemy.engine.Engine | Row (16, 'banned_at', 'DATETIME', 0, None, 0)
2026-01-03 00:52:35 | [36mDEBUG[0m | sqlalchemy.engine.Engine | Row (17, 'banned_until', 'DATETIME', 0, None, 0)
2026-01-03 00:52:35 | [36mDEBUG[0m | sqlalchemy.engine.Engine | Row (18, 'last_request_at', 'DATETIME', 0, None, 0)
2026-01-03 00:52:35 | [36mDEBUG[0m | sqlalchemy.engine.Engine | Row (19, 'last_vote_at', 'DATETIME', 0, None, 0)
2026-01-03 00:52:35 | [36mDEBUG[0m | sqlalchemy.engine.Engine | Row (20, 'last_active_at', 'DATETIME', 0, None, 0)
2026-01-03 00:52:35 | [36mDEBUG[0m | sqlalchemy.engine.Engine | Row (21, 'created_at', 'DATETIME', 1, None, 0)
2026-01-03 00:52:35 | [36mDEBUG[0m | sqlalchemy.engine.Engine | Row (22, 'updated_at', 'DATETIME', 1, None, 0)
2026-01-03 00:52:35 | [32mINFO[0m | sqlalchemy.engine.Engine | PRAGMA main.table_info("votes")
2026-01-03 00:52:35 | [32mINFO[0m | sqlalchemy.engine.Engine | [raw sql] ()
2026-01-03 00:52:35 | [36mDEBUG[0m | aiosqlite | executing functools.partial(<built-in method cursor of sqlite3.Connection object at 0x000001BA83D11F30>)
2026-01-03 00:52:35 | [36mDEBUG[0m | aiosqlite | operation functools.partial(<built-in method cursor of sqlite3.Connection object at 0x000001BA83D11F30>) completed
2026-01-03 00:52:35 | [36mDEBUG[0m | aiosqlite | executing functools.partial(<built-in method execute of sqlite3.Cursor object at 0x000001BA83F27CC0>, 'PRAGMA main.table_info("votes")', ())
2026-01-03 00:52:35 | [36mDEBUG[0m | aiosqlite | operation functools.partial(<built-in method execute of sqlite3.Cursor object at 0x000001BA83F27CC0>, 'PRAGMA main.table_info("votes")', ()) completed
2026-01-03 00:52:35 | [36mDEBUG[0m | aiosqlite | executing functools.partial(<built-in method fetchall of sqlite3.Cursor object at 0x000001BA83F27CC0>)
2026-01-03 00:52:35 | [36mDEBUG[0m | aiosqlite | operation functools.partial(<built-in method fetchall of sqlite3.Cursor object at 0x000001BA83F27CC0>) completed
2026-01-03 00:52:35 | [36mDEBUG[0m | aiosqlite | executing functools.partial(<built-in method close of sqlite3.Cursor object at 0x000001BA83F27CC0>)
2026-01-03 00:52:35 | [36mDEBUG[0m | aiosqlite | operation functools.partial(<built-in method close of sqlite3.Cursor object at 0x000001BA83F27CC0>) completed
2026-01-03 00:52:35 | [36mDEBUG[0m | sqlalchemy.engine.Engine | Col ('cid', 'name', 'type', 'notnull', 'dflt_value', 'pk')
2026-01-03 00:52:35 | [36mDEBUG[0m | sqlalchemy.engine.Engine | Row (0, 'id', 'INTEGER', 1, None, 1)
2026-01-03 00:52:35 | [36mDEBUG[0m | sqlalchemy.engine.Engine | Row (1, 'user_id', 'INTEGER', 1, None, 0)
2026-01-03 00:52:35 | [36mDEBUG[0m | sqlalchemy.engine.Engine | Row (2, 'telegram_user_id', 'BIGINT', 0, None, 0)
2026-01-03 00:52:35 | [36mDEBUG[0m | sqlalchemy.engine.Engine | Row (3, 'queue_item_id', 'INTEGER', 1, None, 0)
2026-01-03 00:52:35 | [36mDEBUG[0m | sqlalchemy.engine.Engine | Row (4, 'vote_type', 'VARCHAR(20)', 1, None, 0)
2026-01-03 00:52:35 | [36mDEBUG[0m | sqlalchemy.engine.Engine | Row (5, 'voted_at', 'DATETIME', 1, None, 0)
2026-01-03 00:52:35 | [36mDEBUG[0m | sqlalchemy.engine.Engine | Row (6, 'previous_vote_type', 'VARCHAR(20)', 0, None, 0)
2026-01-03 00:52:35 | [36mDEBUG[0m | sqlalchemy.engine.Engine | Row (7, 'changed_at', 'DATETIME', 0, None, 0)
2026-01-03 00:52:35 | [36mDEBUG[0m | sqlalchemy.engine.Engine | Row (8, 'source', 'VARCHAR(50)', 1, None, 0)
2026-01-03 00:52:35 | [36mDEBUG[0m | sqlalchemy.engine.Engine | Row (9, 'telegram_callback_id', 'VARCHAR(255)', 0, None, 0)
2026-01-03 00:52:35 | [36mDEBUG[0m | sqlalchemy.engine.Engine | Row (10, 'created_at', 'DATETIME', 1, None, 0)
2026-01-03 00:52:35 | [36mDEBUG[0m | sqlalchemy.engine.Engine | Row (11, 'updated_at', 'DATETIME', 1, None, 0)
2026-01-03 00:52:35 | [32mINFO[0m | sqlalchemy.engine.Engine | 
DROP TABLE votes
2026-01-03 00:52:35 | [32mINFO[0m | sqlalchemy.engine.Engine | [no key 0.00018s] ()
2026-01-03 00:52:35 | [36mDEBUG[0m | aiosqlite | executing functools.partial(<built-in method cursor of sqlite3.Connection object at 0x000001BA83D11F30>)
2026-01-03 00:52:35 | [36mDEBUG[0m | aiosqlite | operation functools.partial(<built-in method cursor of sqlite3.Connection object at 0x000001BA83D11F30>) completed
2026-01-03 00:52:35 | [36mDEBUG[0m | aiosqlite | executing functools.partial(<built-in method execute of sqlite3.Cursor object at 0x000001BA83F27C40>, '\nDROP TABLE votes', ())
2026-01-03 00:52:35 | [36mDEBUG[0m | aiosqlite | operation functools.partial(<built-in method execute of sqlite3.Cursor object at 0x000001BA83F27C40>, '\nDROP TABLE votes', ()) completed
2026-01-03 00:52:35 | [36mDEBUG[0m | aiosqlite | executing functools.partial(<built-in method close of sqlite3.Cursor object at 0x000001BA83F27C40>)
2026-01-03 00:52:35 | [32mINFO[0m | sqlalchemy.engine.Engine | 
DROP TABLE radio_queue
2026-01-03 00:52:35 | [36mDEBUG[0m | aiosqlite | operation functools.partial(<built-in method close of sqlite3.Cursor object at 0x000001BA83F27C40>) completed
2026-01-03 00:52:35 | [32mINFO[0m | sqlalchemy.engine.Engine | [no key 0.00024s] ()
2026-01-03 00:52:35 | [36mDEBUG[0m | aiosqlite | executing functools.partial(<built-in method cursor of sqlite3.Connection object at 0x000001BA83D11F30>)
2026-01-03 00:52:35 | [36mDEBUG[0m | aiosqlite | operation functools.partial(<built-in method cursor of sqlite3.Connection object at 0x000001BA83D11F30>) completed
2026-01-03 00:52:35 | [36mDEBUG[0m | aiosqlite | executing functools.partial(<built-in method execute of sqlite3.Cursor object at 0x000001BA83F279C0>, '\nDROP TABLE radio_queue', ())
2026-01-03 00:52:35 | [36mDEBUG[0m | aiosqlite | operation functools.partial(<built-in method execute of sqlite3.Cursor object at 0x000001BA83F279C0>, '\nDROP TABLE radio_queue', ()) completed
2026-01-03 00:52:35 | [36mDEBUG[0m | aiosqlite | executing functools.partial(<built-in method close of sqlite3.Cursor object at 0x000001BA83F279C0>)
2026-01-03 00:52:35 | [36mDEBUG[0m | aiosqlite | operation functools.partial(<built-in method close of sqlite3.Cursor object at 0x000001BA83F279C0>) completed
2026-01-03 00:52:35 | [32mINFO[0m | sqlalchemy.engine.Engine | 
DROP TABLE radio_history
2026-01-03 00:52:35 | [32mINFO[0m | sqlalchemy.engine.Engine | [no key 0.00029s] ()
2026-01-03 00:52:35 | [36mDEBUG[0m | aiosqlite | executing functools.partial(<built-in method cursor of sqlite3.Connection object at 0x000001BA83D11F30>)
2026-01-03 00:52:35 | [36mDEBUG[0m | aiosqlite | operation functools.partial(<built-in method cursor of sqlite3.Connection object at 0x000001BA83D11F30>) completed
2026-01-03 00:52:35 | [36mDEBUG[0m | aiosqlite | executing functools.partial(<built-in method execute of sqlite3.Cursor object at 0x000001BA83F27940>, '\nDROP TABLE radio_history', ())
2026-01-03 00:52:35 | [36mDEBUG[0m | aiosqlite | operation functools.partial(<built-in method execute of sqlite3.Cursor object at 0x000001BA83F27940>, '\nDROP TABLE radio_history', ()) completed
2026-01-03 00:52:35 | [36mDEBUG[0m | aiosqlite | executing functools.partial(<built-in method close of sqlite3.Cursor object at 0x000001BA83F27940>)
2026-01-03 00:52:35 | [36mDEBUG[0m | aiosqlite | operation functools.partial(<built-in method close of sqlite3.Cursor object at 0x000001BA83F27940>) completed
2026-01-03 00:52:35 | [32mINFO[0m | sqlalchemy.engine.Engine | 
DROP TABLE chat_messages
2026-01-03 00:52:35 | [32mINFO[0m | sqlalchemy.engine.Engine | [no key 0.00033s] ()
2026-01-03 00:52:35 | [36mDEBUG[0m | aiosqlite | executing functools.partial(<built-in method cursor of sqlite3.Connection object at 0x000001BA83D11F30>)
2026-01-03 00:52:35 | [36mDEBUG[0m | aiosqlite | operation functools.partial(<built-in method cursor of sqlite3.Connection object at 0x000001BA83D11F30>) completed
2026-01-03 00:52:35 | [36mDEBUG[0m | aiosqlite | executing functools.partial(<built-in method execute of sqlite3.Cursor object at 0x000001BA83F27E40>, '\nDROP TABLE chat_messages', ())
2026-01-03 00:52:35 | [36mDEBUG[0m | aiosqlite | operation functools.partial(<built-in method execute of sqlite3.Cursor object at 0x000001BA83F27E40>, '\nDROP TABLE chat_messages', ()) completed
2026-01-03 00:52:35 | [36mDEBUG[0m | aiosqlite | executing functools.partial(<built-in method close of sqlite3.Cursor object at 0x000001BA83F27E40>)
2026-01-03 00:52:35 | [32mINFO[0m | sqlalchemy.engine.Engine | 
DROP TABLE users
2026-01-03 00:52:35 | [36mDEBUG[0m | aiosqlite | operation functools.partial(<built-in method close of sqlite3.Cursor object at 0x000001BA83F27E40>) completed
2026-01-03 00:52:35 | [32mINFO[0m | sqlalchemy.engine.Engine | [no key 0.00025s] ()
2026-01-03 00:52:35 | [36mDEBUG[0m | aiosqlite | executing functools.partial(<built-in method cursor of sqlite3.Connection object at 0x000001BA83D11F30>)
2026-01-03 00:52:35 | [36mDEBUG[0m | aiosqlite | operation functools.partial(<built-in method cursor of sqlite3.Connection object at 0x000001BA83D11F30>) completed
2026-01-03 00:52:35 | [36mDEBUG[0m | aiosqlite | executing functools.partial(<built-in method execute of sqlite3.Cursor object at 0x000001BA83F27B40>, '\nDROP TABLE users', ())
2026-01-03 00:52:35 | [36mDEBUG[0m | aiosqlite | operation functools.partial(<built-in method execute of sqlite3.Cursor object at 0x000001BA83F27B40>, '\nDROP TABLE users', ()) completed
2026-01-03 00:52:35 | [36mDEBUG[0m | aiosqlite | executing functools.partial(<built-in method close of sqlite3.Cursor object at 0x000001BA83F27B40>)
2026-01-03 00:52:35 | [36mDEBUG[0m | aiosqlite | operation functools.partial(<built-in method close of sqlite3.Cursor object at 0x000001BA83F27B40>) completed
2026-01-03 00:52:35 | [32mINFO[0m | sqlalchemy.engine.Engine | 
DROP TABLE songs
2026-01-03 00:52:35 | [32mINFO[0m | sqlalchemy.engine.Engine | [no key 0.00026s] ()
2026-01-03 00:52:35 | [36mDEBUG[0m | aiosqlite | executing functools.partial(<built-in method cursor of sqlite3.Connection object at 0x000001BA83D11F30>)
2026-01-03 00:52:35 | [36mDEBUG[0m | aiosqlite | operation functools.partial(<built-in method cursor of sqlite3.Connection object at 0x000001BA83D11F30>) completed
2026-01-03 00:52:35 | [36mDEBUG[0m | aiosqlite | executing functools.partial(<built-in method execute of sqlite3.Cursor object at 0x000001BA83C83EC0>, '\nDROP TABLE songs', ())
2026-01-03 00:52:35 | [36mDEBUG[0m | aiosqlite | operation functools.partial(<built-in method execute of sqlite3.Cursor object at 0x000001BA83C83EC0>, '\nDROP TABLE songs', ()) completed
2026-01-03 00:52:35 | [36mDEBUG[0m | aiosqlite | executing functools.partial(<built-in method close of sqlite3.Cursor object at 0x000001BA83C83EC0>)
2026-01-03 00:52:35 | [32mINFO[0m | sqlalchemy.engine.Engine | COMMIT
2026-01-03 00:52:35 | [36mDEBUG[0m | aiosqlite | operation functools.partial(<built-in method close of sqlite3.Cursor object at 0x000001BA83C83EC0>) completed
2026-01-03 00:52:35 | [36mDEBUG[0m | aiosqlite | executing functools.partial(<built-in method commit of sqlite3.Connection object at 0x000001BA83D11F30>)
2026-01-03 00:52:35 | [36mDEBUG[0m | aiosqlite | operation functools.partial(<built-in method commit of sqlite3.Connection object at 0x000001BA83D11F30>) completed
2026-01-03 00:52:35 | [36mDEBUG[0m | aiosqlite | executing functools.partial(<built-in method rollback of sqlite3.Connection object at 0x000001BA83D11F30>)
2026-01-03 00:52:35 | [36mDEBUG[0m | aiosqlite | operation functools.partial(<built-in method rollback of sqlite3.Connection object at 0x000001BA83D11F30>) completed
2026-01-03 00:52:35 | [36mDEBUG[0m | aiosqlite | executing functools.partial(<built-in method close of sqlite3.Connection object at 0x000001BA83D11F30>)
2026-01-03 00:52:35 | [36mDEBUG[0m | aiosqlite | operation functools.partial(<built-in method close of sqlite3.Connection object at 0x000001BA83D11F30>) completed
2026-01-03 00:52:35 | [36mDEBUG[0m | aiosqlite | executing <function Connection.stop.<locals>.close_and_stop at 0x000001BA83EADBC0>
2026-01-03 00:52:35 | [36mDEBUG[0m | aiosqlite | operation <function Connection.stop.<locals>.close_and_stop at 0x000001BA83EADBC0> completed
---------------------------- Captured log teardown ----------------------------
INFO     sqlalchemy.engine.Engine:base.py:2710 BEGIN (implicit)
INFO     sqlalchemy.engine.Engine:base.py:1846 PRAGMA main.table_info("chat_messages")
INFO     sqlalchemy.engine.Engine:base.py:1846 [raw sql] ()
DEBUG    aiosqlite:core.py:62 executing functools.partial(<built-in method cursor of sqlite3.Connection object at 0x000001BA83D11F30>)
DEBUG    aiosqlite:core.py:67 operation functools.partial(<built-in method cursor of sqlite3.Connection object at 0x000001BA83D11F30>) completed
DEBUG    aiosqlite:core.py:62 executing functools.partial(<built-in method execute of sqlite3.Cursor object at 0x000001BA83C623C0>, 'PRAGMA main.table_info("chat_messages")', ())
DEBUG    aiosqlite:core.py:67 operation functools.partial(<built-in method execute of sqlite3.Cursor object at 0x000001BA83C623C0>, 'PRAGMA main.table_info("chat_messages")', ()) completed
DEBUG    aiosqlite:core.py:62 executing functools.partial(<built-in method fetchall of sqlite3.Cursor object at 0x000001BA83C623C0>)
DEBUG    aiosqlite:core.py:67 operation functools.partial(<built-in method fetchall of sqlite3.Cursor object at 0x000001BA83C623C0>) completed
DEBUG    aiosqlite:core.py:62 executing functools.partial(<built-in method close of sqlite3.Cursor object at 0x000001BA83C623C0>)
DEBUG    aiosqlite:core.py:67 operation functools.partial(<built-in method close of sqlite3.Cursor object at 0x000001BA83C623C0>) completed
DEBUG    sqlalchemy.engine.Engine:cursor.py:1549 Col ('cid', 'name', 'type', 'notnull', 'dflt_value', 'pk')
DEBUG    sqlalchemy.engine.Engine:cursor.py:1581 Row (0, 'id', 'INTEGER', 1, None, 1)
DEBUG    sqlalchemy.engine.Engine:cursor.py:1581 Row (1, 'user_id', 'INTEGER', 0, None, 0)
DEBUG    sqlalchemy.engine.Engine:cursor.py:1581 Row (2, 'content', 'TEXT', 1, None, 0)
DEBUG    sqlalchemy.engine.Engine:cursor.py:1581 Row (3, 'message_type', 'VARCHAR(20)', 1, None, 0)
DEBUG    sqlalchemy.engine.Engine:cursor.py:1581 Row (4, 'is_deleted', 'BOOLEAN', 1, None, 0)
DEBUG    sqlalchemy.engine.Engine:cursor.py:1581 Row (5, 'deleted_by_id', 'INTEGER', 0, None, 0)
DEBUG    sqlalchemy.engine.Engine:cursor.py:1581 Row (6, 'deleted_at', 'DATETIME', 0, None, 0)
DEBUG    sqlalchemy.engine.Engine:cursor.py:1581 Row (7, 'delete_reason', 'VARCHAR(255)', 0, None, 0)
DEBUG    sqlalchemy.engine.Engine:cursor.py:1581 Row (8, 'reply_to_id', 'INTEGER', 0, None, 0)
DEBUG    sqlalchemy.engine.Engine:cursor.py:1581 Row (9, 'created_at', 'DATETIME', 1, None, 0)
DEBUG    sqlalchemy.engine.Engine:cursor.py:1581 Row (10, 'updated_at', 'DATETIME', 1, None, 0)
INFO     sqlalchemy.engine.Engine:base.py:1846 PRAGMA main.table_info("radio_history")
INFO     sqlalchemy.engine.Engine:base.py:1846 [raw sql] ()
DEBUG    aiosqlite:core.py:62 executing functools.partial(<built-in method cursor of sqlite3.Connection object at 0x000001BA83D11F30>)
DEBUG    aiosqlite:core.py:67 operation functools.partial(<built-in method cursor of sqlite3.Connection object at 0x000001BA83D11F30>) completed
DEBUG    aiosqlite:core.py:62 executing functools.partial(<built-in method execute of sqlite3.Cursor object at 0x000001BA83F278C0>, 'PRAGMA main.table_info("radio_history")', ())
DEBUG    aiosqlite:core.py:67 operation functools.partial(<built-in method execute of sqlite3.Cursor object at 0x000001BA83F278C0>, 'PRAGMA main.table_info("radio_history")', ()) completed
DEBUG    aiosqlite:core.py:62 executing functools.partial(<built-in method fetchall of sqlite3.Cursor object at 0x000001BA83F278C0>)
DEBUG    aiosqlite:core.py:67 operation functools.partial(<built-in method fetchall of sqlite3.Cursor object at 0x000001BA83F278C0>) completed
DEBUG    aiosqlite:core.py:62 executing functools.partial(<built-in method close of sqlite3.Cursor object at 0x000001BA83F278C0>)
DEBUG    aiosqlite:core.py:67 operation functools.partial(<built-in method close of sqlite3.Cursor object at 0x000001BA83F278C0>) completed
DEBUG    sqlalchemy.engine.Engine:cursor.py:1549 Col ('cid', 'name', 'type', 'notnull', 'dflt_value', 'pk')
DEBUG    sqlalchemy.engine.Engine:cursor.py:1581 Row (0, 'id', 'INTEGER', 1, None, 1)
DEBUG    sqlalchemy.engine.Engine:cursor.py:1581 Row (1, 'song_id', 'INTEGER', 1, None, 0)
DEBUG    sqlalchemy.engine.Engine:cursor.py:1581 Row (2, 'queue_id', 'INTEGER', 0, None, 0)
DEBUG    sqlalchemy.engine.Engine:cursor.py:1581 Row (3, 'played_at', 'DATETIME', 1, None, 0)
DEBUG    sqlalchemy.engine.Engine:cursor.py:1581 Row (4, 'ended_at', 'DATETIME', 0, None, 0)
DEBUG    sqlalchemy.engine.Engine:cursor.py:1581 Row (5, 'duration_played_seconds', 'FLOAT', 0, None, 0)
DEBUG    sqlalchemy.engine.Engine:cursor.py:1581 Row (6, 'broadcast_file_path', 'VARCHAR(500)', 0, None, 0)
DEBUG    sqlalchemy.engine.Engine:cursor.py:1581 Row (7, 'stream_mount', 'VARCHAR(100)', 0, None, 0)
DEBUG    sqlalchemy.engine.Engine:cursor.py:1581 Row (8, 'requester_telegram_id', 'BIGINT', 0, None, 0)
DEBUG    sqlalchemy.engine.Engine:cursor.py:1581 Row (9, 'requester_username', 'VARCHAR(255)', 0, None, 0)
DEBUG    sqlalchemy.engine.Engine:cursor.py:1581 Row (10, 'song_title', 'VARCHAR(500)', 0, None, 0)
DEBUG    sqlalchemy.engine.Engine:cursor.py:1581 Row (11, 'song_artist', 'VARCHAR(255)', 0, None, 0)
DEBUG    sqlalchemy.engine.Engine:cursor.py:1581 Row (12, 'song_genre', 'VARCHAR(100)', 0, None, 0)
DEBUG    sqlalchemy.engine.Engine:cursor.py:1581 Row (13, 'had_dj_intro', 'BOOLEAN', 1, None, 0)
DEBUG    sqlalchemy.engine.Engine:cursor.py:1581 Row (14, 'dj_intro_text', 'TEXT', 0, None, 0)
DEBUG    sqlalchemy.engine.Engine:cursor.py:1581 Row (15, 'listener_count', 'INTEGER', 0, None, 0)
DEBUG    sqlalchemy.engine.Engine:cursor.py:1581 Row (16, 'upvotes_during_play', 'INTEGER', 1, None, 0)
DEBUG    sqlalchemy.engine.Engine:cursor.py:1581 Row (17, 'downvotes_during_play', 'INTEGER', 1, None, 0)
DEBUG    sqlalchemy.engine.Engine:cursor.py:1581 Row (18, 'skips_requested', 'INTEGER', 1, None, 0)
DEBUG    sqlalchemy.engine.Engine:cursor.py:1581 Row (19, 'created_at', 'DATETIME', 1, None, 0)
DEBUG    sqlalchemy.engine.Engine:cursor.py:1581 Row (20, 'updated_at', 'DATETIME', 1, None, 0)
INFO     sqlalchemy.engine.Engine:base.py:1846 PRAGMA main.table_info("radio_queue")
INFO     sqlalchemy.engine.Engine:base.py:1846 [raw sql] ()
DEBUG    aiosqlite:core.py:62 executing functools.partial(<built-in method cursor of sqlite3.Connection object at 0x000001BA83D11F30>)
DEBUG    aiosqlite:core.py:67 operation functools.partial(<built-in method cursor of sqlite3.Connection object at 0x000001BA83D11F30>) completed
DEBUG    aiosqlite:core.py:62 executing functools.partial(<built-in method execute of sqlite3.Cursor object at 0x000001BA83E8BCC0>, 'PRAGMA main.table_info("radio_queue")', ())
DEBUG    aiosqlite:core.py:67 operation functools.partial(<built-in method execute of sqlite3.Cursor object at 0x000001BA83E8BCC0>, 'PRAGMA main.table_info("radio_queue")', ()) completed
DEBUG    aiosqlite:core.py:62 executing functools.partial(<built-in method fetchall of sqlite3.Cursor object at 0x000001BA83E8BCC0>)
DEBUG    aiosqlite:core.py:67 operation functools.partial(<built-in method fetchall of sqlite3.Cursor object at 0x000001BA83E8BCC0>) completed
DEBUG    aiosqlite:core.py:62 executing functools.partial(<built-in method close of sqlite3.Cursor object at 0x000001BA83E8BCC0>)
DEBUG    sqlalchemy.engine.Engine:cursor.py:1549 Col ('cid', 'name', 'type', 'notnull', 'dflt_value', 'pk')
DEBUG    aiosqlite:core.py:67 operation functools.partial(<built-in method close of sqlite3.Cursor object at 0x000001BA83E8BCC0>) completed
DEBUG    sqlalchemy.engine.Engine:cursor.py:1581 Row (0, 'id', 'INTEGER', 1, None, 1)
DEBUG    sqlalchemy.engine.Engine:cursor.py:1581 Row (1, 'user_id', 'INTEGER', 0, None, 0)
DEBUG    sqlalchemy.engine.Engine:cursor.py:1581 Row (2, 'telegram_user_id', 'BIGINT', 0, None, 0)
DEBUG    sqlalchemy.engine.Engine:cursor.py:1581 Row (3, 'telegram_message_id', 'BIGINT', 0, None, 0)
DEBUG    sqlalchemy.engine.Engine:cursor.py:1581 Row (4, 'song_id', 'INTEGER', 0, None, 0)
DEBUG    sqlalchemy.engine.Engine:cursor.py:1581 Row (5, 'original_prompt', 'TEXT', 1, None, 0)
DEBUG    sqlalchemy.engine.Engine:cursor.py:1581 Row (6, 'enhanced_prompt', 'TEXT', 0, None, 0)
DEBUG    sqlalchemy.engine.Engine:cursor.py:1581 Row (7, 'genre_hint', 'VARCHAR(100)', 0, None, 0)
DEBUG    sqlalchemy.engine.Engine:cursor.py:1581 Row (8, 'is_instrumental', 'BOOLEAN', 1, None, 0)
DEBUG    sqlalchemy.engine.Engine:cursor.py:1581 Row (9, 'status', 'VARCHAR(50)', 1, None, 0)
DEBUG    sqlalchemy.engine.Engine:cursor.py:1581 Row (10, 'suno_job_id', 'VARCHAR(255)', 0, None, 0)
DEBUG    sqlalchemy.engine.Engine:cursor.py:1581 Row (11, 'error_message', 'TEXT', 0, None, 0)
DEBUG    sqlalchemy.engine.Engine:cursor.py:1581 Row (12, 'retry_count', 'INTEGER', 1, None, 0)
DEBUG    sqlalchemy.engine.Engine:cursor.py:1581 Row (13, 'max_retries', 'INTEGER', 1, None, 0)
DEBUG    sqlalchemy.engine.Engine:cursor.py:1581 Row (14, 'base_priority', 'FLOAT', 1, None, 0)
DEBUG    sqlalchemy.engine.Engine:cursor.py:1581 Row (15, 'priority_score', 'FLOAT', 1, None, 0)
DEBUG    sqlalchemy.engine.Engine:cursor.py:1581 Row (16, 'is_priority_boost', 'BOOLEAN', 1, None, 0)
DEBUG    sqlalchemy.engine.Engine:cursor.py:1581 Row (17, 'priority_boost_reason', 'VARCHAR(255)', 0, None, 0)
DEBUG    sqlalchemy.engine.Engine:cursor.py:1581 Row (18, 'upvotes', 'INTEGER', 1, None, 0)
DEBUG    sqlalchemy.engine.Engine:cursor.py:1581 Row (19, 'downvotes', 'INTEGER', 1, None, 0)
DEBUG    sqlalchemy.engine.Engine:cursor.py:1581 Row (20, 'requested_at', 'DATETIME', 1, None, 0)
DEBUG    sqlalchemy.engine.Engine:cursor.py:1581 Row (21, 'queued_at', 'DATETIME', 0, None, 0)
DEBUG    sqlalchemy.engine.Engine:cursor.py:1581 Row (22, 'generation_started_at', 'DATETIME', 0, None, 0)
DEBUG    sqlalchemy.engine.Engine:cursor.py:1581 Row (23, 'generation_completed_at', 'DATETIME', 0, None, 0)
DEBUG    sqlalchemy.engine.Engine:cursor.py:1581 Row (24, 'broadcast_started_at', 'DATETIME', 0, None, 0)
DEBUG    sqlalchemy.engine.Engine:cursor.py:1581 Row (25, 'completed_at', 'DATETIME', 0, None, 0)
DEBUG    sqlalchemy.engine.Engine:cursor.py:1581 Row (26, 'is_moderated', 'BOOLEAN', 1, None, 0)
DEBUG    sqlalchemy.engine.Engine:cursor.py:1581 Row (27, 'moderation_passed', 'BOOLEAN', 0, None, 0)
DEBUG    sqlalchemy.engine.Engine:cursor.py:1581 Row (28, 'moderation_reason', 'TEXT', 0, None, 0)
DEBUG    sqlalchemy.engine.Engine:cursor.py:1581 Row (29, 'has_dj_intro', 'BOOLEAN', 1, None, 0)
DEBUG    sqlalchemy.engine.Engine:cursor.py:1581 Row (30, 'dj_intro_path', 'VARCHAR(500)', 0, None, 0)
DEBUG    sqlalchemy.engine.Engine:cursor.py:1581 Row (31, 'created_at', 'DATETIME', 1, None, 0)
DEBUG    sqlalchemy.engine.Engine:cursor.py:1581 Row (32, 'updated_at', 'DATETIME', 1, None, 0)
INFO     sqlalchemy.engine.Engine:base.py:1846 PRAGMA main.table_info("songs")
INFO     sqlalchemy.engine.Engine:base.py:1846 [raw sql] ()
DEBUG    aiosqlite:core.py:62 executing functools.partial(<built-in method cursor of sqlite3.Connection object at 0x000001BA83D11F30>)
DEBUG    aiosqlite:core.py:67 operation functools.partial(<built-in method cursor of sqlite3.Connection object at 0x000001BA83D11F30>) completed
DEBUG    aiosqlite:core.py:62 executing functools.partial(<built-in method execute of sqlite3.Cursor object at 0x000001BA83D3AA40>, 'PRAGMA main.table_info("songs")', ())
DEBUG    aiosqlite:core.py:67 operation functools.partial(<built-in method execute of sqlite3.Cursor object at 0x000001BA83D3AA40>, 'PRAGMA main.table_info("songs")', ()) completed
DEBUG    aiosqlite:core.py:62 executing functools.partial(<built-in method fetchall of sqlite3.Cursor object at 0x000001BA83D3AA40>)
DEBUG    aiosqlite:core.py:67 operation functools.partial(<built-in method fetchall of sqlite3.Cursor object at 0x000001BA83D3AA40>) completed
DEBUG    aiosqlite:core.py:62 executing functools.partial(<built-in method close of sqlite3.Cursor object at 0x000001BA83D3AA40>)
DEBUG    sqlalchemy.engine.Engine:cursor.py:1549 Col ('cid', 'name', 'type', 'notnull', 'dflt_value', 'pk')
DEBUG    aiosqlite:core.py:67 operation functools.partial(<built-in method close of sqlite3.Cursor object at 0x000001BA83D3AA40>) completed
DEBUG    sqlalchemy.engine.Engine:cursor.py:1581 Row (0, 'id', 'INTEGER', 1, None, 1)
DEBUG    sqlalchemy.engine.Engine:cursor.py:1581 Row (1, 'suno_job_id', 'VARCHAR(255)', 0, None, 0)
DEBUG    sqlalchemy.engine.Engine:cursor.py:1581 Row (2, 'suno_status', 'VARCHAR(50)', 1, None, 0)
DEBUG    sqlalchemy.engine.Engine:cursor.py:1581 Row (3, 'title', 'VARCHAR(500)', 0, None, 0)
DEBUG    sqlalchemy.engine.Engine:cursor.py:1581 Row (4, 'artist', 'VARCHAR(255)', 1, None, 0)
DEBUG    sqlalchemy.engine.Engine:cursor.py:1581 Row (5, 'original_prompt', 'TEXT', 0, None, 0)
DEBUG    sqlalchemy.engine.Engine:cursor.py:1581 Row (6, 'enhanced_prompt', 'TEXT', 0, None, 0)
DEBUG    sqlalchemy.engine.Engine:cursor.py:1581 Row (7, 'style_prompt', 'TEXT', 0, None, 0)
DEBUG    sqlalchemy.engine.Engine:cursor.py:1581 Row (8, 'lyrics', 'TEXT', 0, None, 0)
DEBUG    sqlalchemy.engine.Engine:cursor.py:1581 Row (9, 'genre', 'VARCHAR(100)', 0, None, 0)
DEBUG    sqlalchemy.engine.Engine:cursor.py:1581 Row (10, 'subgenre', 'VARCHAR(100)', 0, None, 0)
DEBUG    sqlalchemy.engine.Engine:cursor.py:1581 Row (11, 'mood', 'VARCHAR(100)', 0, None, 0)
DEBUG    sqlalchemy.engine.Engine:cursor.py:1581 Row (12, 'energy', 'VARCHAR(50)', 0, None, 0)
DEBUG    sqlalchemy.engine.Engine:cursor.py:1581 Row (13, 'duration_seconds', 'FLOAT', 0, None, 0)
DEBUG    sqlalchemy.engine.Engine:cursor.py:1581 Row (14, 'bpm', 'INTEGER', 0, None, 0)
DEBUG    sqlalchemy.engine.Engine:cursor.py:1581 Row (15, 'key', 'VARCHAR(10)', 0, None, 0)
DEBUG    sqlalchemy.engine.Engine:cursor.py:1581 Row (16, 'is_instrumental', 'BOOLEAN', 1, None, 0)
DEBUG    sqlalchemy.engine.Engine:cursor.py:1581 Row (17, 'audio_url', 'VARCHAR(1000)', 0, None, 0)
DEBUG    sqlalchemy.engine.Engine:cursor.py:1581 Row (18, 'local_file_path', 'VARCHAR(500)', 0, None, 0)
DEBUG    sqlalchemy.engine.Engine:cursor.py:1581 Row (19, 'file_size_bytes', 'INTEGER', 0, None, 0)
DEBUG    sqlalchemy.engine.Engine:cursor.py:1581 Row (20, 'audio_format', 'VARCHAR(10)', 1, None, 0)
DEBUG    sqlalchemy.engine.Engine:cursor.py:1581 Row (21, 'lufs_level', 'FLOAT', 0, None, 0)
DEBUG    sqlalchemy.engine.Engine:cursor.py:1581 Row (22, 'peak_db', 'FLOAT', 0, None, 0)
DEBUG    sqlalchemy.engine.Engine:cursor.py:1581 Row (23, 'is_normalized', 'BOOLEAN', 1, None, 0)
DEBUG    sqlalchemy.engine.Engine:cursor.py:1581 Row (24, 'generation_started_at', 'DATETIME', 0, None, 0)
DEBUG    sqlalchemy.engine.Engine:cursor.py:1581 Row (25, 'generation_completed_at', 'DATETIME', 0, None, 0)
DEBUG    sqlalchemy.engine.Engine:cursor.py:1581 Row (26, 'downloaded_at', 'DATETIME', 0, None, 0)
DEBUG    sqlalchemy.engine.Engine:cursor.py:1581 Row (27, 'play_count', 'INTEGER', 1, None, 0)
DEBUG    sqlalchemy.engine.Engine:cursor.py:1581 Row (28, 'total_upvotes', 'INTEGER', 1, None, 0)
DEBUG    sqlalchemy.engine.Engine:cursor.py:1581 Row (29, 'total_downvotes', 'INTEGER', 1, None, 0)
DEBUG    sqlalchemy.engine.Engine:cursor.py:1581 Row (30, 'is_approved', 'BOOLEAN', 1, None, 0)
DEBUG    sqlalchemy.engine.Engine:cursor.py:1581 Row (31, 'moderation_notes', 'TEXT', 0, None, 0)
DEBUG    sqlalchemy.engine.Engine:cursor.py:1581 Row (32, 'flagged_at', 'DATETIME', 0, None, 0)
DEBUG    sqlalchemy.engine.Engine:cursor.py:1581 Row (33, 'created_at', 'DATETIME', 1, None, 0)
DEBUG    sqlalchemy.engine.Engine:cursor.py:1581 Row (34, 'updated_at', 'DATETIME', 1, None, 0)
INFO     sqlalchemy.engine.Engine:base.py:1846 PRAGMA main.table_info("users")
INFO     sqlalchemy.engine.Engine:base.py:1846 [raw sql] ()
DEBUG    aiosqlite:core.py:62 executing functools.partial(<built-in method cursor of sqlite3.Connection object at 0x000001BA83D11F30>)
DEBUG    aiosqlite:core.py:67 operation functools.partial(<built-in method cursor of sqlite3.Connection object at 0x000001BA83D11F30>) completed
DEBUG    aiosqlite:core.py:62 executing functools.partial(<built-in method execute of sqlite3.Cursor object at 0x000001BA83F27BC0>, 'PRAGMA main.table_info("users")', ())
DEBUG    aiosqlite:core.py:67 operation functools.partial(<built-in method execute of sqlite3.Cursor object at 0x000001BA83F27BC0>, 'PRAGMA main.table_info("users")', ()) completed
DEBUG    aiosqlite:core.py:62 executing functools.partial(<built-in method fetchall of sqlite3.Cursor object at 0x000001BA83F27BC0>)
DEBUG    aiosqlite:core.py:67 operation functools.partial(<built-in method fetchall of sqlite3.Cursor object at 0x000001BA83F27BC0>) completed
DEBUG    aiosqlite:core.py:62 executing functools.partial(<built-in method close of sqlite3.Cursor object at 0x000001BA83F27BC0>)
DEBUG    sqlalchemy.engine.Engine:cursor.py:1549 Col ('cid', 'name', 'type', 'notnull', 'dflt_value', 'pk')
DEBUG    aiosqlite:core.py:67 operation functools.partial(<built-in method close of sqlite3.Cursor object at 0x000001BA83F27BC0>) completed
DEBUG    sqlalchemy.engine.Engine:cursor.py:1581 Row (0, 'id', 'INTEGER', 1, None, 1)
DEBUG    sqlalchemy.engine.Engine:cursor.py:1581 Row (1, 'telegram_id', 'BIGINT', 1, None, 0)
DEBUG    sqlalchemy.engine.Engine:cursor.py:1581 Row (2, 'telegram_username', 'VARCHAR(255)', 0, None, 0)
DEBUG    sqlalchemy.engine.Engine:cursor.py:1581 Row (3, 'telegram_first_name', 'VARCHAR(255)', 0, None, 0)
DEBUG    sqlalchemy.engine.Engine:cursor.py:1581 Row (4, 'telegram_last_name', 'VARCHAR(255)', 0, None, 0)
DEBUG    sqlalchemy.engine.Engine:cursor.py:1581 Row (5, 'reputation_score', 'FLOAT', 1, None, 0)
DEBUG    sqlalchemy.engine.Engine:cursor.py:1581 Row (6, 'total_requests', 'INTEGER', 1, None, 0)
DEBUG    sqlalchemy.engine.Engine:cursor.py:1581 Row (7, 'successful_requests', 'INTEGER', 1, None, 0)
DEBUG    sqlalchemy.engine.Engine:cursor.py:1581 Row (8, 'failed_requests', 'INTEGER', 1, None, 0)
DEBUG    sqlalchemy.engine.Engine:cursor.py:1581 Row (9, 'total_upvotes_received', 'INTEGER', 1, None, 0)
DEBUG    sqlalchemy.engine.Engine:cursor.py:1581 Row (10, 'total_downvotes_received', 'INTEGER', 1, None, 0)
DEBUG    sqlalchemy.engine.Engine:cursor.py:1581 Row (11, 'total_upvotes_given', 'INTEGER', 1, None, 0)
DEBUG    sqlalchemy.engine.Engine:cursor.py:1581 Row (12, 'total_downvotes_given', 'INTEGER', 1, None, 0)
DEBUG    sqlalchemy.engine.Engine:cursor.py:1581 Row (13, 'is_banned', 'BOOLEAN', 1, None, 0)
DEBUG    sqlalchemy.engine.Engine:cursor.py:1581 Row (14, 'is_premium', 'BOOLEAN', 1, None, 0)
DEBUG    sqlalchemy.engine.Engine:cursor.py:1581 Row (15, 'ban_reason', 'TEXT', 0, None, 0)
DEBUG    sqlalchemy.engine.Engine:cursor.py:1581 Row (16, 'banned_at', 'DATETIME', 0, None, 0)
DEBUG    sqlalchemy.engine.Engine:cursor.py:1581 Row (17, 'banned_until', 'DATETIME', 0, None, 0)
DEBUG    sqlalchemy.engine.Engine:cursor.py:1581 Row (18, 'last_request_at', 'DATETIME', 0, None, 0)
DEBUG    sqlalchemy.engine.Engine:cursor.py:1581 Row (19, 'last_vote_at', 'DATETIME', 0, None, 0)
DEBUG    sqlalchemy.engine.Engine:cursor.py:1581 Row (20, 'last_active_at', 'DATETIME', 0, None, 0)
DEBUG    sqlalchemy.engine.Engine:cursor.py:1581 Row (21, 'created_at', 'DATETIME', 1, None, 0)
DEBUG    sqlalchemy.engine.Engine:cursor.py:1581 Row (22, 'updated_at', 'DATETIME', 1, None, 0)
INFO     sqlalchemy.engine.Engine:base.py:1846 PRAGMA main.table_info("votes")
INFO     sqlalchemy.engine.Engine:base.py:1846 [raw sql] ()
DEBUG    aiosqlite:core.py:62 executing functools.partial(<built-in method cursor of sqlite3.Connection object at 0x000001BA83D11F30>)
DEBUG    aiosqlite:core.py:67 operation functools.partial(<built-in method cursor of sqlite3.Connection object at 0x000001BA83D11F30>) completed
DEBUG    aiosqlite:core.py:62 executing functools.partial(<built-in method execute of sqlite3.Cursor object at 0x000001BA83F27CC0>, 'PRAGMA main.table_info("votes")', ())
DEBUG    aiosqlite:core.py:67 operation functools.partial(<built-in method execute of sqlite3.Cursor object at 0x000001BA83F27CC0>, 'PRAGMA main.table_info("votes")', ()) completed
DEBUG    aiosqlite:core.py:62 executing functools.partial(<built-in method fetchall of sqlite3.Cursor object at 0x000001BA83F27CC0>)
DEBUG    aiosqlite:core.py:67 operation functools.partial(<built-in method fetchall of sqlite3.Cursor object at 0x000001BA83F27CC0>) completed
DEBUG    aiosqlite:core.py:62 executing functools.partial(<built-in method close of sqlite3.Cursor object at 0x000001BA83F27CC0>)
DEBUG    aiosqlite:core.py:67 operation functools.partial(<built-in method close of sqlite3.Cursor object at 0x000001BA83F27CC0>) completed
DEBUG    sqlalchemy.engine.Engine:cursor.py:1549 Col ('cid', 'name', 'type', 'notnull', 'dflt_value', 'pk')
DEBUG    sqlalchemy.engine.Engine:cursor.py:1581 Row (0, 'id', 'INTEGER', 1, None, 1)
DEBUG    sqlalchemy.engine.Engine:cursor.py:1581 Row (1, 'user_id', 'INTEGER', 1, None, 0)
DEBUG    sqlalchemy.engine.Engine:cursor.py:1581 Row (2, 'telegram_user_id', 'BIGINT', 0, None, 0)
DEBUG    sqlalchemy.engine.Engine:cursor.py:1581 Row (3, 'queue_item_id', 'INTEGER', 1, None, 0)
DEBUG    sqlalchemy.engine.Engine:cursor.py:1581 Row (4, 'vote_type', 'VARCHAR(20)', 1, None, 0)
DEBUG    sqlalchemy.engine.Engine:cursor.py:1581 Row (5, 'voted_at', 'DATETIME', 1, None, 0)
DEBUG    sqlalchemy.engine.Engine:cursor.py:1581 Row (6, 'previous_vote_type', 'VARCHAR(20)', 0, None, 0)
DEBUG    sqlalchemy.engine.Engine:cursor.py:1581 Row (7, 'changed_at', 'DATETIME', 0, None, 0)
DEBUG    sqlalchemy.engine.Engine:cursor.py:1581 Row (8, 'source', 'VARCHAR(50)', 1, None, 0)
DEBUG    sqlalchemy.engine.Engine:cursor.py:1581 Row (9, 'telegram_callback_id', 'VARCHAR(255)', 0, None, 0)
DEBUG    sqlalchemy.engine.Engine:cursor.py:1581 Row (10, 'created_at', 'DATETIME', 1, None, 0)
DEBUG    sqlalchemy.engine.Engine:cursor.py:1581 Row (11, 'updated_at', 'DATETIME', 1, None, 0)
INFO     sqlalchemy.engine.Engine:base.py:1846 
DROP TABLE votes
INFO     sqlalchemy.engine.Engine:base.py:1846 [no key 0.00018s] ()
DEBUG    aiosqlite:core.py:62 executing functools.partial(<built-in method cursor of sqlite3.Connection object at 0x000001BA83D11F30>)
DEBUG    aiosqlite:core.py:67 operation functools.partial(<built-in method cursor of sqlite3.Connection object at 0x000001BA83D11F30>) completed
DEBUG    aiosqlite:core.py:62 executing functools.partial(<built-in method execute of sqlite3.Cursor object at 0x000001BA83F27C40>, '\nDROP TABLE votes', ())
DEBUG    aiosqlite:core.py:67 operation functools.partial(<built-in method execute of sqlite3.Cursor object at 0x000001BA83F27C40>, '\nDROP TABLE votes', ()) completed
DEBUG    aiosqlite:core.py:62 executing functools.partial(<built-in method close of sqlite3.Cursor object at 0x000001BA83F27C40>)
INFO     sqlalchemy.engine.Engine:base.py:1846 
DROP TABLE radio_queue
DEBUG    aiosqlite:core.py:67 operation functools.partial(<built-in method close of sqlite3.Cursor object at 0x000001BA83F27C40>) completed
INFO     sqlalchemy.engine.Engine:base.py:1846 [no key 0.00024s] ()
DEBUG    aiosqlite:core.py:62 executing functools.partial(<built-in method cursor of sqlite3.Connection object at 0x000001BA83D11F30>)
DEBUG    aiosqlite:core.py:67 operation functools.partial(<built-in method cursor of sqlite3.Connection object at 0x000001BA83D11F30>) completed
DEBUG    aiosqlite:core.py:62 executing functools.partial(<built-in method execute of sqlite3.Cursor object at 0x000001BA83F279C0>, '\nDROP TABLE radio_queue', ())
DEBUG    aiosqlite:core.py:67 operation functools.partial(<built-in method execute of sqlite3.Cursor object at 0x000001BA83F279C0>, '\nDROP TABLE radio_queue', ()) completed
DEBUG    aiosqlite:core.py:62 executing functools.partial(<built-in method close of sqlite3.Cursor object at 0x000001BA83F279C0>)
DEBUG    aiosqlite:core.py:67 operation functools.partial(<built-in method close of sqlite3.Cursor object at 0x000001BA83F279C0>) completed
INFO     sqlalchemy.engine.Engine:base.py:1846 
DROP TABLE radio_history
INFO     sqlalchemy.engine.Engine:base.py:1846 [no key 0.00029s] ()
DEBUG    aiosqlite:core.py:62 executing functools.partial(<built-in method cursor of sqlite3.Connection object at 0x000001BA83D11F30>)
DEBUG    aiosqlite:core.py:67 operation functools.partial(<built-in method cursor of sqlite3.Connection object at 0x000001BA83D11F30>) completed
DEBUG    aiosqlite:core.py:62 executing functools.partial(<built-in method execute of sqlite3.Cursor object at 0x000001BA83F27940>, '\nDROP TABLE radio_history', ())
DEBUG    aiosqlite:core.py:67 operation functools.partial(<built-in method execute of sqlite3.Cursor object at 0x000001BA83F27940>, '\nDROP TABLE radio_history', ()) completed
DEBUG    aiosqlite:core.py:62 executing functools.partial(<built-in method close of sqlite3.Cursor object at 0x000001BA83F27940>)
DEBUG    aiosqlite:core.py:67 operation functools.partial(<built-in method close of sqlite3.Cursor object at 0x000001BA83F27940>) completed
INFO     sqlalchemy.engine.Engine:base.py:1846 
DROP TABLE chat_messages
INFO     sqlalchemy.engine.Engine:base.py:1846 [no key 0.00033s] ()
DEBUG    aiosqlite:core.py:62 executing functools.partial(<built-in method cursor of sqlite3.Connection object at 0x000001BA83D11F30>)
DEBUG    aiosqlite:core.py:67 operation functools.partial(<built-in method cursor of sqlite3.Connection object at 0x000001BA83D11F30>) completed
DEBUG    aiosqlite:core.py:62 executing functools.partial(<built-in method execute of sqlite3.Cursor object at 0x000001BA83F27E40>, '\nDROP TABLE chat_messages', ())
DEBUG    aiosqlite:core.py:67 operation functools.partial(<built-in method execute of sqlite3.Cursor object at 0x000001BA83F27E40>, '\nDROP TABLE chat_messages', ()) completed
DEBUG    aiosqlite:core.py:62 executing functools.partial(<built-in method close of sqlite3.Cursor object at 0x000001BA83F27E40>)
INFO     sqlalchemy.engine.Engine:base.py:1846 
DROP TABLE users
DEBUG    aiosqlite:core.py:67 operation functools.partial(<built-in method close of sqlite3.Cursor object at 0x000001BA83F27E40>) completed
INFO     sqlalchemy.engine.Engine:base.py:1846 [no key 0.00025s] ()
DEBUG    aiosqlite:core.py:62 executing functools.partial(<built-in method cursor of sqlite3.Connection object at 0x000001BA83D11F30>)
DEBUG    aiosqlite:core.py:67 operation functools.partial(<built-in method cursor of sqlite3.Connection object at 0x000001BA83D11F30>) completed
DEBUG    aiosqlite:core.py:62 executing functools.partial(<built-in method execute of sqlite3.Cursor object at 0x000001BA83F27B40>, '\nDROP TABLE users', ())
DEBUG    aiosqlite:core.py:67 operation functools.partial(<built-in method execute of sqlite3.Cursor object at 0x000001BA83F27B40>, '\nDROP TABLE users', ()) completed
DEBUG    aiosqlite:core.py:62 executing functools.partial(<built-in method close of sqlite3.Cursor object at 0x000001BA83F27B40>)
DEBUG    aiosqlite:core.py:67 operation functools.partial(<built-in method close of sqlite3.Cursor object at 0x000001BA83F27B40>) completed
INFO     sqlalchemy.engine.Engine:base.py:1846 
DROP TABLE songs
INFO     sqlalchemy.engine.Engine:base.py:1846 [no key 0.00026s] ()
DEBUG    aiosqlite:core.py:62 executing functools.partial(<built-in method cursor of sqlite3.Connection object at 0x000001BA83D11F30>)
DEBUG    aiosqlite:core.py:67 operation functools.partial(<built-in method cursor of sqlite3.Connection object at 0x000001BA83D11F30>) completed
DEBUG    aiosqlite:core.py:62 executing functools.partial(<built-in method execute of sqlite3.Cursor object at 0x000001BA83C83EC0>, '\nDROP TABLE songs', ())
DEBUG    aiosqlite:core.py:67 operation functools.partial(<built-in method execute of sqlite3.Cursor object at 0x000001BA83C83EC0>, '\nDROP TABLE songs', ()) completed
DEBUG    aiosqlite:core.py:62 executing functools.partial(<built-in method close of sqlite3.Cursor object at 0x000001BA83C83EC0>)
INFO     sqlalchemy.engine.Engine:base.py:2716 COMMIT
DEBUG    aiosqlite:core.py:67 operation functools.partial(<built-in method close of sqlite3.Cursor object at 0x000001BA83C83EC0>) completed
DEBUG    aiosqlite:core.py:62 executing functools.partial(<built-in method commit of sqlite3.Connection object at 0x000001BA83D11F30>)
DEBUG    aiosqlite:core.py:67 operation functools.partial(<built-in method commit of sqlite3.Connection object at 0x000001BA83D11F30>) completed
DEBUG    aiosqlite:core.py:62 executing functools.partial(<built-in method rollback of sqlite3.Connection object at 0x000001BA83D11F30>)
DEBUG    aiosqlite:core.py:67 operation functools.partial(<built-in method rollback of sqlite3.Connection object at 0x000001BA83D11F30>) completed
DEBUG    aiosqlite:core.py:62 executing functools.partial(<built-in method close of sqlite3.Connection object at 0x000001BA83D11F30>)
DEBUG    aiosqlite:core.py:67 operation functools.partial(<built-in method close of sqlite3.Connection object at 0x000001BA83D11F30>) completed
DEBUG    aiosqlite:core.py:62 executing <function Connection.stop.<locals>.close_and_stop at 0x000001BA83EADBC0>
DEBUG    aiosqlite:core.py:67 operation <function Connection.stop.<locals>.close_and_stop at 0x000001BA83EADBC0> completed
_______________________ test_broadcast_status_end_song ________________________
tests\test_webhooks_broadcast.py:113: in test_broadcast_status_end_song
    assert response.status_code == 200
E   assert 401 == 200
E    +  where 401 = <Response [401 Unauthorized]>.status_code
---------------------------- Captured stdout setup ----------------------------
2026-01-03 00:52:35 | [36mDEBUG[0m | asyncio | Using proactor: IocpProactor
2026-01-03 00:52:35 | [36mDEBUG[0m | aiosqlite | executing <function connect.<locals>.connector at 0x000001BA83F7E8E0>
2026-01-03 00:52:35 | [36mDEBUG[0m | aiosqlite | operation <function connect.<locals>.connector at 0x000001BA83F7E8E0> completed
2026-01-03 00:52:35 | [36mDEBUG[0m | aiosqlite | executing functools.partial(<built-in method create_function of sqlite3.Connection object at 0x000001BA83DD0130>, 'regexp', 2, <function SQLiteDialect_pysqlite.on_connect.<locals>.regexp at 0x000001BA83F7DBC0>, deterministic=True)
2026-01-03 00:52:35 | [36mDEBUG[0m | aiosqlite | operation functools.partial(<built-in method create_function of sqlite3.Connection object at 0x000001BA83DD0130>, 'regexp', 2, <function SQLiteDialect_pysqlite.on_connect.<locals>.regexp at 0x000001BA83F7DBC0>, deterministic=True) completed
2026-01-03 00:52:35 | [36mDEBUG[0m | aiosqlite | executing functools.partial(<built-in method create_function of sqlite3.Connection object at 0x000001BA83DD0130>, 'floor', 1, <built-in function floor>, deterministic=True)
2026-01-03 00:52:35 | [36mDEBUG[0m | aiosqlite | operation functools.partial(<built-in method create_function of sqlite3.Connection object at 0x000001BA83DD0130>, 'floor', 1, <built-in function floor>, deterministic=True) completed
2026-01-03 00:52:35 | [36mDEBUG[0m | aiosqlite | executing functools.partial(<built-in method cursor of sqlite3.Connection object at 0x000001BA83DD0130>)
2026-01-03 00:52:35 | [36mDEBUG[0m | aiosqlite | operation functools.partial(<built-in method cursor of sqlite3.Connection object at 0x000001BA83DD0130>) completed
2026-01-03 00:52:35 | [36mDEBUG[0m | aiosqlite | executing functools.partial(<built-in method execute of sqlite3.Cursor object at 0x000001BA83D3A1C0>, 'PRAGMA read_uncommitted', [])
2026-01-03 00:52:35 | [36mDEBUG[0m | aiosqlite | operation functools.partial(<built-in method execute of sqlite3.Cursor object at 0x000001BA83D3A1C0>, 'PRAGMA read_uncommitted', []) completed
2026-01-03 00:52:35 | [36mDEBUG[0m | aiosqlite | executing functools.partial(<built-in method fetchall of sqlite3.Cursor object at 0x000001BA83D3A1C0>)
2026-01-03 00:52:35 | [36mDEBUG[0m | aiosqlite | operation functools.partial(<built-in method fetchall of sqlite3.Cursor object at 0x000001BA83D3A1C0>) completed
2026-01-03 00:52:35 | [36mDEBUG[0m | aiosqlite | executing functools.partial(<built-in method close of sqlite3.Cursor object at 0x000001BA83D3A1C0>)
2026-01-03 00:52:35 | [36mDEBUG[0m | aiosqlite | operation functools.partial(<built-in method close of sqlite3.Cursor object at 0x000001BA83D3A1C0>) completed
2026-01-03 00:52:35 | [36mDEBUG[0m | aiosqlite | executing functools.partial(<built-in method rollback of sqlite3.Connection object at 0x000001BA83DD0130>)
2026-01-03 00:52:35 | [36mDEBUG[0m | aiosqlite | operation functools.partial(<built-in method rollback of sqlite3.Connection object at 0x000001BA83DD0130>) completed
2026-01-03 00:52:35 | [32mINFO[0m | sqlalchemy.engine.Engine | BEGIN (implicit)
2026-01-03 00:52:35 | [32mINFO[0m | sqlalchemy.engine.Engine | PRAGMA main.table_info("chat_messages")
2026-01-03 00:52:35 | [32mINFO[0m | sqlalchemy.engine.Engine | [raw sql] ()
2026-01-03 00:52:35 | [36mDEBUG[0m | aiosqlite | executing functools.partial(<built-in method cursor of sqlite3.Connection object at 0x000001BA83DD0130>)
2026-01-03 00:52:35 | [36mDEBUG[0m | aiosqlite | operation functools.partial(<built-in method cursor of sqlite3.Connection object at 0x000001BA83DD0130>) completed
2026-01-03 00:52:35 | [36mDEBUG[0m | aiosqlite | executing functools.partial(<built-in method execute of sqlite3.Cursor object at 0x000001BA83D39EC0>, 'PRAGMA main.table_info("chat_messages")', ())
2026-01-03 00:52:35 | [36mDEBUG[0m | aiosqlite | operation functools.partial(<built-in method execute of sqlite3.Cursor object at 0x000001BA83D39EC0>, 'PRAGMA main.table_info("chat_messages")', ()) completed
2026-01-03 00:52:35 | [36mDEBUG[0m | aiosqlite | executing functools.partial(<built-in method fetchall of sqlite3.Cursor object at 0x000001BA83D39EC0>)
2026-01-03 00:52:35 | [36mDEBUG[0m | aiosqlite | operation functools.partial(<built-in method fetchall of sqlite3.Cursor object at 0x000001BA83D39EC0>) completed
2026-01-03 00:52:35 | [36mDEBUG[0m | aiosqlite | executing functools.partial(<built-in method close of sqlite3.Cursor object at 0x000001BA83D39EC0>)
2026-01-03 00:52:35 | [36mDEBUG[0m | sqlalchemy.engine.Engine | Col ('cid', 'name', 'type', 'notnull', 'dflt_value', 'pk')
2026-01-03 00:52:35 | [36mDEBUG[0m | aiosqlite | operation functools.partial(<built-in method close of sqlite3.Cursor object at 0x000001BA83D39EC0>) completed
2026-01-03 00:52:35 | [32mINFO[0m | sqlalchemy.engine.Engine | PRAGMA temp.table_info("chat_messages")
2026-01-03 00:52:35 | [32mINFO[0m | sqlalchemy.engine.Engine | [raw sql] ()
2026-01-03 00:52:35 | [36mDEBUG[0m | aiosqlite | executing functools.partial(<built-in method cursor of sqlite3.Connection object at 0x000001BA83DD0130>)
2026-01-03 00:52:35 | [36mDEBUG[0m | aiosqlite | operation functools.partial(<built-in method cursor of sqlite3.Connection object at 0x000001BA83DD0130>) completed
2026-01-03 00:52:35 | [36mDEBUG[0m | aiosqlite | executing functools.partial(<built-in method execute of sqlite3.Cursor object at 0x000001BA83C83EC0>, 'PRAGMA temp.table_info("chat_messages")', ())
2026-01-03 00:52:35 | [36mDEBUG[0m | aiosqlite | operation functools.partial(<built-in method execute of sqlite3.Cursor object at 0x000001BA83C83EC0>, 'PRAGMA temp.table_info("chat_messages")', ()) completed
2026-01-03 00:52:35 | [36mDEBUG[0m | aiosqlite | executing functools.partial(<built-in method fetchall of sqlite3.Cursor object at 0x000001BA83C83EC0>)
2026-01-03 00:52:35 | [36mDEBUG[0m | aiosqlite | operation functools.partial(<built-in method fetchall of sqlite3.Cursor object at 0x000001BA83C83EC0>) completed
2026-01-03 00:52:35 | [36mDEBUG[0m | aiosqlite | executing functools.partial(<built-in method close of sqlite3.Cursor object at 0x000001BA83C83EC0>)
2026-01-03 00:52:35 | [36mDEBUG[0m | sqlalchemy.engine.Engine | Col ('cid', 'name', 'type', 'notnull', 'dflt_value', 'pk')
2026-01-03 00:52:35 | [36mDEBUG[0m | aiosqlite | operation functools.partial(<built-in method close of sqlite3.Cursor object at 0x000001BA83C83EC0>) completed
2026-01-03 00:52:35 | [32mINFO[0m | sqlalchemy.engine.Engine | PRAGMA main.table_info("radio_history")
2026-01-03 00:52:35 | [32mINFO[0m | sqlalchemy.engine.Engine | [raw sql] ()
2026-01-03 00:52:35 | [36mDEBUG[0m | aiosqlite | executing functools.partial(<built-in method cursor of sqlite3.Connection object at 0x000001BA83DD0130>)
2026-01-03 00:52:35 | [36mDEBUG[0m | aiosqlite | operation functools.partial(<built-in method cursor of sqlite3.Connection object at 0x000001BA83DD0130>) completed
2026-01-03 00:52:35 | [36mDEBUG[0m | aiosqlite | executing functools.partial(<built-in method execute of sqlite3.Cursor object at 0x000001BA83DBD340>, 'PRAGMA main.table_info("radio_history")', ())
2026-01-03 00:52:35 | [36mDEBUG[0m | aiosqlite | operation functools.partial(<built-in method execute of sqlite3.Cursor object at 0x000001BA83DBD340>, 'PRAGMA main.table_info("radio_history")', ()) completed
2026-01-03 00:52:35 | [36mDEBUG[0m | aiosqlite | executing functools.partial(<built-in method fetchall of sqlite3.Cursor object at 0x000001BA83DBD340>)
2026-01-03 00:52:35 | [36mDEBUG[0m | aiosqlite | operation functools.partial(<built-in method fetchall of sqlite3.Cursor object at 0x000001BA83DBD340>) completed
2026-01-03 00:52:35 | [36mDEBUG[0m | aiosqlite | executing functools.partial(<built-in method close of sqlite3.Cursor object at 0x000001BA83DBD340>)
2026-01-03 00:52:35 | [36mDEBUG[0m | aiosqlite | operation functools.partial(<built-in method close of sqlite3.Cursor object at 0x000001BA83DBD340>) completed
2026-01-03 00:52:35 | [36mDEBUG[0m | sqlalchemy.engine.Engine | Col ('cid', 'name', 'type', 'notnull', 'dflt_value', 'pk')
2026-01-03 00:52:35 | [32mINFO[0m | sqlalchemy.engine.Engine | PRAGMA temp.table_info("radio_history")
2026-01-03 00:52:35 | [32mINFO[0m | sqlalchemy.engine.Engine | [raw sql] ()
2026-01-03 00:52:35 | [36mDEBUG[0m | aiosqlite | executing functools.partial(<built-in method cursor of sqlite3.Connection object at 0x000001BA83DD0130>)
2026-01-03 00:52:35 | [36mDEBUG[0m | aiosqlite | operation functools.partial(<built-in method cursor of sqlite3.Connection object at 0x000001BA83DD0130>) completed
2026-01-03 00:52:35 | [36mDEBUG[0m | aiosqlite | executing functools.partial(<built-in method execute of sqlite3.Cursor object at 0x000001BA83D9E0C0>, 'PRAGMA temp.table_info("radio_history")', ())
2026-01-03 00:52:35 | [36mDEBUG[0m | aiosqlite | operation functools.partial(<built-in method execute of sqlite3.Cursor object at 0x000001BA83D9E0C0>, 'PRAGMA temp.table_info("radio_history")', ()) completed
2026-01-03 00:52:35 | [36mDEBUG[0m | aiosqlite | executing functools.partial(<built-in method fetchall of sqlite3.Cursor object at 0x000001BA83D9E0C0>)
2026-01-03 00:52:35 | [36mDEBUG[0m | aiosqlite | operation functools.partial(<built-in method fetchall of sqlite3.Cursor object at 0x000001BA83D9E0C0>) completed
2026-01-03 00:52:35 | [36mDEBUG[0m | aiosqlite | executing functools.partial(<built-in method close of sqlite3.Cursor object at 0x000001BA83D9E0C0>)
2026-01-03 00:52:35 | [36mDEBUG[0m | aiosqlite | operation functools.partial(<built-in method close of sqlite3.Cursor object at 0x000001BA83D9E0C0>) completed
2026-01-03 00:52:35 | [36mDEBUG[0m | sqlalchemy.engine.Engine | Col ('cid', 'name', 'type', 'notnull', 'dflt_value', 'pk')
2026-01-03 00:52:35 | [32mINFO[0m | sqlalchemy.engine.Engine | PRAGMA main.table_info("radio_queue")
2026-01-03 00:52:35 | [32mINFO[0m | sqlalchemy.engine.Engine | [raw sql] ()
2026-01-03 00:52:35 | [36mDEBUG[0m | aiosqlite | executing functools.partial(<built-in method cursor of sqlite3.Connection object at 0x000001BA83DD0130>)
2026-01-03 00:52:35 | [36mDEBUG[0m | aiosqlite | operation functools.partial(<built-in method cursor of sqlite3.Connection object at 0x000001BA83DD0130>) completed
2026-01-03 00:52:35 | [36mDEBUG[0m | aiosqlite | executing functools.partial(<built-in method execute of sqlite3.Cursor object at 0x000001BA83D3AC40>, 'PRAGMA main.table_info("radio_queue")', ())
2026-01-03 00:52:35 | [36mDEBUG[0m | aiosqlite | operation functools.partial(<built-in method execute of sqlite3.Cursor object at 0x000001BA83D3AC40>, 'PRAGMA main.table_info("radio_queue")', ()) completed
2026-01-03 00:52:35 | [36mDEBUG[0m | aiosqlite | executing functools.partial(<built-in method fetchall of sqlite3.Cursor object at 0x000001BA83D3AC40>)
2026-01-03 00:52:35 | [36mDEBUG[0m | aiosqlite | operation functools.partial(<built-in method fetchall of sqlite3.Cursor object at 0x000001BA83D3AC40>) completed
2026-01-03 00:52:35 | [36mDEBUG[0m | aiosqlite | executing functools.partial(<built-in method close of sqlite3.Cursor object at 0x000001BA83D3AC40>)
2026-01-03 00:52:35 | [36mDEBUG[0m | sqlalchemy.engine.Engine | Col ('cid', 'name', 'type', 'notnull', 'dflt_value', 'pk')
2026-01-03 00:52:35 | [36mDEBUG[0m | aiosqlite | operation functools.partial(<built-in method close of sqlite3.Cursor object at 0x000001BA83D3AC40>) completed
2026-01-03 00:52:35 | [32mINFO[0m | sqlalchemy.engine.Engine | PRAGMA temp.table_info("radio_queue")
2026-01-03 00:52:35 | [32mINFO[0m | sqlalchemy.engine.Engine | [raw sql] ()
2026-01-03 00:52:35 | [36mDEBUG[0m | aiosqlite | executing functools.partial(<built-in method cursor of sqlite3.Connection object at 0x000001BA83DD0130>)
2026-01-03 00:52:35 | [36mDEBUG[0m | aiosqlite | operation functools.partial(<built-in method cursor of sqlite3.Connection object at 0x000001BA83DD0130>) completed
2026-01-03 00:52:35 | [36mDEBUG[0m | aiosqlite | executing functools.partial(<built-in method execute of sqlite3.Cursor object at 0x000001BA83DBCFC0>, 'PRAGMA temp.table_info("radio_queue")', ())
2026-01-03 00:52:35 | [36mDEBUG[0m | aiosqlite | operation functools.partial(<built-in method execute of sqlite3.Cursor object at 0x000001BA83DBCFC0>, 'PRAGMA temp.table_info("radio_queue")', ()) completed
2026-01-03 00:52:35 | [36mDEBUG[0m | aiosqlite | executing functools.partial(<built-in method fetchall of sqlite3.Cursor object at 0x000001BA83DBCFC0>)
2026-01-03 00:52:35 | [36mDEBUG[0m | aiosqlite | operation functools.partial(<built-in method fetchall of sqlite3.Cursor object at 0x000001BA83DBCFC0>) completed
2026-01-03 00:52:35 | [36mDEBUG[0m | aiosqlite | executing functools.partial(<built-in method close of sqlite3.Cursor object at 0x000001BA83DBCFC0>)
2026-01-03 00:52:35 | [36mDEBUG[0m | sqlalchemy.engine.Engine | Col ('cid', 'name', 'type', 'notnull', 'dflt_value', 'pk')
2026-01-03 00:52:35 | [36mDEBUG[0m | aiosqlite | operation functools.partial(<built-in method close of sqlite3.Cursor object at 0x000001BA83DBCFC0>) completed
2026-01-03 00:52:35 | [32mINFO[0m | sqlalchemy.engine.Engine | PRAGMA main.table_info("songs")
2026-01-03 00:52:35 | [32mINFO[0m | sqlalchemy.engine.Engine | [raw sql] ()
2026-01-03 00:52:35 | [36mDEBUG[0m | aiosqlite | executing functools.partial(<built-in method cursor of sqlite3.Connection object at 0x000001BA83DD0130>)
2026-01-03 00:52:35 | [36mDEBUG[0m | aiosqlite | operation functools.partial(<built-in method cursor of sqlite3.Connection object at 0x000001BA83DD0130>) completed
2026-01-03 00:52:35 | [36mDEBUG[0m | aiosqlite | executing functools.partial(<built-in method execute of sqlite3.Cursor object at 0x000001BA83D9F640>, 'PRAGMA main.table_info("songs")', ())
2026-01-03 00:52:35 | [36mDEBUG[0m | aiosqlite | operation functools.partial(<built-in method execute of sqlite3.Cursor object at 0x000001BA83D9F640>, 'PRAGMA main.table_info("songs")', ()) completed
2026-01-03 00:52:35 | [36mDEBUG[0m | aiosqlite | executing functools.partial(<built-in method fetchall of sqlite3.Cursor object at 0x000001BA83D9F640>)
2026-01-03 00:52:35 | [36mDEBUG[0m | aiosqlite | operation functools.partial(<built-in method fetchall of sqlite3.Cursor object at 0x000001BA83D9F640>) completed
2026-01-03 00:52:35 | [36mDEBUG[0m | aiosqlite | executing functools.partial(<built-in method close of sqlite3.Cursor object at 0x000001BA83D9F640>)
2026-01-03 00:52:35 | [36mDEBUG[0m | aiosqlite | operation functools.partial(<built-in method close of sqlite3.Cursor object at 0x000001BA83D9F640>) completed
2026-01-03 00:52:35 | [36mDEBUG[0m | sqlalchemy.engine.Engine | Col ('cid', 'name', 'type', 'notnull', 'dflt_value', 'pk')
2026-01-03 00:52:35 | [32mINFO[0m | sqlalchemy.engine.Engine | PRAGMA temp.table_info("songs")
2026-01-03 00:52:35 | [32mINFO[0m | sqlalchemy.engine.Engine | [raw sql] ()
2026-01-03 00:52:35 | [36mDEBUG[0m | aiosqlite | executing functools.partial(<built-in method cursor of sqlite3.Connection object at 0x000001BA83DD0130>)
2026-01-03 00:52:35 | [36mDEBUG[0m | aiosqlite | operation functools.partial(<built-in method cursor of sqlite3.Connection object at 0x000001BA83DD0130>) completed
2026-01-03 00:52:35 | [36mDEBUG[0m | aiosqlite | executing functools.partial(<built-in method execute of sqlite3.Cursor object at 0x000001BA83EA7740>, 'PRAGMA temp.table_info("songs")', ())
2026-01-03 00:52:35 | [36mDEBUG[0m | aiosqlite | operation functools.partial(<built-in method execute of sqlite3.Cursor object at 0x000001BA83EA7740>, 'PRAGMA temp.table_info("songs")', ()) completed
2026-01-03 00:52:35 | [36mDEBUG[0m | aiosqlite | executing functools.partial(<built-in method fetchall of sqlite3.Cursor object at 0x000001BA83EA7740>)
2026-01-03 00:52:35 | [36mDEBUG[0m | aiosqlite | operation functools.partial(<built-in method fetchall of sqlite3.Cursor object at 0x000001BA83EA7740>) completed
2026-01-03 00:52:35 | [36mDEBUG[0m | aiosqlite | executing functools.partial(<built-in method close of sqlite3.Cursor object at 0x000001BA83EA7740>)
2026-01-03 00:52:35 | [36mDEBUG[0m | aiosqlite | operation functools.partial(<built-in method close of sqlite3.Cursor object at 0x000001BA83EA7740>) completed
2026-01-03 00:52:35 | [36mDEBUG[0m | sqlalchemy.engine.Engine | Col ('cid', 'name', 'type', 'notnull', 'dflt_value', 'pk')
2026-01-03 00:52:35 | [32mINFO[0m | sqlalchemy.engine.Engine | PRAGMA main.table_info("users")
2026-01-03 00:52:35 | [32mINFO[0m | sqlalchemy.engine.Engine | [raw sql] ()
2026-01-03 00:52:35 | [36mDEBUG[0m | aiosqlite | executing functools.partial(<built-in method cursor of sqlite3.Connection object at 0x000001BA83DD0130>)
2026-01-03 00:52:35 | [36mDEBUG[0m | aiosqlite | operation functools.partial(<built-in method cursor of sqlite3.Connection object at 0x000001BA83DD0130>) completed
2026-01-03 00:52:35 | [36mDEBUG[0m | aiosqlite | executing functools.partial(<built-in method execute of sqlite3.Cursor object at 0x000001BA83DBDF40>, 'PRAGMA main.table_info("users")', ())
2026-01-03 00:52:35 | [36mDEBUG[0m | aiosqlite | operation functools.partial(<built-in method execute of sqlite3.Cursor object at 0x000001BA83DBDF40>, 'PRAGMA main.table_info("users")', ()) completed
2026-01-03 00:52:35 | [36mDEBUG[0m | aiosqlite | executing functools.partial(<built-in method fetchall of sqlite3.Cursor object at 0x000001BA83DBDF40>)
2026-01-03 00:52:35 | [36mDEBUG[0m | aiosqlite | operation functools.partial(<built-in method fetchall of sqlite3.Cursor object at 0x000001BA83DBDF40>) completed
2026-01-03 00:52:35 | [36mDEBUG[0m | aiosqlite | executing functools.partial(<built-in method close of sqlite3.Cursor object at 0x000001BA83DBDF40>)
2026-01-03 00:52:35 | [36mDEBUG[0m | aiosqlite | operation functools.partial(<built-in method close of sqlite3.Cursor object at 0x000001BA83DBDF40>) completed
2026-01-03 00:52:35 | [36mDEBUG[0m | sqlalchemy.engine.Engine | Col ('cid', 'name', 'type', 'notnull', 'dflt_value', 'pk')
2026-01-03 00:52:35 | [32mINFO[0m | sqlalchemy.engine.Engine | PRAGMA temp.table_info("users")
2026-01-03 00:52:35 | [32mINFO[0m | sqlalchemy.engine.Engine | [raw sql] ()
2026-01-03 00:52:35 | [36mDEBUG[0m | aiosqlite | executing functools.partial(<built-in method cursor of sqlite3.Connection object at 0x000001BA83DD0130>)
2026-01-03 00:52:35 | [36mDEBUG[0m | aiosqlite | operation functools.partial(<built-in method cursor of sqlite3.Connection object at 0x000001BA83DD0130>) completed
2026-01-03 00:52:35 | [36mDEBUG[0m | aiosqlite | executing functools.partial(<built-in method execute of sqlite3.Cursor object at 0x000001BA83D3ABC0>, 'PRAGMA temp.table_info("users")', ())
2026-01-03 00:52:35 | [36mDEBUG[0m | aiosqlite | operation functools.partial(<built-in method execute of sqlite3.Cursor object at 0x000001BA83D3ABC0>, 'PRAGMA temp.table_info("users")', ()) completed
2026-01-03 00:52:35 | [36mDEBUG[0m | aiosqlite | executing functools.partial(<built-in method fetchall of sqlite3.Cursor object at 0x000001BA83D3ABC0>)
2026-01-03 00:52:35 | [36mDEBUG[0m | aiosqlite | operation functools.partial(<built-in method fetchall of sqlite3.Cursor object at 0x000001BA83D3ABC0>) completed
2026-01-03 00:52:35 | [36mDEBUG[0m | aiosqlite | executing functools.partial(<built-in method close of sqlite3.Cursor object at 0x000001BA83D3ABC0>)
2026-01-03 00:52:35 | [36mDEBUG[0m | sqlalchemy.engine.Engine | Col ('cid', 'name', 'type', 'notnull', 'dflt_value', 'pk')
2026-01-03 00:52:35 | [36mDEBUG[0m | aiosqlite | operation functools.partial(<built-in method close of sqlite3.Cursor object at 0x000001BA83D3ABC0>) completed
2026-01-03 00:52:35 | [32mINFO[0m | sqlalchemy.engine.Engine | PRAGMA main.table_info("votes")
2026-01-03 00:52:35 | [32mINFO[0m | sqlalchemy.engine.Engine | [raw sql] ()
2026-01-03 00:52:35 | [36mDEBUG[0m | aiosqlite | executing functools.partial(<built-in method cursor of sqlite3.Connection object at 0x000001BA83DD0130>)
2026-01-03 00:52:35 | [36mDEBUG[0m | aiosqlite | operation functools.partial(<built-in method cursor of sqlite3.Connection object at 0x000001BA83DD0130>) completed
2026-01-03 00:52:35 | [36mDEBUG[0m | aiosqlite | executing functools.partial(<built-in method execute of sqlite3.Cursor object at 0x000001BA83DBE6C0>, 'PRAGMA main.table_info("votes")', ())
2026-01-03 00:52:35 | [36mDEBUG[0m | aiosqlite | operation functools.partial(<built-in method execute of sqlite3.Cursor object at 0x000001BA83DBE6C0>, 'PRAGMA main.table_info("votes")', ()) completed
2026-01-03 00:52:35 | [36mDEBUG[0m | aiosqlite | executing functools.partial(<built-in method fetchall of sqlite3.Cursor object at 0x000001BA83DBE6C0>)
2026-01-03 00:52:35 | [36mDEBUG[0m | aiosqlite | operation functools.partial(<built-in method fetchall of sqlite3.Cursor object at 0x000001BA83DBE6C0>) completed
2026-01-03 00:52:35 | [36mDEBUG[0m | aiosqlite | executing functools.partial(<built-in method close of sqlite3.Cursor object at 0x000001BA83DBE6C0>)
2026-01-03 00:52:35 | [36mDEBUG[0m | sqlalchemy.engine.Engine | Col ('cid', 'name', 'type', 'notnull', 'dflt_value', 'pk')
2026-01-03 00:52:35 | [36mDEBUG[0m | aiosqlite | operation functools.partial(<built-in method close of sqlite3.Cursor object at 0x000001BA83DBE6C0>) completed
2026-01-03 00:52:35 | [32mINFO[0m | sqlalchemy.engine.Engine | PRAGMA temp.table_info("votes")
2026-01-03 00:52:35 | [32mINFO[0m | sqlalchemy.engine.Engine | [raw sql] ()
2026-01-03 00:52:35 | [36mDEBUG[0m | aiosqlite | executing functools.partial(<built-in method cursor of sqlite3.Connection object at 0x000001BA83DD0130>)
2026-01-03 00:52:35 | [36mDEBUG[0m | aiosqlite | operation functools.partial(<built-in method cursor of sqlite3.Connection object at 0x000001BA83DD0130>) completed
2026-01-03 00:52:35 | [36mDEBUG[0m | aiosqlite | executing functools.partial(<built-in method execute of sqlite3.Cursor object at 0x000001BAFE0BC240>, 'PRAGMA temp.table_info("votes")', ())
2026-01-03 00:52:35 | [36mDEBUG[0m | aiosqlite | operation functools.partial(<built-in method execute of sqlite3.Cursor object at 0x000001BAFE0BC240>, 'PRAGMA temp.table_info("votes")', ()) completed
2026-01-03 00:52:35 | [36mDEBUG[0m | aiosqlite | executing functools.partial(<built-in method fetchall of sqlite3.Cursor object at 0x000001BAFE0BC240>)
2026-01-03 00:52:35 | [36mDEBUG[0m | aiosqlite | operation functools.partial(<built-in method fetchall of sqlite3.Cursor object at 0x000001BAFE0BC240>) completed
2026-01-03 00:52:35 | [36mDEBUG[0m | aiosqlite | executing functools.partial(<built-in method close of sqlite3.Cursor object at 0x000001BAFE0BC240>)
2026-01-03 00:52:35 | [36mDEBUG[0m | aiosqlite | operation functools.partial(<built-in method close of sqlite3.Cursor object at 0x000001BAFE0BC240>) completed
2026-01-03 00:52:35 | [36mDEBUG[0m | sqlalchemy.engine.Engine | Col ('cid', 'name', 'type', 'notnull', 'dflt_value', 'pk')
2026-01-03 00:52:35 | [32mINFO[0m | sqlalchemy.engine.Engine | 
CREATE TABLE songs (
	id INTEGER NOT NULL, 
	suno_job_id VARCHAR(255), 
	suno_status VARCHAR(50) NOT NULL, 
	title VARCHAR(500), 
	artist VARCHAR(255) NOT NULL, 
	original_prompt TEXT, 
	enhanced_prompt TEXT, 
	style_prompt TEXT, 
	lyrics TEXT, 
	genre VARCHAR(100), 
	subgenre VARCHAR(100), 
	mood VARCHAR(100), 
	energy VARCHAR(50), 
	duration_seconds FLOAT, 
	bpm INTEGER, 
	"key" VARCHAR(10), 
	is_instrumental BOOLEAN NOT NULL, 
	audio_url VARCHAR(1000), 
	local_file_path VARCHAR(500), 
	file_size_bytes INTEGER, 
	audio_format VARCHAR(10) NOT NULL, 
	lufs_level FLOAT, 
	peak_db FLOAT, 
	is_normalized BOOLEAN NOT NULL, 
	generation_started_at DATETIME, 
	generation_completed_at DATETIME, 
	downloaded_at DATETIME, 
	play_count INTEGER NOT NULL, 
	total_upvotes INTEGER NOT NULL, 
	total_downvotes INTEGER NOT NULL, 
	is_approved BOOLEAN NOT NULL, 
	moderation_notes TEXT, 
	flagged_at DATETIME, 
	created_at DATETIME NOT NULL, 
	updated_at DATETIME NOT NULL, 
	CONSTRAINT pk_songs PRIMARY KEY (id)
)


2026-01-03 00:52:35 | [32mINFO[0m | sqlalchemy.engine.Engine | [no key 0.00037s] ()
2026-01-03 00:52:35 | [36mDEBUG[0m | aiosqlite | executing functools.partial(<built-in method cursor of sqlite3.Connection object at 0x000001BA83DD0130>)
2026-01-03 00:52:35 | [36mDEBUG[0m | aiosqlite | operation functools.partial(<built-in method cursor of sqlite3.Connection object at 0x000001BA83DD0130>) completed
2026-01-03 00:52:35 | [36mDEBUG[0m | aiosqlite | executing functools.partial(<built-in method execute of sqlite3.Cursor object at 0x000001BA83F27EC0>, '\nCREATE TABLE songs (\n\tid INTEGER NOT NULL, \n\tsuno_job_id VARCHAR(255), \n\tsuno_status VARCHAR(50) NOT NULL, \n\ttitle VARCHAR(500), \n\tartist VARCHAR(255) NOT NULL, \n\toriginal_prompt TEXT, \n\tenhanced_prompt TEXT, \n\tstyle_prompt TEXT, \n\tlyrics TEXT, \n\tgenre VARCHAR(100), \n\tsubgenre VARCHAR(100), \n\tmood VARCHAR(100), \n\tenergy VARCHAR(50), \n\tduration_seconds FLOAT, \n\tbpm INTEGER, \n\t"key" VARCHAR(10), \n\tis_instrumental BOOLEAN NOT NULL, \n\taudio_url VARCHAR(1000), \n\tlocal_file_path VARCHAR(500), \n\tfile_size_bytes INTEGER, \n\taudio_format VARCHAR(10) NOT NULL, \n\tlufs_level FLOAT, \n\tpeak_db FLOAT, \n\tis_normalized BOOLEAN NOT NULL, \n\tgeneration_started_at DATETIME, \n\tgeneration_completed_at DATETIME, \n\tdownloaded_at DATETIME, \n\tplay_count INTEGER NOT NULL, \n\ttotal_upvotes INTEGER NOT NULL, \n\ttotal_downvotes INTEGER NOT NULL, \n\tis_approved BOOLEAN NOT NULL, \n\tmoderation_notes TEXT, \n\tflagged_at DATETIME, \n\tcreated_at DATETIME NOT NULL, \n\tupdated_at DATETIME NOT NULL, \n\tCONSTRAINT pk_songs PRIMARY KEY (id)\n)\n\n', ())
2026-01-03 00:52:35 | [36mDEBUG[0m | aiosqlite | operation functools.partial(<built-in method execute of sqlite3.Cursor object at 0x000001BA83F27EC0>, '\nCREATE TABLE songs (\n\tid INTEGER NOT NULL, \n\tsuno_job_id VARCHAR(255), \n\tsuno_status VARCHAR(50) NOT NULL, \n\ttitle VARCHAR(500), \n\tartist VARCHAR(255) NOT NULL, \n\toriginal_prompt TEXT, \n\tenhanced_prompt TEXT, \n\tstyle_prompt TEXT, \n\tlyrics TEXT, \n\tgenre VARCHAR(100), \n\tsubgenre VARCHAR(100), \n\tmood VARCHAR(100), \n\tenergy VARCHAR(50), \n\tduration_seconds FLOAT, \n\tbpm INTEGER, \n\t"key" VARCHAR(10), \n\tis_instrumental BOOLEAN NOT NULL, \n\taudio_url VARCHAR(1000), \n\tlocal_file_path VARCHAR(500), \n\tfile_size_bytes INTEGER, \n\taudio_format VARCHAR(10) NOT NULL, \n\tlufs_level FLOAT, \n\tpeak_db FLOAT, \n\tis_normalized BOOLEAN NOT NULL, \n\tgeneration_started_at DATETIME, \n\tgeneration_completed_at DATETIME, \n\tdownloaded_at DATETIME, \n\tplay_count INTEGER NOT NULL, \n\ttotal_upvotes INTEGER NOT NULL, \n\ttotal_downvotes INTEGER NOT NULL, \n\tis_approved BOOLEAN NOT NULL, \n\tmoderation_notes TEXT, \n\tflagged_at DATETIME, \n\tcreated_at DATETIME NOT NULL, \n\tupdated_at DATETIME NOT NULL, \n\tCONSTRAINT pk_songs PRIMARY KEY (id)\n)\n\n', ()) completed
2026-01-03 00:52:35 | [36mDEBUG[0m | aiosqlite | executing functools.partial(<built-in method close of sqlite3.Cursor object at 0x000001BA83F27EC0>)
2026-01-03 00:52:35 | [36mDEBUG[0m | aiosqlite | operation functools.partial(<built-in method close of sqlite3.Cursor object at 0x000001BA83F27EC0>) completed
2026-01-03 00:52:35 | [32mINFO[0m | sqlalchemy.engine.Engine | CREATE UNIQUE INDEX ix_songs_suno_job_id ON songs (suno_job_id)
2026-01-03 00:52:35 | [32mINFO[0m | sqlalchemy.engine.Engine | [no key 0.00020s] ()
2026-01-03 00:52:35 | [36mDEBUG[0m | aiosqlite | executing functools.partial(<built-in method cursor of sqlite3.Connection object at 0x000001BA83DD0130>)
2026-01-03 00:52:35 | [36mDEBUG[0m | aiosqlite | operation functools.partial(<built-in method cursor of sqlite3.Connection object at 0x000001BA83DD0130>) completed
2026-01-03 00:52:35 | [36mDEBUG[0m | aiosqlite | executing functools.partial(<built-in method execute of sqlite3.Cursor object at 0x000001BA83EA61C0>, 'CREATE UNIQUE INDEX ix_songs_suno_job_id ON songs (suno_job_id)', ())
2026-01-03 00:52:35 | [36mDEBUG[0m | aiosqlite | operation functools.partial(<built-in method execute of sqlite3.Cursor object at 0x000001BA83EA61C0>, 'CREATE UNIQUE INDEX ix_songs_suno_job_id ON songs (suno_job_id)', ()) completed
2026-01-03 00:52:35 | [36mDEBUG[0m | aiosqlite | executing functools.partial(<built-in method close of sqlite3.Cursor object at 0x000001BA83EA61C0>)
2026-01-03 00:52:35 | [36mDEBUG[0m | aiosqlite | operation functools.partial(<built-in method close of sqlite3.Cursor object at 0x000001BA83EA61C0>) completed
2026-01-03 00:52:35 | [32mINFO[0m | sqlalchemy.engine.Engine | 
CREATE TABLE users (
	id INTEGER NOT NULL, 
	telegram_id BIGINT NOT NULL, 
	telegram_username VARCHAR(255), 
	telegram_first_name VARCHAR(255), 
	telegram_last_name VARCHAR(255), 
	reputation_score FLOAT NOT NULL, 
	total_requests INTEGER NOT NULL, 
	successful_requests INTEGER NOT NULL, 
	failed_requests INTEGER NOT NULL, 
	total_upvotes_received INTEGER NOT NULL, 
	total_downvotes_received INTEGER NOT NULL, 
	total_upvotes_given INTEGER NOT NULL, 
	total_downvotes_given INTEGER NOT NULL, 
	is_banned BOOLEAN NOT NULL, 
	is_premium BOOLEAN NOT NULL, 
	ban_reason TEXT, 
	banned_at DATETIME, 
	banned_until DATETIME, 
	last_request_at DATETIME, 
	last_vote_at DATETIME, 
	last_active_at DATETIME, 
	created_at DATETIME NOT NULL, 
	updated_at DATETIME NOT NULL, 
	CONSTRAINT pk_users PRIMARY KEY (id)
)


2026-01-03 00:52:35 | [32mINFO[0m | sqlalchemy.engine.Engine | [no key 0.00028s] ()
2026-01-03 00:52:35 | [36mDEBUG[0m | aiosqlite | executing functools.partial(<built-in method cursor of sqlite3.Connection object at 0x000001BA83DD0130>)
2026-01-03 00:52:35 | [36mDEBUG[0m | aiosqlite | operation functools.partial(<built-in method cursor of sqlite3.Connection object at 0x000001BA83DD0130>) completed
2026-01-03 00:52:35 | [36mDEBUG[0m | aiosqlite | executing functools.partial(<built-in method execute of sqlite3.Cursor object at 0x000001BA83EA5D40>, '\nCREATE TABLE users (\n\tid INTEGER NOT NULL, \n\ttelegram_id BIGINT NOT NULL, \n\ttelegram_username VARCHAR(255), \n\ttelegram_first_name VARCHAR(255), \n\ttelegram_last_name VARCHAR(255), \n\treputation_score FLOAT NOT NULL, \n\ttotal_requests INTEGER NOT NULL, \n\tsuccessful_requests INTEGER NOT NULL, \n\tfailed_requests INTEGER NOT NULL, \n\ttotal_upvotes_received INTEGER NOT NULL, \n\ttotal_downvotes_received INTEGER NOT NULL, \n\ttotal_upvotes_given INTEGER NOT NULL, \n\ttotal_downvotes_given INTEGER NOT NULL, \n\tis_banned BOOLEAN NOT NULL, \n\tis_premium BOOLEAN NOT NULL, \n\tban_reason TEXT, \n\tbanned_at DATETIME, \n\tbanned_until DATETIME, \n\tlast_request_at DATETIME, \n\tlast_vote_at DATETIME, \n\tlast_active_at DATETIME, \n\tcreated_at DATETIME NOT NULL, \n\tupdated_at DATETIME NOT NULL, \n\tCONSTRAINT pk_users PRIMARY KEY (id)\n)\n\n', ())
2026-01-03 00:52:35 | [36mDEBUG[0m | aiosqlite | operation functools.partial(<built-in method execute of sqlite3.Cursor object at 0x000001BA83EA5D40>, '\nCREATE TABLE users (\n\tid INTEGER NOT NULL, \n\ttelegram_id BIGINT NOT NULL, \n\ttelegram_username VARCHAR(255), \n\ttelegram_first_name VARCHAR(255), \n\ttelegram_last_name VARCHAR(255), \n\treputation_score FLOAT NOT NULL, \n\ttotal_requests INTEGER NOT NULL, \n\tsuccessful_requests INTEGER NOT NULL, \n\tfailed_requests INTEGER NOT NULL, \n\ttotal_upvotes_received INTEGER NOT NULL, \n\ttotal_downvotes_received INTEGER NOT NULL, \n\ttotal_upvotes_given INTEGER NOT NULL, \n\ttotal_downvotes_given INTEGER NOT NULL, \n\tis_banned BOOLEAN NOT NULL, \n\tis_premium BOOLEAN NOT NULL, \n\tban_reason TEXT, \n\tbanned_at DATETIME, \n\tbanned_until DATETIME, \n\tlast_request_at DATETIME, \n\tlast_vote_at DATETIME, \n\tlast_active_at DATETIME, \n\tcreated_at DATETIME NOT NULL, \n\tupdated_at DATETIME NOT NULL, \n\tCONSTRAINT pk_users PRIMARY KEY (id)\n)\n\n', ()) completed
2026-01-03 00:52:35 | [36mDEBUG[0m | aiosqlite | executing functools.partial(<built-in method close of sqlite3.Cursor object at 0x000001BA83EA5D40>)
2026-01-03 00:52:35 | [32mINFO[0m | sqlalchemy.engine.Engine | CREATE UNIQUE INDEX ix_users_telegram_id ON users (telegram_id)
2026-01-03 00:52:35 | [36mDEBUG[0m | aiosqlite | operation functools.partial(<built-in method close of sqlite3.Cursor object at 0x000001BA83EA5D40>) completed
2026-01-03 00:52:35 | [32mINFO[0m | sqlalchemy.engine.Engine | [no key 0.00023s] ()
2026-01-03 00:52:35 | [36mDEBUG[0m | aiosqlite | executing functools.partial(<built-in method cursor of sqlite3.Connection object at 0x000001BA83DD0130>)
2026-01-03 00:52:35 | [36mDEBUG[0m | aiosqlite | operation functools.partial(<built-in method cursor of sqlite3.Connection object at 0x000001BA83DD0130>) completed
2026-01-03 00:52:35 | [36mDEBUG[0m | aiosqlite | executing functools.partial(<built-in method execute of sqlite3.Cursor object at 0x000001BA83C61E40>, 'CREATE UNIQUE INDEX ix_users_telegram_id ON users (telegram_id)', ())
2026-01-03 00:52:35 | [36mDEBUG[0m | aiosqlite | operation functools.partial(<built-in method execute of sqlite3.Cursor object at 0x000001BA83C61E40>, 'CREATE UNIQUE INDEX ix_users_telegram_id ON users (telegram_id)', ()) completed
2026-01-03 00:52:35 | [36mDEBUG[0m | aiosqlite | executing functools.partial(<built-in method close of sqlite3.Cursor object at 0x000001BA83C61E40>)
2026-01-03 00:52:35 | [36mDEBUG[0m | aiosqlite | operation functools.partial(<built-in method close of sqlite3.Cursor object at 0x000001BA83C61E40>) completed
2026-01-03 00:52:35 | [32mINFO[0m | sqlalchemy.engine.Engine | 
CREATE TABLE chat_messages (
	id INTEGER NOT NULL, 
	user_id INTEGER, 
	content TEXT NOT NULL, 
	message_type VARCHAR(20) NOT NULL, 
	is_deleted BOOLEAN NOT NULL, 
	deleted_by_id INTEGER, 
	deleted_at DATETIME, 
	delete_reason VARCHAR(255), 
	reply_to_id INTEGER, 
	created_at DATETIME NOT NULL, 
	updated_at DATETIME NOT NULL, 
	CONSTRAINT pk_chat_messages PRIMARY KEY (id), 
	CONSTRAINT fk_chat_messages_user_id_users FOREIGN KEY(user_id) REFERENCES users (id) ON DELETE SET NULL, 
	CONSTRAINT fk_chat_messages_reply_to_id_chat_messages FOREIGN KEY(reply_to_id) REFERENCES chat_messages (id) ON DELETE SET NULL
)


2026-01-03 00:52:35 | [32mINFO[0m | sqlalchemy.engine.Engine | [no key 0.00039s] ()
2026-01-03 00:52:35 | [36mDEBUG[0m | aiosqlite | executing functools.partial(<built-in method cursor of sqlite3.Connection object at 0x000001BA83DD0130>)
2026-01-03 00:52:35 | [36mDEBUG[0m | aiosqlite | operation functools.partial(<built-in method cursor of sqlite3.Connection object at 0x000001BA83DD0130>) completed
2026-01-03 00:52:35 | [36mDEBUG[0m | aiosqlite | executing functools.partial(<built-in method execute of sqlite3.Cursor object at 0x000001BA83F27CC0>, '\nCREATE TABLE chat_messages (\n\tid INTEGER NOT NULL, \n\tuser_id INTEGER, \n\tcontent TEXT NOT NULL, \n\tmessage_type VARCHAR(20) NOT NULL, \n\tis_deleted BOOLEAN NOT NULL, \n\tdeleted_by_id INTEGER, \n\tdeleted_at DATETIME, \n\tdelete_reason VARCHAR(255), \n\treply_to_id INTEGER, \n\tcreated_at DATETIME NOT NULL, \n\tupdated_at DATETIME NOT NULL, \n\tCONSTRAINT pk_chat_messages PRIMARY KEY (id), \n\tCONSTRAINT fk_chat_messages_user_id_users FOREIGN KEY(user_id) REFERENCES users (id) ON DELETE SET NULL, \n\tCONSTRAINT fk_chat_messages_reply_to_id_chat_messages FOREIGN KEY(reply_to_id) REFERENCES chat_messages (id) ON DELETE SET NULL\n)\n\n', ())
2026-01-03 00:52:35 | [36mDEBUG[0m | aiosqlite | operation functools.partial(<built-in method execute of sqlite3.Cursor object at 0x000001BA83F27CC0>, '\nCREATE TABLE chat_messages (\n\tid INTEGER NOT NULL, \n\tuser_id INTEGER, \n\tcontent TEXT NOT NULL, \n\tmessage_type VARCHAR(20) NOT NULL, \n\tis_deleted BOOLEAN NOT NULL, \n\tdeleted_by_id INTEGER, \n\tdeleted_at DATETIME, \n\tdelete_reason VARCHAR(255), \n\treply_to_id INTEGER, \n\tcreated_at DATETIME NOT NULL, \n\tupdated_at DATETIME NOT NULL, \n\tCONSTRAINT pk_chat_messages PRIMARY KEY (id), \n\tCONSTRAINT fk_chat_messages_user_id_users FOREIGN KEY(user_id) REFERENCES users (id) ON DELETE SET NULL, \n\tCONSTRAINT fk_chat_messages_reply_to_id_chat_messages FOREIGN KEY(reply_to_id) REFERENCES chat_messages (id) ON DELETE SET NULL\n)\n\n', ()) completed
2026-01-03 00:52:35 | [36mDEBUG[0m | aiosqlite | executing functools.partial(<built-in method close of sqlite3.Cursor object at 0x000001BA83F27CC0>)
2026-01-03 00:52:35 | [36mDEBUG[0m | aiosqlite | operation functools.partial(<built-in method close of sqlite3.Cursor object at 0x000001BA83F27CC0>) completed
2026-01-03 00:52:35 | [32mINFO[0m | sqlalchemy.engine.Engine | 
CREATE TABLE radio_history (
	id INTEGER NOT NULL, 
	song_id INTEGER NOT NULL, 
	queue_id INTEGER, 
	played_at DATETIME NOT NULL, 
	ended_at DATETIME, 
	duration_played_seconds FLOAT, 
	broadcast_file_path VARCHAR(500), 
	stream_mount VARCHAR(100), 
	requester_telegram_id BIGINT, 
	requester_username VARCHAR(255), 
	song_title VARCHAR(500), 
	song_artist VARCHAR(255), 
	song_genre VARCHAR(100), 
	had_dj_intro BOOLEAN NOT NULL, 
	dj_intro_text TEXT, 
	listener_count INTEGER, 
	upvotes_during_play INTEGER NOT NULL, 
	downvotes_during_play INTEGER NOT NULL, 
	skips_requested INTEGER NOT NULL, 
	created_at DATETIME NOT NULL, 
	updated_at DATETIME NOT NULL, 
	CONSTRAINT pk_radio_history PRIMARY KEY (id), 
	CONSTRAINT fk_radio_history_song_id_songs FOREIGN KEY(song_id) REFERENCES songs (id)
)


2026-01-03 00:52:35 | [32mINFO[0m | sqlalchemy.engine.Engine | [no key 0.00019s] ()
2026-01-03 00:52:35 | [36mDEBUG[0m | aiosqlite | executing functools.partial(<built-in method cursor of sqlite3.Connection object at 0x000001BA83DD0130>)
2026-01-03 00:52:35 | [36mDEBUG[0m | aiosqlite | operation functools.partial(<built-in method cursor of sqlite3.Connection object at 0x000001BA83DD0130>) completed
2026-01-03 00:52:35 | [36mDEBUG[0m | aiosqlite | executing functools.partial(<built-in method execute of sqlite3.Cursor object at 0x000001BA83F27F40>, '\nCREATE TABLE radio_history (\n\tid INTEGER NOT NULL, \n\tsong_id INTEGER NOT NULL, \n\tqueue_id INTEGER, \n\tplayed_at DATETIME NOT NULL, \n\tended_at DATETIME, \n\tduration_played_seconds FLOAT, \n\tbroadcast_file_path VARCHAR(500), \n\tstream_mount VARCHAR(100), \n\trequester_telegram_id BIGINT, \n\trequester_username VARCHAR(255), \n\tsong_title VARCHAR(500), \n\tsong_artist VARCHAR(255), \n\tsong_genre VARCHAR(100), \n\thad_dj_intro BOOLEAN NOT NULL, \n\tdj_intro_text TEXT, \n\tlistener_count INTEGER, \n\tupvotes_during_play INTEGER NOT NULL, \n\tdownvotes_during_play INTEGER NOT NULL, \n\tskips_requested INTEGER NOT NULL, \n\tcreated_at DATETIME NOT NULL, \n\tupdated_at DATETIME NOT NULL, \n\tCONSTRAINT pk_radio_history PRIMARY KEY (id), \n\tCONSTRAINT fk_radio_history_song_id_songs FOREIGN KEY(song_id) REFERENCES songs (id)\n)\n\n', ())
2026-01-03 00:52:35 | [36mDEBUG[0m | aiosqlite | operation functools.partial(<built-in method execute of sqlite3.Cursor object at 0x000001BA83F27F40>, '\nCREATE TABLE radio_history (\n\tid INTEGER NOT NULL, \n\tsong_id INTEGER NOT NULL, \n\tqueue_id INTEGER, \n\tplayed_at DATETIME NOT NULL, \n\tended_at DATETIME, \n\tduration_played_seconds FLOAT, \n\tbroadcast_file_path VARCHAR(500), \n\tstream_mount VARCHAR(100), \n\trequester_telegram_id BIGINT, \n\trequester_username VARCHAR(255), \n\tsong_title VARCHAR(500), \n\tsong_artist VARCHAR(255), \n\tsong_genre VARCHAR(100), \n\thad_dj_intro BOOLEAN NOT NULL, \n\tdj_intro_text TEXT, \n\tlistener_count INTEGER, \n\tupvotes_during_play INTEGER NOT NULL, \n\tdownvotes_during_play INTEGER NOT NULL, \n\tskips_requested INTEGER NOT NULL, \n\tcreated_at DATETIME NOT NULL, \n\tupdated_at DATETIME NOT NULL, \n\tCONSTRAINT pk_radio_history PRIMARY KEY (id), \n\tCONSTRAINT fk_radio_history_song_id_songs FOREIGN KEY(song_id) REFERENCES songs (id)\n)\n\n', ()) completed
2026-01-03 00:52:35 | [36mDEBUG[0m | aiosqlite | executing functools.partial(<built-in method close of sqlite3.Cursor object at 0x000001BA83F27F40>)
2026-01-03 00:52:35 | [32mINFO[0m | sqlalchemy.engine.Engine | CREATE INDEX ix_radio_history_song_id ON radio_history (song_id)
2026-01-03 00:52:35 | [32mINFO[0m | sqlalchemy.engine.Engine | [no key 0.00018s] ()
2026-01-03 00:52:35 | [36mDEBUG[0m | aiosqlite | operation functools.partial(<built-in method close of sqlite3.Cursor object at 0x000001BA83F27F40>) completed
2026-01-03 00:52:35 | [36mDEBUG[0m | aiosqlite | executing functools.partial(<built-in method cursor of sqlite3.Connection object at 0x000001BA83DD0130>)
2026-01-03 00:52:35 | [36mDEBUG[0m | aiosqlite | operation functools.partial(<built-in method cursor of sqlite3.Connection object at 0x000001BA83DD0130>) completed
2026-01-03 00:52:35 | [36mDEBUG[0m | aiosqlite | executing functools.partial(<built-in method execute of sqlite3.Cursor object at 0x000001BA83D38D40>, 'CREATE INDEX ix_radio_history_song_id ON radio_history (song_id)', ())
2026-01-03 00:52:35 | [36mDEBUG[0m | aiosqlite | operation functools.partial(<built-in method execute of sqlite3.Cursor object at 0x000001BA83D38D40>, 'CREATE INDEX ix_radio_history_song_id ON radio_history (song_id)', ()) completed
2026-01-03 00:52:35 | [36mDEBUG[0m | aiosqlite | executing functools.partial(<built-in method close of sqlite3.Cursor object at 0x000001BA83D38D40>)
2026-01-03 00:52:35 | [36mDEBUG[0m | aiosqlite | operation functools.partial(<built-in method close of sqlite3.Cursor object at 0x000001BA83D38D40>) completed
2026-01-03 00:52:35 | [32mINFO[0m | sqlalchemy.engine.Engine | CREATE INDEX ix_radio_history_queue_id ON radio_history (queue_id)
2026-01-03 00:52:35 | [32mINFO[0m | sqlalchemy.engine.Engine | [no key 0.00033s] ()
2026-01-03 00:52:35 | [36mDEBUG[0m | aiosqlite | executing functools.partial(<built-in method cursor of sqlite3.Connection object at 0x000001BA83DD0130>)
2026-01-03 00:52:35 | [36mDEBUG[0m | aiosqlite | operation functools.partial(<built-in method cursor of sqlite3.Connection object at 0x000001BA83DD0130>) completed
2026-01-03 00:52:35 | [36mDEBUG[0m | aiosqlite | executing functools.partial(<built-in method execute of sqlite3.Cursor object at 0x000001BA83C637C0>, 'CREATE INDEX ix_radio_history_queue_id ON radio_history (queue_id)', ())
2026-01-03 00:52:35 | [36mDEBUG[0m | aiosqlite | operation functools.partial(<built-in method execute of sqlite3.Cursor object at 0x000001BA83C637C0>, 'CREATE INDEX ix_radio_history_queue_id ON radio_history (queue_id)', ()) completed
2026-01-03 00:52:35 | [36mDEBUG[0m | aiosqlite | executing functools.partial(<built-in method close of sqlite3.Cursor object at 0x000001BA83C637C0>)
2026-01-03 00:52:35 | [36mDEBUG[0m | aiosqlite | operation functools.partial(<built-in method close of sqlite3.Cursor object at 0x000001BA83C637C0>) completed
2026-01-03 00:52:35 | [32mINFO[0m | sqlalchemy.engine.Engine | CREATE INDEX ix_radio_history_played_at ON radio_history (played_at)
2026-01-03 00:52:35 | [32mINFO[0m | sqlalchemy.engine.Engine | [no key 0.00027s] ()
2026-01-03 00:52:35 | [36mDEBUG[0m | aiosqlite | executing functools.partial(<built-in method cursor of sqlite3.Connection object at 0x000001BA83DD0130>)
2026-01-03 00:52:35 | [36mDEBUG[0m | aiosqlite | operation functools.partial(<built-in method cursor of sqlite3.Connection object at 0x000001BA83DD0130>) completed
2026-01-03 00:52:35 | [36mDEBUG[0m | aiosqlite | executing functools.partial(<built-in method execute of sqlite3.Cursor object at 0x000001BA83DBE7C0>, 'CREATE INDEX ix_radio_history_played_at ON radio_history (played_at)', ())
2026-01-03 00:52:35 | [36mDEBUG[0m | aiosqlite | operation functools.partial(<built-in method execute of sqlite3.Cursor object at 0x000001BA83DBE7C0>, 'CREATE INDEX ix_radio_history_played_at ON radio_history (played_at)', ()) completed
2026-01-03 00:52:35 | [36mDEBUG[0m | aiosqlite | executing functools.partial(<built-in method close of sqlite3.Cursor object at 0x000001BA83DBE7C0>)
2026-01-03 00:52:35 | [36mDEBUG[0m | aiosqlite | operation functools.partial(<built-in method close of sqlite3.Cursor object at 0x000001BA83DBE7C0>) completed
2026-01-03 00:52:35 | [32mINFO[0m | sqlalchemy.engine.Engine | 
CREATE TABLE radio_queue (
	id INTEGER NOT NULL, 
	user_id INTEGER, 
	telegram_user_id BIGINT, 
	telegram_message_id BIGINT, 
	song_id INTEGER, 
	original_prompt TEXT NOT NULL, 
	enhanced_prompt TEXT, 
	genre_hint VARCHAR(100), 
	is_instrumental BOOLEAN NOT NULL, 
	status VARCHAR(50) NOT NULL, 
	suno_job_id VARCHAR(255), 
	error_message TEXT, 
	retry_count INTEGER NOT NULL, 
	max_retries INTEGER NOT NULL, 
	base_priority FLOAT NOT NULL, 
	priority_score FLOAT NOT NULL, 
	is_priority_boost BOOLEAN NOT NULL, 
	priority_boost_reason VARCHAR(255), 
	upvotes INTEGER NOT NULL, 
	downvotes INTEGER NOT NULL, 
	requested_at DATETIME NOT NULL, 
	queued_at DATETIME, 
	generation_started_at DATETIME, 
	generation_completed_at DATETIME, 
	broadcast_started_at DATETIME, 
	completed_at DATETIME, 
	is_moderated BOOLEAN NOT NULL, 
	moderation_passed BOOLEAN, 
	moderation_reason TEXT, 
	has_dj_intro BOOLEAN NOT NULL, 
	dj_intro_path VARCHAR(500), 
	created_at DATETIME NOT NULL, 
	updated_at DATETIME NOT NULL, 
	CONSTRAINT pk_radio_queue PRIMARY KEY (id), 
	CONSTRAINT fk_radio_queue_user_id_users FOREIGN KEY(user_id) REFERENCES users (id), 
	CONSTRAINT fk_radio_queue_song_id_songs FOREIGN KEY(song_id) REFERENCES songs (id)
)


2026-01-03 00:52:35 | [32mINFO[0m | sqlalchemy.engine.Engine | [no key 0.00034s] ()
2026-01-03 00:52:35 | [36mDEBUG[0m | aiosqlite | executing functools.partial(<built-in method cursor of sqlite3.Connection object at 0x000001BA83DD0130>)
2026-01-03 00:52:35 | [36mDEBUG[0m | aiosqlite | operation functools.partial(<built-in method cursor of sqlite3.Connection object at 0x000001BA83DD0130>) completed
2026-01-03 00:52:35 | [36mDEBUG[0m | aiosqlite | executing functools.partial(<built-in method execute of sqlite3.Cursor object at 0x000001BA83C80B40>, '\nCREATE TABLE radio_queue (\n\tid INTEGER NOT NULL, \n\tuser_id INTEGER, \n\ttelegram_user_id BIGINT, \n\ttelegram_message_id BIGINT, \n\tsong_id INTEGER, \n\toriginal_prompt TEXT NOT NULL, \n\tenhanced_prompt TEXT, \n\tgenre_hint VARCHAR(100), \n\tis_instrumental BOOLEAN NOT NULL, \n\tstatus VARCHAR(50) NOT NULL, \n\tsuno_job_id VARCHAR(255), \n\terror_message TEXT, \n\tretry_count INTEGER NOT NULL, \n\tmax_retries INTEGER NOT NULL, \n\tbase_priority FLOAT NOT NULL, \n\tpriority_score FLOAT NOT NULL, \n\tis_priority_boost BOOLEAN NOT NULL, \n\tpriority_boost_reason VARCHAR(255), \n\tupvotes INTEGER NOT NULL, \n\tdownvotes INTEGER NOT NULL, \n\trequested_at DATETIME NOT NULL, \n\tqueued_at DATETIME, \n\tgeneration_started_at DATETIME, \n\tgeneration_completed_at DATETIME, \n\tbroadcast_started_at DATETIME, \n\tcompleted_at DATETIME, \n\tis_moderated BOOLEAN NOT NULL, \n\tmoderation_passed BOOLEAN, \n\tmoderation_reason TEXT, \n\thas_dj_intro BOOLEAN NOT NULL, \n\tdj_intro_path VARCHAR(500), \n\tcreated_at DATETIME NOT NULL, \n\tupdated_at DATETIME NOT NULL, \n\tCONSTRAINT pk_radio_queue PRIMARY KEY (id), \n\tCONSTRAINT fk_radio_queue_user_id_users FOREIGN KEY(user_id) REFERENCES users (id), \n\tCONSTRAINT fk_radio_queue_song_id_songs FOREIGN KEY(song_id) REFERENCES songs (id)\n)\n\n', ())
2026-01-03 00:52:35 | [36mDEBUG[0m | aiosqlite | operation functools.partial(<built-in method execute of sqlite3.Cursor object at 0x000001BA83C80B40>, '\nCREATE TABLE radio_queue (\n\tid INTEGER NOT NULL, \n\tuser_id INTEGER, \n\ttelegram_user_id BIGINT, \n\ttelegram_message_id BIGINT, \n\tsong_id INTEGER, \n\toriginal_prompt TEXT NOT NULL, \n\tenhanced_prompt TEXT, \n\tgenre_hint VARCHAR(100), \n\tis_instrumental BOOLEAN NOT NULL, \n\tstatus VARCHAR(50) NOT NULL, \n\tsuno_job_id VARCHAR(255), \n\terror_message TEXT, \n\tretry_count INTEGER NOT NULL, \n\tmax_retries INTEGER NOT NULL, \n\tbase_priority FLOAT NOT NULL, \n\tpriority_score FLOAT NOT NULL, \n\tis_priority_boost BOOLEAN NOT NULL, \n\tpriority_boost_reason VARCHAR(255), \n\tupvotes INTEGER NOT NULL, \n\tdownvotes INTEGER NOT NULL, \n\trequested_at DATETIME NOT NULL, \n\tqueued_at DATETIME, \n\tgeneration_started_at DATETIME, \n\tgeneration_completed_at DATETIME, \n\tbroadcast_started_at DATETIME, \n\tcompleted_at DATETIME, \n\tis_moderated BOOLEAN NOT NULL, \n\tmoderation_passed BOOLEAN, \n\tmoderation_reason TEXT, \n\thas_dj_intro BOOLEAN NOT NULL, \n\tdj_intro_path VARCHAR(500), \n\tcreated_at DATETIME NOT NULL, \n\tupdated_at DATETIME NOT NULL, \n\tCONSTRAINT pk_radio_queue PRIMARY KEY (id), \n\tCONSTRAINT fk_radio_queue_user_id_users FOREIGN KEY(user_id) REFERENCES users (id), \n\tCONSTRAINT fk_radio_queue_song_id_songs FOREIGN KEY(song_id) REFERENCES songs (id)\n)\n\n', ()) completed
2026-01-03 00:52:35 | [36mDEBUG[0m | aiosqlite | executing functools.partial(<built-in method close of sqlite3.Cursor object at 0x000001BA83C80B40>)
2026-01-03 00:52:35 | [32mINFO[0m | sqlalchemy.engine.Engine | CREATE INDEX ix_radio_queue_song_id ON radio_queue (song_id)
2026-01-03 00:52:35 | [36mDEBUG[0m | aiosqlite | operation functools.partial(<built-in method close of sqlite3.Cursor object at 0x000001BA83C80B40>) completed
2026-01-03 00:52:35 | [32mINFO[0m | sqlalchemy.engine.Engine | [no key 0.00023s] ()
2026-01-03 00:52:35 | [36mDEBUG[0m | aiosqlite | executing functools.partial(<built-in method cursor of sqlite3.Connection object at 0x000001BA83DD0130>)
2026-01-03 00:52:35 | [36mDEBUG[0m | aiosqlite | operation functools.partial(<built-in method cursor of sqlite3.Connection object at 0x000001BA83DD0130>) completed
2026-01-03 00:52:35 | [36mDEBUG[0m | aiosqlite | executing functools.partial(<built-in method execute of sqlite3.Cursor object at 0x000001BA83C62FC0>, 'CREATE INDEX ix_radio_queue_song_id ON radio_queue (song_id)', ())
2026-01-03 00:52:35 | [36mDEBUG[0m | aiosqlite | operation functools.partial(<built-in method execute of sqlite3.Cursor object at 0x000001BA83C62FC0>, 'CREATE INDEX ix_radio_queue_song_id ON radio_queue (song_id)', ()) completed
2026-01-03 00:52:35 | [36mDEBUG[0m | aiosqlite | executing functools.partial(<built-in method close of sqlite3.Cursor object at 0x000001BA83C62FC0>)
2026-01-03 00:52:35 | [36mDEBUG[0m | aiosqlite | operation functools.partial(<built-in method close of sqlite3.Cursor object at 0x000001BA83C62FC0>) completed
2026-01-03 00:52:35 | [32mINFO[0m | sqlalchemy.engine.Engine | CREATE INDEX ix_radio_queue_telegram_user_id ON radio_queue (telegram_user_id)
2026-01-03 00:52:35 | [32mINFO[0m | sqlalchemy.engine.Engine | [no key 0.00020s] ()
2026-01-03 00:52:35 | [36mDEBUG[0m | aiosqlite | executing functools.partial(<built-in method cursor of sqlite3.Connection object at 0x000001BA83DD0130>)
2026-01-03 00:52:35 | [36mDEBUG[0m | aiosqlite | operation functools.partial(<built-in method cursor of sqlite3.Connection object at 0x000001BA83DD0130>) completed
2026-01-03 00:52:35 | [36mDEBUG[0m | aiosqlite | executing functools.partial(<built-in method execute of sqlite3.Cursor object at 0x000001BA83C61940>, 'CREATE INDEX ix_radio_queue_telegram_user_id ON radio_queue (telegram_user_id)', ())
2026-01-03 00:52:35 | [36mDEBUG[0m | aiosqlite | operation functools.partial(<built-in method execute of sqlite3.Cursor object at 0x000001BA83C61940>, 'CREATE INDEX ix_radio_queue_telegram_user_id ON radio_queue (telegram_user_id)', ()) completed
2026-01-03 00:52:35 | [36mDEBUG[0m | aiosqlite | executing functools.partial(<built-in method close of sqlite3.Cursor object at 0x000001BA83C61940>)
2026-01-03 00:52:35 | [36mDEBUG[0m | aiosqlite | operation functools.partial(<built-in method close of sqlite3.Cursor object at 0x000001BA83C61940>) completed
2026-01-03 00:52:35 | [32mINFO[0m | sqlalchemy.engine.Engine | CREATE INDEX ix_radio_queue_user_id ON radio_queue (user_id)
2026-01-03 00:52:35 | [32mINFO[0m | sqlalchemy.engine.Engine | [no key 0.00024s] ()
2026-01-03 00:52:35 | [36mDEBUG[0m | aiosqlite | executing functools.partial(<built-in method cursor of sqlite3.Connection object at 0x000001BA83DD0130>)
2026-01-03 00:52:35 | [36mDEBUG[0m | aiosqlite | operation functools.partial(<built-in method cursor of sqlite3.Connection object at 0x000001BA83DD0130>) completed
2026-01-03 00:52:35 | [36mDEBUG[0m | aiosqlite | executing functools.partial(<built-in method execute of sqlite3.Cursor object at 0x000001BA83FB41C0>, 'CREATE INDEX ix_radio_queue_user_id ON radio_queue (user_id)', ())
2026-01-03 00:52:35 | [36mDEBUG[0m | aiosqlite | operation functools.partial(<built-in method execute of sqlite3.Cursor object at 0x000001BA83FB41C0>, 'CREATE INDEX ix_radio_queue_user_id ON radio_queue (user_id)', ()) completed
2026-01-03 00:52:35 | [36mDEBUG[0m | aiosqlite | executing functools.partial(<built-in method close of sqlite3.Cursor object at 0x000001BA83FB41C0>)
2026-01-03 00:52:35 | [36mDEBUG[0m | aiosqlite | operation functools.partial(<built-in method close of sqlite3.Cursor object at 0x000001BA83FB41C0>) completed
2026-01-03 00:52:35 | [32mINFO[0m | sqlalchemy.engine.Engine | CREATE INDEX ix_radio_queue_status ON radio_queue (status)
2026-01-03 00:52:35 | [32mINFO[0m | sqlalchemy.engine.Engine | [no key 0.00021s] ()
2026-01-03 00:52:35 | [36mDEBUG[0m | aiosqlite | executing functools.partial(<built-in method cursor of sqlite3.Connection object at 0x000001BA83DD0130>)
2026-01-03 00:52:35 | [36mDEBUG[0m | aiosqlite | operation functools.partial(<built-in method cursor of sqlite3.Connection object at 0x000001BA83DD0130>) completed
2026-01-03 00:52:35 | [36mDEBUG[0m | aiosqlite | executing functools.partial(<built-in method execute of sqlite3.Cursor object at 0x000001BA83FB5140>, 'CREATE INDEX ix_radio_queue_status ON radio_queue (status)', ())
2026-01-03 00:52:35 | [36mDEBUG[0m | aiosqlite | operation functools.partial(<built-in method execute of sqlite3.Cursor object at 0x000001BA83FB5140>, 'CREATE INDEX ix_radio_queue_status ON radio_queue (status)', ()) completed
2026-01-03 00:52:35 | [36mDEBUG[0m | aiosqlite | executing functools.partial(<built-in method close of sqlite3.Cursor object at 0x000001BA83FB5140>)
2026-01-03 00:52:35 | [36mDEBUG[0m | aiosqlite | operation functools.partial(<built-in method close of sqlite3.Cursor object at 0x000001BA83FB5140>) completed
2026-01-03 00:52:35 | [32mINFO[0m | sqlalchemy.engine.Engine | CREATE INDEX ix_radio_queue_priority_score ON radio_queue (priority_score)
2026-01-03 00:52:35 | [32mINFO[0m | sqlalchemy.engine.Engine | [no key 0.00034s] ()
2026-01-03 00:52:35 | [36mDEBUG[0m | aiosqlite | executing functools.partial(<built-in method cursor of sqlite3.Connection object at 0x000001BA83DD0130>)
2026-01-03 00:52:35 | [36mDEBUG[0m | aiosqlite | operation functools.partial(<built-in method cursor of sqlite3.Connection object at 0x000001BA83DD0130>) completed
2026-01-03 00:52:35 | [36mDEBUG[0m | aiosqlite | executing functools.partial(<built-in method execute of sqlite3.Cursor object at 0x000001BA83FB52C0>, 'CREATE INDEX ix_radio_queue_priority_score ON radio_queue (priority_score)', ())
2026-01-03 00:52:35 | [36mDEBUG[0m | aiosqlite | operation functools.partial(<built-in method execute of sqlite3.Cursor object at 0x000001BA83FB52C0>, 'CREATE INDEX ix_radio_queue_priority_score ON radio_queue (priority_score)', ()) completed
2026-01-03 00:52:35 | [36mDEBUG[0m | aiosqlite | executing functools.partial(<built-in method close of sqlite3.Cursor object at 0x000001BA83FB52C0>)
2026-01-03 00:52:35 | [32mINFO[0m | sqlalchemy.engine.Engine | 
CREATE TABLE votes (
	id INTEGER NOT NULL, 
	user_id INTEGER NOT NULL, 
	telegram_user_id BIGINT, 
	queue_item_id INTEGER NOT NULL, 
	vote_type VARCHAR(20) NOT NULL, 
	voted_at DATETIME NOT NULL, 
	previous_vote_type VARCHAR(20), 
	changed_at DATETIME, 
	source VARCHAR(50) NOT NULL, 
	telegram_callback_id VARCHAR(255), 
	created_at DATETIME NOT NULL, 
	updated_at DATETIME NOT NULL, 
	CONSTRAINT pk_votes PRIMARY KEY (id), 
	CONSTRAINT uq_votes_user_queue UNIQUE (user_id, queue_item_id), 
	CONSTRAINT fk_votes_user_id_users FOREIGN KEY(user_id) REFERENCES users (id), 
	CONSTRAINT fk_votes_queue_item_id_radio_queue FOREIGN KEY(queue_item_id) REFERENCES radio_queue (id)
)


2026-01-03 00:52:35 | [36mDEBUG[0m | aiosqlite | operation functools.partial(<built-in method close of sqlite3.Cursor object at 0x000001BA83FB52C0>) completed
2026-01-03 00:52:35 | [32mINFO[0m | sqlalchemy.engine.Engine | [no key 0.00025s] ()
2026-01-03 00:52:35 | [36mDEBUG[0m | aiosqlite | executing functools.partial(<built-in method cursor of sqlite3.Connection object at 0x000001BA83DD0130>)
2026-01-03 00:52:35 | [36mDEBUG[0m | aiosqlite | operation functools.partial(<built-in method cursor of sqlite3.Connection object at 0x000001BA83DD0130>) completed
2026-01-03 00:52:35 | [36mDEBUG[0m | aiosqlite | executing functools.partial(<built-in method execute of sqlite3.Cursor object at 0x000001BA83F279C0>, '\nCREATE TABLE votes (\n\tid INTEGER NOT NULL, \n\tuser_id INTEGER NOT NULL, \n\ttelegram_user_id BIGINT, \n\tqueue_item_id INTEGER NOT NULL, \n\tvote_type VARCHAR(20) NOT NULL, \n\tvoted_at DATETIME NOT NULL, \n\tprevious_vote_type VARCHAR(20), \n\tchanged_at DATETIME, \n\tsource VARCHAR(50) NOT NULL, \n\ttelegram_callback_id VARCHAR(255), \n\tcreated_at DATETIME NOT NULL, \n\tupdated_at DATETIME NOT NULL, \n\tCONSTRAINT pk_votes PRIMARY KEY (id), \n\tCONSTRAINT uq_votes_user_queue UNIQUE (user_id, queue_item_id), \n\tCONSTRAINT fk_votes_user_id_users FOREIGN KEY(user_id) REFERENCES users (id), \n\tCONSTRAINT fk_votes_queue_item_id_radio_queue FOREIGN KEY(queue_item_id) REFERENCES radio_queue (id)\n)\n\n', ())
2026-01-03 00:52:35 | [36mDEBUG[0m | aiosqlite | operation functools.partial(<built-in method execute of sqlite3.Cursor object at 0x000001BA83F279C0>, '\nCREATE TABLE votes (\n\tid INTEGER NOT NULL, \n\tuser_id INTEGER NOT NULL, \n\ttelegram_user_id BIGINT, \n\tqueue_item_id INTEGER NOT NULL, \n\tvote_type VARCHAR(20) NOT NULL, \n\tvoted_at DATETIME NOT NULL, \n\tprevious_vote_type VARCHAR(20), \n\tchanged_at DATETIME, \n\tsource VARCHAR(50) NOT NULL, \n\ttelegram_callback_id VARCHAR(255), \n\tcreated_at DATETIME NOT NULL, \n\tupdated_at DATETIME NOT NULL, \n\tCONSTRAINT pk_votes PRIMARY KEY (id), \n\tCONSTRAINT uq_votes_user_queue UNIQUE (user_id, queue_item_id), \n\tCONSTRAINT fk_votes_user_id_users FOREIGN KEY(user_id) REFERENCES users (id), \n\tCONSTRAINT fk_votes_queue_item_id_radio_queue FOREIGN KEY(queue_item_id) REFERENCES radio_queue (id)\n)\n\n', ()) completed
2026-01-03 00:52:35 | [36mDEBUG[0m | aiosqlite | executing functools.partial(<built-in method close of sqlite3.Cursor object at 0x000001BA83F279C0>)
2026-01-03 00:52:35 | [36mDEBUG[0m | aiosqlite | operation functools.partial(<built-in method close of sqlite3.Cursor object at 0x000001BA83F279C0>) completed
2026-01-03 00:52:35 | [32mINFO[0m | sqlalchemy.engine.Engine | CREATE INDEX ix_votes_user_id ON votes (user_id)
2026-01-03 00:52:35 | [32mINFO[0m | sqlalchemy.engine.Engine | [no key 0.00017s] ()
2026-01-03 00:52:35 | [36mDEBUG[0m | aiosqlite | executing functools.partial(<built-in method cursor of sqlite3.Connection object at 0x000001BA83DD0130>)
2026-01-03 00:52:35 | [36mDEBUG[0m | aiosqlite | operation functools.partial(<built-in method cursor of sqlite3.Connection object at 0x000001BA83DD0130>) completed
2026-01-03 00:52:35 | [36mDEBUG[0m | aiosqlite | executing functools.partial(<built-in method execute of sqlite3.Cursor object at 0x000001BA83ECDD40>, 'CREATE INDEX ix_votes_user_id ON votes (user_id)', ())
2026-01-03 00:52:35 | [36mDEBUG[0m | aiosqlite | operation functools.partial(<built-in method execute of sqlite3.Cursor object at 0x000001BA83ECDD40>, 'CREATE INDEX ix_votes_user_id ON votes (user_id)', ()) completed
2026-01-03 00:52:35 | [36mDEBUG[0m | aiosqlite | executing functools.partial(<built-in method close of sqlite3.Cursor object at 0x000001BA83ECDD40>)
2026-01-03 00:52:35 | [36mDEBUG[0m | aiosqlite | operation functools.partial(<built-in method close of sqlite3.Cursor object at 0x000001BA83ECDD40>) completed
2026-01-03 00:52:35 | [32mINFO[0m | sqlalchemy.engine.Engine | CREATE INDEX ix_votes_queue_item_id ON votes (queue_item_id)
2026-01-03 00:52:35 | [32mINFO[0m | sqlalchemy.engine.Engine | [no key 0.00024s] ()
2026-01-03 00:52:35 | [36mDEBUG[0m | aiosqlite | executing functools.partial(<built-in method cursor of sqlite3.Connection object at 0x000001BA83DD0130>)
2026-01-03 00:52:35 | [36mDEBUG[0m | aiosqlite | operation functools.partial(<built-in method cursor of sqlite3.Connection object at 0x000001BA83DD0130>) completed
2026-01-03 00:52:35 | [36mDEBUG[0m | aiosqlite | executing functools.partial(<built-in method execute of sqlite3.Cursor object at 0x000001BA83FB54C0>, 'CREATE INDEX ix_votes_queue_item_id ON votes (queue_item_id)', ())
2026-01-03 00:52:35 | [36mDEBUG[0m | aiosqlite | operation functools.partial(<built-in method execute of sqlite3.Cursor object at 0x000001BA83FB54C0>, 'CREATE INDEX ix_votes_queue_item_id ON votes (queue_item_id)', ()) completed
2026-01-03 00:52:35 | [36mDEBUG[0m | aiosqlite | executing functools.partial(<built-in method close of sqlite3.Cursor object at 0x000001BA83FB54C0>)
2026-01-03 00:52:35 | [36mDEBUG[0m | aiosqlite | operation functools.partial(<built-in method close of sqlite3.Cursor object at 0x000001BA83FB54C0>) completed
2026-01-03 00:52:35 | [32mINFO[0m | sqlalchemy.engine.Engine | CREATE INDEX ix_votes_telegram_user_id ON votes (telegram_user_id)
2026-01-03 00:52:35 | [32mINFO[0m | sqlalchemy.engine.Engine | [no key 0.00023s] ()
2026-01-03 00:52:35 | [36mDEBUG[0m | aiosqlite | executing functools.partial(<built-in method cursor of sqlite3.Connection object at 0x000001BA83DD0130>)
2026-01-03 00:52:35 | [36mDEBUG[0m | aiosqlite | operation functools.partial(<built-in method cursor of sqlite3.Connection object at 0x000001BA83DD0130>) completed
2026-01-03 00:52:35 | [36mDEBUG[0m | aiosqlite | executing functools.partial(<built-in method execute of sqlite3.Cursor object at 0x000001BA83FB5940>, 'CREATE INDEX ix_votes_telegram_user_id ON votes (telegram_user_id)', ())
2026-01-03 00:52:35 | [36mDEBUG[0m | aiosqlite | operation functools.partial(<built-in method execute of sqlite3.Cursor object at 0x000001BA83FB5940>, 'CREATE INDEX ix_votes_telegram_user_id ON votes (telegram_user_id)', ()) completed
2026-01-03 00:52:35 | [36mDEBUG[0m | aiosqlite | executing functools.partial(<built-in method close of sqlite3.Cursor object at 0x000001BA83FB5940>)
2026-01-03 00:52:35 | [32mINFO[0m | sqlalchemy.engine.Engine | COMMIT
2026-01-03 00:52:35 | [36mDEBUG[0m | aiosqlite | operation functools.partial(<built-in method close of sqlite3.Cursor object at 0x000001BA83FB5940>) completed
2026-01-03 00:52:35 | [36mDEBUG[0m | aiosqlite | executing functools.partial(<built-in method commit of sqlite3.Connection object at 0x000001BA83DD0130>)
2026-01-03 00:52:35 | [36mDEBUG[0m | aiosqlite | operation functools.partial(<built-in method commit of sqlite3.Connection object at 0x000001BA83DD0130>) completed
2026-01-03 00:52:35 | [36mDEBUG[0m | aiosqlite | executing functools.partial(<built-in method rollback of sqlite3.Connection object at 0x000001BA83DD0130>)
2026-01-03 00:52:35 | [36mDEBUG[0m | aiosqlite | operation functools.partial(<built-in method rollback of sqlite3.Connection object at 0x000001BA83DD0130>) completed
----------------------------- Captured log setup ------------------------------
DEBUG    asyncio:proactor_events.py:633 Using proactor: IocpProactor
DEBUG    aiosqlite:core.py:62 executing <function connect.<locals>.connector at 0x000001BA83F7E8E0>
DEBUG    aiosqlite:core.py:67 operation <function connect.<locals>.connector at 0x000001BA83F7E8E0> completed
DEBUG    aiosqlite:core.py:62 executing functools.partial(<built-in method create_function of sqlite3.Connection object at 0x000001BA83DD0130>, 'regexp', 2, <function SQLiteDialect_pysqlite.on_connect.<locals>.regexp at 0x000001BA83F7DBC0>, deterministic=True)
DEBUG    aiosqlite:core.py:67 operation functools.partial(<built-in method create_function of sqlite3.Connection object at 0x000001BA83DD0130>, 'regexp', 2, <function SQLiteDialect_pysqlite.on_connect.<locals>.regexp at 0x000001BA83F7DBC0>, deterministic=True) completed
DEBUG    aiosqlite:core.py:62 executing functools.partial(<built-in method create_function of sqlite3.Connection object at 0x000001BA83DD0130>, 'floor', 1, <built-in function floor>, deterministic=True)
DEBUG    aiosqlite:core.py:67 operation functools.partial(<built-in method create_function of sqlite3.Connection object at 0x000001BA83DD0130>, 'floor', 1, <built-in function floor>, deterministic=True) completed
DEBUG    aiosqlite:core.py:62 executing functools.partial(<built-in method cursor of sqlite3.Connection object at 0x000001BA83DD0130>)
DEBUG    aiosqlite:core.py:67 operation functools.partial(<built-in method cursor of sqlite3.Connection object at 0x000001BA83DD0130>) completed
DEBUG    aiosqlite:core.py:62 executing functools.partial(<built-in method execute of sqlite3.Cursor object at 0x000001BA83D3A1C0>, 'PRAGMA read_uncommitted', [])
DEBUG    aiosqlite:core.py:67 operation functools.partial(<built-in method execute of sqlite3.Cursor object at 0x000001BA83D3A1C0>, 'PRAGMA read_uncommitted', []) completed
DEBUG    aiosqlite:core.py:62 executing functools.partial(<built-in method fetchall of sqlite3.Cursor object at 0x000001BA83D3A1C0>)
DEBUG    aiosqlite:core.py:67 operation functools.partial(<built-in method fetchall of sqlite3.Cursor object at 0x000001BA83D3A1C0>) completed
DEBUG    aiosqlite:core.py:62 executing functools.partial(<built-in method close of sqlite3.Cursor object at 0x000001BA83D3A1C0>)
DEBUG    aiosqlite:core.py:67 operation functools.partial(<built-in method close of sqlite3.Cursor object at 0x000001BA83D3A1C0>) completed
DEBUG    aiosqlite:core.py:62 executing functools.partial(<built-in method rollback of sqlite3.Connection object at 0x000001BA83DD0130>)
DEBUG    aiosqlite:core.py:67 operation functools.partial(<built-in method rollback of sqlite3.Connection object at 0x000001BA83DD0130>) completed
INFO     sqlalchemy.engine.Engine:base.py:2710 BEGIN (implicit)
INFO     sqlalchemy.engine.Engine:base.py:1846 PRAGMA main.table_info("chat_messages")
INFO     sqlalchemy.engine.Engine:base.py:1846 [raw sql] ()
DEBUG    aiosqlite:core.py:62 executing functools.partial(<built-in method cursor of sqlite3.Connection object at 0x000001BA83DD0130>)
DEBUG    aiosqlite:core.py:67 operation functools.partial(<built-in method cursor of sqlite3.Connection object at 0x000001BA83DD0130>) completed
DEBUG    aiosqlite:core.py:62 executing functools.partial(<built-in method execute of sqlite3.Cursor object at 0x000001BA83D39EC0>, 'PRAGMA main.table_info("chat_messages")', ())
DEBUG    aiosqlite:core.py:67 operation functools.partial(<built-in method execute of sqlite3.Cursor object at 0x000001BA83D39EC0>, 'PRAGMA main.table_info("chat_messages")', ()) completed
DEBUG    aiosqlite:core.py:62 executing functools.partial(<built-in method fetchall of sqlite3.Cursor object at 0x000001BA83D39EC0>)
DEBUG    aiosqlite:core.py:67 operation functools.partial(<built-in method fetchall of sqlite3.Cursor object at 0x000001BA83D39EC0>) completed
DEBUG    aiosqlite:core.py:62 executing functools.partial(<built-in method close of sqlite3.Cursor object at 0x000001BA83D39EC0>)
DEBUG    sqlalchemy.engine.Engine:cursor.py:1549 Col ('cid', 'name', 'type', 'notnull', 'dflt_value', 'pk')
DEBUG    aiosqlite:core.py:67 operation functools.partial(<built-in method close of sqlite3.Cursor object at 0x000001BA83D39EC0>) completed
INFO     sqlalchemy.engine.Engine:base.py:1846 PRAGMA temp.table_info("chat_messages")
INFO     sqlalchemy.engine.Engine:base.py:1846 [raw sql] ()
DEBUG    aiosqlite:core.py:62 executing functools.partial(<built-in method cursor of sqlite3.Connection object at 0x000001BA83DD0130>)
DEBUG    aiosqlite:core.py:67 operation functools.partial(<built-in method cursor of sqlite3.Connection object at 0x000001BA83DD0130>) completed
DEBUG    aiosqlite:core.py:62 executing functools.partial(<built-in method execute of sqlite3.Cursor object at 0x000001BA83C83EC0>, 'PRAGMA temp.table_info("chat_messages")', ())
DEBUG    aiosqlite:core.py:67 operation functools.partial(<built-in method execute of sqlite3.Cursor object at 0x000001BA83C83EC0>, 'PRAGMA temp.table_info("chat_messages")', ()) completed
DEBUG    aiosqlite:core.py:62 executing functools.partial(<built-in method fetchall of sqlite3.Cursor object at 0x000001BA83C83EC0>)
DEBUG    aiosqlite:core.py:67 operation functools.partial(<built-in method fetchall of sqlite3.Cursor object at 0x000001BA83C83EC0>) completed
DEBUG    aiosqlite:core.py:62 executing functools.partial(<built-in method close of sqlite3.Cursor object at 0x000001BA83C83EC0>)
DEBUG    sqlalchemy.engine.Engine:cursor.py:1549 Col ('cid', 'name', 'type', 'notnull', 'dflt_value', 'pk')
DEBUG    aiosqlite:core.py:67 operation functools.partial(<built-in method close of sqlite3.Cursor object at 0x000001BA83C83EC0>) completed
INFO     sqlalchemy.engine.Engine:base.py:1846 PRAGMA main.table_info("radio_history")
INFO     sqlalchemy.engine.Engine:base.py:1846 [raw sql] ()
DEBUG    aiosqlite:core.py:62 executing functools.partial(<built-in method cursor of sqlite3.Connection object at 0x000001BA83DD0130>)
DEBUG    aiosqlite:core.py:67 operation functools.partial(<built-in method cursor of sqlite3.Connection object at 0x000001BA83DD0130>) completed
DEBUG    aiosqlite:core.py:62 executing functools.partial(<built-in method execute of sqlite3.Cursor object at 0x000001BA83DBD340>, 'PRAGMA main.table_info("radio_history")', ())
DEBUG    aiosqlite:core.py:67 operation functools.partial(<built-in method execute of sqlite3.Cursor object at 0x000001BA83DBD340>, 'PRAGMA main.table_info("radio_history")', ()) completed
DEBUG    aiosqlite:core.py:62 executing functools.partial(<built-in method fetchall of sqlite3.Cursor object at 0x000001BA83DBD340>)
DEBUG    aiosqlite:core.py:67 operation functools.partial(<built-in method fetchall of sqlite3.Cursor object at 0x000001BA83DBD340>) completed
DEBUG    aiosqlite:core.py:62 executing functools.partial(<built-in method close of sqlite3.Cursor object at 0x000001BA83DBD340>)
DEBUG    aiosqlite:core.py:67 operation functools.partial(<built-in method close of sqlite3.Cursor object at 0x000001BA83DBD340>) completed
DEBUG    sqlalchemy.engine.Engine:cursor.py:1549 Col ('cid', 'name', 'type', 'notnull', 'dflt_value', 'pk')
INFO     sqlalchemy.engine.Engine:base.py:1846 PRAGMA temp.table_info("radio_history")
INFO     sqlalchemy.engine.Engine:base.py:1846 [raw sql] ()
DEBUG    aiosqlite:core.py:62 executing functools.partial(<built-in method cursor of sqlite3.Connection object at 0x000001BA83DD0130>)
DEBUG    aiosqlite:core.py:67 operation functools.partial(<built-in method cursor of sqlite3.Connection object at 0x000001BA83DD0130>) completed
DEBUG    aiosqlite:core.py:62 executing functools.partial(<built-in method execute of sqlite3.Cursor object at 0x000001BA83D9E0C0>, 'PRAGMA temp.table_info("radio_history")', ())
DEBUG    aiosqlite:core.py:67 operation functools.partial(<built-in method execute of sqlite3.Cursor object at 0x000001BA83D9E0C0>, 'PRAGMA temp.table_info("radio_history")', ()) completed
DEBUG    aiosqlite:core.py:62 executing functools.partial(<built-in method fetchall of sqlite3.Cursor object at 0x000001BA83D9E0C0>)
DEBUG    aiosqlite:core.py:67 operation functools.partial(<built-in method fetchall of sqlite3.Cursor object at 0x000001BA83D9E0C0>) completed
DEBUG    aiosqlite:core.py:62 executing functools.partial(<built-in method close of sqlite3.Cursor object at 0x000001BA83D9E0C0>)
DEBUG    aiosqlite:core.py:67 operation functools.partial(<built-in method close of sqlite3.Cursor object at 0x000001BA83D9E0C0>) completed
DEBUG    sqlalchemy.engine.Engine:cursor.py:1549 Col ('cid', 'name', 'type', 'notnull', 'dflt_value', 'pk')
INFO     sqlalchemy.engine.Engine:base.py:1846 PRAGMA main.table_info("radio_queue")
INFO     sqlalchemy.engine.Engine:base.py:1846 [raw sql] ()
DEBUG    aiosqlite:core.py:62 executing functools.partial(<built-in method cursor of sqlite3.Connection object at 0x000001BA83DD0130>)
DEBUG    aiosqlite:core.py:67 operation functools.partial(<built-in method cursor of sqlite3.Connection object at 0x000001BA83DD0130>) completed
DEBUG    aiosqlite:core.py:62 executing functools.partial(<built-in method execute of sqlite3.Cursor object at 0x000001BA83D3AC40>, 'PRAGMA main.table_info("radio_queue")', ())
DEBUG    aiosqlite:core.py:67 operation functools.partial(<built-in method execute of sqlite3.Cursor object at 0x000001BA83D3AC40>, 'PRAGMA main.table_info("radio_queue")', ()) completed
DEBUG    aiosqlite:core.py:62 executing functools.partial(<built-in method fetchall of sqlite3.Cursor object at 0x000001BA83D3AC40>)
DEBUG    aiosqlite:core.py:67 operation functools.partial(<built-in method fetchall of sqlite3.Cursor object at 0x000001BA83D3AC40>) completed
DEBUG    aiosqlite:core.py:62 executing functools.partial(<built-in method close of sqlite3.Cursor object at 0x000001BA83D3AC40>)
DEBUG    sqlalchemy.engine.Engine:cursor.py:1549 Col ('cid', 'name', 'type', 'notnull', 'dflt_value', 'pk')
DEBUG    aiosqlite:core.py:67 operation functools.partial(<built-in method close of sqlite3.Cursor object at 0x000001BA83D3AC40>) completed
INFO     sqlalchemy.engine.Engine:base.py:1846 PRAGMA temp.table_info("radio_queue")
INFO     sqlalchemy.engine.Engine:base.py:1846 [raw sql] ()
DEBUG    aiosqlite:core.py:62 executing functools.partial(<built-in method cursor of sqlite3.Connection object at 0x000001BA83DD0130>)
DEBUG    aiosqlite:core.py:67 operation functools.partial(<built-in method cursor of sqlite3.Connection object at 0x000001BA83DD0130>) completed
DEBUG    aiosqlite:core.py:62 executing functools.partial(<built-in method execute of sqlite3.Cursor object at 0x000001BA83DBCFC0>, 'PRAGMA temp.table_info("radio_queue")', ())
DEBUG    aiosqlite:core.py:67 operation functools.partial(<built-in method execute of sqlite3.Cursor object at 0x000001BA83DBCFC0>, 'PRAGMA temp.table_info("radio_queue")', ()) completed
DEBUG    aiosqlite:core.py:62 executing functools.partial(<built-in method fetchall of sqlite3.Cursor object at 0x000001BA83DBCFC0>)
DEBUG    aiosqlite:core.py:67 operation functools.partial(<built-in method fetchall of sqlite3.Cursor object at 0x000001BA83DBCFC0>) completed
DEBUG    aiosqlite:core.py:62 executing functools.partial(<built-in method close of sqlite3.Cursor object at 0x000001BA83DBCFC0>)
DEBUG    sqlalchemy.engine.Engine:cursor.py:1549 Col ('cid', 'name', 'type', 'notnull', 'dflt_value', 'pk')
DEBUG    aiosqlite:core.py:67 operation functools.partial(<built-in method close of sqlite3.Cursor object at 0x000001BA83DBCFC0>) completed
INFO     sqlalchemy.engine.Engine:base.py:1846 PRAGMA main.table_info("songs")
INFO     sqlalchemy.engine.Engine:base.py:1846 [raw sql] ()
DEBUG    aiosqlite:core.py:62 executing functools.partial(<built-in method cursor of sqlite3.Connection object at 0x000001BA83DD0130>)
DEBUG    aiosqlite:core.py:67 operation functools.partial(<built-in method cursor of sqlite3.Connection object at 0x000001BA83DD0130>) completed
DEBUG    aiosqlite:core.py:62 executing functools.partial(<built-in method execute of sqlite3.Cursor object at 0x000001BA83D9F640>, 'PRAGMA main.table_info("songs")', ())
DEBUG    aiosqlite:core.py:67 operation functools.partial(<built-in method execute of sqlite3.Cursor object at 0x000001BA83D9F640>, 'PRAGMA main.table_info("songs")', ()) completed
DEBUG    aiosqlite:core.py:62 executing functools.partial(<built-in method fetchall of sqlite3.Cursor object at 0x000001BA83D9F640>)
DEBUG    aiosqlite:core.py:67 operation functools.partial(<built-in method fetchall of sqlite3.Cursor object at 0x000001BA83D9F640>) completed
DEBUG    aiosqlite:core.py:62 executing functools.partial(<built-in method close of sqlite3.Cursor object at 0x000001BA83D9F640>)
DEBUG    aiosqlite:core.py:67 operation functools.partial(<built-in method close of sqlite3.Cursor object at 0x000001BA83D9F640>) completed
DEBUG    sqlalchemy.engine.Engine:cursor.py:1549 Col ('cid', 'name', 'type', 'notnull', 'dflt_value', 'pk')
INFO     sqlalchemy.engine.Engine:base.py:1846 PRAGMA temp.table_info("songs")
INFO     sqlalchemy.engine.Engine:base.py:1846 [raw sql] ()
DEBUG    aiosqlite:core.py:62 executing functools.partial(<built-in method cursor of sqlite3.Connection object at 0x000001BA83DD0130>)
DEBUG    aiosqlite:core.py:67 operation functools.partial(<built-in method cursor of sqlite3.Connection object at 0x000001BA83DD0130>) completed
DEBUG    aiosqlite:core.py:62 executing functools.partial(<built-in method execute of sqlite3.Cursor object at 0x000001BA83EA7740>, 'PRAGMA temp.table_info("songs")', ())
DEBUG    aiosqlite:core.py:67 operation functools.partial(<built-in method execute of sqlite3.Cursor object at 0x000001BA83EA7740>, 'PRAGMA temp.table_info("songs")', ()) completed
DEBUG    aiosqlite:core.py:62 executing functools.partial(<built-in method fetchall of sqlite3.Cursor object at 0x000001BA83EA7740>)
DEBUG    aiosqlite:core.py:67 operation functools.partial(<built-in method fetchall of sqlite3.Cursor object at 0x000001BA83EA7740>) completed
DEBUG    aiosqlite:core.py:62 executing functools.partial(<built-in method close of sqlite3.Cursor object at 0x000001BA83EA7740>)
DEBUG    aiosqlite:core.py:67 operation functools.partial(<built-in method close of sqlite3.Cursor object at 0x000001BA83EA7740>) completed
DEBUG    sqlalchemy.engine.Engine:cursor.py:1549 Col ('cid', 'name', 'type', 'notnull', 'dflt_value', 'pk')
INFO     sqlalchemy.engine.Engine:base.py:1846 PRAGMA main.table_info("users")
INFO     sqlalchemy.engine.Engine:base.py:1846 [raw sql] ()
DEBUG    aiosqlite:core.py:62 executing functools.partial(<built-in method cursor of sqlite3.Connection object at 0x000001BA83DD0130>)
DEBUG    aiosqlite:core.py:67 operation functools.partial(<built-in method cursor of sqlite3.Connection object at 0x000001BA83DD0130>) completed
DEBUG    aiosqlite:core.py:62 executing functools.partial(<built-in method execute of sqlite3.Cursor object at 0x000001BA83DBDF40>, 'PRAGMA main.table_info("users")', ())
DEBUG    aiosqlite:core.py:67 operation functools.partial(<built-in method execute of sqlite3.Cursor object at 0x000001BA83DBDF40>, 'PRAGMA main.table_info("users")', ()) completed
DEBUG    aiosqlite:core.py:62 executing functools.partial(<built-in method fetchall of sqlite3.Cursor object at 0x000001BA83DBDF40>)
DEBUG    aiosqlite:core.py:67 operation functools.partial(<built-in method fetchall of sqlite3.Cursor object at 0x000001BA83DBDF40>) completed
DEBUG    aiosqlite:core.py:62 executing functools.partial(<built-in method close of sqlite3.Cursor object at 0x000001BA83DBDF40>)
DEBUG    aiosqlite:core.py:67 operation functools.partial(<built-in method close of sqlite3.Cursor object at 0x000001BA83DBDF40>) completed
DEBUG    sqlalchemy.engine.Engine:cursor.py:1549 Col ('cid', 'name', 'type', 'notnull', 'dflt_value', 'pk')
INFO     sqlalchemy.engine.Engine:base.py:1846 PRAGMA temp.table_info("users")
INFO     sqlalchemy.engine.Engine:base.py:1846 [raw sql] ()
DEBUG    aiosqlite:core.py:62 executing functools.partial(<built-in method cursor of sqlite3.Connection object at 0x000001BA83DD0130>)
DEBUG    aiosqlite:core.py:67 operation functools.partial(<built-in method cursor of sqlite3.Connection object at 0x000001BA83DD0130>) completed
DEBUG    aiosqlite:core.py:62 executing functools.partial(<built-in method execute of sqlite3.Cursor object at 0x000001BA83D3ABC0>, 'PRAGMA temp.table_info("users")', ())
DEBUG    aiosqlite:core.py:67 operation functools.partial(<built-in method execute of sqlite3.Cursor object at 0x000001BA83D3ABC0>, 'PRAGMA temp.table_info("users")', ()) completed
DEBUG    aiosqlite:core.py:62 executing functools.partial(<built-in method fetchall of sqlite3.Cursor object at 0x000001BA83D3ABC0>)
DEBUG    aiosqlite:core.py:67 operation functools.partial(<built-in method fetchall of sqlite3.Cursor object at 0x000001BA83D3ABC0>) completed
DEBUG    aiosqlite:core.py:62 executing functools.partial(<built-in method close of sqlite3.Cursor object at 0x000001BA83D3ABC0>)
DEBUG    sqlalchemy.engine.Engine:cursor.py:1549 Col ('cid', 'name', 'type', 'notnull', 'dflt_value', 'pk')
DEBUG    aiosqlite:core.py:67 operation functools.partial(<built-in method close of sqlite3.Cursor object at 0x000001BA83D3ABC0>) completed
INFO     sqlalchemy.engine.Engine:base.py:1846 PRAGMA main.table_info("votes")
INFO     sqlalchemy.engine.Engine:base.py:1846 [raw sql] ()
DEBUG    aiosqlite:core.py:62 executing functools.partial(<built-in method cursor of sqlite3.Connection object at 0x000001BA83DD0130>)
DEBUG    aiosqlite:core.py:67 operation functools.partial(<built-in method cursor of sqlite3.Connection object at 0x000001BA83DD0130>) completed
DEBUG    aiosqlite:core.py:62 executing functools.partial(<built-in method execute of sqlite3.Cursor object at 0x000001BA83DBE6C0>, 'PRAGMA main.table_info("votes")', ())
DEBUG    aiosqlite:core.py:67 operation functools.partial(<built-in method execute of sqlite3.Cursor object at 0x000001BA83DBE6C0>, 'PRAGMA main.table_info("votes")', ()) completed
DEBUG    aiosqlite:core.py:62 executing functools.partial(<built-in method fetchall of sqlite3.Cursor object at 0x000001BA83DBE6C0>)
DEBUG    aiosqlite:core.py:67 operation functools.partial(<built-in method fetchall of sqlite3.Cursor object at 0x000001BA83DBE6C0>) completed
DEBUG    aiosqlite:core.py:62 executing functools.partial(<built-in method close of sqlite3.Cursor object at 0x000001BA83DBE6C0>)
DEBUG    sqlalchemy.engine.Engine:cursor.py:1549 Col ('cid', 'name', 'type', 'notnull', 'dflt_value', 'pk')
DEBUG    aiosqlite:core.py:67 operation functools.partial(<built-in method close of sqlite3.Cursor object at 0x000001BA83DBE6C0>) completed
INFO     sqlalchemy.engine.Engine:base.py:1846 PRAGMA temp.table_info("votes")
INFO     sqlalchemy.engine.Engine:base.py:1846 [raw sql] ()
DEBUG    aiosqlite:core.py:62 executing functools.partial(<built-in method cursor of sqlite3.Connection object at 0x000001BA83DD0130>)
DEBUG    aiosqlite:core.py:67 operation functools.partial(<built-in method cursor of sqlite3.Connection object at 0x000001BA83DD0130>) completed
DEBUG    aiosqlite:core.py:62 executing functools.partial(<built-in method execute of sqlite3.Cursor object at 0x000001BAFE0BC240>, 'PRAGMA temp.table_info("votes")', ())
DEBUG    aiosqlite:core.py:67 operation functools.partial(<built-in method execute of sqlite3.Cursor object at 0x000001BAFE0BC240>, 'PRAGMA temp.table_info("votes")', ()) completed
DEBUG    aiosqlite:core.py:62 executing functools.partial(<built-in method fetchall of sqlite3.Cursor object at 0x000001BAFE0BC240>)
DEBUG    aiosqlite:core.py:67 operation functools.partial(<built-in method fetchall of sqlite3.Cursor object at 0x000001BAFE0BC240>) completed
DEBUG    aiosqlite:core.py:62 executing functools.partial(<built-in method close of sqlite3.Cursor object at 0x000001BAFE0BC240>)
DEBUG    aiosqlite:core.py:67 operation functools.partial(<built-in method close of sqlite3.Cursor object at 0x000001BAFE0BC240>) completed
DEBUG    sqlalchemy.engine.Engine:cursor.py:1549 Col ('cid', 'name', 'type', 'notnull', 'dflt_value', 'pk')
INFO     sqlalchemy.engine.Engine:base.py:1846 
CREATE TABLE songs (
	id INTEGER NOT NULL, 
	suno_job_id VARCHAR(255), 
	suno_status VARCHAR(50) NOT NULL, 
	title VARCHAR(500), 
	artist VARCHAR(255) NOT NULL, 
	original_prompt TEXT, 
	enhanced_prompt TEXT, 
	style_prompt TEXT, 
	lyrics TEXT, 
	genre VARCHAR(100), 
	subgenre VARCHAR(100), 
	mood VARCHAR(100), 
	energy VARCHAR(50), 
	duration_seconds FLOAT, 
	bpm INTEGER, 
	"key" VARCHAR(10), 
	is_instrumental BOOLEAN NOT NULL, 
	audio_url VARCHAR(1000), 
	local_file_path VARCHAR(500), 
	file_size_bytes INTEGER, 
	audio_format VARCHAR(10) NOT NULL, 
	lufs_level FLOAT, 
	peak_db FLOAT, 
	is_normalized BOOLEAN NOT NULL, 
	generation_started_at DATETIME, 
	generation_completed_at DATETIME, 
	downloaded_at DATETIME, 
	play_count INTEGER NOT NULL, 
	total_upvotes INTEGER NOT NULL, 
	total_downvotes INTEGER NOT NULL, 
	is_approved BOOLEAN NOT NULL, 
	moderation_notes TEXT, 
	flagged_at DATETIME, 
	created_at DATETIME NOT NULL, 
	updated_at DATETIME NOT NULL, 
	CONSTRAINT pk_songs PRIMARY KEY (id)
)


INFO     sqlalchemy.engine.Engine:base.py:1846 [no key 0.00037s] ()
DEBUG    aiosqlite:core.py:62 executing functools.partial(<built-in method cursor of sqlite3.Connection object at 0x000001BA83DD0130>)
DEBUG    aiosqlite:core.py:67 operation functools.partial(<built-in method cursor of sqlite3.Connection object at 0x000001BA83DD0130>) completed
DEBUG    aiosqlite:core.py:62 executing functools.partial(<built-in method execute of sqlite3.Cursor object at 0x000001BA83F27EC0>, '\nCREATE TABLE songs (\n\tid INTEGER NOT NULL, \n\tsuno_job_id VARCHAR(255), \n\tsuno_status VARCHAR(50) NOT NULL, \n\ttitle VARCHAR(500), \n\tartist VARCHAR(255) NOT NULL, \n\toriginal_prompt TEXT, \n\tenhanced_prompt TEXT, \n\tstyle_prompt TEXT, \n\tlyrics TEXT, \n\tgenre VARCHAR(100), \n\tsubgenre VARCHAR(100), \n\tmood VARCHAR(100), \n\tenergy VARCHAR(50), \n\tduration_seconds FLOAT, \n\tbpm INTEGER, \n\t"key" VARCHAR(10), \n\tis_instrumental BOOLEAN NOT NULL, \n\taudio_url VARCHAR(1000), \n\tlocal_file_path VARCHAR(500), \n\tfile_size_bytes INTEGER, \n\taudio_format VARCHAR(10) NOT NULL, \n\tlufs_level FLOAT, \n\tpeak_db FLOAT, \n\tis_normalized BOOLEAN NOT NULL, \n\tgeneration_started_at DATETIME, \n\tgeneration_completed_at DATETIME, \n\tdownloaded_at DATETIME, \n\tplay_count INTEGER NOT NULL, \n\ttotal_upvotes INTEGER NOT NULL, \n\ttotal_downvotes INTEGER NOT NULL, \n\tis_approved BOOLEAN NOT NULL, \n\tmoderation_notes TEXT, \n\tflagged_at DATETIME, \n\tcreated_at DATETIME NOT NULL, \n\tupdated_at DATETIME NOT NULL, \n\tCONSTRAINT pk_songs PRIMARY KEY (id)\n)\n\n', ())
DEBUG    aiosqlite:core.py:67 operation functools.partial(<built-in method execute of sqlite3.Cursor object at 0x000001BA83F27EC0>, '\nCREATE TABLE songs (\n\tid INTEGER NOT NULL, \n\tsuno_job_id VARCHAR(255), \n\tsuno_status VARCHAR(50) NOT NULL, \n\ttitle VARCHAR(500), \n\tartist VARCHAR(255) NOT NULL, \n\toriginal_prompt TEXT, \n\tenhanced_prompt TEXT, \n\tstyle_prompt TEXT, \n\tlyrics TEXT, \n\tgenre VARCHAR(100), \n\tsubgenre VARCHAR(100), \n\tmood VARCHAR(100), \n\tenergy VARCHAR(50), \n\tduration_seconds FLOAT, \n\tbpm INTEGER, \n\t"key" VARCHAR(10), \n\tis_instrumental BOOLEAN NOT NULL, \n\taudio_url VARCHAR(1000), \n\tlocal_file_path VARCHAR(500), \n\tfile_size_bytes INTEGER, \n\taudio_format VARCHAR(10) NOT NULL, \n\tlufs_level FLOAT, \n\tpeak_db FLOAT, \n\tis_normalized BOOLEAN NOT NULL, \n\tgeneration_started_at DATETIME, \n\tgeneration_completed_at DATETIME, \n\tdownloaded_at DATETIME, \n\tplay_count INTEGER NOT NULL, \n\ttotal_upvotes INTEGER NOT NULL, \n\ttotal_downvotes INTEGER NOT NULL, \n\tis_approved BOOLEAN NOT NULL, \n\tmoderation_notes TEXT, \n\tflagged_at DATETIME, \n\tcreated_at DATETIME NOT NULL, \n\tupdated_at DATETIME NOT NULL, \n\tCONSTRAINT pk_songs PRIMARY KEY (id)\n)\n\n', ()) completed
DEBUG    aiosqlite:core.py:62 executing functools.partial(<built-in method close of sqlite3.Cursor object at 0x000001BA83F27EC0>)
DEBUG    aiosqlite:core.py:67 operation functools.partial(<built-in method close of sqlite3.Cursor object at 0x000001BA83F27EC0>) completed
INFO     sqlalchemy.engine.Engine:base.py:1846 CREATE UNIQUE INDEX ix_songs_suno_job_id ON songs (suno_job_id)
INFO     sqlalchemy.engine.Engine:base.py:1846 [no key 0.00020s] ()
DEBUG    aiosqlite:core.py:62 executing functools.partial(<built-in method cursor of sqlite3.Connection object at 0x000001BA83DD0130>)
DEBUG    aiosqlite:core.py:67 operation functools.partial(<built-in method cursor of sqlite3.Connection object at 0x000001BA83DD0130>) completed
DEBUG    aiosqlite:core.py:62 executing functools.partial(<built-in method execute of sqlite3.Cursor object at 0x000001BA83EA61C0>, 'CREATE UNIQUE INDEX ix_songs_suno_job_id ON songs (suno_job_id)', ())
DEBUG    aiosqlite:core.py:67 operation functools.partial(<built-in method execute of sqlite3.Cursor object at 0x000001BA83EA61C0>, 'CREATE UNIQUE INDEX ix_songs_suno_job_id ON songs (suno_job_id)', ()) completed
DEBUG    aiosqlite:core.py:62 executing functools.partial(<built-in method close of sqlite3.Cursor object at 0x000001BA83EA61C0>)
DEBUG    aiosqlite:core.py:67 operation functools.partial(<built-in method close of sqlite3.Cursor object at 0x000001BA83EA61C0>) completed
INFO     sqlalchemy.engine.Engine:base.py:1846 
CREATE TABLE users (
	id INTEGER NOT NULL, 
	telegram_id BIGINT NOT NULL, 
	telegram_username VARCHAR(255), 
	telegram_first_name VARCHAR(255), 
	telegram_last_name VARCHAR(255), 
	reputation_score FLOAT NOT NULL, 
	total_requests INTEGER NOT NULL, 
	successful_requests INTEGER NOT NULL, 
	failed_requests INTEGER NOT NULL, 
	total_upvotes_received INTEGER NOT NULL, 
	total_downvotes_received INTEGER NOT NULL, 
	total_upvotes_given INTEGER NOT NULL, 
	total_downvotes_given INTEGER NOT NULL, 
	is_banned BOOLEAN NOT NULL, 
	is_premium BOOLEAN NOT NULL, 
	ban_reason TEXT, 
	banned_at DATETIME, 
	banned_until DATETIME, 
	last_request_at DATETIME, 
	last_vote_at DATETIME, 
	last_active_at DATETIME, 
	created_at DATETIME NOT NULL, 
	updated_at DATETIME NOT NULL, 
	CONSTRAINT pk_users PRIMARY KEY (id)
)


INFO     sqlalchemy.engine.Engine:base.py:1846 [no key 0.00028s] ()
DEBUG    aiosqlite:core.py:62 executing functools.partial(<built-in method cursor of sqlite3.Connection object at 0x000001BA83DD0130>)
DEBUG    aiosqlite:core.py:67 operation functools.partial(<built-in method cursor of sqlite3.Connection object at 0x000001BA83DD0130>) completed
DEBUG    aiosqlite:core.py:62 executing functools.partial(<built-in method execute of sqlite3.Cursor object at 0x000001BA83EA5D40>, '\nCREATE TABLE users (\n\tid INTEGER NOT NULL, \n\ttelegram_id BIGINT NOT NULL, \n\ttelegram_username VARCHAR(255), \n\ttelegram_first_name VARCHAR(255), \n\ttelegram_last_name VARCHAR(255), \n\treputation_score FLOAT NOT NULL, \n\ttotal_requests INTEGER NOT NULL, \n\tsuccessful_requests INTEGER NOT NULL, \n\tfailed_requests INTEGER NOT NULL, \n\ttotal_upvotes_received INTEGER NOT NULL, \n\ttotal_downvotes_received INTEGER NOT NULL, \n\ttotal_upvotes_given INTEGER NOT NULL, \n\ttotal_downvotes_given INTEGER NOT NULL, \n\tis_banned BOOLEAN NOT NULL, \n\tis_premium BOOLEAN NOT NULL, \n\tban_reason TEXT, \n\tbanned_at DATETIME, \n\tbanned_until DATETIME, \n\tlast_request_at DATETIME, \n\tlast_vote_at DATETIME, \n\tlast_active_at DATETIME, \n\tcreated_at DATETIME NOT NULL, \n\tupdated_at DATETIME NOT NULL, \n\tCONSTRAINT pk_users PRIMARY KEY (id)\n)\n\n', ())
DEBUG    aiosqlite:core.py:67 operation functools.partial(<built-in method execute of sqlite3.Cursor object at 0x000001BA83EA5D40>, '\nCREATE TABLE users (\n\tid INTEGER NOT NULL, \n\ttelegram_id BIGINT NOT NULL, \n\ttelegram_username VARCHAR(255), \n\ttelegram_first_name VARCHAR(255), \n\ttelegram_last_name VARCHAR(255), \n\treputation_score FLOAT NOT NULL, \n\ttotal_requests INTEGER NOT NULL, \n\tsuccessful_requests INTEGER NOT NULL, \n\tfailed_requests INTEGER NOT NULL, \n\ttotal_upvotes_received INTEGER NOT NULL, \n\ttotal_downvotes_received INTEGER NOT NULL, \n\ttotal_upvotes_given INTEGER NOT NULL, \n\ttotal_downvotes_given INTEGER NOT NULL, \n\tis_banned BOOLEAN NOT NULL, \n\tis_premium BOOLEAN NOT NULL, \n\tban_reason TEXT, \n\tbanned_at DATETIME, \n\tbanned_until DATETIME, \n\tlast_request_at DATETIME, \n\tlast_vote_at DATETIME, \n\tlast_active_at DATETIME, \n\tcreated_at DATETIME NOT NULL, \n\tupdated_at DATETIME NOT NULL, \n\tCONSTRAINT pk_users PRIMARY KEY (id)\n)\n\n', ()) completed
DEBUG    aiosqlite:core.py:62 executing functools.partial(<built-in method close of sqlite3.Cursor object at 0x000001BA83EA5D40>)
INFO     sqlalchemy.engine.Engine:base.py:1846 CREATE UNIQUE INDEX ix_users_telegram_id ON users (telegram_id)
DEBUG    aiosqlite:core.py:67 operation functools.partial(<built-in method close of sqlite3.Cursor object at 0x000001BA83EA5D40>) completed
INFO     sqlalchemy.engine.Engine:base.py:1846 [no key 0.00023s] ()
DEBUG    aiosqlite:core.py:62 executing functools.partial(<built-in method cursor of sqlite3.Connection object at 0x000001BA83DD0130>)
DEBUG    aiosqlite:core.py:67 operation functools.partial(<built-in method cursor of sqlite3.Connection object at 0x000001BA83DD0130>) completed
DEBUG    aiosqlite:core.py:62 executing functools.partial(<built-in method execute of sqlite3.Cursor object at 0x000001BA83C61E40>, 'CREATE UNIQUE INDEX ix_users_telegram_id ON users (telegram_id)', ())
DEBUG    aiosqlite:core.py:67 operation functools.partial(<built-in method execute of sqlite3.Cursor object at 0x000001BA83C61E40>, 'CREATE UNIQUE INDEX ix_users_telegram_id ON users (telegram_id)', ()) completed
DEBUG    aiosqlite:core.py:62 executing functools.partial(<built-in method close of sqlite3.Cursor object at 0x000001BA83C61E40>)
DEBUG    aiosqlite:core.py:67 operation functools.partial(<built-in method close of sqlite3.Cursor object at 0x000001BA83C61E40>) completed
INFO     sqlalchemy.engine.Engine:base.py:1846 
CREATE TABLE chat_messages (
	id INTEGER NOT NULL, 
	user_id INTEGER, 
	content TEXT NOT NULL, 
	message_type VARCHAR(20) NOT NULL, 
	is_deleted BOOLEAN NOT NULL, 
	deleted_by_id INTEGER, 
	deleted_at DATETIME, 
	delete_reason VARCHAR(255), 
	reply_to_id INTEGER, 
	created_at DATETIME NOT NULL, 
	updated_at DATETIME NOT NULL, 
	CONSTRAINT pk_chat_messages PRIMARY KEY (id), 
	CONSTRAINT fk_chat_messages_user_id_users FOREIGN KEY(user_id) REFERENCES users (id) ON DELETE SET NULL, 
	CONSTRAINT fk_chat_messages_reply_to_id_chat_messages FOREIGN KEY(reply_to_id) REFERENCES chat_messages (id) ON DELETE SET NULL
)


INFO     sqlalchemy.engine.Engine:base.py:1846 [no key 0.00039s] ()
DEBUG    aiosqlite:core.py:62 executing functools.partial(<built-in method cursor of sqlite3.Connection object at 0x000001BA83DD0130>)
DEBUG    aiosqlite:core.py:67 operation functools.partial(<built-in method cursor of sqlite3.Connection object at 0x000001BA83DD0130>) completed
DEBUG    aiosqlite:core.py:62 executing functools.partial(<built-in method execute of sqlite3.Cursor object at 0x000001BA83F27CC0>, '\nCREATE TABLE chat_messages (\n\tid INTEGER NOT NULL, \n\tuser_id INTEGER, \n\tcontent TEXT NOT NULL, \n\tmessage_type VARCHAR(20) NOT NULL, \n\tis_deleted BOOLEAN NOT NULL, \n\tdeleted_by_id INTEGER, \n\tdeleted_at DATETIME, \n\tdelete_reason VARCHAR(255), \n\treply_to_id INTEGER, \n\tcreated_at DATETIME NOT NULL, \n\tupdated_at DATETIME NOT NULL, \n\tCONSTRAINT pk_chat_messages PRIMARY KEY (id), \n\tCONSTRAINT fk_chat_messages_user_id_users FOREIGN KEY(user_id) REFERENCES users (id) ON DELETE SET NULL, \n\tCONSTRAINT fk_chat_messages_reply_to_id_chat_messages FOREIGN KEY(reply_to_id) REFERENCES chat_messages (id) ON DELETE SET NULL\n)\n\n', ())
DEBUG    aiosqlite:core.py:67 operation functools.partial(<built-in method execute of sqlite3.Cursor object at 0x000001BA83F27CC0>, '\nCREATE TABLE chat_messages (\n\tid INTEGER NOT NULL, \n\tuser_id INTEGER, \n\tcontent TEXT NOT NULL, \n\tmessage_type VARCHAR(20) NOT NULL, \n\tis_deleted BOOLEAN NOT NULL, \n\tdeleted_by_id INTEGER, \n\tdeleted_at DATETIME, \n\tdelete_reason VARCHAR(255), \n\treply_to_id INTEGER, \n\tcreated_at DATETIME NOT NULL, \n\tupdated_at DATETIME NOT NULL, \n\tCONSTRAINT pk_chat_messages PRIMARY KEY (id), \n\tCONSTRAINT fk_chat_messages_user_id_users FOREIGN KEY(user_id) REFERENCES users (id) ON DELETE SET NULL, \n\tCONSTRAINT fk_chat_messages_reply_to_id_chat_messages FOREIGN KEY(reply_to_id) REFERENCES chat_messages (id) ON DELETE SET NULL\n)\n\n', ()) completed
DEBUG    aiosqlite:core.py:62 executing functools.partial(<built-in method close of sqlite3.Cursor object at 0x000001BA83F27CC0>)
DEBUG    aiosqlite:core.py:67 operation functools.partial(<built-in method close of sqlite3.Cursor object at 0x000001BA83F27CC0>) completed
INFO     sqlalchemy.engine.Engine:base.py:1846 
CREATE TABLE radio_history (
	id INTEGER NOT NULL, 
	song_id INTEGER NOT NULL, 
	queue_id INTEGER, 
	played_at DATETIME NOT NULL, 
	ended_at DATETIME, 
	duration_played_seconds FLOAT, 
	broadcast_file_path VARCHAR(500), 
	stream_mount VARCHAR(100), 
	requester_telegram_id BIGINT, 
	requester_username VARCHAR(255), 
	song_title VARCHAR(500), 
	song_artist VARCHAR(255), 
	song_genre VARCHAR(100), 
	had_dj_intro BOOLEAN NOT NULL, 
	dj_intro_text TEXT, 
	listener_count INTEGER, 
	upvotes_during_play INTEGER NOT NULL, 
	downvotes_during_play INTEGER NOT NULL, 
	skips_requested INTEGER NOT NULL, 
	created_at DATETIME NOT NULL, 
	updated_at DATETIME NOT NULL, 
	CONSTRAINT pk_radio_history PRIMARY KEY (id), 
	CONSTRAINT fk_radio_history_song_id_songs FOREIGN KEY(song_id) REFERENCES songs (id)
)


INFO     sqlalchemy.engine.Engine:base.py:1846 [no key 0.00019s] ()
DEBUG    aiosqlite:core.py:62 executing functools.partial(<built-in method cursor of sqlite3.Connection object at 0x000001BA83DD0130>)
DEBUG    aiosqlite:core.py:67 operation functools.partial(<built-in method cursor of sqlite3.Connection object at 0x000001BA83DD0130>) completed
DEBUG    aiosqlite:core.py:62 executing functools.partial(<built-in method execute of sqlite3.Cursor object at 0x000001BA83F27F40>, '\nCREATE TABLE radio_history (\n\tid INTEGER NOT NULL, \n\tsong_id INTEGER NOT NULL, \n\tqueue_id INTEGER, \n\tplayed_at DATETIME NOT NULL, \n\tended_at DATETIME, \n\tduration_played_seconds FLOAT, \n\tbroadcast_file_path VARCHAR(500), \n\tstream_mount VARCHAR(100), \n\trequester_telegram_id BIGINT, \n\trequester_username VARCHAR(255), \n\tsong_title VARCHAR(500), \n\tsong_artist VARCHAR(255), \n\tsong_genre VARCHAR(100), \n\thad_dj_intro BOOLEAN NOT NULL, \n\tdj_intro_text TEXT, \n\tlistener_count INTEGER, \n\tupvotes_during_play INTEGER NOT NULL, \n\tdownvotes_during_play INTEGER NOT NULL, \n\tskips_requested INTEGER NOT NULL, \n\tcreated_at DATETIME NOT NULL, \n\tupdated_at DATETIME NOT NULL, \n\tCONSTRAINT pk_radio_history PRIMARY KEY (id), \n\tCONSTRAINT fk_radio_history_song_id_songs FOREIGN KEY(song_id) REFERENCES songs (id)\n)\n\n', ())
DEBUG    aiosqlite:core.py:67 operation functools.partial(<built-in method execute of sqlite3.Cursor object at 0x000001BA83F27F40>, '\nCREATE TABLE radio_history (\n\tid INTEGER NOT NULL, \n\tsong_id INTEGER NOT NULL, \n\tqueue_id INTEGER, \n\tplayed_at DATETIME NOT NULL, \n\tended_at DATETIME, \n\tduration_played_seconds FLOAT, \n\tbroadcast_file_path VARCHAR(500), \n\tstream_mount VARCHAR(100), \n\trequester_telegram_id BIGINT, \n\trequester_username VARCHAR(255), \n\tsong_title VARCHAR(500), \n\tsong_artist VARCHAR(255), \n\tsong_genre VARCHAR(100), \n\thad_dj_intro BOOLEAN NOT NULL, \n\tdj_intro_text TEXT, \n\tlistener_count INTEGER, \n\tupvotes_during_play INTEGER NOT NULL, \n\tdownvotes_during_play INTEGER NOT NULL, \n\tskips_requested INTEGER NOT NULL, \n\tcreated_at DATETIME NOT NULL, \n\tupdated_at DATETIME NOT NULL, \n\tCONSTRAINT pk_radio_history PRIMARY KEY (id), \n\tCONSTRAINT fk_radio_history_song_id_songs FOREIGN KEY(song_id) REFERENCES songs (id)\n)\n\n', ()) completed
DEBUG    aiosqlite:core.py:62 executing functools.partial(<built-in method close of sqlite3.Cursor object at 0x000001BA83F27F40>)
INFO     sqlalchemy.engine.Engine:base.py:1846 CREATE INDEX ix_radio_history_song_id ON radio_history (song_id)
INFO     sqlalchemy.engine.Engine:base.py:1846 [no key 0.00018s] ()
DEBUG    aiosqlite:core.py:67 operation functools.partial(<built-in method close of sqlite3.Cursor object at 0x000001BA83F27F40>) completed
DEBUG    aiosqlite:core.py:62 executing functools.partial(<built-in method cursor of sqlite3.Connection object at 0x000001BA83DD0130>)
DEBUG    aiosqlite:core.py:67 operation functools.partial(<built-in method cursor of sqlite3.Connection object at 0x000001BA83DD0130>) completed
DEBUG    aiosqlite:core.py:62 executing functools.partial(<built-in method execute of sqlite3.Cursor object at 0x000001BA83D38D40>, 'CREATE INDEX ix_radio_history_song_id ON radio_history (song_id)', ())
DEBUG    aiosqlite:core.py:67 operation functools.partial(<built-in method execute of sqlite3.Cursor object at 0x000001BA83D38D40>, 'CREATE INDEX ix_radio_history_song_id ON radio_history (song_id)', ()) completed
DEBUG    aiosqlite:core.py:62 executing functools.partial(<built-in method close of sqlite3.Cursor object at 0x000001BA83D38D40>)
DEBUG    aiosqlite:core.py:67 operation functools.partial(<built-in method close of sqlite3.Cursor object at 0x000001BA83D38D40>) completed
INFO     sqlalchemy.engine.Engine:base.py:1846 CREATE INDEX ix_radio_history_queue_id ON radio_history (queue_id)
INFO     sqlalchemy.engine.Engine:base.py:1846 [no key 0.00033s] ()
DEBUG    aiosqlite:core.py:62 executing functools.partial(<built-in method cursor of sqlite3.Connection object at 0x000001BA83DD0130>)
DEBUG    aiosqlite:core.py:67 operation functools.partial(<built-in method cursor of sqlite3.Connection object at 0x000001BA83DD0130>) completed
DEBUG    aiosqlite:core.py:62 executing functools.partial(<built-in method execute of sqlite3.Cursor object at 0x000001BA83C637C0>, 'CREATE INDEX ix_radio_history_queue_id ON radio_history (queue_id)', ())
DEBUG    aiosqlite:core.py:67 operation functools.partial(<built-in method execute of sqlite3.Cursor object at 0x000001BA83C637C0>, 'CREATE INDEX ix_radio_history_queue_id ON radio_history (queue_id)', ()) completed
DEBUG    aiosqlite:core.py:62 executing functools.partial(<built-in method close of sqlite3.Cursor object at 0x000001BA83C637C0>)
DEBUG    aiosqlite:core.py:67 operation functools.partial(<built-in method close of sqlite3.Cursor object at 0x000001BA83C637C0>) completed
INFO     sqlalchemy.engine.Engine:base.py:1846 CREATE INDEX ix_radio_history_played_at ON radio_history (played_at)
INFO     sqlalchemy.engine.Engine:base.py:1846 [no key 0.00027s] ()
DEBUG    aiosqlite:core.py:62 executing functools.partial(<built-in method cursor of sqlite3.Connection object at 0x000001BA83DD0130>)
DEBUG    aiosqlite:core.py:67 operation functools.partial(<built-in method cursor of sqlite3.Connection object at 0x000001BA83DD0130>) completed
DEBUG    aiosqlite:core.py:62 executing functools.partial(<built-in method execute of sqlite3.Cursor object at 0x000001BA83DBE7C0>, 'CREATE INDEX ix_radio_history_played_at ON radio_history (played_at)', ())
DEBUG    aiosqlite:core.py:67 operation functools.partial(<built-in method execute of sqlite3.Cursor object at 0x000001BA83DBE7C0>, 'CREATE INDEX ix_radio_history_played_at ON radio_history (played_at)', ()) completed
DEBUG    aiosqlite:core.py:62 executing functools.partial(<built-in method close of sqlite3.Cursor object at 0x000001BA83DBE7C0>)
DEBUG    aiosqlite:core.py:67 operation functools.partial(<built-in method close of sqlite3.Cursor object at 0x000001BA83DBE7C0>) completed
INFO     sqlalchemy.engine.Engine:base.py:1846 
CREATE TABLE radio_queue (
	id INTEGER NOT NULL, 
	user_id INTEGER, 
	telegram_user_id BIGINT, 
	telegram_message_id BIGINT, 
	song_id INTEGER, 
	original_prompt TEXT NOT NULL, 
	enhanced_prompt TEXT, 
	genre_hint VARCHAR(100), 
	is_instrumental BOOLEAN NOT NULL, 
	status VARCHAR(50) NOT NULL, 
	suno_job_id VARCHAR(255), 
	error_message TEXT, 
	retry_count INTEGER NOT NULL, 
	max_retries INTEGER NOT NULL, 
	base_priority FLOAT NOT NULL, 
	priority_score FLOAT NOT NULL, 
	is_priority_boost BOOLEAN NOT NULL, 
	priority_boost_reason VARCHAR(255), 
	upvotes INTEGER NOT NULL, 
	downvotes INTEGER NOT NULL, 
	requested_at DATETIME NOT NULL, 
	queued_at DATETIME, 
	generation_started_at DATETIME, 
	generation_completed_at DATETIME, 
	broadcast_started_at DATETIME, 
	completed_at DATETIME, 
	is_moderated BOOLEAN NOT NULL, 
	moderation_passed BOOLEAN, 
	moderation_reason TEXT, 
	has_dj_intro BOOLEAN NOT NULL, 
	dj_intro_path VARCHAR(500), 
	created_at DATETIME NOT NULL, 
	updated_at DATETIME NOT NULL, 
	CONSTRAINT pk_radio_queue PRIMARY KEY (id), 
	CONSTRAINT fk_radio_queue_user_id_users FOREIGN KEY(user_id) REFERENCES users (id), 
	CONSTRAINT fk_radio_queue_song_id_songs FOREIGN KEY(song_id) REFERENCES songs (id)
)


INFO     sqlalchemy.engine.Engine:base.py:1846 [no key 0.00034s] ()
DEBUG    aiosqlite:core.py:62 executing functools.partial(<built-in method cursor of sqlite3.Connection object at 0x000001BA83DD0130>)
DEBUG    aiosqlite:core.py:67 operation functools.partial(<built-in method cursor of sqlite3.Connection object at 0x000001BA83DD0130>) completed
DEBUG    aiosqlite:core.py:62 executing functools.partial(<built-in method execute of sqlite3.Cursor object at 0x000001BA83C80B40>, '\nCREATE TABLE radio_queue (\n\tid INTEGER NOT NULL, \n\tuser_id INTEGER, \n\ttelegram_user_id BIGINT, \n\ttelegram_message_id BIGINT, \n\tsong_id INTEGER, \n\toriginal_prompt TEXT NOT NULL, \n\tenhanced_prompt TEXT, \n\tgenre_hint VARCHAR(100), \n\tis_instrumental BOOLEAN NOT NULL, \n\tstatus VARCHAR(50) NOT NULL, \n\tsuno_job_id VARCHAR(255), \n\terror_message TEXT, \n\tretry_count INTEGER NOT NULL, \n\tmax_retries INTEGER NOT NULL, \n\tbase_priority FLOAT NOT NULL, \n\tpriority_score FLOAT NOT NULL, \n\tis_priority_boost BOOLEAN NOT NULL, \n\tpriority_boost_reason VARCHAR(255), \n\tupvotes INTEGER NOT NULL, \n\tdownvotes INTEGER NOT NULL, \n\trequested_at DATETIME NOT NULL, \n\tqueued_at DATETIME, \n\tgeneration_started_at DATETIME, \n\tgeneration_completed_at DATETIME, \n\tbroadcast_started_at DATETIME, \n\tcompleted_at DATETIME, \n\tis_moderated BOOLEAN NOT NULL, \n\tmoderation_passed BOOLEAN, \n\tmoderation_reason TEXT, \n\thas_dj_intro BOOLEAN NOT NULL, \n\tdj_intro_path VARCHAR(500), \n\tcreated_at DATETIME NOT NULL, \n\tupdated_at DATETIME NOT NULL, \n\tCONSTRAINT pk_radio_queue PRIMARY KEY (id), \n\tCONSTRAINT fk_radio_queue_user_id_users FOREIGN KEY(user_id) REFERENCES users (id), \n\tCONSTRAINT fk_radio_queue_song_id_songs FOREIGN KEY(song_id) REFERENCES songs (id)\n)\n\n', ())
DEBUG    aiosqlite:core.py:67 operation functools.partial(<built-in method execute of sqlite3.Cursor object at 0x000001BA83C80B40>, '\nCREATE TABLE radio_queue (\n\tid INTEGER NOT NULL, \n\tuser_id INTEGER, \n\ttelegram_user_id BIGINT, \n\ttelegram_message_id BIGINT, \n\tsong_id INTEGER, \n\toriginal_prompt TEXT NOT NULL, \n\tenhanced_prompt TEXT, \n\tgenre_hint VARCHAR(100), \n\tis_instrumental BOOLEAN NOT NULL, \n\tstatus VARCHAR(50) NOT NULL, \n\tsuno_job_id VARCHAR(255), \n\terror_message TEXT, \n\tretry_count INTEGER NOT NULL, \n\tmax_retries INTEGER NOT NULL, \n\tbase_priority FLOAT NOT NULL, \n\tpriority_score FLOAT NOT NULL, \n\tis_priority_boost BOOLEAN NOT NULL, \n\tpriority_boost_reason VARCHAR(255), \n\tupvotes INTEGER NOT NULL, \n\tdownvotes INTEGER NOT NULL, \n\trequested_at DATETIME NOT NULL, \n\tqueued_at DATETIME, \n\tgeneration_started_at DATETIME, \n\tgeneration_completed_at DATETIME, \n\tbroadcast_started_at DATETIME, \n\tcompleted_at DATETIME, \n\tis_moderated BOOLEAN NOT NULL, \n\tmoderation_passed BOOLEAN, \n\tmoderation_reason TEXT, \n\thas_dj_intro BOOLEAN NOT NULL, \n\tdj_intro_path VARCHAR(500), \n\tcreated_at DATETIME NOT NULL, \n\tupdated_at DATETIME NOT NULL, \n\tCONSTRAINT pk_radio_queue PRIMARY KEY (id), \n\tCONSTRAINT fk_radio_queue_user_id_users FOREIGN KEY(user_id) REFERENCES users (id), \n\tCONSTRAINT fk_radio_queue_song_id_songs FOREIGN KEY(song_id) REFERENCES songs (id)\n)\n\n', ()) completed
DEBUG    aiosqlite:core.py:62 executing functools.partial(<built-in method close of sqlite3.Cursor object at 0x000001BA83C80B40>)
INFO     sqlalchemy.engine.Engine:base.py:1846 CREATE INDEX ix_radio_queue_song_id ON radio_queue (song_id)
DEBUG    aiosqlite:core.py:67 operation functools.partial(<built-in method close of sqlite3.Cursor object at 0x000001BA83C80B40>) completed
INFO     sqlalchemy.engine.Engine:base.py:1846 [no key 0.00023s] ()
DEBUG    aiosqlite:core.py:62 executing functools.partial(<built-in method cursor of sqlite3.Connection object at 0x000001BA83DD0130>)
DEBUG    aiosqlite:core.py:67 operation functools.partial(<built-in method cursor of sqlite3.Connection object at 0x000001BA83DD0130>) completed
DEBUG    aiosqlite:core.py:62 executing functools.partial(<built-in method execute of sqlite3.Cursor object at 0x000001BA83C62FC0>, 'CREATE INDEX ix_radio_queue_song_id ON radio_queue (song_id)', ())
DEBUG    aiosqlite:core.py:67 operation functools.partial(<built-in method execute of sqlite3.Cursor object at 0x000001BA83C62FC0>, 'CREATE INDEX ix_radio_queue_song_id ON radio_queue (song_id)', ()) completed
DEBUG    aiosqlite:core.py:62 executing functools.partial(<built-in method close of sqlite3.Cursor object at 0x000001BA83C62FC0>)
DEBUG    aiosqlite:core.py:67 operation functools.partial(<built-in method close of sqlite3.Cursor object at 0x000001BA83C62FC0>) completed
INFO     sqlalchemy.engine.Engine:base.py:1846 CREATE INDEX ix_radio_queue_telegram_user_id ON radio_queue (telegram_user_id)
INFO     sqlalchemy.engine.Engine:base.py:1846 [no key 0.00020s] ()
DEBUG    aiosqlite:core.py:62 executing functools.partial(<built-in method cursor of sqlite3.Connection object at 0x000001BA83DD0130>)
DEBUG    aiosqlite:core.py:67 operation functools.partial(<built-in method cursor of sqlite3.Connection object at 0x000001BA83DD0130>) completed
DEBUG    aiosqlite:core.py:62 executing functools.partial(<built-in method execute of sqlite3.Cursor object at 0x000001BA83C61940>, 'CREATE INDEX ix_radio_queue_telegram_user_id ON radio_queue (telegram_user_id)', ())
DEBUG    aiosqlite:core.py:67 operation functools.partial(<built-in method execute of sqlite3.Cursor object at 0x000001BA83C61940>, 'CREATE INDEX ix_radio_queue_telegram_user_id ON radio_queue (telegram_user_id)', ()) completed
DEBUG    aiosqlite:core.py:62 executing functools.partial(<built-in method close of sqlite3.Cursor object at 0x000001BA83C61940>)
DEBUG    aiosqlite:core.py:67 operation functools.partial(<built-in method close of sqlite3.Cursor object at 0x000001BA83C61940>) completed
INFO     sqlalchemy.engine.Engine:base.py:1846 CREATE INDEX ix_radio_queue_user_id ON radio_queue (user_id)
INFO     sqlalchemy.engine.Engine:base.py:1846 [no key 0.00024s] ()
DEBUG    aiosqlite:core.py:62 executing functools.partial(<built-in method cursor of sqlite3.Connection object at 0x000001BA83DD0130>)
DEBUG    aiosqlite:core.py:67 operation functools.partial(<built-in method cursor of sqlite3.Connection object at 0x000001BA83DD0130>) completed
DEBUG    aiosqlite:core.py:62 executing functools.partial(<built-in method execute of sqlite3.Cursor object at 0x000001BA83FB41C0>, 'CREATE INDEX ix_radio_queue_user_id ON radio_queue (user_id)', ())
DEBUG    aiosqlite:core.py:67 operation functools.partial(<built-in method execute of sqlite3.Cursor object at 0x000001BA83FB41C0>, 'CREATE INDEX ix_radio_queue_user_id ON radio_queue (user_id)', ()) completed
DEBUG    aiosqlite:core.py:62 executing functools.partial(<built-in method close of sqlite3.Cursor object at 0x000001BA83FB41C0>)
DEBUG    aiosqlite:core.py:67 operation functools.partial(<built-in method close of sqlite3.Cursor object at 0x000001BA83FB41C0>) completed
INFO     sqlalchemy.engine.Engine:base.py:1846 CREATE INDEX ix_radio_queue_status ON radio_queue (status)
INFO     sqlalchemy.engine.Engine:base.py:1846 [no key 0.00021s] ()
DEBUG    aiosqlite:core.py:62 executing functools.partial(<built-in method cursor of sqlite3.Connection object at 0x000001BA83DD0130>)
DEBUG    aiosqlite:core.py:67 operation functools.partial(<built-in method cursor of sqlite3.Connection object at 0x000001BA83DD0130>) completed
DEBUG    aiosqlite:core.py:62 executing functools.partial(<built-in method execute of sqlite3.Cursor object at 0x000001BA83FB5140>, 'CREATE INDEX ix_radio_queue_status ON radio_queue (status)', ())
DEBUG    aiosqlite:core.py:67 operation functools.partial(<built-in method execute of sqlite3.Cursor object at 0x000001BA83FB5140>, 'CREATE INDEX ix_radio_queue_status ON radio_queue (status)', ()) completed
DEBUG    aiosqlite:core.py:62 executing functools.partial(<built-in method close of sqlite3.Cursor object at 0x000001BA83FB5140>)
DEBUG    aiosqlite:core.py:67 operation functools.partial(<built-in method close of sqlite3.Cursor object at 0x000001BA83FB5140>) completed
INFO     sqlalchemy.engine.Engine:base.py:1846 CREATE INDEX ix_radio_queue_priority_score ON radio_queue (priority_score)
INFO     sqlalchemy.engine.Engine:base.py:1846 [no key 0.00034s] ()
DEBUG    aiosqlite:core.py:62 executing functools.partial(<built-in method cursor of sqlite3.Connection object at 0x000001BA83DD0130>)
DEBUG    aiosqlite:core.py:67 operation functools.partial(<built-in method cursor of sqlite3.Connection object at 0x000001BA83DD0130>) completed
DEBUG    aiosqlite:core.py:62 executing functools.partial(<built-in method execute of sqlite3.Cursor object at 0x000001BA83FB52C0>, 'CREATE INDEX ix_radio_queue_priority_score ON radio_queue (priority_score)', ())
DEBUG    aiosqlite:core.py:67 operation functools.partial(<built-in method execute of sqlite3.Cursor object at 0x000001BA83FB52C0>, 'CREATE INDEX ix_radio_queue_priority_score ON radio_queue (priority_score)', ()) completed
DEBUG    aiosqlite:core.py:62 executing functools.partial(<built-in method close of sqlite3.Cursor object at 0x000001BA83FB52C0>)
INFO     sqlalchemy.engine.Engine:base.py:1846 
CREATE TABLE votes (
	id INTEGER NOT NULL, 
	user_id INTEGER NOT NULL, 
	telegram_user_id BIGINT, 
	queue_item_id INTEGER NOT NULL, 
	vote_type VARCHAR(20) NOT NULL, 
	voted_at DATETIME NOT NULL, 
	previous_vote_type VARCHAR(20), 
	changed_at DATETIME, 
	source VARCHAR(50) NOT NULL, 
	telegram_callback_id VARCHAR(255), 
	created_at DATETIME NOT NULL, 
	updated_at DATETIME NOT NULL, 
	CONSTRAINT pk_votes PRIMARY KEY (id), 
	CONSTRAINT uq_votes_user_queue UNIQUE (user_id, queue_item_id), 
	CONSTRAINT fk_votes_user_id_users FOREIGN KEY(user_id) REFERENCES users (id), 
	CONSTRAINT fk_votes_queue_item_id_radio_queue FOREIGN KEY(queue_item_id) REFERENCES radio_queue (id)
)


DEBUG    aiosqlite:core.py:67 operation functools.partial(<built-in method close of sqlite3.Cursor object at 0x000001BA83FB52C0>) completed
INFO     sqlalchemy.engine.Engine:base.py:1846 [no key 0.00025s] ()
DEBUG    aiosqlite:core.py:62 executing functools.partial(<built-in method cursor of sqlite3.Connection object at 0x000001BA83DD0130>)
DEBUG    aiosqlite:core.py:67 operation functools.partial(<built-in method cursor of sqlite3.Connection object at 0x000001BA83DD0130>) completed
DEBUG    aiosqlite:core.py:62 executing functools.partial(<built-in method execute of sqlite3.Cursor object at 0x000001BA83F279C0>, '\nCREATE TABLE votes (\n\tid INTEGER NOT NULL, \n\tuser_id INTEGER NOT NULL, \n\ttelegram_user_id BIGINT, \n\tqueue_item_id INTEGER NOT NULL, \n\tvote_type VARCHAR(20) NOT NULL, \n\tvoted_at DATETIME NOT NULL, \n\tprevious_vote_type VARCHAR(20), \n\tchanged_at DATETIME, \n\tsource VARCHAR(50) NOT NULL, \n\ttelegram_callback_id VARCHAR(255), \n\tcreated_at DATETIME NOT NULL, \n\tupdated_at DATETIME NOT NULL, \n\tCONSTRAINT pk_votes PRIMARY KEY (id), \n\tCONSTRAINT uq_votes_user_queue UNIQUE (user_id, queue_item_id), \n\tCONSTRAINT fk_votes_user_id_users FOREIGN KEY(user_id) REFERENCES users (id), \n\tCONSTRAINT fk_votes_queue_item_id_radio_queue FOREIGN KEY(queue_item_id) REFERENCES radio_queue (id)\n)\n\n', ())
DEBUG    aiosqlite:core.py:67 operation functools.partial(<built-in method execute of sqlite3.Cursor object at 0x000001BA83F279C0>, '\nCREATE TABLE votes (\n\tid INTEGER NOT NULL, \n\tuser_id INTEGER NOT NULL, \n\ttelegram_user_id BIGINT, \n\tqueue_item_id INTEGER NOT NULL, \n\tvote_type VARCHAR(20) NOT NULL, \n\tvoted_at DATETIME NOT NULL, \n\tprevious_vote_type VARCHAR(20), \n\tchanged_at DATETIME, \n\tsource VARCHAR(50) NOT NULL, \n\ttelegram_callback_id VARCHAR(255), \n\tcreated_at DATETIME NOT NULL, \n\tupdated_at DATETIME NOT NULL, \n\tCONSTRAINT pk_votes PRIMARY KEY (id), \n\tCONSTRAINT uq_votes_user_queue UNIQUE (user_id, queue_item_id), \n\tCONSTRAINT fk_votes_user_id_users FOREIGN KEY(user_id) REFERENCES users (id), \n\tCONSTRAINT fk_votes_queue_item_id_radio_queue FOREIGN KEY(queue_item_id) REFERENCES radio_queue (id)\n)\n\n', ()) completed
DEBUG    aiosqlite:core.py:62 executing functools.partial(<built-in method close of sqlite3.Cursor object at 0x000001BA83F279C0>)
DEBUG    aiosqlite:core.py:67 operation functools.partial(<built-in method close of sqlite3.Cursor object at 0x000001BA83F279C0>) completed
INFO     sqlalchemy.engine.Engine:base.py:1846 CREATE INDEX ix_votes_user_id ON votes (user_id)
INFO     sqlalchemy.engine.Engine:base.py:1846 [no key 0.00017s] ()
DEBUG    aiosqlite:core.py:62 executing functools.partial(<built-in method cursor of sqlite3.Connection object at 0x000001BA83DD0130>)
DEBUG    aiosqlite:core.py:67 operation functools.partial(<built-in method cursor of sqlite3.Connection object at 0x000001BA83DD0130>) completed
DEBUG    aiosqlite:core.py:62 executing functools.partial(<built-in method execute of sqlite3.Cursor object at 0x000001BA83ECDD40>, 'CREATE INDEX ix_votes_user_id ON votes (user_id)', ())
DEBUG    aiosqlite:core.py:67 operation functools.partial(<built-in method execute of sqlite3.Cursor object at 0x000001BA83ECDD40>, 'CREATE INDEX ix_votes_user_id ON votes (user_id)', ()) completed
DEBUG    aiosqlite:core.py:62 executing functools.partial(<built-in method close of sqlite3.Cursor object at 0x000001BA83ECDD40>)
DEBUG    aiosqlite:core.py:67 operation functools.partial(<built-in method close of sqlite3.Cursor object at 0x000001BA83ECDD40>) completed
INFO     sqlalchemy.engine.Engine:base.py:1846 CREATE INDEX ix_votes_queue_item_id ON votes (queue_item_id)
INFO     sqlalchemy.engine.Engine:base.py:1846 [no key 0.00024s] ()
DEBUG    aiosqlite:core.py:62 executing functools.partial(<built-in method cursor of sqlite3.Connection object at 0x000001BA83DD0130>)
DEBUG    aiosqlite:core.py:67 operation functools.partial(<built-in method cursor of sqlite3.Connection object at 0x000001BA83DD0130>) completed
DEBUG    aiosqlite:core.py:62 executing functools.partial(<built-in method execute of sqlite3.Cursor object at 0x000001BA83FB54C0>, 'CREATE INDEX ix_votes_queue_item_id ON votes (queue_item_id)', ())
DEBUG    aiosqlite:core.py:67 operation functools.partial(<built-in method execute of sqlite3.Cursor object at 0x000001BA83FB54C0>, 'CREATE INDEX ix_votes_queue_item_id ON votes (queue_item_id)', ()) completed
DEBUG    aiosqlite:core.py:62 executing functools.partial(<built-in method close of sqlite3.Cursor object at 0x000001BA83FB54C0>)
DEBUG    aiosqlite:core.py:67 operation functools.partial(<built-in method close of sqlite3.Cursor object at 0x000001BA83FB54C0>) completed
INFO     sqlalchemy.engine.Engine:base.py:1846 CREATE INDEX ix_votes_telegram_user_id ON votes (telegram_user_id)
INFO     sqlalchemy.engine.Engine:base.py:1846 [no key 0.00023s] ()
DEBUG    aiosqlite:core.py:62 executing functools.partial(<built-in method cursor of sqlite3.Connection object at 0x000001BA83DD0130>)
DEBUG    aiosqlite:core.py:67 operation functools.partial(<built-in method cursor of sqlite3.Connection object at 0x000001BA83DD0130>) completed
DEBUG    aiosqlite:core.py:62 executing functools.partial(<built-in method execute of sqlite3.Cursor object at 0x000001BA83FB5940>, 'CREATE INDEX ix_votes_telegram_user_id ON votes (telegram_user_id)', ())
DEBUG    aiosqlite:core.py:67 operation functools.partial(<built-in method execute of sqlite3.Cursor object at 0x000001BA83FB5940>, 'CREATE INDEX ix_votes_telegram_user_id ON votes (telegram_user_id)', ()) completed
DEBUG    aiosqlite:core.py:62 executing functools.partial(<built-in method close of sqlite3.Cursor object at 0x000001BA83FB5940>)
INFO     sqlalchemy.engine.Engine:base.py:2716 COMMIT
DEBUG    aiosqlite:core.py:67 operation functools.partial(<built-in method close of sqlite3.Cursor object at 0x000001BA83FB5940>) completed
DEBUG    aiosqlite:core.py:62 executing functools.partial(<built-in method commit of sqlite3.Connection object at 0x000001BA83DD0130>)
DEBUG    aiosqlite:core.py:67 operation functools.partial(<built-in method commit of sqlite3.Connection object at 0x000001BA83DD0130>) completed
DEBUG    aiosqlite:core.py:62 executing functools.partial(<built-in method rollback of sqlite3.Connection object at 0x000001BA83DD0130>)
DEBUG    aiosqlite:core.py:67 operation functools.partial(<built-in method rollback of sqlite3.Connection object at 0x000001BA83DD0130>) completed
---------------------------- Captured stdout call -----------------------------
2026-01-03 00:52:35 | [32mINFO[0m | sqlalchemy.engine.Engine | BEGIN (implicit)
2026-01-03 00:52:35 | [32mINFO[0m | sqlalchemy.engine.Engine | INSERT INTO songs (suno_job_id, suno_status, title, artist, original_prompt, enhanced_prompt, style_prompt, lyrics, genre, subgenre, mood, energy, duration_seconds, bpm, "key", is_instrumental, audio_url, local_file_path, file_size_bytes, audio_format, lufs_level, peak_db, is_normalized, generation_started_at, generation_completed_at, downloaded_at, play_count, total_upvotes, total_downvotes, is_approved, moderation_notes, flagged_at, created_at, updated_at) VALUES (?, ?, ?, ?, ?, ?, ?, ?, ?, ?, ?, ?, ?, ?, ?, ?, ?, ?, ?, ?, ?, ?, ?, ?, ?, ?, ?, ?, ?, ?, ?, ?, ?, ?)
2026-01-03 00:52:35 | [32mINFO[0m | sqlalchemy.engine.Engine | [generated in 0.00041s] (None, 'pending', 'Song A', 'AI Radio', None, None, None, None, None, None, None, None, 100.0, None, None, 0, None, None, None, 'mp3', None, None, 0, None, None, None, 0, 0, 0, 1, None, None, '2026-01-03 00:52:35.356557', '2026-01-03 00:52:35.356557')
2026-01-03 00:52:35 | [36mDEBUG[0m | aiosqlite | executing functools.partial(<built-in method cursor of sqlite3.Connection object at 0x000001BA83DD0130>)
2026-01-03 00:52:35 | [36mDEBUG[0m | aiosqlite | operation functools.partial(<built-in method cursor of sqlite3.Connection object at 0x000001BA83DD0130>) completed
2026-01-03 00:52:35 | [36mDEBUG[0m | aiosqlite | executing functools.partial(<built-in method execute of sqlite3.Cursor object at 0x000001BA83CDC8C0>, 'INSERT INTO songs (suno_job_id, suno_status, title, artist, original_prompt, enhanced_prompt, style_prompt, lyrics, genre, subgenre, mood, energy, duration_seconds, bpm, "key", is_instrumental, audio_url, local_file_path, file_size_bytes, audio_format, lufs_level, peak_db, is_normalized, generation_started_at, generation_completed_at, downloaded_at, play_count, total_upvotes, total_downvotes, is_approved, moderation_notes, flagged_at, created_at, updated_at) VALUES (?, ?, ?, ?, ?, ?, ?, ?, ?, ?, ?, ?, ?, ?, ?, ?, ?, ?, ?, ?, ?, ?, ?, ?, ?, ?, ?, ?, ?, ?, ?, ?, ?, ?)', (None, 'pending', 'Song A', 'AI Radio', None, None, None, None, None, None, None, None, 100.0, None, None, 0, None, None, None, 'mp3', None, None, 0, None, None, None, 0, 0, 0, 1, None, None, '2026-01-03 00:52:35.356557', '2026-01-03 00:52:35.356557'))
2026-01-03 00:52:35 | [36mDEBUG[0m | aiosqlite | operation functools.partial(<built-in method execute of sqlite3.Cursor object at 0x000001BA83CDC8C0>, 'INSERT INTO songs (suno_job_id, suno_status, title, artist, original_prompt, enhanced_prompt, style_prompt, lyrics, genre, subgenre, mood, energy, duration_seconds, bpm, "key", is_instrumental, audio_url, local_file_path, file_size_bytes, audio_format, lufs_level, peak_db, is_normalized, generation_started_at, generation_completed_at, downloaded_at, play_count, total_upvotes, total_downvotes, is_approved, moderation_notes, flagged_at, created_at, updated_at) VALUES (?, ?, ?, ?, ?, ?, ?, ?, ?, ?, ?, ?, ?, ?, ?, ?, ?, ?, ?, ?, ?, ?, ?, ?, ?, ?, ?, ?, ?, ?, ?, ?, ?, ?)', (None, 'pending', 'Song A', 'AI Radio', None, None, None, None, None, None, None, None, 100.0, None, None, 0, None, None, None, 'mp3', None, None, 0, None, None, None, 0, 0, 0, 1, None, None, '2026-01-03 00:52:35.356557', '2026-01-03 00:52:35.356557')) completed
2026-01-03 00:52:35 | [36mDEBUG[0m | aiosqlite | executing functools.partial(<built-in method close of sqlite3.Cursor object at 0x000001BA83CDC8C0>)
2026-01-03 00:52:35 | [36mDEBUG[0m | aiosqlite | operation functools.partial(<built-in method close of sqlite3.Cursor object at 0x000001BA83CDC8C0>) completed
2026-01-03 00:52:35 | [32mINFO[0m | sqlalchemy.engine.Engine | INSERT INTO radio_queue (user_id, telegram_user_id, telegram_message_id, song_id, original_prompt, enhanced_prompt, genre_hint, is_instrumental, status, suno_job_id, error_message, retry_count, max_retries, base_priority, priority_score, is_priority_boost, priority_boost_reason, upvotes, downvotes, requested_at, queued_at, generation_started_at, generation_completed_at, broadcast_started_at, completed_at, is_moderated, moderation_passed, moderation_reason, has_dj_intro, dj_intro_path, created_at, updated_at) VALUES (?, ?, ?, ?, ?, ?, ?, ?, ?, ?, ?, ?, ?, ?, ?, ?, ?, ?, ?, ?, ?, ?, ?, ?, ?, ?, ?, ?, ?, ?, ?, ?)
2026-01-03 00:52:35 | [32mINFO[0m | sqlalchemy.engine.Engine | [generated in 0.00053s] (None, None, None, 1, 'prompt A', None, None, 0, 'broadcasting', None, None, 0, 3, 100.0, 100.0, 0, None, 0, 0, '2026-01-03 00:52:35.363592', None, None, None, '2026-01-03 00:50:35.360707', None, 0, None, None, 0, None, '2026-01-03 00:52:35.363592', '2026-01-03 00:52:35.363592')
2026-01-03 00:52:35 | [36mDEBUG[0m | aiosqlite | executing functools.partial(<built-in method cursor of sqlite3.Connection object at 0x000001BA83DD0130>)
2026-01-03 00:52:35 | [36mDEBUG[0m | aiosqlite | operation functools.partial(<built-in method cursor of sqlite3.Connection object at 0x000001BA83DD0130>) completed
2026-01-03 00:52:35 | [36mDEBUG[0m | aiosqlite | executing functools.partial(<built-in method execute of sqlite3.Cursor object at 0x000001BA83D3A340>, 'INSERT INTO radio_queue (user_id, telegram_user_id, telegram_message_id, song_id, original_prompt, enhanced_prompt, genre_hint, is_instrumental, status, suno_job_id, error_message, retry_count, max_retries, base_priority, priority_score, is_priority_boost, priority_boost_reason, upvotes, downvotes, requested_at, queued_at, generation_started_at, generation_completed_at, broadcast_started_at, completed_at, is_moderated, moderation_passed, moderation_reason, has_dj_intro, dj_intro_path, created_at, updated_at) VALUES (?, ?, ?, ?, ?, ?, ?, ?, ?, ?, ?, ?, ?, ?, ?, ?, ?, ?, ?, ?, ?, ?, ?, ?, ?, ?, ?, ?, ?, ?, ?, ?)', (None, None, None, 1, 'prompt A', None, None, 0, 'broadcasting', None, None, 0, 3, 100.0, 100.0, 0, None, 0, 0, '2026-01-03 00:52:35.363592', None, None, None, '2026-01-03 00:50:35.360707', None, 0, None, None, 0, None, '2026-01-03 00:52:35.363592', '2026-01-03 00:52:35.363592'))
2026-01-03 00:52:35 | [36mDEBUG[0m | aiosqlite | operation functools.partial(<built-in method execute of sqlite3.Cursor object at 0x000001BA83D3A340>, 'INSERT INTO radio_queue (user_id, telegram_user_id, telegram_message_id, song_id, original_prompt, enhanced_prompt, genre_hint, is_instrumental, status, suno_job_id, error_message, retry_count, max_retries, base_priority, priority_score, is_priority_boost, priority_boost_reason, upvotes, downvotes, requested_at, queued_at, generation_started_at, generation_completed_at, broadcast_started_at, completed_at, is_moderated, moderation_passed, moderation_reason, has_dj_intro, dj_intro_path, created_at, updated_at) VALUES (?, ?, ?, ?, ?, ?, ?, ?, ?, ?, ?, ?, ?, ?, ?, ?, ?, ?, ?, ?, ?, ?, ?, ?, ?, ?, ?, ?, ?, ?, ?, ?)', (None, None, None, 1, 'prompt A', None, None, 0, 'broadcasting', None, None, 0, 3, 100.0, 100.0, 0, None, 0, 0, '2026-01-03 00:52:35.363592', None, None, None, '2026-01-03 00:50:35.360707', None, 0, None, None, 0, None, '2026-01-03 00:52:35.363592', '2026-01-03 00:52:35.363592')) completed
2026-01-03 00:52:35 | [36mDEBUG[0m | aiosqlite | executing functools.partial(<built-in method close of sqlite3.Cursor object at 0x000001BA83D3A340>)
2026-01-03 00:52:35 | [36mDEBUG[0m | aiosqlite | operation functools.partial(<built-in method close of sqlite3.Cursor object at 0x000001BA83D3A340>) completed
2026-01-03 00:52:35 | [32mINFO[0m | sqlalchemy.engine.Engine | INSERT INTO songs (suno_job_id, suno_status, title, artist, original_prompt, enhanced_prompt, style_prompt, lyrics, genre, subgenre, mood, energy, duration_seconds, bpm, "key", is_instrumental, audio_url, local_file_path, file_size_bytes, audio_format, lufs_level, peak_db, is_normalized, generation_started_at, generation_completed_at, downloaded_at, play_count, total_upvotes, total_downvotes, is_approved, moderation_notes, flagged_at, created_at, updated_at) VALUES (?, ?, ?, ?, ?, ?, ?, ?, ?, ?, ?, ?, ?, ?, ?, ?, ?, ?, ?, ?, ?, ?, ?, ?, ?, ?, ?, ?, ?, ?, ?, ?, ?, ?)
2026-01-03 00:52:35 | [32mINFO[0m | sqlalchemy.engine.Engine | [cached since 0.01092s ago] (None, 'pending', 'Song B', 'AI Radio', None, None, None, None, None, None, None, None, None, None, None, 0, None, None, None, 'mp3', None, None, 0, None, None, None, 0, 0, 0, 1, None, None, '2026-01-03 00:52:35.367576', '2026-01-03 00:52:35.367576')
2026-01-03 00:52:35 | [36mDEBUG[0m | aiosqlite | executing functools.partial(<built-in method cursor of sqlite3.Connection object at 0x000001BA83DD0130>)
2026-01-03 00:52:35 | [36mDEBUG[0m | aiosqlite | operation functools.partial(<built-in method cursor of sqlite3.Connection object at 0x000001BA83DD0130>) completed
2026-01-03 00:52:35 | [36mDEBUG[0m | aiosqlite | executing functools.partial(<built-in method execute of sqlite3.Cursor object at 0x000001BA83FB7040>, 'INSERT INTO songs (suno_job_id, suno_status, title, artist, original_prompt, enhanced_prompt, style_prompt, lyrics, genre, subgenre, mood, energy, duration_seconds, bpm, "key", is_instrumental, audio_url, local_file_path, file_size_bytes, audio_format, lufs_level, peak_db, is_normalized, generation_started_at, generation_completed_at, downloaded_at, play_count, total_upvotes, total_downvotes, is_approved, moderation_notes, flagged_at, created_at, updated_at) VALUES (?, ?, ?, ?, ?, ?, ?, ?, ?, ?, ?, ?, ?, ?, ?, ?, ?, ?, ?, ?, ?, ?, ?, ?, ?, ?, ?, ?, ?, ?, ?, ?, ?, ?)', (None, 'pending', 'Song B', 'AI Radio', None, None, None, None, None, None, None, None, None, None, None, 0, None, None, None, 'mp3', None, None, 0, None, None, None, 0, 0, 0, 1, None, None, '2026-01-03 00:52:35.367576', '2026-01-03 00:52:35.367576'))
2026-01-03 00:52:35 | [36mDEBUG[0m | aiosqlite | operation functools.partial(<built-in method execute of sqlite3.Cursor object at 0x000001BA83FB7040>, 'INSERT INTO songs (suno_job_id, suno_status, title, artist, original_prompt, enhanced_prompt, style_prompt, lyrics, genre, subgenre, mood, energy, duration_seconds, bpm, "key", is_instrumental, audio_url, local_file_path, file_size_bytes, audio_format, lufs_level, peak_db, is_normalized, generation_started_at, generation_completed_at, downloaded_at, play_count, total_upvotes, total_downvotes, is_approved, moderation_notes, flagged_at, created_at, updated_at) VALUES (?, ?, ?, ?, ?, ?, ?, ?, ?, ?, ?, ?, ?, ?, ?, ?, ?, ?, ?, ?, ?, ?, ?, ?, ?, ?, ?, ?, ?, ?, ?, ?, ?, ?)', (None, 'pending', 'Song B', 'AI Radio', None, None, None, None, None, None, None, None, None, None, None, 0, None, None, None, 'mp3', None, None, 0, None, None, None, 0, 0, 0, 1, None, None, '2026-01-03 00:52:35.367576', '2026-01-03 00:52:35.367576')) completed
2026-01-03 00:52:35 | [36mDEBUG[0m | aiosqlite | executing functools.partial(<built-in method close of sqlite3.Cursor object at 0x000001BA83FB7040>)
2026-01-03 00:52:35 | [36mDEBUG[0m | aiosqlite | operation functools.partial(<built-in method close of sqlite3.Cursor object at 0x000001BA83FB7040>) completed
2026-01-03 00:52:35 | [32mINFO[0m | sqlalchemy.engine.Engine | INSERT INTO radio_history (song_id, queue_id, played_at, ended_at, duration_played_seconds, broadcast_file_path, stream_mount, requester_telegram_id, requester_username, song_title, song_artist, song_genre, had_dj_intro, dj_intro_text, listener_count, upvotes_during_play, downvotes_during_play, skips_requested, created_at, updated_at) VALUES (?, ?, ?, ?, ?, ?, ?, ?, ?, ?, ?, ?, ?, ?, ?, ?, ?, ?, ?, ?)
2026-01-03 00:52:35 | [32mINFO[0m | sqlalchemy.engine.Engine | [generated in 0.00039s] (1, 1, '2026-01-03 00:50:35.366420', None, None, None, None, None, None, None, None, None, 0, None, None, 0, 0, 0, '2026-01-03 00:52:35.371305', '2026-01-03 00:52:35.371305')
2026-01-03 00:52:35 | [36mDEBUG[0m | aiosqlite | executing functools.partial(<built-in method cursor of sqlite3.Connection object at 0x000001BA83DD0130>)
2026-01-03 00:52:35 | [36mDEBUG[0m | aiosqlite | operation functools.partial(<built-in method cursor of sqlite3.Connection object at 0x000001BA83DD0130>) completed
2026-01-03 00:52:35 | [36mDEBUG[0m | aiosqlite | executing functools.partial(<built-in method execute of sqlite3.Cursor object at 0x000001BA83E8BB40>, 'INSERT INTO radio_history (song_id, queue_id, played_at, ended_at, duration_played_seconds, broadcast_file_path, stream_mount, requester_telegram_id, requester_username, song_title, song_artist, song_genre, had_dj_intro, dj_intro_text, listener_count, upvotes_during_play, downvotes_during_play, skips_requested, created_at, updated_at) VALUES (?, ?, ?, ?, ?, ?, ?, ?, ?, ?, ?, ?, ?, ?, ?, ?, ?, ?, ?, ?)', (1, 1, '2026-01-03 00:50:35.366420', None, None, None, None, None, None, None, None, None, 0, None, None, 0, 0, 0, '2026-01-03 00:52:35.371305', '2026-01-03 00:52:35.371305'))
2026-01-03 00:52:35 | [36mDEBUG[0m | aiosqlite | operation functools.partial(<built-in method execute of sqlite3.Cursor object at 0x000001BA83E8BB40>, 'INSERT INTO radio_history (song_id, queue_id, played_at, ended_at, duration_played_seconds, broadcast_file_path, stream_mount, requester_telegram_id, requester_username, song_title, song_artist, song_genre, had_dj_intro, dj_intro_text, listener_count, upvotes_during_play, downvotes_during_play, skips_requested, created_at, updated_at) VALUES (?, ?, ?, ?, ?, ?, ?, ?, ?, ?, ?, ?, ?, ?, ?, ?, ?, ?, ?, ?)', (1, 1, '2026-01-03 00:50:35.366420', None, None, None, None, None, None, None, None, None, 0, None, None, 0, 0, 0, '2026-01-03 00:52:35.371305', '2026-01-03 00:52:35.371305')) completed
2026-01-03 00:52:35 | [36mDEBUG[0m | aiosqlite | executing functools.partial(<built-in method close of sqlite3.Cursor object at 0x000001BA83E8BB40>)
2026-01-03 00:52:35 | [36mDEBUG[0m | aiosqlite | operation functools.partial(<built-in method close of sqlite3.Cursor object at 0x000001BA83E8BB40>) completed
2026-01-03 00:52:35 | [32mINFO[0m | sqlalchemy.engine.Engine | INSERT INTO radio_queue (user_id, telegram_user_id, telegram_message_id, song_id, original_prompt, enhanced_prompt, genre_hint, is_instrumental, status, suno_job_id, error_message, retry_count, max_retries, base_priority, priority_score, is_priority_boost, priority_boost_reason, upvotes, downvotes, requested_at, queued_at, generation_started_at, generation_completed_at, broadcast_started_at, completed_at, is_moderated, moderation_passed, moderation_reason, has_dj_intro, dj_intro_path, created_at, updated_at) VALUES (?, ?, ?, ?, ?, ?, ?, ?, ?, ?, ?, ?, ?, ?, ?, ?, ?, ?, ?, ?, ?, ?, ?, ?, ?, ?, ?, ?, ?, ?, ?, ?)
2026-01-03 00:52:35 | [32mINFO[0m | sqlalchemy.engine.Engine | [cached since 0.01153s ago] (None, None, None, 2, 'prompt B', None, None, 0, 'generated', None, None, 0, 3, 100.0, 100.0, 0, None, 0, 0, '2026-01-03 00:52:35.374035', None, None, None, None, None, 0, None, None, 0, None, '2026-01-03 00:52:35.374035', '2026-01-03 00:52:35.374035')
2026-01-03 00:52:35 | [36mDEBUG[0m | aiosqlite | executing functools.partial(<built-in method cursor of sqlite3.Connection object at 0x000001BA83DD0130>)
2026-01-03 00:52:35 | [36mDEBUG[0m | aiosqlite | operation functools.partial(<built-in method cursor of sqlite3.Connection object at 0x000001BA83DD0130>) completed
2026-01-03 00:52:35 | [36mDEBUG[0m | aiosqlite | executing functools.partial(<built-in method execute of sqlite3.Cursor object at 0x000001BA83FB5E40>, 'INSERT INTO radio_queue (user_id, telegram_user_id, telegram_message_id, song_id, original_prompt, enhanced_prompt, genre_hint, is_instrumental, status, suno_job_id, error_message, retry_count, max_retries, base_priority, priority_score, is_priority_boost, priority_boost_reason, upvotes, downvotes, requested_at, queued_at, generation_started_at, generation_completed_at, broadcast_started_at, completed_at, is_moderated, moderation_passed, moderation_reason, has_dj_intro, dj_intro_path, created_at, updated_at) VALUES (?, ?, ?, ?, ?, ?, ?, ?, ?, ?, ?, ?, ?, ?, ?, ?, ?, ?, ?, ?, ?, ?, ?, ?, ?, ?, ?, ?, ?, ?, ?, ?)', (None, None, None, 2, 'prompt B', None, None, 0, 'generated', None, None, 0, 3, 100.0, 100.0, 0, None, 0, 0, '2026-01-03 00:52:35.374035', None, None, None, None, None, 0, None, None, 0, None, '2026-01-03 00:52:35.374035', '2026-01-03 00:52:35.374035'))
2026-01-03 00:52:35 | [36mDEBUG[0m | aiosqlite | operation functools.partial(<built-in method execute of sqlite3.Cursor object at 0x000001BA83FB5E40>, 'INSERT INTO radio_queue (user_id, telegram_user_id, telegram_message_id, song_id, original_prompt, enhanced_prompt, genre_hint, is_instrumental, status, suno_job_id, error_message, retry_count, max_retries, base_priority, priority_score, is_priority_boost, priority_boost_reason, upvotes, downvotes, requested_at, queued_at, generation_started_at, generation_completed_at, broadcast_started_at, completed_at, is_moderated, moderation_passed, moderation_reason, has_dj_intro, dj_intro_path, created_at, updated_at) VALUES (?, ?, ?, ?, ?, ?, ?, ?, ?, ?, ?, ?, ?, ?, ?, ?, ?, ?, ?, ?, ?, ?, ?, ?, ?, ?, ?, ?, ?, ?, ?, ?)', (None, None, None, 2, 'prompt B', None, None, 0, 'generated', None, None, 0, 3, 100.0, 100.0, 0, None, 0, 0, '2026-01-03 00:52:35.374035', None, None, None, None, None, 0, None, None, 0, None, '2026-01-03 00:52:35.374035', '2026-01-03 00:52:35.374035')) completed
2026-01-03 00:52:35 | [36mDEBUG[0m | aiosqlite | executing functools.partial(<built-in method close of sqlite3.Cursor object at 0x000001BA83FB5E40>)
2026-01-03 00:52:35 | [36mDEBUG[0m | aiosqlite | operation functools.partial(<built-in method close of sqlite3.Cursor object at 0x000001BA83FB5E40>) completed
2026-01-03 00:52:35 | [32mINFO[0m | sqlalchemy.engine.Engine | COMMIT
2026-01-03 00:52:35 | [36mDEBUG[0m | aiosqlite | executing functools.partial(<built-in method commit of sqlite3.Connection object at 0x000001BA83DD0130>)
2026-01-03 00:52:35 | [36mDEBUG[0m | aiosqlite | operation functools.partial(<built-in method commit of sqlite3.Connection object at 0x000001BA83DD0130>) completed
2026-01-03 00:52:35 | [36mDEBUG[0m | aiosqlite | executing functools.partial(<built-in method rollback of sqlite3.Connection object at 0x000001BA83DD0130>)
2026-01-03 00:52:35 | [36mDEBUG[0m | aiosqlite | operation functools.partial(<built-in method rollback of sqlite3.Connection object at 0x000001BA83DD0130>) completed
------------------------------ Captured log call ------------------------------
INFO     sqlalchemy.engine.Engine:base.py:2710 BEGIN (implicit)
INFO     sqlalchemy.engine.Engine:base.py:1846 INSERT INTO songs (suno_job_id, suno_status, title, artist, original_prompt, enhanced_prompt, style_prompt, lyrics, genre, subgenre, mood, energy, duration_seconds, bpm, "key", is_instrumental, audio_url, local_file_path, file_size_bytes, audio_format, lufs_level, peak_db, is_normalized, generation_started_at, generation_completed_at, downloaded_at, play_count, total_upvotes, total_downvotes, is_approved, moderation_notes, flagged_at, created_at, updated_at) VALUES (?, ?, ?, ?, ?, ?, ?, ?, ?, ?, ?, ?, ?, ?, ?, ?, ?, ?, ?, ?, ?, ?, ?, ?, ?, ?, ?, ?, ?, ?, ?, ?, ?, ?)
INFO     sqlalchemy.engine.Engine:base.py:1846 [generated in 0.00041s] (None, 'pending', 'Song A', 'AI Radio', None, None, None, None, None, None, None, None, 100.0, None, None, 0, None, None, None, 'mp3', None, None, 0, None, None, None, 0, 0, 0, 1, None, None, '2026-01-03 00:52:35.356557', '2026-01-03 00:52:35.356557')
DEBUG    aiosqlite:core.py:62 executing functools.partial(<built-in method cursor of sqlite3.Connection object at 0x000001BA83DD0130>)
DEBUG    aiosqlite:core.py:67 operation functools.partial(<built-in method cursor of sqlite3.Connection object at 0x000001BA83DD0130>) completed
DEBUG    aiosqlite:core.py:62 executing functools.partial(<built-in method execute of sqlite3.Cursor object at 0x000001BA83CDC8C0>, 'INSERT INTO songs (suno_job_id, suno_status, title, artist, original_prompt, enhanced_prompt, style_prompt, lyrics, genre, subgenre, mood, energy, duration_seconds, bpm, "key", is_instrumental, audio_url, local_file_path, file_size_bytes, audio_format, lufs_level, peak_db, is_normalized, generation_started_at, generation_completed_at, downloaded_at, play_count, total_upvotes, total_downvotes, is_approved, moderation_notes, flagged_at, created_at, updated_at) VALUES (?, ?, ?, ?, ?, ?, ?, ?, ?, ?, ?, ?, ?, ?, ?, ?, ?, ?, ?, ?, ?, ?, ?, ?, ?, ?, ?, ?, ?, ?, ?, ?, ?, ?)', (None, 'pending', 'Song A', 'AI Radio', None, None, None, None, None, None, None, None, 100.0, None, None, 0, None, None, None, 'mp3', None, None, 0, None, None, None, 0, 0, 0, 1, None, None, '2026-01-03 00:52:35.356557', '2026-01-03 00:52:35.356557'))
DEBUG    aiosqlite:core.py:67 operation functools.partial(<built-in method execute of sqlite3.Cursor object at 0x000001BA83CDC8C0>, 'INSERT INTO songs (suno_job_id, suno_status, title, artist, original_prompt, enhanced_prompt, style_prompt, lyrics, genre, subgenre, mood, energy, duration_seconds, bpm, "key", is_instrumental, audio_url, local_file_path, file_size_bytes, audio_format, lufs_level, peak_db, is_normalized, generation_started_at, generation_completed_at, downloaded_at, play_count, total_upvotes, total_downvotes, is_approved, moderation_notes, flagged_at, created_at, updated_at) VALUES (?, ?, ?, ?, ?, ?, ?, ?, ?, ?, ?, ?, ?, ?, ?, ?, ?, ?, ?, ?, ?, ?, ?, ?, ?, ?, ?, ?, ?, ?, ?, ?, ?, ?)', (None, 'pending', 'Song A', 'AI Radio', None, None, None, None, None, None, None, None, 100.0, None, None, 0, None, None, None, 'mp3', None, None, 0, None, None, None, 0, 0, 0, 1, None, None, '2026-01-03 00:52:35.356557', '2026-01-03 00:52:35.356557')) completed
DEBUG    aiosqlite:core.py:62 executing functools.partial(<built-in method close of sqlite3.Cursor object at 0x000001BA83CDC8C0>)
DEBUG    aiosqlite:core.py:67 operation functools.partial(<built-in method close of sqlite3.Cursor object at 0x000001BA83CDC8C0>) completed
INFO     sqlalchemy.engine.Engine:base.py:1846 INSERT INTO radio_queue (user_id, telegram_user_id, telegram_message_id, song_id, original_prompt, enhanced_prompt, genre_hint, is_instrumental, status, suno_job_id, error_message, retry_count, max_retries, base_priority, priority_score, is_priority_boost, priority_boost_reason, upvotes, downvotes, requested_at, queued_at, generation_started_at, generation_completed_at, broadcast_started_at, completed_at, is_moderated, moderation_passed, moderation_reason, has_dj_intro, dj_intro_path, created_at, updated_at) VALUES (?, ?, ?, ?, ?, ?, ?, ?, ?, ?, ?, ?, ?, ?, ?, ?, ?, ?, ?, ?, ?, ?, ?, ?, ?, ?, ?, ?, ?, ?, ?, ?)
INFO     sqlalchemy.engine.Engine:base.py:1846 [generated in 0.00053s] (None, None, None, 1, 'prompt A', None, None, 0, 'broadcasting', None, None, 0, 3, 100.0, 100.0, 0, None, 0, 0, '2026-01-03 00:52:35.363592', None, None, None, '2026-01-03 00:50:35.360707', None, 0, None, None, 0, None, '2026-01-03 00:52:35.363592', '2026-01-03 00:52:35.363592')
DEBUG    aiosqlite:core.py:62 executing functools.partial(<built-in method cursor of sqlite3.Connection object at 0x000001BA83DD0130>)
DEBUG    aiosqlite:core.py:67 operation functools.partial(<built-in method cursor of sqlite3.Connection object at 0x000001BA83DD0130>) completed
DEBUG    aiosqlite:core.py:62 executing functools.partial(<built-in method execute of sqlite3.Cursor object at 0x000001BA83D3A340>, 'INSERT INTO radio_queue (user_id, telegram_user_id, telegram_message_id, song_id, original_prompt, enhanced_prompt, genre_hint, is_instrumental, status, suno_job_id, error_message, retry_count, max_retries, base_priority, priority_score, is_priority_boost, priority_boost_reason, upvotes, downvotes, requested_at, queued_at, generation_started_at, generation_completed_at, broadcast_started_at, completed_at, is_moderated, moderation_passed, moderation_reason, has_dj_intro, dj_intro_path, created_at, updated_at) VALUES (?, ?, ?, ?, ?, ?, ?, ?, ?, ?, ?, ?, ?, ?, ?, ?, ?, ?, ?, ?, ?, ?, ?, ?, ?, ?, ?, ?, ?, ?, ?, ?)', (None, None, None, 1, 'prompt A', None, None, 0, 'broadcasting', None, None, 0, 3, 100.0, 100.0, 0, None, 0, 0, '2026-01-03 00:52:35.363592', None, None, None, '2026-01-03 00:50:35.360707', None, 0, None, None, 0, None, '2026-01-03 00:52:35.363592', '2026-01-03 00:52:35.363592'))
DEBUG    aiosqlite:core.py:67 operation functools.partial(<built-in method execute of sqlite3.Cursor object at 0x000001BA83D3A340>, 'INSERT INTO radio_queue (user_id, telegram_user_id, telegram_message_id, song_id, original_prompt, enhanced_prompt, genre_hint, is_instrumental, status, suno_job_id, error_message, retry_count, max_retries, base_priority, priority_score, is_priority_boost, priority_boost_reason, upvotes, downvotes, requested_at, queued_at, generation_started_at, generation_completed_at, broadcast_started_at, completed_at, is_moderated, moderation_passed, moderation_reason, has_dj_intro, dj_intro_path, created_at, updated_at) VALUES (?, ?, ?, ?, ?, ?, ?, ?, ?, ?, ?, ?, ?, ?, ?, ?, ?, ?, ?, ?, ?, ?, ?, ?, ?, ?, ?, ?, ?, ?, ?, ?)', (None, None, None, 1, 'prompt A', None, None, 0, 'broadcasting', None, None, 0, 3, 100.0, 100.0, 0, None, 0, 0, '2026-01-03 00:52:35.363592', None, None, None, '2026-01-03 00:50:35.360707', None, 0, None, None, 0, None, '2026-01-03 00:52:35.363592', '2026-01-03 00:52:35.363592')) completed
DEBUG    aiosqlite:core.py:62 executing functools.partial(<built-in method close of sqlite3.Cursor object at 0x000001BA83D3A340>)
DEBUG    aiosqlite:core.py:67 operation functools.partial(<built-in method close of sqlite3.Cursor object at 0x000001BA83D3A340>) completed
INFO     sqlalchemy.engine.Engine:base.py:1846 INSERT INTO songs (suno_job_id, suno_status, title, artist, original_prompt, enhanced_prompt, style_prompt, lyrics, genre, subgenre, mood, energy, duration_seconds, bpm, "key", is_instrumental, audio_url, local_file_path, file_size_bytes, audio_format, lufs_level, peak_db, is_normalized, generation_started_at, generation_completed_at, downloaded_at, play_count, total_upvotes, total_downvotes, is_approved, moderation_notes, flagged_at, created_at, updated_at) VALUES (?, ?, ?, ?, ?, ?, ?, ?, ?, ?, ?, ?, ?, ?, ?, ?, ?, ?, ?, ?, ?, ?, ?, ?, ?, ?, ?, ?, ?, ?, ?, ?, ?, ?)
INFO     sqlalchemy.engine.Engine:base.py:1846 [cached since 0.01092s ago] (None, 'pending', 'Song B', 'AI Radio', None, None, None, None, None, None, None, None, None, None, None, 0, None, None, None, 'mp3', None, None, 0, None, None, None, 0, 0, 0, 1, None, None, '2026-01-03 00:52:35.367576', '2026-01-03 00:52:35.367576')
DEBUG    aiosqlite:core.py:62 executing functools.partial(<built-in method cursor of sqlite3.Connection object at 0x000001BA83DD0130>)
DEBUG    aiosqlite:core.py:67 operation functools.partial(<built-in method cursor of sqlite3.Connection object at 0x000001BA83DD0130>) completed
DEBUG    aiosqlite:core.py:62 executing functools.partial(<built-in method execute of sqlite3.Cursor object at 0x000001BA83FB7040>, 'INSERT INTO songs (suno_job_id, suno_status, title, artist, original_prompt, enhanced_prompt, style_prompt, lyrics, genre, subgenre, mood, energy, duration_seconds, bpm, "key", is_instrumental, audio_url, local_file_path, file_size_bytes, audio_format, lufs_level, peak_db, is_normalized, generation_started_at, generation_completed_at, downloaded_at, play_count, total_upvotes, total_downvotes, is_approved, moderation_notes, flagged_at, created_at, updated_at) VALUES (?, ?, ?, ?, ?, ?, ?, ?, ?, ?, ?, ?, ?, ?, ?, ?, ?, ?, ?, ?, ?, ?, ?, ?, ?, ?, ?, ?, ?, ?, ?, ?, ?, ?)', (None, 'pending', 'Song B', 'AI Radio', None, None, None, None, None, None, None, None, None, None, None, 0, None, None, None, 'mp3', None, None, 0, None, None, None, 0, 0, 0, 1, None, None, '2026-01-03 00:52:35.367576', '2026-01-03 00:52:35.367576'))
DEBUG    aiosqlite:core.py:67 operation functools.partial(<built-in method execute of sqlite3.Cursor object at 0x000001BA83FB7040>, 'INSERT INTO songs (suno_job_id, suno_status, title, artist, original_prompt, enhanced_prompt, style_prompt, lyrics, genre, subgenre, mood, energy, duration_seconds, bpm, "key", is_instrumental, audio_url, local_file_path, file_size_bytes, audio_format, lufs_level, peak_db, is_normalized, generation_started_at, generation_completed_at, downloaded_at, play_count, total_upvotes, total_downvotes, is_approved, moderation_notes, flagged_at, created_at, updated_at) VALUES (?, ?, ?, ?, ?, ?, ?, ?, ?, ?, ?, ?, ?, ?, ?, ?, ?, ?, ?, ?, ?, ?, ?, ?, ?, ?, ?, ?, ?, ?, ?, ?, ?, ?)', (None, 'pending', 'Song B', 'AI Radio', None, None, None, None, None, None, None, None, None, None, None, 0, None, None, None, 'mp3', None, None, 0, None, None, None, 0, 0, 0, 1, None, None, '2026-01-03 00:52:35.367576', '2026-01-03 00:52:35.367576')) completed
DEBUG    aiosqlite:core.py:62 executing functools.partial(<built-in method close of sqlite3.Cursor object at 0x000001BA83FB7040>)
DEBUG    aiosqlite:core.py:67 operation functools.partial(<built-in method close of sqlite3.Cursor object at 0x000001BA83FB7040>) completed
INFO     sqlalchemy.engine.Engine:base.py:1846 INSERT INTO radio_history (song_id, queue_id, played_at, ended_at, duration_played_seconds, broadcast_file_path, stream_mount, requester_telegram_id, requester_username, song_title, song_artist, song_genre, had_dj_intro, dj_intro_text, listener_count, upvotes_during_play, downvotes_during_play, skips_requested, created_at, updated_at) VALUES (?, ?, ?, ?, ?, ?, ?, ?, ?, ?, ?, ?, ?, ?, ?, ?, ?, ?, ?, ?)
INFO     sqlalchemy.engine.Engine:base.py:1846 [generated in 0.00039s] (1, 1, '2026-01-03 00:50:35.366420', None, None, None, None, None, None, None, None, None, 0, None, None, 0, 0, 0, '2026-01-03 00:52:35.371305', '2026-01-03 00:52:35.371305')
DEBUG    aiosqlite:core.py:62 executing functools.partial(<built-in method cursor of sqlite3.Connection object at 0x000001BA83DD0130>)
DEBUG    aiosqlite:core.py:67 operation functools.partial(<built-in method cursor of sqlite3.Connection object at 0x000001BA83DD0130>) completed
DEBUG    aiosqlite:core.py:62 executing functools.partial(<built-in method execute of sqlite3.Cursor object at 0x000001BA83E8BB40>, 'INSERT INTO radio_history (song_id, queue_id, played_at, ended_at, duration_played_seconds, broadcast_file_path, stream_mount, requester_telegram_id, requester_username, song_title, song_artist, song_genre, had_dj_intro, dj_intro_text, listener_count, upvotes_during_play, downvotes_during_play, skips_requested, created_at, updated_at) VALUES (?, ?, ?, ?, ?, ?, ?, ?, ?, ?, ?, ?, ?, ?, ?, ?, ?, ?, ?, ?)', (1, 1, '2026-01-03 00:50:35.366420', None, None, None, None, None, None, None, None, None, 0, None, None, 0, 0, 0, '2026-01-03 00:52:35.371305', '2026-01-03 00:52:35.371305'))
DEBUG    aiosqlite:core.py:67 operation functools.partial(<built-in method execute of sqlite3.Cursor object at 0x000001BA83E8BB40>, 'INSERT INTO radio_history (song_id, queue_id, played_at, ended_at, duration_played_seconds, broadcast_file_path, stream_mount, requester_telegram_id, requester_username, song_title, song_artist, song_genre, had_dj_intro, dj_intro_text, listener_count, upvotes_during_play, downvotes_during_play, skips_requested, created_at, updated_at) VALUES (?, ?, ?, ?, ?, ?, ?, ?, ?, ?, ?, ?, ?, ?, ?, ?, ?, ?, ?, ?)', (1, 1, '2026-01-03 00:50:35.366420', None, None, None, None, None, None, None, None, None, 0, None, None, 0, 0, 0, '2026-01-03 00:52:35.371305', '2026-01-03 00:52:35.371305')) completed
DEBUG    aiosqlite:core.py:62 executing functools.partial(<built-in method close of sqlite3.Cursor object at 0x000001BA83E8BB40>)
DEBUG    aiosqlite:core.py:67 operation functools.partial(<built-in method close of sqlite3.Cursor object at 0x000001BA83E8BB40>) completed
INFO     sqlalchemy.engine.Engine:base.py:1846 INSERT INTO radio_queue (user_id, telegram_user_id, telegram_message_id, song_id, original_prompt, enhanced_prompt, genre_hint, is_instrumental, status, suno_job_id, error_message, retry_count, max_retries, base_priority, priority_score, is_priority_boost, priority_boost_reason, upvotes, downvotes, requested_at, queued_at, generation_started_at, generation_completed_at, broadcast_started_at, completed_at, is_moderated, moderation_passed, moderation_reason, has_dj_intro, dj_intro_path, created_at, updated_at) VALUES (?, ?, ?, ?, ?, ?, ?, ?, ?, ?, ?, ?, ?, ?, ?, ?, ?, ?, ?, ?, ?, ?, ?, ?, ?, ?, ?, ?, ?, ?, ?, ?)
INFO     sqlalchemy.engine.Engine:base.py:1846 [cached since 0.01153s ago] (None, None, None, 2, 'prompt B', None, None, 0, 'generated', None, None, 0, 3, 100.0, 100.0, 0, None, 0, 0, '2026-01-03 00:52:35.374035', None, None, None, None, None, 0, None, None, 0, None, '2026-01-03 00:52:35.374035', '2026-01-03 00:52:35.374035')
DEBUG    aiosqlite:core.py:62 executing functools.partial(<built-in method cursor of sqlite3.Connection object at 0x000001BA83DD0130>)
DEBUG    aiosqlite:core.py:67 operation functools.partial(<built-in method cursor of sqlite3.Connection object at 0x000001BA83DD0130>) completed
DEBUG    aiosqlite:core.py:62 executing functools.partial(<built-in method execute of sqlite3.Cursor object at 0x000001BA83FB5E40>, 'INSERT INTO radio_queue (user_id, telegram_user_id, telegram_message_id, song_id, original_prompt, enhanced_prompt, genre_hint, is_instrumental, status, suno_job_id, error_message, retry_count, max_retries, base_priority, priority_score, is_priority_boost, priority_boost_reason, upvotes, downvotes, requested_at, queued_at, generation_started_at, generation_completed_at, broadcast_started_at, completed_at, is_moderated, moderation_passed, moderation_reason, has_dj_intro, dj_intro_path, created_at, updated_at) VALUES (?, ?, ?, ?, ?, ?, ?, ?, ?, ?, ?, ?, ?, ?, ?, ?, ?, ?, ?, ?, ?, ?, ?, ?, ?, ?, ?, ?, ?, ?, ?, ?)', (None, None, None, 2, 'prompt B', None, None, 0, 'generated', None, None, 0, 3, 100.0, 100.0, 0, None, 0, 0, '2026-01-03 00:52:35.374035', None, None, None, None, None, 0, None, None, 0, None, '2026-01-03 00:52:35.374035', '2026-01-03 00:52:35.374035'))
DEBUG    aiosqlite:core.py:67 operation functools.partial(<built-in method execute of sqlite3.Cursor object at 0x000001BA83FB5E40>, 'INSERT INTO radio_queue (user_id, telegram_user_id, telegram_message_id, song_id, original_prompt, enhanced_prompt, genre_hint, is_instrumental, status, suno_job_id, error_message, retry_count, max_retries, base_priority, priority_score, is_priority_boost, priority_boost_reason, upvotes, downvotes, requested_at, queued_at, generation_started_at, generation_completed_at, broadcast_started_at, completed_at, is_moderated, moderation_passed, moderation_reason, has_dj_intro, dj_intro_path, created_at, updated_at) VALUES (?, ?, ?, ?, ?, ?, ?, ?, ?, ?, ?, ?, ?, ?, ?, ?, ?, ?, ?, ?, ?, ?, ?, ?, ?, ?, ?, ?, ?, ?, ?, ?)', (None, None, None, 2, 'prompt B', None, None, 0, 'generated', None, None, 0, 3, 100.0, 100.0, 0, None, 0, 0, '2026-01-03 00:52:35.374035', None, None, None, None, None, 0, None, None, 0, None, '2026-01-03 00:52:35.374035', '2026-01-03 00:52:35.374035')) completed
DEBUG    aiosqlite:core.py:62 executing functools.partial(<built-in method close of sqlite3.Cursor object at 0x000001BA83FB5E40>)
DEBUG    aiosqlite:core.py:67 operation functools.partial(<built-in method close of sqlite3.Cursor object at 0x000001BA83FB5E40>) completed
INFO     sqlalchemy.engine.Engine:base.py:2716 COMMIT
DEBUG    aiosqlite:core.py:62 executing functools.partial(<built-in method commit of sqlite3.Connection object at 0x000001BA83DD0130>)
DEBUG    aiosqlite:core.py:67 operation functools.partial(<built-in method commit of sqlite3.Connection object at 0x000001BA83DD0130>) completed
DEBUG    aiosqlite:core.py:62 executing functools.partial(<built-in method rollback of sqlite3.Connection object at 0x000001BA83DD0130>)
DEBUG    aiosqlite:core.py:67 operation functools.partial(<built-in method rollback of sqlite3.Connection object at 0x000001BA83DD0130>) completed
-------------------------- Captured stdout teardown ---------------------------
2026-01-03 00:52:35 | [32mINFO[0m | sqlalchemy.engine.Engine | BEGIN (implicit)
2026-01-03 00:52:35 | [32mINFO[0m | sqlalchemy.engine.Engine | PRAGMA main.table_info("chat_messages")
2026-01-03 00:52:35 | [32mINFO[0m | sqlalchemy.engine.Engine | [raw sql] ()
2026-01-03 00:52:35 | [36mDEBUG[0m | aiosqlite | executing functools.partial(<built-in method cursor of sqlite3.Connection object at 0x000001BA83DD0130>)
2026-01-03 00:52:35 | [36mDEBUG[0m | aiosqlite | operation functools.partial(<built-in method cursor of sqlite3.Connection object at 0x000001BA83DD0130>) completed
2026-01-03 00:52:35 | [36mDEBUG[0m | aiosqlite | executing functools.partial(<built-in method execute of sqlite3.Cursor object at 0x000001BA83ECC340>, 'PRAGMA main.table_info("chat_messages")', ())
2026-01-03 00:52:35 | [36mDEBUG[0m | aiosqlite | operation functools.partial(<built-in method execute of sqlite3.Cursor object at 0x000001BA83ECC340>, 'PRAGMA main.table_info("chat_messages")', ()) completed
2026-01-03 00:52:35 | [36mDEBUG[0m | aiosqlite | executing functools.partial(<built-in method fetchall of sqlite3.Cursor object at 0x000001BA83ECC340>)
2026-01-03 00:52:35 | [36mDEBUG[0m | aiosqlite | operation functools.partial(<built-in method fetchall of sqlite3.Cursor object at 0x000001BA83ECC340>) completed
2026-01-03 00:52:35 | [36mDEBUG[0m | aiosqlite | executing functools.partial(<built-in method close of sqlite3.Cursor object at 0x000001BA83ECC340>)
2026-01-03 00:52:35 | [36mDEBUG[0m | aiosqlite | operation functools.partial(<built-in method close of sqlite3.Cursor object at 0x000001BA83ECC340>) completed
2026-01-03 00:52:35 | [36mDEBUG[0m | sqlalchemy.engine.Engine | Col ('cid', 'name', 'type', 'notnull', 'dflt_value', 'pk')
2026-01-03 00:52:35 | [36mDEBUG[0m | sqlalchemy.engine.Engine | Row (0, 'id', 'INTEGER', 1, None, 1)
2026-01-03 00:52:35 | [36mDEBUG[0m | sqlalchemy.engine.Engine | Row (1, 'user_id', 'INTEGER', 0, None, 0)
2026-01-03 00:52:35 | [36mDEBUG[0m | sqlalchemy.engine.Engine | Row (2, 'content', 'TEXT', 1, None, 0)
2026-01-03 00:52:35 | [36mDEBUG[0m | sqlalchemy.engine.Engine | Row (3, 'message_type', 'VARCHAR(20)', 1, None, 0)
2026-01-03 00:52:35 | [36mDEBUG[0m | sqlalchemy.engine.Engine | Row (4, 'is_deleted', 'BOOLEAN', 1, None, 0)
2026-01-03 00:52:35 | [36mDEBUG[0m | sqlalchemy.engine.Engine | Row (5, 'deleted_by_id', 'INTEGER', 0, None, 0)
2026-01-03 00:52:35 | [36mDEBUG[0m | sqlalchemy.engine.Engine | Row (6, 'deleted_at', 'DATETIME', 0, None, 0)
2026-01-03 00:52:35 | [36mDEBUG[0m | sqlalchemy.engine.Engine | Row (7, 'delete_reason', 'VARCHAR(255)', 0, None, 0)
2026-01-03 00:52:35 | [36mDEBUG[0m | sqlalchemy.engine.Engine | Row (8, 'reply_to_id', 'INTEGER', 0, None, 0)
2026-01-03 00:52:35 | [36mDEBUG[0m | sqlalchemy.engine.Engine | Row (9, 'created_at', 'DATETIME', 1, None, 0)
2026-01-03 00:52:35 | [36mDEBUG[0m | sqlalchemy.engine.Engine | Row (10, 'updated_at', 'DATETIME', 1, None, 0)
2026-01-03 00:52:35 | [32mINFO[0m | sqlalchemy.engine.Engine | PRAGMA main.table_info("radio_history")
2026-01-03 00:52:35 | [32mINFO[0m | sqlalchemy.engine.Engine | [raw sql] ()
2026-01-03 00:52:35 | [36mDEBUG[0m | aiosqlite | executing functools.partial(<built-in method cursor of sqlite3.Connection object at 0x000001BA83DD0130>)
2026-01-03 00:52:35 | [36mDEBUG[0m | aiosqlite | operation functools.partial(<built-in method cursor of sqlite3.Connection object at 0x000001BA83DD0130>) completed
2026-01-03 00:52:35 | [36mDEBUG[0m | aiosqlite | executing functools.partial(<built-in method execute of sqlite3.Cursor object at 0x000001BA83FB5340>, 'PRAGMA main.table_info("radio_history")', ())
2026-01-03 00:52:35 | [36mDEBUG[0m | aiosqlite | operation functools.partial(<built-in method execute of sqlite3.Cursor object at 0x000001BA83FB5340>, 'PRAGMA main.table_info("radio_history")', ()) completed
2026-01-03 00:52:35 | [36mDEBUG[0m | aiosqlite | executing functools.partial(<built-in method fetchall of sqlite3.Cursor object at 0x000001BA83FB5340>)
2026-01-03 00:52:35 | [36mDEBUG[0m | aiosqlite | operation functools.partial(<built-in method fetchall of sqlite3.Cursor object at 0x000001BA83FB5340>) completed
2026-01-03 00:52:35 | [36mDEBUG[0m | aiosqlite | executing functools.partial(<built-in method close of sqlite3.Cursor object at 0x000001BA83FB5340>)
2026-01-03 00:52:35 | [36mDEBUG[0m | aiosqlite | operation functools.partial(<built-in method close of sqlite3.Cursor object at 0x000001BA83FB5340>) completed
2026-01-03 00:52:35 | [36mDEBUG[0m | sqlalchemy.engine.Engine | Col ('cid', 'name', 'type', 'notnull', 'dflt_value', 'pk')
2026-01-03 00:52:35 | [36mDEBUG[0m | sqlalchemy.engine.Engine | Row (0, 'id', 'INTEGER', 1, None, 1)
2026-01-03 00:52:35 | [36mDEBUG[0m | sqlalchemy.engine.Engine | Row (1, 'song_id', 'INTEGER', 1, None, 0)
2026-01-03 00:52:35 | [36mDEBUG[0m | sqlalchemy.engine.Engine | Row (2, 'queue_id', 'INTEGER', 0, None, 0)
2026-01-03 00:52:35 | [36mDEBUG[0m | sqlalchemy.engine.Engine | Row (3, 'played_at', 'DATETIME', 1, None, 0)
2026-01-03 00:52:35 | [36mDEBUG[0m | sqlalchemy.engine.Engine | Row (4, 'ended_at', 'DATETIME', 0, None, 0)
2026-01-03 00:52:35 | [36mDEBUG[0m | sqlalchemy.engine.Engine | Row (5, 'duration_played_seconds', 'FLOAT', 0, None, 0)
2026-01-03 00:52:35 | [36mDEBUG[0m | sqlalchemy.engine.Engine | Row (6, 'broadcast_file_path', 'VARCHAR(500)', 0, None, 0)
2026-01-03 00:52:35 | [36mDEBUG[0m | sqlalchemy.engine.Engine | Row (7, 'stream_mount', 'VARCHAR(100)', 0, None, 0)
2026-01-03 00:52:35 | [36mDEBUG[0m | sqlalchemy.engine.Engine | Row (8, 'requester_telegram_id', 'BIGINT', 0, None, 0)
2026-01-03 00:52:35 | [36mDEBUG[0m | sqlalchemy.engine.Engine | Row (9, 'requester_username', 'VARCHAR(255)', 0, None, 0)
2026-01-03 00:52:35 | [36mDEBUG[0m | sqlalchemy.engine.Engine | Row (10, 'song_title', 'VARCHAR(500)', 0, None, 0)
2026-01-03 00:52:35 | [36mDEBUG[0m | sqlalchemy.engine.Engine | Row (11, 'song_artist', 'VARCHAR(255)', 0, None, 0)
2026-01-03 00:52:35 | [36mDEBUG[0m | sqlalchemy.engine.Engine | Row (12, 'song_genre', 'VARCHAR(100)', 0, None, 0)
2026-01-03 00:52:35 | [36mDEBUG[0m | sqlalchemy.engine.Engine | Row (13, 'had_dj_intro', 'BOOLEAN', 1, None, 0)
2026-01-03 00:52:35 | [36mDEBUG[0m | sqlalchemy.engine.Engine | Row (14, 'dj_intro_text', 'TEXT', 0, None, 0)
2026-01-03 00:52:35 | [36mDEBUG[0m | sqlalchemy.engine.Engine | Row (15, 'listener_count', 'INTEGER', 0, None, 0)
2026-01-03 00:52:35 | [36mDEBUG[0m | sqlalchemy.engine.Engine | Row (16, 'upvotes_during_play', 'INTEGER', 1, None, 0)
2026-01-03 00:52:35 | [36mDEBUG[0m | sqlalchemy.engine.Engine | Row (17, 'downvotes_during_play', 'INTEGER', 1, None, 0)
2026-01-03 00:52:35 | [36mDEBUG[0m | sqlalchemy.engine.Engine | Row (18, 'skips_requested', 'INTEGER', 1, None, 0)
2026-01-03 00:52:35 | [36mDEBUG[0m | sqlalchemy.engine.Engine | Row (19, 'created_at', 'DATETIME', 1, None, 0)
2026-01-03 00:52:35 | [36mDEBUG[0m | sqlalchemy.engine.Engine | Row (20, 'updated_at', 'DATETIME', 1, None, 0)
2026-01-03 00:52:35 | [32mINFO[0m | sqlalchemy.engine.Engine | PRAGMA main.table_info("radio_queue")
2026-01-03 00:52:35 | [32mINFO[0m | sqlalchemy.engine.Engine | [raw sql] ()
2026-01-03 00:52:35 | [36mDEBUG[0m | aiosqlite | executing functools.partial(<built-in method cursor of sqlite3.Connection object at 0x000001BA83DD0130>)
2026-01-03 00:52:35 | [36mDEBUG[0m | aiosqlite | operation functools.partial(<built-in method cursor of sqlite3.Connection object at 0x000001BA83DD0130>) completed
2026-01-03 00:52:35 | [36mDEBUG[0m | aiosqlite | executing functools.partial(<built-in method execute of sqlite3.Cursor object at 0x000001BA83FB7A40>, 'PRAGMA main.table_info("radio_queue")', ())
2026-01-03 00:52:35 | [36mDEBUG[0m | aiosqlite | operation functools.partial(<built-in method execute of sqlite3.Cursor object at 0x000001BA83FB7A40>, 'PRAGMA main.table_info("radio_queue")', ()) completed
2026-01-03 00:52:35 | [36mDEBUG[0m | aiosqlite | executing functools.partial(<built-in method fetchall of sqlite3.Cursor object at 0x000001BA83FB7A40>)
2026-01-03 00:52:35 | [36mDEBUG[0m | aiosqlite | operation functools.partial(<built-in method fetchall of sqlite3.Cursor object at 0x000001BA83FB7A40>) completed
2026-01-03 00:52:35 | [36mDEBUG[0m | aiosqlite | executing functools.partial(<built-in method close of sqlite3.Cursor object at 0x000001BA83FB7A40>)
2026-01-03 00:52:35 | [36mDEBUG[0m | aiosqlite | operation functools.partial(<built-in method close of sqlite3.Cursor object at 0x000001BA83FB7A40>) completed
2026-01-03 00:52:35 | [36mDEBUG[0m | sqlalchemy.engine.Engine | Col ('cid', 'name', 'type', 'notnull', 'dflt_value', 'pk')
2026-01-03 00:52:35 | [36mDEBUG[0m | sqlalchemy.engine.Engine | Row (0, 'id', 'INTEGER', 1, None, 1)
2026-01-03 00:52:35 | [36mDEBUG[0m | sqlalchemy.engine.Engine | Row (1, 'user_id', 'INTEGER', 0, None, 0)
2026-01-03 00:52:35 | [36mDEBUG[0m | sqlalchemy.engine.Engine | Row (2, 'telegram_user_id', 'BIGINT', 0, None, 0)
2026-01-03 00:52:35 | [36mDEBUG[0m | sqlalchemy.engine.Engine | Row (3, 'telegram_message_id', 'BIGINT', 0, None, 0)
2026-01-03 00:52:35 | [36mDEBUG[0m | sqlalchemy.engine.Engine | Row (4, 'song_id', 'INTEGER', 0, None, 0)
2026-01-03 00:52:35 | [36mDEBUG[0m | sqlalchemy.engine.Engine | Row (5, 'original_prompt', 'TEXT', 1, None, 0)
2026-01-03 00:52:35 | [36mDEBUG[0m | sqlalchemy.engine.Engine | Row (6, 'enhanced_prompt', 'TEXT', 0, None, 0)
2026-01-03 00:52:35 | [36mDEBUG[0m | sqlalchemy.engine.Engine | Row (7, 'genre_hint', 'VARCHAR(100)', 0, None, 0)
2026-01-03 00:52:35 | [36mDEBUG[0m | sqlalchemy.engine.Engine | Row (8, 'is_instrumental', 'BOOLEAN', 1, None, 0)
2026-01-03 00:52:35 | [36mDEBUG[0m | sqlalchemy.engine.Engine | Row (9, 'status', 'VARCHAR(50)', 1, None, 0)
2026-01-03 00:52:35 | [36mDEBUG[0m | sqlalchemy.engine.Engine | Row (10, 'suno_job_id', 'VARCHAR(255)', 0, None, 0)
2026-01-03 00:52:35 | [36mDEBUG[0m | sqlalchemy.engine.Engine | Row (11, 'error_message', 'TEXT', 0, None, 0)
2026-01-03 00:52:35 | [36mDEBUG[0m | sqlalchemy.engine.Engine | Row (12, 'retry_count', 'INTEGER', 1, None, 0)
2026-01-03 00:52:35 | [36mDEBUG[0m | sqlalchemy.engine.Engine | Row (13, 'max_retries', 'INTEGER', 1, None, 0)
2026-01-03 00:52:35 | [36mDEBUG[0m | sqlalchemy.engine.Engine | Row (14, 'base_priority', 'FLOAT', 1, None, 0)
2026-01-03 00:52:35 | [36mDEBUG[0m | sqlalchemy.engine.Engine | Row (15, 'priority_score', 'FLOAT', 1, None, 0)
2026-01-03 00:52:35 | [36mDEBUG[0m | sqlalchemy.engine.Engine | Row (16, 'is_priority_boost', 'BOOLEAN', 1, None, 0)
2026-01-03 00:52:35 | [36mDEBUG[0m | sqlalchemy.engine.Engine | Row (17, 'priority_boost_reason', 'VARCHAR(255)', 0, None, 0)
2026-01-03 00:52:35 | [36mDEBUG[0m | sqlalchemy.engine.Engine | Row (18, 'upvotes', 'INTEGER', 1, None, 0)
2026-01-03 00:52:35 | [36mDEBUG[0m | sqlalchemy.engine.Engine | Row (19, 'downvotes', 'INTEGER', 1, None, 0)
2026-01-03 00:52:35 | [36mDEBUG[0m | sqlalchemy.engine.Engine | Row (20, 'requested_at', 'DATETIME', 1, None, 0)
2026-01-03 00:52:35 | [36mDEBUG[0m | sqlalchemy.engine.Engine | Row (21, 'queued_at', 'DATETIME', 0, None, 0)
2026-01-03 00:52:35 | [36mDEBUG[0m | sqlalchemy.engine.Engine | Row (22, 'generation_started_at', 'DATETIME', 0, None, 0)
2026-01-03 00:52:35 | [36mDEBUG[0m | sqlalchemy.engine.Engine | Row (23, 'generation_completed_at', 'DATETIME', 0, None, 0)
2026-01-03 00:52:35 | [36mDEBUG[0m | sqlalchemy.engine.Engine | Row (24, 'broadcast_started_at', 'DATETIME', 0, None, 0)
2026-01-03 00:52:35 | [36mDEBUG[0m | sqlalchemy.engine.Engine | Row (25, 'completed_at', 'DATETIME', 0, None, 0)
2026-01-03 00:52:35 | [36mDEBUG[0m | sqlalchemy.engine.Engine | Row (26, 'is_moderated', 'BOOLEAN', 1, None, 0)
2026-01-03 00:52:35 | [36mDEBUG[0m | sqlalchemy.engine.Engine | Row (27, 'moderation_passed', 'BOOLEAN', 0, None, 0)
2026-01-03 00:52:35 | [36mDEBUG[0m | sqlalchemy.engine.Engine | Row (28, 'moderation_reason', 'TEXT', 0, None, 0)
2026-01-03 00:52:35 | [36mDEBUG[0m | sqlalchemy.engine.Engine | Row (29, 'has_dj_intro', 'BOOLEAN', 1, None, 0)
2026-01-03 00:52:35 | [36mDEBUG[0m | sqlalchemy.engine.Engine | Row (30, 'dj_intro_path', 'VARCHAR(500)', 0, None, 0)
2026-01-03 00:52:35 | [36mDEBUG[0m | sqlalchemy.engine.Engine | Row (31, 'created_at', 'DATETIME', 1, None, 0)
2026-01-03 00:52:35 | [36mDEBUG[0m | sqlalchemy.engine.Engine | Row (32, 'updated_at', 'DATETIME', 1, None, 0)
2026-01-03 00:52:35 | [32mINFO[0m | sqlalchemy.engine.Engine | PRAGMA main.table_info("songs")
2026-01-03 00:52:35 | [32mINFO[0m | sqlalchemy.engine.Engine | [raw sql] ()
2026-01-03 00:52:35 | [36mDEBUG[0m | aiosqlite | executing functools.partial(<built-in method cursor of sqlite3.Connection object at 0x000001BA83DD0130>)
2026-01-03 00:52:35 | [36mDEBUG[0m | aiosqlite | operation functools.partial(<built-in method cursor of sqlite3.Connection object at 0x000001BA83DD0130>) completed
2026-01-03 00:52:35 | [36mDEBUG[0m | aiosqlite | executing functools.partial(<built-in method execute of sqlite3.Cursor object at 0x000001BA83FB7740>, 'PRAGMA main.table_info("songs")', ())
2026-01-03 00:52:35 | [36mDEBUG[0m | aiosqlite | operation functools.partial(<built-in method execute of sqlite3.Cursor object at 0x000001BA83FB7740>, 'PRAGMA main.table_info("songs")', ()) completed
2026-01-03 00:52:35 | [36mDEBUG[0m | aiosqlite | executing functools.partial(<built-in method fetchall of sqlite3.Cursor object at 0x000001BA83FB7740>)
2026-01-03 00:52:35 | [36mDEBUG[0m | aiosqlite | operation functools.partial(<built-in method fetchall of sqlite3.Cursor object at 0x000001BA83FB7740>) completed
2026-01-03 00:52:35 | [36mDEBUG[0m | aiosqlite | executing functools.partial(<built-in method close of sqlite3.Cursor object at 0x000001BA83FB7740>)
2026-01-03 00:52:35 | [36mDEBUG[0m | aiosqlite | operation functools.partial(<built-in method close of sqlite3.Cursor object at 0x000001BA83FB7740>) completed
2026-01-03 00:52:35 | [36mDEBUG[0m | sqlalchemy.engine.Engine | Col ('cid', 'name', 'type', 'notnull', 'dflt_value', 'pk')
2026-01-03 00:52:35 | [36mDEBUG[0m | sqlalchemy.engine.Engine | Row (0, 'id', 'INTEGER', 1, None, 1)
2026-01-03 00:52:35 | [36mDEBUG[0m | sqlalchemy.engine.Engine | Row (1, 'suno_job_id', 'VARCHAR(255)', 0, None, 0)
2026-01-03 00:52:35 | [36mDEBUG[0m | sqlalchemy.engine.Engine | Row (2, 'suno_status', 'VARCHAR(50)', 1, None, 0)
2026-01-03 00:52:35 | [36mDEBUG[0m | sqlalchemy.engine.Engine | Row (3, 'title', 'VARCHAR(500)', 0, None, 0)
2026-01-03 00:52:35 | [36mDEBUG[0m | sqlalchemy.engine.Engine | Row (4, 'artist', 'VARCHAR(255)', 1, None, 0)
2026-01-03 00:52:35 | [36mDEBUG[0m | sqlalchemy.engine.Engine | Row (5, 'original_prompt', 'TEXT', 0, None, 0)
2026-01-03 00:52:35 | [36mDEBUG[0m | sqlalchemy.engine.Engine | Row (6, 'enhanced_prompt', 'TEXT', 0, None, 0)
2026-01-03 00:52:35 | [36mDEBUG[0m | sqlalchemy.engine.Engine | Row (7, 'style_prompt', 'TEXT', 0, None, 0)
2026-01-03 00:52:35 | [36mDEBUG[0m | sqlalchemy.engine.Engine | Row (8, 'lyrics', 'TEXT', 0, None, 0)
2026-01-03 00:52:35 | [36mDEBUG[0m | sqlalchemy.engine.Engine | Row (9, 'genre', 'VARCHAR(100)', 0, None, 0)
2026-01-03 00:52:35 | [36mDEBUG[0m | sqlalchemy.engine.Engine | Row (10, 'subgenre', 'VARCHAR(100)', 0, None, 0)
2026-01-03 00:52:35 | [36mDEBUG[0m | sqlalchemy.engine.Engine | Row (11, 'mood', 'VARCHAR(100)', 0, None, 0)
2026-01-03 00:52:35 | [36mDEBUG[0m | sqlalchemy.engine.Engine | Row (12, 'energy', 'VARCHAR(50)', 0, None, 0)
2026-01-03 00:52:35 | [36mDEBUG[0m | sqlalchemy.engine.Engine | Row (13, 'duration_seconds', 'FLOAT', 0, None, 0)
2026-01-03 00:52:35 | [36mDEBUG[0m | sqlalchemy.engine.Engine | Row (14, 'bpm', 'INTEGER', 0, None, 0)
2026-01-03 00:52:35 | [36mDEBUG[0m | sqlalchemy.engine.Engine | Row (15, 'key', 'VARCHAR(10)', 0, None, 0)
2026-01-03 00:52:35 | [36mDEBUG[0m | sqlalchemy.engine.Engine | Row (16, 'is_instrumental', 'BOOLEAN', 1, None, 0)
2026-01-03 00:52:35 | [36mDEBUG[0m | sqlalchemy.engine.Engine | Row (17, 'audio_url', 'VARCHAR(1000)', 0, None, 0)
2026-01-03 00:52:35 | [36mDEBUG[0m | sqlalchemy.engine.Engine | Row (18, 'local_file_path', 'VARCHAR(500)', 0, None, 0)
2026-01-03 00:52:35 | [36mDEBUG[0m | sqlalchemy.engine.Engine | Row (19, 'file_size_bytes', 'INTEGER', 0, None, 0)
2026-01-03 00:52:35 | [36mDEBUG[0m | sqlalchemy.engine.Engine | Row (20, 'audio_format', 'VARCHAR(10)', 1, None, 0)
2026-01-03 00:52:35 | [36mDEBUG[0m | sqlalchemy.engine.Engine | Row (21, 'lufs_level', 'FLOAT', 0, None, 0)
2026-01-03 00:52:35 | [36mDEBUG[0m | sqlalchemy.engine.Engine | Row (22, 'peak_db', 'FLOAT', 0, None, 0)
2026-01-03 00:52:35 | [36mDEBUG[0m | sqlalchemy.engine.Engine | Row (23, 'is_normalized', 'BOOLEAN', 1, None, 0)
2026-01-03 00:52:35 | [36mDEBUG[0m | sqlalchemy.engine.Engine | Row (24, 'generation_started_at', 'DATETIME', 0, None, 0)
2026-01-03 00:52:35 | [36mDEBUG[0m | sqlalchemy.engine.Engine | Row (25, 'generation_completed_at', 'DATETIME', 0, None, 0)
2026-01-03 00:52:35 | [36mDEBUG[0m | sqlalchemy.engine.Engine | Row (26, 'downloaded_at', 'DATETIME', 0, None, 0)
2026-01-03 00:52:35 | [36mDEBUG[0m | sqlalchemy.engine.Engine | Row (27, 'play_count', 'INTEGER', 1, None, 0)
2026-01-03 00:52:35 | [36mDEBUG[0m | sqlalchemy.engine.Engine | Row (28, 'total_upvotes', 'INTEGER', 1, None, 0)
2026-01-03 00:52:35 | [36mDEBUG[0m | sqlalchemy.engine.Engine | Row (29, 'total_downvotes', 'INTEGER', 1, None, 0)
2026-01-03 00:52:35 | [36mDEBUG[0m | sqlalchemy.engine.Engine | Row (30, 'is_approved', 'BOOLEAN', 1, None, 0)
2026-01-03 00:52:35 | [36mDEBUG[0m | sqlalchemy.engine.Engine | Row (31, 'moderation_notes', 'TEXT', 0, None, 0)
2026-01-03 00:52:35 | [36mDEBUG[0m | sqlalchemy.engine.Engine | Row (32, 'flagged_at', 'DATETIME', 0, None, 0)
2026-01-03 00:52:35 | [36mDEBUG[0m | sqlalchemy.engine.Engine | Row (33, 'created_at', 'DATETIME', 1, None, 0)
2026-01-03 00:52:35 | [36mDEBUG[0m | sqlalchemy.engine.Engine | Row (34, 'updated_at', 'DATETIME', 1, None, 0)
2026-01-03 00:52:35 | [32mINFO[0m | sqlalchemy.engine.Engine | PRAGMA main.table_info("users")
2026-01-03 00:52:35 | [32mINFO[0m | sqlalchemy.engine.Engine | [raw sql] ()
2026-01-03 00:52:35 | [36mDEBUG[0m | aiosqlite | executing functools.partial(<built-in method cursor of sqlite3.Connection object at 0x000001BA83DD0130>)
2026-01-03 00:52:35 | [36mDEBUG[0m | aiosqlite | operation functools.partial(<built-in method cursor of sqlite3.Connection object at 0x000001BA83DD0130>) completed
2026-01-03 00:52:35 | [36mDEBUG[0m | aiosqlite | executing functools.partial(<built-in method execute of sqlite3.Cursor object at 0x000001BA83FB7440>, 'PRAGMA main.table_info("users")', ())
2026-01-03 00:52:35 | [36mDEBUG[0m | aiosqlite | operation functools.partial(<built-in method execute of sqlite3.Cursor object at 0x000001BA83FB7440>, 'PRAGMA main.table_info("users")', ()) completed
2026-01-03 00:52:35 | [36mDEBUG[0m | aiosqlite | executing functools.partial(<built-in method fetchall of sqlite3.Cursor object at 0x000001BA83FB7440>)
2026-01-03 00:52:35 | [36mDEBUG[0m | aiosqlite | operation functools.partial(<built-in method fetchall of sqlite3.Cursor object at 0x000001BA83FB7440>) completed
2026-01-03 00:52:35 | [36mDEBUG[0m | aiosqlite | executing functools.partial(<built-in method close of sqlite3.Cursor object at 0x000001BA83FB7440>)
2026-01-03 00:52:35 | [36mDEBUG[0m | aiosqlite | operation functools.partial(<built-in method close of sqlite3.Cursor object at 0x000001BA83FB7440>) completed
2026-01-03 00:52:35 | [36mDEBUG[0m | sqlalchemy.engine.Engine | Col ('cid', 'name', 'type', 'notnull', 'dflt_value', 'pk')
2026-01-03 00:52:35 | [36mDEBUG[0m | sqlalchemy.engine.Engine | Row (0, 'id', 'INTEGER', 1, None, 1)
2026-01-03 00:52:35 | [36mDEBUG[0m | sqlalchemy.engine.Engine | Row (1, 'telegram_id', 'BIGINT', 1, None, 0)
2026-01-03 00:52:35 | [36mDEBUG[0m | sqlalchemy.engine.Engine | Row (2, 'telegram_username', 'VARCHAR(255)', 0, None, 0)
2026-01-03 00:52:35 | [36mDEBUG[0m | sqlalchemy.engine.Engine | Row (3, 'telegram_first_name', 'VARCHAR(255)', 0, None, 0)
2026-01-03 00:52:35 | [36mDEBUG[0m | sqlalchemy.engine.Engine | Row (4, 'telegram_last_name', 'VARCHAR(255)', 0, None, 0)
2026-01-03 00:52:35 | [36mDEBUG[0m | sqlalchemy.engine.Engine | Row (5, 'reputation_score', 'FLOAT', 1, None, 0)
2026-01-03 00:52:35 | [36mDEBUG[0m | sqlalchemy.engine.Engine | Row (6, 'total_requests', 'INTEGER', 1, None, 0)
2026-01-03 00:52:35 | [36mDEBUG[0m | sqlalchemy.engine.Engine | Row (7, 'successful_requests', 'INTEGER', 1, None, 0)
2026-01-03 00:52:35 | [36mDEBUG[0m | sqlalchemy.engine.Engine | Row (8, 'failed_requests', 'INTEGER', 1, None, 0)
2026-01-03 00:52:35 | [36mDEBUG[0m | sqlalchemy.engine.Engine | Row (9, 'total_upvotes_received', 'INTEGER', 1, None, 0)
2026-01-03 00:52:35 | [36mDEBUG[0m | sqlalchemy.engine.Engine | Row (10, 'total_downvotes_received', 'INTEGER', 1, None, 0)
2026-01-03 00:52:35 | [36mDEBUG[0m | sqlalchemy.engine.Engine | Row (11, 'total_upvotes_given', 'INTEGER', 1, None, 0)
2026-01-03 00:52:35 | [36mDEBUG[0m | sqlalchemy.engine.Engine | Row (12, 'total_downvotes_given', 'INTEGER', 1, None, 0)
2026-01-03 00:52:35 | [36mDEBUG[0m | sqlalchemy.engine.Engine | Row (13, 'is_banned', 'BOOLEAN', 1, None, 0)
2026-01-03 00:52:35 | [36mDEBUG[0m | sqlalchemy.engine.Engine | Row (14, 'is_premium', 'BOOLEAN', 1, None, 0)
2026-01-03 00:52:35 | [36mDEBUG[0m | sqlalchemy.engine.Engine | Row (15, 'ban_reason', 'TEXT', 0, None, 0)
2026-01-03 00:52:35 | [36mDEBUG[0m | sqlalchemy.engine.Engine | Row (16, 'banned_at', 'DATETIME', 0, None, 0)
2026-01-03 00:52:35 | [36mDEBUG[0m | sqlalchemy.engine.Engine | Row (17, 'banned_until', 'DATETIME', 0, None, 0)
2026-01-03 00:52:35 | [36mDEBUG[0m | sqlalchemy.engine.Engine | Row (18, 'last_request_at', 'DATETIME', 0, None, 0)
2026-01-03 00:52:35 | [36mDEBUG[0m | sqlalchemy.engine.Engine | Row (19, 'last_vote_at', 'DATETIME', 0, None, 0)
2026-01-03 00:52:35 | [36mDEBUG[0m | sqlalchemy.engine.Engine | Row (20, 'last_active_at', 'DATETIME', 0, None, 0)
2026-01-03 00:52:35 | [36mDEBUG[0m | sqlalchemy.engine.Engine | Row (21, 'created_at', 'DATETIME', 1, None, 0)
2026-01-03 00:52:35 | [36mDEBUG[0m | sqlalchemy.engine.Engine | Row (22, 'updated_at', 'DATETIME', 1, None, 0)
2026-01-03 00:52:35 | [32mINFO[0m | sqlalchemy.engine.Engine | PRAGMA main.table_info("votes")
2026-01-03 00:52:35 | [32mINFO[0m | sqlalchemy.engine.Engine | [raw sql] ()
2026-01-03 00:52:35 | [36mDEBUG[0m | aiosqlite | executing functools.partial(<built-in method cursor of sqlite3.Connection object at 0x000001BA83DD0130>)
2026-01-03 00:52:35 | [36mDEBUG[0m | aiosqlite | operation functools.partial(<built-in method cursor of sqlite3.Connection object at 0x000001BA83DD0130>) completed
2026-01-03 00:52:35 | [36mDEBUG[0m | aiosqlite | executing functools.partial(<built-in method execute of sqlite3.Cursor object at 0x000001BA83FB7D40>, 'PRAGMA main.table_info("votes")', ())
2026-01-03 00:52:35 | [36mDEBUG[0m | aiosqlite | operation functools.partial(<built-in method execute of sqlite3.Cursor object at 0x000001BA83FB7D40>, 'PRAGMA main.table_info("votes")', ()) completed
2026-01-03 00:52:35 | [36mDEBUG[0m | aiosqlite | executing functools.partial(<built-in method fetchall of sqlite3.Cursor object at 0x000001BA83FB7D40>)
2026-01-03 00:52:35 | [36mDEBUG[0m | aiosqlite | operation functools.partial(<built-in method fetchall of sqlite3.Cursor object at 0x000001BA83FB7D40>) completed
2026-01-03 00:52:35 | [36mDEBUG[0m | aiosqlite | executing functools.partial(<built-in method close of sqlite3.Cursor object at 0x000001BA83FB7D40>)
2026-01-03 00:52:35 | [36mDEBUG[0m | sqlalchemy.engine.Engine | Col ('cid', 'name', 'type', 'notnull', 'dflt_value', 'pk')
2026-01-03 00:52:35 | [36mDEBUG[0m | aiosqlite | operation functools.partial(<built-in method close of sqlite3.Cursor object at 0x000001BA83FB7D40>) completed
2026-01-03 00:52:35 | [36mDEBUG[0m | sqlalchemy.engine.Engine | Row (0, 'id', 'INTEGER', 1, None, 1)
2026-01-03 00:52:35 | [36mDEBUG[0m | sqlalchemy.engine.Engine | Row (1, 'user_id', 'INTEGER', 1, None, 0)
2026-01-03 00:52:35 | [36mDEBUG[0m | sqlalchemy.engine.Engine | Row (2, 'telegram_user_id', 'BIGINT', 0, None, 0)
2026-01-03 00:52:35 | [36mDEBUG[0m | sqlalchemy.engine.Engine | Row (3, 'queue_item_id', 'INTEGER', 1, None, 0)
2026-01-03 00:52:35 | [36mDEBUG[0m | sqlalchemy.engine.Engine | Row (4, 'vote_type', 'VARCHAR(20)', 1, None, 0)
2026-01-03 00:52:35 | [36mDEBUG[0m | sqlalchemy.engine.Engine | Row (5, 'voted_at', 'DATETIME', 1, None, 0)
2026-01-03 00:52:35 | [36mDEBUG[0m | sqlalchemy.engine.Engine | Row (6, 'previous_vote_type', 'VARCHAR(20)', 0, None, 0)
2026-01-03 00:52:35 | [36mDEBUG[0m | sqlalchemy.engine.Engine | Row (7, 'changed_at', 'DATETIME', 0, None, 0)
2026-01-03 00:52:35 | [36mDEBUG[0m | sqlalchemy.engine.Engine | Row (8, 'source', 'VARCHAR(50)', 1, None, 0)
2026-01-03 00:52:35 | [36mDEBUG[0m | sqlalchemy.engine.Engine | Row (9, 'telegram_callback_id', 'VARCHAR(255)', 0, None, 0)
2026-01-03 00:52:35 | [36mDEBUG[0m | sqlalchemy.engine.Engine | Row (10, 'created_at', 'DATETIME', 1, None, 0)
2026-01-03 00:52:35 | [36mDEBUG[0m | sqlalchemy.engine.Engine | Row (11, 'updated_at', 'DATETIME', 1, None, 0)
2026-01-03 00:52:35 | [32mINFO[0m | sqlalchemy.engine.Engine | 
DROP TABLE votes
2026-01-03 00:52:35 | [32mINFO[0m | sqlalchemy.engine.Engine | [no key 0.00013s] ()
2026-01-03 00:52:35 | [36mDEBUG[0m | aiosqlite | executing functools.partial(<built-in method cursor of sqlite3.Connection object at 0x000001BA83DD0130>)
2026-01-03 00:52:35 | [36mDEBUG[0m | aiosqlite | operation functools.partial(<built-in method cursor of sqlite3.Connection object at 0x000001BA83DD0130>) completed
2026-01-03 00:52:35 | [36mDEBUG[0m | aiosqlite | executing functools.partial(<built-in method execute of sqlite3.Cursor object at 0x000001BA83C62240>, '\nDROP TABLE votes', ())
2026-01-03 00:52:35 | [36mDEBUG[0m | aiosqlite | operation functools.partial(<built-in method execute of sqlite3.Cursor object at 0x000001BA83C62240>, '\nDROP TABLE votes', ()) completed
2026-01-03 00:52:35 | [36mDEBUG[0m | aiosqlite | executing functools.partial(<built-in method close of sqlite3.Cursor object at 0x000001BA83C62240>)
2026-01-03 00:52:35 | [32mINFO[0m | sqlalchemy.engine.Engine | 
DROP TABLE radio_queue
2026-01-03 00:52:35 | [36mDEBUG[0m | aiosqlite | operation functools.partial(<built-in method close of sqlite3.Cursor object at 0x000001BA83C62240>) completed
2026-01-03 00:52:35 | [32mINFO[0m | sqlalchemy.engine.Engine | [no key 0.00027s] ()
2026-01-03 00:52:35 | [36mDEBUG[0m | aiosqlite | executing functools.partial(<built-in method cursor of sqlite3.Connection object at 0x000001BA83DD0130>)
2026-01-03 00:52:35 | [36mDEBUG[0m | aiosqlite | operation functools.partial(<built-in method cursor of sqlite3.Connection object at 0x000001BA83DD0130>) completed
2026-01-03 00:52:35 | [36mDEBUG[0m | aiosqlite | executing functools.partial(<built-in method execute of sqlite3.Cursor object at 0x000001BA83ECDCC0>, '\nDROP TABLE radio_queue', ())
2026-01-03 00:52:35 | [36mDEBUG[0m | aiosqlite | operation functools.partial(<built-in method execute of sqlite3.Cursor object at 0x000001BA83ECDCC0>, '\nDROP TABLE radio_queue', ()) completed
2026-01-03 00:52:35 | [36mDEBUG[0m | aiosqlite | executing functools.partial(<built-in method close of sqlite3.Cursor object at 0x000001BA83ECDCC0>)
2026-01-03 00:52:35 | [32mINFO[0m | sqlalchemy.engine.Engine | 
DROP TABLE radio_history
2026-01-03 00:52:35 | [36mDEBUG[0m | aiosqlite | operation functools.partial(<built-in method close of sqlite3.Cursor object at 0x000001BA83ECDCC0>) completed
2026-01-03 00:52:35 | [32mINFO[0m | sqlalchemy.engine.Engine | [no key 0.00039s] ()
2026-01-03 00:52:35 | [36mDEBUG[0m | aiosqlite | executing functools.partial(<built-in method cursor of sqlite3.Connection object at 0x000001BA83DD0130>)
2026-01-03 00:52:35 | [36mDEBUG[0m | aiosqlite | operation functools.partial(<built-in method cursor of sqlite3.Connection object at 0x000001BA83DD0130>) completed
2026-01-03 00:52:35 | [36mDEBUG[0m | aiosqlite | executing functools.partial(<built-in method execute of sqlite3.Cursor object at 0x000001BA83FCCFC0>, '\nDROP TABLE radio_history', ())
2026-01-03 00:52:35 | [36mDEBUG[0m | aiosqlite | operation functools.partial(<built-in method execute of sqlite3.Cursor object at 0x000001BA83FCCFC0>, '\nDROP TABLE radio_history', ()) completed
2026-01-03 00:52:35 | [36mDEBUG[0m | aiosqlite | executing functools.partial(<built-in method close of sqlite3.Cursor object at 0x000001BA83FCCFC0>)
2026-01-03 00:52:35 | [36mDEBUG[0m | aiosqlite | operation functools.partial(<built-in method close of sqlite3.Cursor object at 0x000001BA83FCCFC0>) completed
2026-01-03 00:52:35 | [32mINFO[0m | sqlalchemy.engine.Engine | 
DROP TABLE chat_messages
2026-01-03 00:52:35 | [32mINFO[0m | sqlalchemy.engine.Engine | [no key 0.00020s] ()
2026-01-03 00:52:35 | [36mDEBUG[0m | aiosqlite | executing functools.partial(<built-in method cursor of sqlite3.Connection object at 0x000001BA83DD0130>)
2026-01-03 00:52:35 | [36mDEBUG[0m | aiosqlite | operation functools.partial(<built-in method cursor of sqlite3.Connection object at 0x000001BA83DD0130>) completed
2026-01-03 00:52:35 | [36mDEBUG[0m | aiosqlite | executing functools.partial(<built-in method execute of sqlite3.Cursor object at 0x000001BA83FCD0C0>, '\nDROP TABLE chat_messages', ())
2026-01-03 00:52:35 | [36mDEBUG[0m | aiosqlite | operation functools.partial(<built-in method execute of sqlite3.Cursor object at 0x000001BA83FCD0C0>, '\nDROP TABLE chat_messages', ()) completed
2026-01-03 00:52:35 | [36mDEBUG[0m | aiosqlite | executing functools.partial(<built-in method close of sqlite3.Cursor object at 0x000001BA83FCD0C0>)
2026-01-03 00:52:35 | [36mDEBUG[0m | aiosqlite | operation functools.partial(<built-in method close of sqlite3.Cursor object at 0x000001BA83FCD0C0>) completed
2026-01-03 00:52:35 | [32mINFO[0m | sqlalchemy.engine.Engine | 
DROP TABLE users
2026-01-03 00:52:35 | [32mINFO[0m | sqlalchemy.engine.Engine | [no key 0.00028s] ()
2026-01-03 00:52:35 | [36mDEBUG[0m | aiosqlite | executing functools.partial(<built-in method cursor of sqlite3.Connection object at 0x000001BA83DD0130>)
2026-01-03 00:52:35 | [36mDEBUG[0m | aiosqlite | operation functools.partial(<built-in method cursor of sqlite3.Connection object at 0x000001BA83DD0130>) completed
2026-01-03 00:52:35 | [36mDEBUG[0m | aiosqlite | executing functools.partial(<built-in method execute of sqlite3.Cursor object at 0x000001BA83FCD340>, '\nDROP TABLE users', ())
2026-01-03 00:52:35 | [36mDEBUG[0m | aiosqlite | operation functools.partial(<built-in method execute of sqlite3.Cursor object at 0x000001BA83FCD340>, '\nDROP TABLE users', ()) completed
2026-01-03 00:52:35 | [36mDEBUG[0m | aiosqlite | executing functools.partial(<built-in method close of sqlite3.Cursor object at 0x000001BA83FCD340>)
2026-01-03 00:52:35 | [36mDEBUG[0m | aiosqlite | operation functools.partial(<built-in method close of sqlite3.Cursor object at 0x000001BA83FCD340>) completed
2026-01-03 00:52:35 | [32mINFO[0m | sqlalchemy.engine.Engine | 
DROP TABLE songs
2026-01-03 00:52:35 | [32mINFO[0m | sqlalchemy.engine.Engine | [no key 0.00018s] ()
2026-01-03 00:52:35 | [36mDEBUG[0m | aiosqlite | executing functools.partial(<built-in method cursor of sqlite3.Connection object at 0x000001BA83DD0130>)
2026-01-03 00:52:35 | [36mDEBUG[0m | aiosqlite | operation functools.partial(<built-in method cursor of sqlite3.Connection object at 0x000001BA83DD0130>) completed
2026-01-03 00:52:35 | [36mDEBUG[0m | aiosqlite | executing functools.partial(<built-in method execute of sqlite3.Cursor object at 0x000001BA83FCD5C0>, '\nDROP TABLE songs', ())
2026-01-03 00:52:35 | [36mDEBUG[0m | aiosqlite | operation functools.partial(<built-in method execute of sqlite3.Cursor object at 0x000001BA83FCD5C0>, '\nDROP TABLE songs', ()) completed
2026-01-03 00:52:35 | [36mDEBUG[0m | aiosqlite | executing functools.partial(<built-in method close of sqlite3.Cursor object at 0x000001BA83FCD5C0>)
2026-01-03 00:52:35 | [36mDEBUG[0m | aiosqlite | operation functools.partial(<built-in method close of sqlite3.Cursor object at 0x000001BA83FCD5C0>) completed
2026-01-03 00:52:35 | [32mINFO[0m | sqlalchemy.engine.Engine | COMMIT
2026-01-03 00:52:35 | [36mDEBUG[0m | aiosqlite | executing functools.partial(<built-in method commit of sqlite3.Connection object at 0x000001BA83DD0130>)
2026-01-03 00:52:35 | [36mDEBUG[0m | aiosqlite | operation functools.partial(<built-in method commit of sqlite3.Connection object at 0x000001BA83DD0130>) completed
2026-01-03 00:52:35 | [36mDEBUG[0m | aiosqlite | executing functools.partial(<built-in method rollback of sqlite3.Connection object at 0x000001BA83DD0130>)
2026-01-03 00:52:35 | [36mDEBUG[0m | aiosqlite | operation functools.partial(<built-in method rollback of sqlite3.Connection object at 0x000001BA83DD0130>) completed
2026-01-03 00:52:35 | [36mDEBUG[0m | aiosqlite | executing functools.partial(<built-in method close of sqlite3.Connection object at 0x000001BA83DD0130>)
2026-01-03 00:52:35 | [36mDEBUG[0m | aiosqlite | operation functools.partial(<built-in method close of sqlite3.Connection object at 0x000001BA83DD0130>) completed
2026-01-03 00:52:35 | [36mDEBUG[0m | aiosqlite | executing <function Connection.stop.<locals>.close_and_stop at 0x000001BA83F7F240>
2026-01-03 00:52:35 | [36mDEBUG[0m | aiosqlite | operation <function Connection.stop.<locals>.close_and_stop at 0x000001BA83F7F240> completed
---------------------------- Captured log teardown ----------------------------
INFO     sqlalchemy.engine.Engine:base.py:2710 BEGIN (implicit)
INFO     sqlalchemy.engine.Engine:base.py:1846 PRAGMA main.table_info("chat_messages")
INFO     sqlalchemy.engine.Engine:base.py:1846 [raw sql] ()
DEBUG    aiosqlite:core.py:62 executing functools.partial(<built-in method cursor of sqlite3.Connection object at 0x000001BA83DD0130>)
DEBUG    aiosqlite:core.py:67 operation functools.partial(<built-in method cursor of sqlite3.Connection object at 0x000001BA83DD0130>) completed
DEBUG    aiosqlite:core.py:62 executing functools.partial(<built-in method execute of sqlite3.Cursor object at 0x000001BA83ECC340>, 'PRAGMA main.table_info("chat_messages")', ())
DEBUG    aiosqlite:core.py:67 operation functools.partial(<built-in method execute of sqlite3.Cursor object at 0x000001BA83ECC340>, 'PRAGMA main.table_info("chat_messages")', ()) completed
DEBUG    aiosqlite:core.py:62 executing functools.partial(<built-in method fetchall of sqlite3.Cursor object at 0x000001BA83ECC340>)
DEBUG    aiosqlite:core.py:67 operation functools.partial(<built-in method fetchall of sqlite3.Cursor object at 0x000001BA83ECC340>) completed
DEBUG    aiosqlite:core.py:62 executing functools.partial(<built-in method close of sqlite3.Cursor object at 0x000001BA83ECC340>)
DEBUG    aiosqlite:core.py:67 operation functools.partial(<built-in method close of sqlite3.Cursor object at 0x000001BA83ECC340>) completed
DEBUG    sqlalchemy.engine.Engine:cursor.py:1549 Col ('cid', 'name', 'type', 'notnull', 'dflt_value', 'pk')
DEBUG    sqlalchemy.engine.Engine:cursor.py:1581 Row (0, 'id', 'INTEGER', 1, None, 1)
DEBUG    sqlalchemy.engine.Engine:cursor.py:1581 Row (1, 'user_id', 'INTEGER', 0, None, 0)
DEBUG    sqlalchemy.engine.Engine:cursor.py:1581 Row (2, 'content', 'TEXT', 1, None, 0)
DEBUG    sqlalchemy.engine.Engine:cursor.py:1581 Row (3, 'message_type', 'VARCHAR(20)', 1, None, 0)
DEBUG    sqlalchemy.engine.Engine:cursor.py:1581 Row (4, 'is_deleted', 'BOOLEAN', 1, None, 0)
DEBUG    sqlalchemy.engine.Engine:cursor.py:1581 Row (5, 'deleted_by_id', 'INTEGER', 0, None, 0)
DEBUG    sqlalchemy.engine.Engine:cursor.py:1581 Row (6, 'deleted_at', 'DATETIME', 0, None, 0)
DEBUG    sqlalchemy.engine.Engine:cursor.py:1581 Row (7, 'delete_reason', 'VARCHAR(255)', 0, None, 0)
DEBUG    sqlalchemy.engine.Engine:cursor.py:1581 Row (8, 'reply_to_id', 'INTEGER', 0, None, 0)
DEBUG    sqlalchemy.engine.Engine:cursor.py:1581 Row (9, 'created_at', 'DATETIME', 1, None, 0)
DEBUG    sqlalchemy.engine.Engine:cursor.py:1581 Row (10, 'updated_at', 'DATETIME', 1, None, 0)
INFO     sqlalchemy.engine.Engine:base.py:1846 PRAGMA main.table_info("radio_history")
INFO     sqlalchemy.engine.Engine:base.py:1846 [raw sql] ()
DEBUG    aiosqlite:core.py:62 executing functools.partial(<built-in method cursor of sqlite3.Connection object at 0x000001BA83DD0130>)
DEBUG    aiosqlite:core.py:67 operation functools.partial(<built-in method cursor of sqlite3.Connection object at 0x000001BA83DD0130>) completed
DEBUG    aiosqlite:core.py:62 executing functools.partial(<built-in method execute of sqlite3.Cursor object at 0x000001BA83FB5340>, 'PRAGMA main.table_info("radio_history")', ())
DEBUG    aiosqlite:core.py:67 operation functools.partial(<built-in method execute of sqlite3.Cursor object at 0x000001BA83FB5340>, 'PRAGMA main.table_info("radio_history")', ()) completed
DEBUG    aiosqlite:core.py:62 executing functools.partial(<built-in method fetchall of sqlite3.Cursor object at 0x000001BA83FB5340>)
DEBUG    aiosqlite:core.py:67 operation functools.partial(<built-in method fetchall of sqlite3.Cursor object at 0x000001BA83FB5340>) completed
DEBUG    aiosqlite:core.py:62 executing functools.partial(<built-in method close of sqlite3.Cursor object at 0x000001BA83FB5340>)
DEBUG    aiosqlite:core.py:67 operation functools.partial(<built-in method close of sqlite3.Cursor object at 0x000001BA83FB5340>) completed
DEBUG    sqlalchemy.engine.Engine:cursor.py:1549 Col ('cid', 'name', 'type', 'notnull', 'dflt_value', 'pk')
DEBUG    sqlalchemy.engine.Engine:cursor.py:1581 Row (0, 'id', 'INTEGER', 1, None, 1)
DEBUG    sqlalchemy.engine.Engine:cursor.py:1581 Row (1, 'song_id', 'INTEGER', 1, None, 0)
DEBUG    sqlalchemy.engine.Engine:cursor.py:1581 Row (2, 'queue_id', 'INTEGER', 0, None, 0)
DEBUG    sqlalchemy.engine.Engine:cursor.py:1581 Row (3, 'played_at', 'DATETIME', 1, None, 0)
DEBUG    sqlalchemy.engine.Engine:cursor.py:1581 Row (4, 'ended_at', 'DATETIME', 0, None, 0)
DEBUG    sqlalchemy.engine.Engine:cursor.py:1581 Row (5, 'duration_played_seconds', 'FLOAT', 0, None, 0)
DEBUG    sqlalchemy.engine.Engine:cursor.py:1581 Row (6, 'broadcast_file_path', 'VARCHAR(500)', 0, None, 0)
DEBUG    sqlalchemy.engine.Engine:cursor.py:1581 Row (7, 'stream_mount', 'VARCHAR(100)', 0, None, 0)
DEBUG    sqlalchemy.engine.Engine:cursor.py:1581 Row (8, 'requester_telegram_id', 'BIGINT', 0, None, 0)
DEBUG    sqlalchemy.engine.Engine:cursor.py:1581 Row (9, 'requester_username', 'VARCHAR(255)', 0, None, 0)
DEBUG    sqlalchemy.engine.Engine:cursor.py:1581 Row (10, 'song_title', 'VARCHAR(500)', 0, None, 0)
DEBUG    sqlalchemy.engine.Engine:cursor.py:1581 Row (11, 'song_artist', 'VARCHAR(255)', 0, None, 0)
DEBUG    sqlalchemy.engine.Engine:cursor.py:1581 Row (12, 'song_genre', 'VARCHAR(100)', 0, None, 0)
DEBUG    sqlalchemy.engine.Engine:cursor.py:1581 Row (13, 'had_dj_intro', 'BOOLEAN', 1, None, 0)
DEBUG    sqlalchemy.engine.Engine:cursor.py:1581 Row (14, 'dj_intro_text', 'TEXT', 0, None, 0)
DEBUG    sqlalchemy.engine.Engine:cursor.py:1581 Row (15, 'listener_count', 'INTEGER', 0, None, 0)
DEBUG    sqlalchemy.engine.Engine:cursor.py:1581 Row (16, 'upvotes_during_play', 'INTEGER', 1, None, 0)
DEBUG    sqlalchemy.engine.Engine:cursor.py:1581 Row (17, 'downvotes_during_play', 'INTEGER', 1, None, 0)
DEBUG    sqlalchemy.engine.Engine:cursor.py:1581 Row (18, 'skips_requested', 'INTEGER', 1, None, 0)
DEBUG    sqlalchemy.engine.Engine:cursor.py:1581 Row (19, 'created_at', 'DATETIME', 1, None, 0)
DEBUG    sqlalchemy.engine.Engine:cursor.py:1581 Row (20, 'updated_at', 'DATETIME', 1, None, 0)
INFO     sqlalchemy.engine.Engine:base.py:1846 PRAGMA main.table_info("radio_queue")
INFO     sqlalchemy.engine.Engine:base.py:1846 [raw sql] ()
DEBUG    aiosqlite:core.py:62 executing functools.partial(<built-in method cursor of sqlite3.Connection object at 0x000001BA83DD0130>)
DEBUG    aiosqlite:core.py:67 operation functools.partial(<built-in method cursor of sqlite3.Connection object at 0x000001BA83DD0130>) completed
DEBUG    aiosqlite:core.py:62 executing functools.partial(<built-in method execute of sqlite3.Cursor object at 0x000001BA83FB7A40>, 'PRAGMA main.table_info("radio_queue")', ())
DEBUG    aiosqlite:core.py:67 operation functools.partial(<built-in method execute of sqlite3.Cursor object at 0x000001BA83FB7A40>, 'PRAGMA main.table_info("radio_queue")', ()) completed
DEBUG    aiosqlite:core.py:62 executing functools.partial(<built-in method fetchall of sqlite3.Cursor object at 0x000001BA83FB7A40>)
DEBUG    aiosqlite:core.py:67 operation functools.partial(<built-in method fetchall of sqlite3.Cursor object at 0x000001BA83FB7A40>) completed
DEBUG    aiosqlite:core.py:62 executing functools.partial(<built-in method close of sqlite3.Cursor object at 0x000001BA83FB7A40>)
DEBUG    aiosqlite:core.py:67 operation functools.partial(<built-in method close of sqlite3.Cursor object at 0x000001BA83FB7A40>) completed
DEBUG    sqlalchemy.engine.Engine:cursor.py:1549 Col ('cid', 'name', 'type', 'notnull', 'dflt_value', 'pk')
DEBUG    sqlalchemy.engine.Engine:cursor.py:1581 Row (0, 'id', 'INTEGER', 1, None, 1)
DEBUG    sqlalchemy.engine.Engine:cursor.py:1581 Row (1, 'user_id', 'INTEGER', 0, None, 0)
DEBUG    sqlalchemy.engine.Engine:cursor.py:1581 Row (2, 'telegram_user_id', 'BIGINT', 0, None, 0)
DEBUG    sqlalchemy.engine.Engine:cursor.py:1581 Row (3, 'telegram_message_id', 'BIGINT', 0, None, 0)
DEBUG    sqlalchemy.engine.Engine:cursor.py:1581 Row (4, 'song_id', 'INTEGER', 0, None, 0)
DEBUG    sqlalchemy.engine.Engine:cursor.py:1581 Row (5, 'original_prompt', 'TEXT', 1, None, 0)
DEBUG    sqlalchemy.engine.Engine:cursor.py:1581 Row (6, 'enhanced_prompt', 'TEXT', 0, None, 0)
DEBUG    sqlalchemy.engine.Engine:cursor.py:1581 Row (7, 'genre_hint', 'VARCHAR(100)', 0, None, 0)
DEBUG    sqlalchemy.engine.Engine:cursor.py:1581 Row (8, 'is_instrumental', 'BOOLEAN', 1, None, 0)
DEBUG    sqlalchemy.engine.Engine:cursor.py:1581 Row (9, 'status', 'VARCHAR(50)', 1, None, 0)
DEBUG    sqlalchemy.engine.Engine:cursor.py:1581 Row (10, 'suno_job_id', 'VARCHAR(255)', 0, None, 0)
DEBUG    sqlalchemy.engine.Engine:cursor.py:1581 Row (11, 'error_message', 'TEXT', 0, None, 0)
DEBUG    sqlalchemy.engine.Engine:cursor.py:1581 Row (12, 'retry_count', 'INTEGER', 1, None, 0)
DEBUG    sqlalchemy.engine.Engine:cursor.py:1581 Row (13, 'max_retries', 'INTEGER', 1, None, 0)
DEBUG    sqlalchemy.engine.Engine:cursor.py:1581 Row (14, 'base_priority', 'FLOAT', 1, None, 0)
DEBUG    sqlalchemy.engine.Engine:cursor.py:1581 Row (15, 'priority_score', 'FLOAT', 1, None, 0)
DEBUG    sqlalchemy.engine.Engine:cursor.py:1581 Row (16, 'is_priority_boost', 'BOOLEAN', 1, None, 0)
DEBUG    sqlalchemy.engine.Engine:cursor.py:1581 Row (17, 'priority_boost_reason', 'VARCHAR(255)', 0, None, 0)
DEBUG    sqlalchemy.engine.Engine:cursor.py:1581 Row (18, 'upvotes', 'INTEGER', 1, None, 0)
DEBUG    sqlalchemy.engine.Engine:cursor.py:1581 Row (19, 'downvotes', 'INTEGER', 1, None, 0)
DEBUG    sqlalchemy.engine.Engine:cursor.py:1581 Row (20, 'requested_at', 'DATETIME', 1, None, 0)
DEBUG    sqlalchemy.engine.Engine:cursor.py:1581 Row (21, 'queued_at', 'DATETIME', 0, None, 0)
DEBUG    sqlalchemy.engine.Engine:cursor.py:1581 Row (22, 'generation_started_at', 'DATETIME', 0, None, 0)
DEBUG    sqlalchemy.engine.Engine:cursor.py:1581 Row (23, 'generation_completed_at', 'DATETIME', 0, None, 0)
DEBUG    sqlalchemy.engine.Engine:cursor.py:1581 Row (24, 'broadcast_started_at', 'DATETIME', 0, None, 0)
DEBUG    sqlalchemy.engine.Engine:cursor.py:1581 Row (25, 'completed_at', 'DATETIME', 0, None, 0)
DEBUG    sqlalchemy.engine.Engine:cursor.py:1581 Row (26, 'is_moderated', 'BOOLEAN', 1, None, 0)
DEBUG    sqlalchemy.engine.Engine:cursor.py:1581 Row (27, 'moderation_passed', 'BOOLEAN', 0, None, 0)
DEBUG    sqlalchemy.engine.Engine:cursor.py:1581 Row (28, 'moderation_reason', 'TEXT', 0, None, 0)
DEBUG    sqlalchemy.engine.Engine:cursor.py:1581 Row (29, 'has_dj_intro', 'BOOLEAN', 1, None, 0)
DEBUG    sqlalchemy.engine.Engine:cursor.py:1581 Row (30, 'dj_intro_path', 'VARCHAR(500)', 0, None, 0)
DEBUG    sqlalchemy.engine.Engine:cursor.py:1581 Row (31, 'created_at', 'DATETIME', 1, None, 0)
DEBUG    sqlalchemy.engine.Engine:cursor.py:1581 Row (32, 'updated_at', 'DATETIME', 1, None, 0)
INFO     sqlalchemy.engine.Engine:base.py:1846 PRAGMA main.table_info("songs")
INFO     sqlalchemy.engine.Engine:base.py:1846 [raw sql] ()
DEBUG    aiosqlite:core.py:62 executing functools.partial(<built-in method cursor of sqlite3.Connection object at 0x000001BA83DD0130>)
DEBUG    aiosqlite:core.py:67 operation functools.partial(<built-in method cursor of sqlite3.Connection object at 0x000001BA83DD0130>) completed
DEBUG    aiosqlite:core.py:62 executing functools.partial(<built-in method execute of sqlite3.Cursor object at 0x000001BA83FB7740>, 'PRAGMA main.table_info("songs")', ())
DEBUG    aiosqlite:core.py:67 operation functools.partial(<built-in method execute of sqlite3.Cursor object at 0x000001BA83FB7740>, 'PRAGMA main.table_info("songs")', ()) completed
DEBUG    aiosqlite:core.py:62 executing functools.partial(<built-in method fetchall of sqlite3.Cursor object at 0x000001BA83FB7740>)
DEBUG    aiosqlite:core.py:67 operation functools.partial(<built-in method fetchall of sqlite3.Cursor object at 0x000001BA83FB7740>) completed
DEBUG    aiosqlite:core.py:62 executing functools.partial(<built-in method close of sqlite3.Cursor object at 0x000001BA83FB7740>)
DEBUG    aiosqlite:core.py:67 operation functools.partial(<built-in method close of sqlite3.Cursor object at 0x000001BA83FB7740>) completed
DEBUG    sqlalchemy.engine.Engine:cursor.py:1549 Col ('cid', 'name', 'type', 'notnull', 'dflt_value', 'pk')
DEBUG    sqlalchemy.engine.Engine:cursor.py:1581 Row (0, 'id', 'INTEGER', 1, None, 1)
DEBUG    sqlalchemy.engine.Engine:cursor.py:1581 Row (1, 'suno_job_id', 'VARCHAR(255)', 0, None, 0)
DEBUG    sqlalchemy.engine.Engine:cursor.py:1581 Row (2, 'suno_status', 'VARCHAR(50)', 1, None, 0)
DEBUG    sqlalchemy.engine.Engine:cursor.py:1581 Row (3, 'title', 'VARCHAR(500)', 0, None, 0)
DEBUG    sqlalchemy.engine.Engine:cursor.py:1581 Row (4, 'artist', 'VARCHAR(255)', 1, None, 0)
DEBUG    sqlalchemy.engine.Engine:cursor.py:1581 Row (5, 'original_prompt', 'TEXT', 0, None, 0)
DEBUG    sqlalchemy.engine.Engine:cursor.py:1581 Row (6, 'enhanced_prompt', 'TEXT', 0, None, 0)
DEBUG    sqlalchemy.engine.Engine:cursor.py:1581 Row (7, 'style_prompt', 'TEXT', 0, None, 0)
DEBUG    sqlalchemy.engine.Engine:cursor.py:1581 Row (8, 'lyrics', 'TEXT', 0, None, 0)
DEBUG    sqlalchemy.engine.Engine:cursor.py:1581 Row (9, 'genre', 'VARCHAR(100)', 0, None, 0)
DEBUG    sqlalchemy.engine.Engine:cursor.py:1581 Row (10, 'subgenre', 'VARCHAR(100)', 0, None, 0)
DEBUG    sqlalchemy.engine.Engine:cursor.py:1581 Row (11, 'mood', 'VARCHAR(100)', 0, None, 0)
DEBUG    sqlalchemy.engine.Engine:cursor.py:1581 Row (12, 'energy', 'VARCHAR(50)', 0, None, 0)
DEBUG    sqlalchemy.engine.Engine:cursor.py:1581 Row (13, 'duration_seconds', 'FLOAT', 0, None, 0)
DEBUG    sqlalchemy.engine.Engine:cursor.py:1581 Row (14, 'bpm', 'INTEGER', 0, None, 0)
DEBUG    sqlalchemy.engine.Engine:cursor.py:1581 Row (15, 'key', 'VARCHAR(10)', 0, None, 0)
DEBUG    sqlalchemy.engine.Engine:cursor.py:1581 Row (16, 'is_instrumental', 'BOOLEAN', 1, None, 0)
DEBUG    sqlalchemy.engine.Engine:cursor.py:1581 Row (17, 'audio_url', 'VARCHAR(1000)', 0, None, 0)
DEBUG    sqlalchemy.engine.Engine:cursor.py:1581 Row (18, 'local_file_path', 'VARCHAR(500)', 0, None, 0)
DEBUG    sqlalchemy.engine.Engine:cursor.py:1581 Row (19, 'file_size_bytes', 'INTEGER', 0, None, 0)
DEBUG    sqlalchemy.engine.Engine:cursor.py:1581 Row (20, 'audio_format', 'VARCHAR(10)', 1, None, 0)
DEBUG    sqlalchemy.engine.Engine:cursor.py:1581 Row (21, 'lufs_level', 'FLOAT', 0, None, 0)
DEBUG    sqlalchemy.engine.Engine:cursor.py:1581 Row (22, 'peak_db', 'FLOAT', 0, None, 0)
DEBUG    sqlalchemy.engine.Engine:cursor.py:1581 Row (23, 'is_normalized', 'BOOLEAN', 1, None, 0)
DEBUG    sqlalchemy.engine.Engine:cursor.py:1581 Row (24, 'generation_started_at', 'DATETIME', 0, None, 0)
DEBUG    sqlalchemy.engine.Engine:cursor.py:1581 Row (25, 'generation_completed_at', 'DATETIME', 0, None, 0)
DEBUG    sqlalchemy.engine.Engine:cursor.py:1581 Row (26, 'downloaded_at', 'DATETIME', 0, None, 0)
DEBUG    sqlalchemy.engine.Engine:cursor.py:1581 Row (27, 'play_count', 'INTEGER', 1, None, 0)
DEBUG    sqlalchemy.engine.Engine:cursor.py:1581 Row (28, 'total_upvotes', 'INTEGER', 1, None, 0)
DEBUG    sqlalchemy.engine.Engine:cursor.py:1581 Row (29, 'total_downvotes', 'INTEGER', 1, None, 0)
DEBUG    sqlalchemy.engine.Engine:cursor.py:1581 Row (30, 'is_approved', 'BOOLEAN', 1, None, 0)
DEBUG    sqlalchemy.engine.Engine:cursor.py:1581 Row (31, 'moderation_notes', 'TEXT', 0, None, 0)
DEBUG    sqlalchemy.engine.Engine:cursor.py:1581 Row (32, 'flagged_at', 'DATETIME', 0, None, 0)
DEBUG    sqlalchemy.engine.Engine:cursor.py:1581 Row (33, 'created_at', 'DATETIME', 1, None, 0)
DEBUG    sqlalchemy.engine.Engine:cursor.py:1581 Row (34, 'updated_at', 'DATETIME', 1, None, 0)
INFO     sqlalchemy.engine.Engine:base.py:1846 PRAGMA main.table_info("users")
INFO     sqlalchemy.engine.Engine:base.py:1846 [raw sql] ()
DEBUG    aiosqlite:core.py:62 executing functools.partial(<built-in method cursor of sqlite3.Connection object at 0x000001BA83DD0130>)
DEBUG    aiosqlite:core.py:67 operation functools.partial(<built-in method cursor of sqlite3.Connection object at 0x000001BA83DD0130>) completed
DEBUG    aiosqlite:core.py:62 executing functools.partial(<built-in method execute of sqlite3.Cursor object at 0x000001BA83FB7440>, 'PRAGMA main.table_info("users")', ())
DEBUG    aiosqlite:core.py:67 operation functools.partial(<built-in method execute of sqlite3.Cursor object at 0x000001BA83FB7440>, 'PRAGMA main.table_info("users")', ()) completed
DEBUG    aiosqlite:core.py:62 executing functools.partial(<built-in method fetchall of sqlite3.Cursor object at 0x000001BA83FB7440>)
DEBUG    aiosqlite:core.py:67 operation functools.partial(<built-in method fetchall of sqlite3.Cursor object at 0x000001BA83FB7440>) completed
DEBUG    aiosqlite:core.py:62 executing functools.partial(<built-in method close of sqlite3.Cursor object at 0x000001BA83FB7440>)
DEBUG    aiosqlite:core.py:67 operation functools.partial(<built-in method close of sqlite3.Cursor object at 0x000001BA83FB7440>) completed
DEBUG    sqlalchemy.engine.Engine:cursor.py:1549 Col ('cid', 'name', 'type', 'notnull', 'dflt_value', 'pk')
DEBUG    sqlalchemy.engine.Engine:cursor.py:1581 Row (0, 'id', 'INTEGER', 1, None, 1)
DEBUG    sqlalchemy.engine.Engine:cursor.py:1581 Row (1, 'telegram_id', 'BIGINT', 1, None, 0)
DEBUG    sqlalchemy.engine.Engine:cursor.py:1581 Row (2, 'telegram_username', 'VARCHAR(255)', 0, None, 0)
DEBUG    sqlalchemy.engine.Engine:cursor.py:1581 Row (3, 'telegram_first_name', 'VARCHAR(255)', 0, None, 0)
DEBUG    sqlalchemy.engine.Engine:cursor.py:1581 Row (4, 'telegram_last_name', 'VARCHAR(255)', 0, None, 0)
DEBUG    sqlalchemy.engine.Engine:cursor.py:1581 Row (5, 'reputation_score', 'FLOAT', 1, None, 0)
DEBUG    sqlalchemy.engine.Engine:cursor.py:1581 Row (6, 'total_requests', 'INTEGER', 1, None, 0)
DEBUG    sqlalchemy.engine.Engine:cursor.py:1581 Row (7, 'successful_requests', 'INTEGER', 1, None, 0)
DEBUG    sqlalchemy.engine.Engine:cursor.py:1581 Row (8, 'failed_requests', 'INTEGER', 1, None, 0)
DEBUG    sqlalchemy.engine.Engine:cursor.py:1581 Row (9, 'total_upvotes_received', 'INTEGER', 1, None, 0)
DEBUG    sqlalchemy.engine.Engine:cursor.py:1581 Row (10, 'total_downvotes_received', 'INTEGER', 1, None, 0)
DEBUG    sqlalchemy.engine.Engine:cursor.py:1581 Row (11, 'total_upvotes_given', 'INTEGER', 1, None, 0)
DEBUG    sqlalchemy.engine.Engine:cursor.py:1581 Row (12, 'total_downvotes_given', 'INTEGER', 1, None, 0)
DEBUG    sqlalchemy.engine.Engine:cursor.py:1581 Row (13, 'is_banned', 'BOOLEAN', 1, None, 0)
DEBUG    sqlalchemy.engine.Engine:cursor.py:1581 Row (14, 'is_premium', 'BOOLEAN', 1, None, 0)
DEBUG    sqlalchemy.engine.Engine:cursor.py:1581 Row (15, 'ban_reason', 'TEXT', 0, None, 0)
DEBUG    sqlalchemy.engine.Engine:cursor.py:1581 Row (16, 'banned_at', 'DATETIME', 0, None, 0)
DEBUG    sqlalchemy.engine.Engine:cursor.py:1581 Row (17, 'banned_until', 'DATETIME', 0, None, 0)
DEBUG    sqlalchemy.engine.Engine:cursor.py:1581 Row (18, 'last_request_at', 'DATETIME', 0, None, 0)
DEBUG    sqlalchemy.engine.Engine:cursor.py:1581 Row (19, 'last_vote_at', 'DATETIME', 0, None, 0)
DEBUG    sqlalchemy.engine.Engine:cursor.py:1581 Row (20, 'last_active_at', 'DATETIME', 0, None, 0)
DEBUG    sqlalchemy.engine.Engine:cursor.py:1581 Row (21, 'created_at', 'DATETIME', 1, None, 0)
DEBUG    sqlalchemy.engine.Engine:cursor.py:1581 Row (22, 'updated_at', 'DATETIME', 1, None, 0)
INFO     sqlalchemy.engine.Engine:base.py:1846 PRAGMA main.table_info("votes")
INFO     sqlalchemy.engine.Engine:base.py:1846 [raw sql] ()
DEBUG    aiosqlite:core.py:62 executing functools.partial(<built-in method cursor of sqlite3.Connection object at 0x000001BA83DD0130>)
DEBUG    aiosqlite:core.py:67 operation functools.partial(<built-in method cursor of sqlite3.Connection object at 0x000001BA83DD0130>) completed
DEBUG    aiosqlite:core.py:62 executing functools.partial(<built-in method execute of sqlite3.Cursor object at 0x000001BA83FB7D40>, 'PRAGMA main.table_info("votes")', ())
DEBUG    aiosqlite:core.py:67 operation functools.partial(<built-in method execute of sqlite3.Cursor object at 0x000001BA83FB7D40>, 'PRAGMA main.table_info("votes")', ()) completed
DEBUG    aiosqlite:core.py:62 executing functools.partial(<built-in method fetchall of sqlite3.Cursor object at 0x000001BA83FB7D40>)
DEBUG    aiosqlite:core.py:67 operation functools.partial(<built-in method fetchall of sqlite3.Cursor object at 0x000001BA83FB7D40>) completed
DEBUG    aiosqlite:core.py:62 executing functools.partial(<built-in method close of sqlite3.Cursor object at 0x000001BA83FB7D40>)
DEBUG    sqlalchemy.engine.Engine:cursor.py:1549 Col ('cid', 'name', 'type', 'notnull', 'dflt_value', 'pk')
DEBUG    aiosqlite:core.py:67 operation functools.partial(<built-in method close of sqlite3.Cursor object at 0x000001BA83FB7D40>) completed
DEBUG    sqlalchemy.engine.Engine:cursor.py:1581 Row (0, 'id', 'INTEGER', 1, None, 1)
DEBUG    sqlalchemy.engine.Engine:cursor.py:1581 Row (1, 'user_id', 'INTEGER', 1, None, 0)
DEBUG    sqlalchemy.engine.Engine:cursor.py:1581 Row (2, 'telegram_user_id', 'BIGINT', 0, None, 0)
DEBUG    sqlalchemy.engine.Engine:cursor.py:1581 Row (3, 'queue_item_id', 'INTEGER', 1, None, 0)
DEBUG    sqlalchemy.engine.Engine:cursor.py:1581 Row (4, 'vote_type', 'VARCHAR(20)', 1, None, 0)
DEBUG    sqlalchemy.engine.Engine:cursor.py:1581 Row (5, 'voted_at', 'DATETIME', 1, None, 0)
DEBUG    sqlalchemy.engine.Engine:cursor.py:1581 Row (6, 'previous_vote_type', 'VARCHAR(20)', 0, None, 0)
DEBUG    sqlalchemy.engine.Engine:cursor.py:1581 Row (7, 'changed_at', 'DATETIME', 0, None, 0)
DEBUG    sqlalchemy.engine.Engine:cursor.py:1581 Row (8, 'source', 'VARCHAR(50)', 1, None, 0)
DEBUG    sqlalchemy.engine.Engine:cursor.py:1581 Row (9, 'telegram_callback_id', 'VARCHAR(255)', 0, None, 0)
DEBUG    sqlalchemy.engine.Engine:cursor.py:1581 Row (10, 'created_at', 'DATETIME', 1, None, 0)
DEBUG    sqlalchemy.engine.Engine:cursor.py:1581 Row (11, 'updated_at', 'DATETIME', 1, None, 0)
INFO     sqlalchemy.engine.Engine:base.py:1846 
DROP TABLE votes
INFO     sqlalchemy.engine.Engine:base.py:1846 [no key 0.00013s] ()
DEBUG    aiosqlite:core.py:62 executing functools.partial(<built-in method cursor of sqlite3.Connection object at 0x000001BA83DD0130>)
DEBUG    aiosqlite:core.py:67 operation functools.partial(<built-in method cursor of sqlite3.Connection object at 0x000001BA83DD0130>) completed
DEBUG    aiosqlite:core.py:62 executing functools.partial(<built-in method execute of sqlite3.Cursor object at 0x000001BA83C62240>, '\nDROP TABLE votes', ())
DEBUG    aiosqlite:core.py:67 operation functools.partial(<built-in method execute of sqlite3.Cursor object at 0x000001BA83C62240>, '\nDROP TABLE votes', ()) completed
DEBUG    aiosqlite:core.py:62 executing functools.partial(<built-in method close of sqlite3.Cursor object at 0x000001BA83C62240>)
INFO     sqlalchemy.engine.Engine:base.py:1846 
DROP TABLE radio_queue
DEBUG    aiosqlite:core.py:67 operation functools.partial(<built-in method close of sqlite3.Cursor object at 0x000001BA83C62240>) completed
INFO     sqlalchemy.engine.Engine:base.py:1846 [no key 0.00027s] ()
DEBUG    aiosqlite:core.py:62 executing functools.partial(<built-in method cursor of sqlite3.Connection object at 0x000001BA83DD0130>)
DEBUG    aiosqlite:core.py:67 operation functools.partial(<built-in method cursor of sqlite3.Connection object at 0x000001BA83DD0130>) completed
DEBUG    aiosqlite:core.py:62 executing functools.partial(<built-in method execute of sqlite3.Cursor object at 0x000001BA83ECDCC0>, '\nDROP TABLE radio_queue', ())
DEBUG    aiosqlite:core.py:67 operation functools.partial(<built-in method execute of sqlite3.Cursor object at 0x000001BA83ECDCC0>, '\nDROP TABLE radio_queue', ()) completed
DEBUG    aiosqlite:core.py:62 executing functools.partial(<built-in method close of sqlite3.Cursor object at 0x000001BA83ECDCC0>)
INFO     sqlalchemy.engine.Engine:base.py:1846 
DROP TABLE radio_history
DEBUG    aiosqlite:core.py:67 operation functools.partial(<built-in method close of sqlite3.Cursor object at 0x000001BA83ECDCC0>) completed
INFO     sqlalchemy.engine.Engine:base.py:1846 [no key 0.00039s] ()
DEBUG    aiosqlite:core.py:62 executing functools.partial(<built-in method cursor of sqlite3.Connection object at 0x000001BA83DD0130>)
DEBUG    aiosqlite:core.py:67 operation functools.partial(<built-in method cursor of sqlite3.Connection object at 0x000001BA83DD0130>) completed
DEBUG    aiosqlite:core.py:62 executing functools.partial(<built-in method execute of sqlite3.Cursor object at 0x000001BA83FCCFC0>, '\nDROP TABLE radio_history', ())
DEBUG    aiosqlite:core.py:67 operation functools.partial(<built-in method execute of sqlite3.Cursor object at 0x000001BA83FCCFC0>, '\nDROP TABLE radio_history', ()) completed
DEBUG    aiosqlite:core.py:62 executing functools.partial(<built-in method close of sqlite3.Cursor object at 0x000001BA83FCCFC0>)
DEBUG    aiosqlite:core.py:67 operation functools.partial(<built-in method close of sqlite3.Cursor object at 0x000001BA83FCCFC0>) completed
INFO     sqlalchemy.engine.Engine:base.py:1846 
DROP TABLE chat_messages
INFO     sqlalchemy.engine.Engine:base.py:1846 [no key 0.00020s] ()
DEBUG    aiosqlite:core.py:62 executing functools.partial(<built-in method cursor of sqlite3.Connection object at 0x000001BA83DD0130>)
DEBUG    aiosqlite:core.py:67 operation functools.partial(<built-in method cursor of sqlite3.Connection object at 0x000001BA83DD0130>) completed
DEBUG    aiosqlite:core.py:62 executing functools.partial(<built-in method execute of sqlite3.Cursor object at 0x000001BA83FCD0C0>, '\nDROP TABLE chat_messages', ())
DEBUG    aiosqlite:core.py:67 operation functools.partial(<built-in method execute of sqlite3.Cursor object at 0x000001BA83FCD0C0>, '\nDROP TABLE chat_messages', ()) completed
DEBUG    aiosqlite:core.py:62 executing functools.partial(<built-in method close of sqlite3.Cursor object at 0x000001BA83FCD0C0>)
DEBUG    aiosqlite:core.py:67 operation functools.partial(<built-in method close of sqlite3.Cursor object at 0x000001BA83FCD0C0>) completed
INFO     sqlalchemy.engine.Engine:base.py:1846 
DROP TABLE users
INFO     sqlalchemy.engine.Engine:base.py:1846 [no key 0.00028s] ()
DEBUG    aiosqlite:core.py:62 executing functools.partial(<built-in method cursor of sqlite3.Connection object at 0x000001BA83DD0130>)
DEBUG    aiosqlite:core.py:67 operation functools.partial(<built-in method cursor of sqlite3.Connection object at 0x000001BA83DD0130>) completed
DEBUG    aiosqlite:core.py:62 executing functools.partial(<built-in method execute of sqlite3.Cursor object at 0x000001BA83FCD340>, '\nDROP TABLE users', ())
DEBUG    aiosqlite:core.py:67 operation functools.partial(<built-in method execute of sqlite3.Cursor object at 0x000001BA83FCD340>, '\nDROP TABLE users', ()) completed
DEBUG    aiosqlite:core.py:62 executing functools.partial(<built-in method close of sqlite3.Cursor object at 0x000001BA83FCD340>)
DEBUG    aiosqlite:core.py:67 operation functools.partial(<built-in method close of sqlite3.Cursor object at 0x000001BA83FCD340>) completed
INFO     sqlalchemy.engine.Engine:base.py:1846 
DROP TABLE songs
INFO     sqlalchemy.engine.Engine:base.py:1846 [no key 0.00018s] ()
DEBUG    aiosqlite:core.py:62 executing functools.partial(<built-in method cursor of sqlite3.Connection object at 0x000001BA83DD0130>)
DEBUG    aiosqlite:core.py:67 operation functools.partial(<built-in method cursor of sqlite3.Connection object at 0x000001BA83DD0130>) completed
DEBUG    aiosqlite:core.py:62 executing functools.partial(<built-in method execute of sqlite3.Cursor object at 0x000001BA83FCD5C0>, '\nDROP TABLE songs', ())
DEBUG    aiosqlite:core.py:67 operation functools.partial(<built-in method execute of sqlite3.Cursor object at 0x000001BA83FCD5C0>, '\nDROP TABLE songs', ()) completed
DEBUG    aiosqlite:core.py:62 executing functools.partial(<built-in method close of sqlite3.Cursor object at 0x000001BA83FCD5C0>)
DEBUG    aiosqlite:core.py:67 operation functools.partial(<built-in method close of sqlite3.Cursor object at 0x000001BA83FCD5C0>) completed
INFO     sqlalchemy.engine.Engine:base.py:2716 COMMIT
DEBUG    aiosqlite:core.py:62 executing functools.partial(<built-in method commit of sqlite3.Connection object at 0x000001BA83DD0130>)
DEBUG    aiosqlite:core.py:67 operation functools.partial(<built-in method commit of sqlite3.Connection object at 0x000001BA83DD0130>) completed
DEBUG    aiosqlite:core.py:62 executing functools.partial(<built-in method rollback of sqlite3.Connection object at 0x000001BA83DD0130>)
DEBUG    aiosqlite:core.py:67 operation functools.partial(<built-in method rollback of sqlite3.Connection object at 0x000001BA83DD0130>) completed
DEBUG    aiosqlite:core.py:62 executing functools.partial(<built-in method close of sqlite3.Connection object at 0x000001BA83DD0130>)
DEBUG    aiosqlite:core.py:67 operation functools.partial(<built-in method close of sqlite3.Connection object at 0x000001BA83DD0130>) completed
DEBUG    aiosqlite:core.py:62 executing <function Connection.stop.<locals>.close_and_stop at 0x000001BA83F7F240>
DEBUG    aiosqlite:core.py:67 operation <function Connection.stop.<locals>.close_and_stop at 0x000001BA83F7F240> completed
_________________________ test_broadcast_unknown_song _________________________
tests\test_webhooks_broadcast.py:148: in test_broadcast_unknown_song
    assert response.status_code == 200
E   assert 401 == 200
E    +  where 401 = <Response [401 Unauthorized]>.status_code
---------------------------- Captured stdout setup ----------------------------
2026-01-03 00:52:35 | [36mDEBUG[0m | asyncio | Using proactor: IocpProactor
2026-01-03 00:52:35 | [36mDEBUG[0m | aiosqlite | executing <function connect.<locals>.connector at 0x000001BA83FE1940>
2026-01-03 00:52:35 | [36mDEBUG[0m | aiosqlite | operation <function connect.<locals>.connector at 0x000001BA83FE1940> completed
2026-01-03 00:52:35 | [36mDEBUG[0m | aiosqlite | executing functools.partial(<built-in method create_function of sqlite3.Connection object at 0x000001BA83F84E50>, 'regexp', 2, <function SQLiteDialect_pysqlite.on_connect.<locals>.regexp at 0x000001BA83FE0900>, deterministic=True)
2026-01-03 00:52:35 | [36mDEBUG[0m | aiosqlite | operation functools.partial(<built-in method create_function of sqlite3.Connection object at 0x000001BA83F84E50>, 'regexp', 2, <function SQLiteDialect_pysqlite.on_connect.<locals>.regexp at 0x000001BA83FE0900>, deterministic=True) completed
2026-01-03 00:52:35 | [36mDEBUG[0m | aiosqlite | executing functools.partial(<built-in method create_function of sqlite3.Connection object at 0x000001BA83F84E50>, 'floor', 1, <built-in function floor>, deterministic=True)
2026-01-03 00:52:35 | [36mDEBUG[0m | aiosqlite | operation functools.partial(<built-in method create_function of sqlite3.Connection object at 0x000001BA83F84E50>, 'floor', 1, <built-in function floor>, deterministic=True) completed
2026-01-03 00:52:35 | [36mDEBUG[0m | aiosqlite | executing functools.partial(<built-in method cursor of sqlite3.Connection object at 0x000001BA83F84E50>)
2026-01-03 00:52:35 | [36mDEBUG[0m | aiosqlite | operation functools.partial(<built-in method cursor of sqlite3.Connection object at 0x000001BA83F84E50>) completed
2026-01-03 00:52:35 | [36mDEBUG[0m | aiosqlite | executing functools.partial(<built-in method execute of sqlite3.Cursor object at 0x000001BA83F27CC0>, 'PRAGMA read_uncommitted', [])
2026-01-03 00:52:35 | [36mDEBUG[0m | aiosqlite | operation functools.partial(<built-in method execute of sqlite3.Cursor object at 0x000001BA83F27CC0>, 'PRAGMA read_uncommitted', []) completed
2026-01-03 00:52:35 | [36mDEBUG[0m | aiosqlite | executing functools.partial(<built-in method fetchall of sqlite3.Cursor object at 0x000001BA83F27CC0>)
2026-01-03 00:52:35 | [36mDEBUG[0m | aiosqlite | operation functools.partial(<built-in method fetchall of sqlite3.Cursor object at 0x000001BA83F27CC0>) completed
2026-01-03 00:52:35 | [36mDEBUG[0m | aiosqlite | executing functools.partial(<built-in method close of sqlite3.Cursor object at 0x000001BA83F27CC0>)
2026-01-03 00:52:35 | [36mDEBUG[0m | aiosqlite | operation functools.partial(<built-in method close of sqlite3.Cursor object at 0x000001BA83F27CC0>) completed
2026-01-03 00:52:35 | [36mDEBUG[0m | aiosqlite | executing functools.partial(<built-in method rollback of sqlite3.Connection object at 0x000001BA83F84E50>)
2026-01-03 00:52:35 | [36mDEBUG[0m | aiosqlite | operation functools.partial(<built-in method rollback of sqlite3.Connection object at 0x000001BA83F84E50>) completed
2026-01-03 00:52:35 | [32mINFO[0m | sqlalchemy.engine.Engine | BEGIN (implicit)
2026-01-03 00:52:35 | [32mINFO[0m | sqlalchemy.engine.Engine | PRAGMA main.table_info("chat_messages")
2026-01-03 00:52:35 | [32mINFO[0m | sqlalchemy.engine.Engine | [raw sql] ()
2026-01-03 00:52:35 | [36mDEBUG[0m | aiosqlite | executing functools.partial(<built-in method cursor of sqlite3.Connection object at 0x000001BA83F84E50>)
2026-01-03 00:52:35 | [36mDEBUG[0m | aiosqlite | operation functools.partial(<built-in method cursor of sqlite3.Connection object at 0x000001BA83F84E50>) completed
2026-01-03 00:52:35 | [36mDEBUG[0m | aiosqlite | executing functools.partial(<built-in method execute of sqlite3.Cursor object at 0x000001BA83FB6140>, 'PRAGMA main.table_info("chat_messages")', ())
2026-01-03 00:52:35 | [36mDEBUG[0m | aiosqlite | operation functools.partial(<built-in method execute of sqlite3.Cursor object at 0x000001BA83FB6140>, 'PRAGMA main.table_info("chat_messages")', ()) completed
2026-01-03 00:52:35 | [36mDEBUG[0m | aiosqlite | executing functools.partial(<built-in method fetchall of sqlite3.Cursor object at 0x000001BA83FB6140>)
2026-01-03 00:52:35 | [36mDEBUG[0m | aiosqlite | operation functools.partial(<built-in method fetchall of sqlite3.Cursor object at 0x000001BA83FB6140>) completed
2026-01-03 00:52:35 | [36mDEBUG[0m | aiosqlite | executing functools.partial(<built-in method close of sqlite3.Cursor object at 0x000001BA83FB6140>)
2026-01-03 00:52:35 | [36mDEBUG[0m | sqlalchemy.engine.Engine | Col ('cid', 'name', 'type', 'notnull', 'dflt_value', 'pk')
2026-01-03 00:52:35 | [36mDEBUG[0m | aiosqlite | operation functools.partial(<built-in method close of sqlite3.Cursor object at 0x000001BA83FB6140>) completed
2026-01-03 00:52:35 | [32mINFO[0m | sqlalchemy.engine.Engine | PRAGMA temp.table_info("chat_messages")
2026-01-03 00:52:35 | [32mINFO[0m | sqlalchemy.engine.Engine | [raw sql] ()
2026-01-03 00:52:35 | [36mDEBUG[0m | aiosqlite | executing functools.partial(<built-in method cursor of sqlite3.Connection object at 0x000001BA83F84E50>)
2026-01-03 00:52:35 | [36mDEBUG[0m | aiosqlite | operation functools.partial(<built-in method cursor of sqlite3.Connection object at 0x000001BA83F84E50>) completed
2026-01-03 00:52:35 | [36mDEBUG[0m | aiosqlite | executing functools.partial(<built-in method execute of sqlite3.Cursor object at 0x000001BA83D9F1C0>, 'PRAGMA temp.table_info("chat_messages")', ())
2026-01-03 00:52:35 | [36mDEBUG[0m | aiosqlite | operation functools.partial(<built-in method execute of sqlite3.Cursor object at 0x000001BA83D9F1C0>, 'PRAGMA temp.table_info("chat_messages")', ()) completed
2026-01-03 00:52:35 | [36mDEBUG[0m | aiosqlite | executing functools.partial(<built-in method fetchall of sqlite3.Cursor object at 0x000001BA83D9F1C0>)
2026-01-03 00:52:35 | [36mDEBUG[0m | aiosqlite | operation functools.partial(<built-in method fetchall of sqlite3.Cursor object at 0x000001BA83D9F1C0>) completed
2026-01-03 00:52:35 | [36mDEBUG[0m | aiosqlite | executing functools.partial(<built-in method close of sqlite3.Cursor object at 0x000001BA83D9F1C0>)
2026-01-03 00:52:35 | [36mDEBUG[0m | aiosqlite | operation functools.partial(<built-in method close of sqlite3.Cursor object at 0x000001BA83D9F1C0>) completed
2026-01-03 00:52:35 | [36mDEBUG[0m | sqlalchemy.engine.Engine | Col ('cid', 'name', 'type', 'notnull', 'dflt_value', 'pk')
2026-01-03 00:52:35 | [32mINFO[0m | sqlalchemy.engine.Engine | PRAGMA main.table_info("radio_history")
2026-01-03 00:52:35 | [32mINFO[0m | sqlalchemy.engine.Engine | [raw sql] ()
2026-01-03 00:52:35 | [36mDEBUG[0m | aiosqlite | executing functools.partial(<built-in method cursor of sqlite3.Connection object at 0x000001BA83F84E50>)
2026-01-03 00:52:35 | [36mDEBUG[0m | aiosqlite | operation functools.partial(<built-in method cursor of sqlite3.Connection object at 0x000001BA83F84E50>) completed
2026-01-03 00:52:35 | [36mDEBUG[0m | aiosqlite | executing functools.partial(<built-in method execute of sqlite3.Cursor object at 0x000001BA83FB7D40>, 'PRAGMA main.table_info("radio_history")', ())
2026-01-03 00:52:35 | [36mDEBUG[0m | aiosqlite | operation functools.partial(<built-in method execute of sqlite3.Cursor object at 0x000001BA83FB7D40>, 'PRAGMA main.table_info("radio_history")', ()) completed
2026-01-03 00:52:35 | [36mDEBUG[0m | aiosqlite | executing functools.partial(<built-in method fetchall of sqlite3.Cursor object at 0x000001BA83FB7D40>)
2026-01-03 00:52:35 | [36mDEBUG[0m | aiosqlite | operation functools.partial(<built-in method fetchall of sqlite3.Cursor object at 0x000001BA83FB7D40>) completed
2026-01-03 00:52:35 | [36mDEBUG[0m | aiosqlite | executing functools.partial(<built-in method close of sqlite3.Cursor object at 0x000001BA83FB7D40>)
2026-01-03 00:52:35 | [36mDEBUG[0m | sqlalchemy.engine.Engine | Col ('cid', 'name', 'type', 'notnull', 'dflt_value', 'pk')
2026-01-03 00:52:35 | [36mDEBUG[0m | aiosqlite | operation functools.partial(<built-in method close of sqlite3.Cursor object at 0x000001BA83FB7D40>) completed
2026-01-03 00:52:35 | [32mINFO[0m | sqlalchemy.engine.Engine | PRAGMA temp.table_info("radio_history")
2026-01-03 00:52:35 | [32mINFO[0m | sqlalchemy.engine.Engine | [raw sql] ()
2026-01-03 00:52:35 | [36mDEBUG[0m | aiosqlite | executing functools.partial(<built-in method cursor of sqlite3.Connection object at 0x000001BA83F84E50>)
2026-01-03 00:52:35 | [36mDEBUG[0m | aiosqlite | operation functools.partial(<built-in method cursor of sqlite3.Connection object at 0x000001BA83F84E50>) completed
2026-01-03 00:52:35 | [36mDEBUG[0m | aiosqlite | executing functools.partial(<built-in method execute of sqlite3.Cursor object at 0x000001BA83ECDD40>, 'PRAGMA temp.table_info("radio_history")', ())
2026-01-03 00:52:35 | [36mDEBUG[0m | aiosqlite | operation functools.partial(<built-in method execute of sqlite3.Cursor object at 0x000001BA83ECDD40>, 'PRAGMA temp.table_info("radio_history")', ()) completed
2026-01-03 00:52:35 | [36mDEBUG[0m | aiosqlite | executing functools.partial(<built-in method fetchall of sqlite3.Cursor object at 0x000001BA83ECDD40>)
2026-01-03 00:52:35 | [36mDEBUG[0m | aiosqlite | operation functools.partial(<built-in method fetchall of sqlite3.Cursor object at 0x000001BA83ECDD40>) completed
2026-01-03 00:52:35 | [36mDEBUG[0m | aiosqlite | executing functools.partial(<built-in method close of sqlite3.Cursor object at 0x000001BA83ECDD40>)
2026-01-03 00:52:35 | [36mDEBUG[0m | aiosqlite | operation functools.partial(<built-in method close of sqlite3.Cursor object at 0x000001BA83ECDD40>) completed
2026-01-03 00:52:35 | [36mDEBUG[0m | sqlalchemy.engine.Engine | Col ('cid', 'name', 'type', 'notnull', 'dflt_value', 'pk')
2026-01-03 00:52:35 | [32mINFO[0m | sqlalchemy.engine.Engine | PRAGMA main.table_info("radio_queue")
2026-01-03 00:52:35 | [32mINFO[0m | sqlalchemy.engine.Engine | [raw sql] ()
2026-01-03 00:52:35 | [36mDEBUG[0m | aiosqlite | executing functools.partial(<built-in method cursor of sqlite3.Connection object at 0x000001BA83F84E50>)
2026-01-03 00:52:35 | [36mDEBUG[0m | aiosqlite | operation functools.partial(<built-in method cursor of sqlite3.Connection object at 0x000001BA83F84E50>) completed
2026-01-03 00:52:35 | [36mDEBUG[0m | aiosqlite | executing functools.partial(<built-in method execute of sqlite3.Cursor object at 0x000001BA83F27740>, 'PRAGMA main.table_info("radio_queue")', ())
2026-01-03 00:52:35 | [36mDEBUG[0m | aiosqlite | operation functools.partial(<built-in method execute of sqlite3.Cursor object at 0x000001BA83F27740>, 'PRAGMA main.table_info("radio_queue")', ()) completed
2026-01-03 00:52:35 | [36mDEBUG[0m | aiosqlite | executing functools.partial(<built-in method fetchall of sqlite3.Cursor object at 0x000001BA83F27740>)
2026-01-03 00:52:35 | [36mDEBUG[0m | aiosqlite | operation functools.partial(<built-in method fetchall of sqlite3.Cursor object at 0x000001BA83F27740>) completed
2026-01-03 00:52:35 | [36mDEBUG[0m | aiosqlite | executing functools.partial(<built-in method close of sqlite3.Cursor object at 0x000001BA83F27740>)
2026-01-03 00:52:35 | [36mDEBUG[0m | sqlalchemy.engine.Engine | Col ('cid', 'name', 'type', 'notnull', 'dflt_value', 'pk')
2026-01-03 00:52:35 | [36mDEBUG[0m | aiosqlite | operation functools.partial(<built-in method close of sqlite3.Cursor object at 0x000001BA83F27740>) completed
2026-01-03 00:52:35 | [32mINFO[0m | sqlalchemy.engine.Engine | PRAGMA temp.table_info("radio_queue")
2026-01-03 00:52:35 | [32mINFO[0m | sqlalchemy.engine.Engine | [raw sql] ()
2026-01-03 00:52:35 | [36mDEBUG[0m | aiosqlite | executing functools.partial(<built-in method cursor of sqlite3.Connection object at 0x000001BA83F84E50>)
2026-01-03 00:52:35 | [36mDEBUG[0m | aiosqlite | operation functools.partial(<built-in method cursor of sqlite3.Connection object at 0x000001BA83F84E50>) completed
2026-01-03 00:52:35 | [36mDEBUG[0m | aiosqlite | executing functools.partial(<built-in method execute of sqlite3.Cursor object at 0x000001BA83F279C0>, 'PRAGMA temp.table_info("radio_queue")', ())
2026-01-03 00:52:35 | [36mDEBUG[0m | aiosqlite | operation functools.partial(<built-in method execute of sqlite3.Cursor object at 0x000001BA83F279C0>, 'PRAGMA temp.table_info("radio_queue")', ()) completed
2026-01-03 00:52:35 | [36mDEBUG[0m | aiosqlite | executing functools.partial(<built-in method fetchall of sqlite3.Cursor object at 0x000001BA83F279C0>)
2026-01-03 00:52:35 | [36mDEBUG[0m | aiosqlite | operation functools.partial(<built-in method fetchall of sqlite3.Cursor object at 0x000001BA83F279C0>) completed
2026-01-03 00:52:35 | [36mDEBUG[0m | aiosqlite | executing functools.partial(<built-in method close of sqlite3.Cursor object at 0x000001BA83F279C0>)
2026-01-03 00:52:35 | [36mDEBUG[0m | aiosqlite | operation functools.partial(<built-in method close of sqlite3.Cursor object at 0x000001BA83F279C0>) completed
2026-01-03 00:52:35 | [36mDEBUG[0m | sqlalchemy.engine.Engine | Col ('cid', 'name', 'type', 'notnull', 'dflt_value', 'pk')
2026-01-03 00:52:35 | [32mINFO[0m | sqlalchemy.engine.Engine | PRAGMA main.table_info("songs")
2026-01-03 00:52:35 | [32mINFO[0m | sqlalchemy.engine.Engine | [raw sql] ()
2026-01-03 00:52:35 | [36mDEBUG[0m | aiosqlite | executing functools.partial(<built-in method cursor of sqlite3.Connection object at 0x000001BA83F84E50>)
2026-01-03 00:52:35 | [36mDEBUG[0m | aiosqlite | operation functools.partial(<built-in method cursor of sqlite3.Connection object at 0x000001BA83F84E50>) completed
2026-01-03 00:52:35 | [36mDEBUG[0m | aiosqlite | executing functools.partial(<built-in method execute of sqlite3.Cursor object at 0x000001BA83ECDCC0>, 'PRAGMA main.table_info("songs")', ())
2026-01-03 00:52:35 | [36mDEBUG[0m | aiosqlite | operation functools.partial(<built-in method execute of sqlite3.Cursor object at 0x000001BA83ECDCC0>, 'PRAGMA main.table_info("songs")', ()) completed
2026-01-03 00:52:35 | [36mDEBUG[0m | aiosqlite | executing functools.partial(<built-in method fetchall of sqlite3.Cursor object at 0x000001BA83ECDCC0>)
2026-01-03 00:52:35 | [36mDEBUG[0m | aiosqlite | operation functools.partial(<built-in method fetchall of sqlite3.Cursor object at 0x000001BA83ECDCC0>) completed
2026-01-03 00:52:35 | [36mDEBUG[0m | aiosqlite | executing functools.partial(<built-in method close of sqlite3.Cursor object at 0x000001BA83ECDCC0>)
2026-01-03 00:52:35 | [36mDEBUG[0m | aiosqlite | operation functools.partial(<built-in method close of sqlite3.Cursor object at 0x000001BA83ECDCC0>) completed
2026-01-03 00:52:35 | [36mDEBUG[0m | sqlalchemy.engine.Engine | Col ('cid', 'name', 'type', 'notnull', 'dflt_value', 'pk')
2026-01-03 00:52:35 | [32mINFO[0m | sqlalchemy.engine.Engine | PRAGMA temp.table_info("songs")
2026-01-03 00:52:35 | [32mINFO[0m | sqlalchemy.engine.Engine | [raw sql] ()
2026-01-03 00:52:35 | [36mDEBUG[0m | aiosqlite | executing functools.partial(<built-in method cursor of sqlite3.Connection object at 0x000001BA83F84E50>)
2026-01-03 00:52:35 | [36mDEBUG[0m | aiosqlite | operation functools.partial(<built-in method cursor of sqlite3.Connection object at 0x000001BA83F84E50>) completed
2026-01-03 00:52:35 | [36mDEBUG[0m | aiosqlite | executing functools.partial(<built-in method execute of sqlite3.Cursor object at 0x000001BA83FB46C0>, 'PRAGMA temp.table_info("songs")', ())
2026-01-03 00:52:35 | [36mDEBUG[0m | aiosqlite | operation functools.partial(<built-in method execute of sqlite3.Cursor object at 0x000001BA83FB46C0>, 'PRAGMA temp.table_info("songs")', ()) completed
2026-01-03 00:52:35 | [36mDEBUG[0m | aiosqlite | executing functools.partial(<built-in method fetchall of sqlite3.Cursor object at 0x000001BA83FB46C0>)
2026-01-03 00:52:35 | [36mDEBUG[0m | aiosqlite | operation functools.partial(<built-in method fetchall of sqlite3.Cursor object at 0x000001BA83FB46C0>) completed
2026-01-03 00:52:35 | [36mDEBUG[0m | aiosqlite | executing functools.partial(<built-in method close of sqlite3.Cursor object at 0x000001BA83FB46C0>)
2026-01-03 00:52:35 | [36mDEBUG[0m | aiosqlite | operation functools.partial(<built-in method close of sqlite3.Cursor object at 0x000001BA83FB46C0>) completed
2026-01-03 00:52:35 | [36mDEBUG[0m | sqlalchemy.engine.Engine | Col ('cid', 'name', 'type', 'notnull', 'dflt_value', 'pk')
2026-01-03 00:52:35 | [32mINFO[0m | sqlalchemy.engine.Engine | PRAGMA main.table_info("users")
2026-01-03 00:52:35 | [32mINFO[0m | sqlalchemy.engine.Engine | [raw sql] ()
2026-01-03 00:52:35 | [36mDEBUG[0m | aiosqlite | executing functools.partial(<built-in method cursor of sqlite3.Connection object at 0x000001BA83F84E50>)
2026-01-03 00:52:35 | [36mDEBUG[0m | aiosqlite | operation functools.partial(<built-in method cursor of sqlite3.Connection object at 0x000001BA83F84E50>) completed
2026-01-03 00:52:35 | [36mDEBUG[0m | aiosqlite | executing functools.partial(<built-in method execute of sqlite3.Cursor object at 0x000001BA83FB40C0>, 'PRAGMA main.table_info("users")', ())
2026-01-03 00:52:35 | [36mDEBUG[0m | aiosqlite | operation functools.partial(<built-in method execute of sqlite3.Cursor object at 0x000001BA83FB40C0>, 'PRAGMA main.table_info("users")', ()) completed
2026-01-03 00:52:35 | [36mDEBUG[0m | aiosqlite | executing functools.partial(<built-in method fetchall of sqlite3.Cursor object at 0x000001BA83FB40C0>)
2026-01-03 00:52:35 | [36mDEBUG[0m | aiosqlite | operation functools.partial(<built-in method fetchall of sqlite3.Cursor object at 0x000001BA83FB40C0>) completed
2026-01-03 00:52:35 | [36mDEBUG[0m | aiosqlite | executing functools.partial(<built-in method close of sqlite3.Cursor object at 0x000001BA83FB40C0>)
2026-01-03 00:52:35 | [36mDEBUG[0m | aiosqlite | operation functools.partial(<built-in method close of sqlite3.Cursor object at 0x000001BA83FB40C0>) completed
2026-01-03 00:52:35 | [36mDEBUG[0m | sqlalchemy.engine.Engine | Col ('cid', 'name', 'type', 'notnull', 'dflt_value', 'pk')
2026-01-03 00:52:35 | [32mINFO[0m | sqlalchemy.engine.Engine | PRAGMA temp.table_info("users")
2026-01-03 00:52:35 | [32mINFO[0m | sqlalchemy.engine.Engine | [raw sql] ()
2026-01-03 00:52:35 | [36mDEBUG[0m | aiosqlite | executing functools.partial(<built-in method cursor of sqlite3.Connection object at 0x000001BA83F84E50>)
2026-01-03 00:52:35 | [36mDEBUG[0m | aiosqlite | operation functools.partial(<built-in method cursor of sqlite3.Connection object at 0x000001BA83F84E50>) completed
2026-01-03 00:52:35 | [36mDEBUG[0m | aiosqlite | executing functools.partial(<built-in method execute of sqlite3.Cursor object at 0x000001BA83FB5A40>, 'PRAGMA temp.table_info("users")', ())
2026-01-03 00:52:35 | [36mDEBUG[0m | aiosqlite | operation functools.partial(<built-in method execute of sqlite3.Cursor object at 0x000001BA83FB5A40>, 'PRAGMA temp.table_info("users")', ()) completed
2026-01-03 00:52:35 | [36mDEBUG[0m | aiosqlite | executing functools.partial(<built-in method fetchall of sqlite3.Cursor object at 0x000001BA83FB5A40>)
2026-01-03 00:52:35 | [36mDEBUG[0m | aiosqlite | operation functools.partial(<built-in method fetchall of sqlite3.Cursor object at 0x000001BA83FB5A40>) completed
2026-01-03 00:52:35 | [36mDEBUG[0m | aiosqlite | executing functools.partial(<built-in method close of sqlite3.Cursor object at 0x000001BA83FB5A40>)
2026-01-03 00:52:35 | [36mDEBUG[0m | aiosqlite | operation functools.partial(<built-in method close of sqlite3.Cursor object at 0x000001BA83FB5A40>) completed
2026-01-03 00:52:35 | [36mDEBUG[0m | sqlalchemy.engine.Engine | Col ('cid', 'name', 'type', 'notnull', 'dflt_value', 'pk')
2026-01-03 00:52:35 | [32mINFO[0m | sqlalchemy.engine.Engine | PRAGMA main.table_info("votes")
2026-01-03 00:52:35 | [32mINFO[0m | sqlalchemy.engine.Engine | [raw sql] ()
2026-01-03 00:52:35 | [36mDEBUG[0m | aiosqlite | executing functools.partial(<built-in method cursor of sqlite3.Connection object at 0x000001BA83F84E50>)
2026-01-03 00:52:35 | [36mDEBUG[0m | aiosqlite | operation functools.partial(<built-in method cursor of sqlite3.Connection object at 0x000001BA83F84E50>) completed
2026-01-03 00:52:35 | [36mDEBUG[0m | aiosqlite | executing functools.partial(<built-in method execute of sqlite3.Cursor object at 0x000001BA83FB7040>, 'PRAGMA main.table_info("votes")', ())
2026-01-03 00:52:35 | [36mDEBUG[0m | aiosqlite | operation functools.partial(<built-in method execute of sqlite3.Cursor object at 0x000001BA83FB7040>, 'PRAGMA main.table_info("votes")', ()) completed
2026-01-03 00:52:35 | [36mDEBUG[0m | aiosqlite | executing functools.partial(<built-in method fetchall of sqlite3.Cursor object at 0x000001BA83FB7040>)
2026-01-03 00:52:35 | [36mDEBUG[0m | aiosqlite | operation functools.partial(<built-in method fetchall of sqlite3.Cursor object at 0x000001BA83FB7040>) completed
2026-01-03 00:52:35 | [36mDEBUG[0m | aiosqlite | executing functools.partial(<built-in method close of sqlite3.Cursor object at 0x000001BA83FB7040>)
2026-01-03 00:52:35 | [36mDEBUG[0m | aiosqlite | operation functools.partial(<built-in method close of sqlite3.Cursor object at 0x000001BA83FB7040>) completed
2026-01-03 00:52:35 | [36mDEBUG[0m | sqlalchemy.engine.Engine | Col ('cid', 'name', 'type', 'notnull', 'dflt_value', 'pk')
2026-01-03 00:52:35 | [32mINFO[0m | sqlalchemy.engine.Engine | PRAGMA temp.table_info("votes")
2026-01-03 00:52:35 | [32mINFO[0m | sqlalchemy.engine.Engine | [raw sql] ()
2026-01-03 00:52:35 | [36mDEBUG[0m | aiosqlite | executing functools.partial(<built-in method cursor of sqlite3.Connection object at 0x000001BA83F84E50>)
2026-01-03 00:52:35 | [36mDEBUG[0m | aiosqlite | operation functools.partial(<built-in method cursor of sqlite3.Connection object at 0x000001BA83F84E50>) completed
2026-01-03 00:52:35 | [36mDEBUG[0m | aiosqlite | executing functools.partial(<built-in method execute of sqlite3.Cursor object at 0x000001BA83FB7AC0>, 'PRAGMA temp.table_info("votes")', ())
2026-01-03 00:52:35 | [36mDEBUG[0m | aiosqlite | operation functools.partial(<built-in method execute of sqlite3.Cursor object at 0x000001BA83FB7AC0>, 'PRAGMA temp.table_info("votes")', ()) completed
2026-01-03 00:52:35 | [36mDEBUG[0m | aiosqlite | executing functools.partial(<built-in method fetchall of sqlite3.Cursor object at 0x000001BA83FB7AC0>)
2026-01-03 00:52:35 | [36mDEBUG[0m | aiosqlite | operation functools.partial(<built-in method fetchall of sqlite3.Cursor object at 0x000001BA83FB7AC0>) completed
2026-01-03 00:52:35 | [36mDEBUG[0m | aiosqlite | executing functools.partial(<built-in method close of sqlite3.Cursor object at 0x000001BA83FB7AC0>)
2026-01-03 00:52:35 | [36mDEBUG[0m | sqlalchemy.engine.Engine | Col ('cid', 'name', 'type', 'notnull', 'dflt_value', 'pk')
2026-01-03 00:52:35 | [36mDEBUG[0m | aiosqlite | operation functools.partial(<built-in method close of sqlite3.Cursor object at 0x000001BA83FB7AC0>) completed
2026-01-03 00:52:35 | [32mINFO[0m | sqlalchemy.engine.Engine | 
CREATE TABLE songs (
	id INTEGER NOT NULL, 
	suno_job_id VARCHAR(255), 
	suno_status VARCHAR(50) NOT NULL, 
	title VARCHAR(500), 
	artist VARCHAR(255) NOT NULL, 
	original_prompt TEXT, 
	enhanced_prompt TEXT, 
	style_prompt TEXT, 
	lyrics TEXT, 
	genre VARCHAR(100), 
	subgenre VARCHAR(100), 
	mood VARCHAR(100), 
	energy VARCHAR(50), 
	duration_seconds FLOAT, 
	bpm INTEGER, 
	"key" VARCHAR(10), 
	is_instrumental BOOLEAN NOT NULL, 
	audio_url VARCHAR(1000), 
	local_file_path VARCHAR(500), 
	file_size_bytes INTEGER, 
	audio_format VARCHAR(10) NOT NULL, 
	lufs_level FLOAT, 
	peak_db FLOAT, 
	is_normalized BOOLEAN NOT NULL, 
	generation_started_at DATETIME, 
	generation_completed_at DATETIME, 
	downloaded_at DATETIME, 
	play_count INTEGER NOT NULL, 
	total_upvotes INTEGER NOT NULL, 
	total_downvotes INTEGER NOT NULL, 
	is_approved BOOLEAN NOT NULL, 
	moderation_notes TEXT, 
	flagged_at DATETIME, 
	created_at DATETIME NOT NULL, 
	updated_at DATETIME NOT NULL, 
	CONSTRAINT pk_songs PRIMARY KEY (id)
)


2026-01-03 00:52:35 | [32mINFO[0m | sqlalchemy.engine.Engine | [no key 0.00034s] ()
2026-01-03 00:52:35 | [36mDEBUG[0m | aiosqlite | executing functools.partial(<built-in method cursor of sqlite3.Connection object at 0x000001BA83F84E50>)
2026-01-03 00:52:35 | [36mDEBUG[0m | aiosqlite | operation functools.partial(<built-in method cursor of sqlite3.Connection object at 0x000001BA83F84E50>) completed
2026-01-03 00:52:35 | [36mDEBUG[0m | aiosqlite | executing functools.partial(<built-in method execute of sqlite3.Cursor object at 0x000001BA83D9E0C0>, '\nCREATE TABLE songs (\n\tid INTEGER NOT NULL, \n\tsuno_job_id VARCHAR(255), \n\tsuno_status VARCHAR(50) NOT NULL, \n\ttitle VARCHAR(500), \n\tartist VARCHAR(255) NOT NULL, \n\toriginal_prompt TEXT, \n\tenhanced_prompt TEXT, \n\tstyle_prompt TEXT, \n\tlyrics TEXT, \n\tgenre VARCHAR(100), \n\tsubgenre VARCHAR(100), \n\tmood VARCHAR(100), \n\tenergy VARCHAR(50), \n\tduration_seconds FLOAT, \n\tbpm INTEGER, \n\t"key" VARCHAR(10), \n\tis_instrumental BOOLEAN NOT NULL, \n\taudio_url VARCHAR(1000), \n\tlocal_file_path VARCHAR(500), \n\tfile_size_bytes INTEGER, \n\taudio_format VARCHAR(10) NOT NULL, \n\tlufs_level FLOAT, \n\tpeak_db FLOAT, \n\tis_normalized BOOLEAN NOT NULL, \n\tgeneration_started_at DATETIME, \n\tgeneration_completed_at DATETIME, \n\tdownloaded_at DATETIME, \n\tplay_count INTEGER NOT NULL, \n\ttotal_upvotes INTEGER NOT NULL, \n\ttotal_downvotes INTEGER NOT NULL, \n\tis_approved BOOLEAN NOT NULL, \n\tmoderation_notes TEXT, \n\tflagged_at DATETIME, \n\tcreated_at DATETIME NOT NULL, \n\tupdated_at DATETIME NOT NULL, \n\tCONSTRAINT pk_songs PRIMARY KEY (id)\n)\n\n', ())
2026-01-03 00:52:35 | [36mDEBUG[0m | aiosqlite | operation functools.partial(<built-in method execute of sqlite3.Cursor object at 0x000001BA83D9E0C0>, '\nCREATE TABLE songs (\n\tid INTEGER NOT NULL, \n\tsuno_job_id VARCHAR(255), \n\tsuno_status VARCHAR(50) NOT NULL, \n\ttitle VARCHAR(500), \n\tartist VARCHAR(255) NOT NULL, \n\toriginal_prompt TEXT, \n\tenhanced_prompt TEXT, \n\tstyle_prompt TEXT, \n\tlyrics TEXT, \n\tgenre VARCHAR(100), \n\tsubgenre VARCHAR(100), \n\tmood VARCHAR(100), \n\tenergy VARCHAR(50), \n\tduration_seconds FLOAT, \n\tbpm INTEGER, \n\t"key" VARCHAR(10), \n\tis_instrumental BOOLEAN NOT NULL, \n\taudio_url VARCHAR(1000), \n\tlocal_file_path VARCHAR(500), \n\tfile_size_bytes INTEGER, \n\taudio_format VARCHAR(10) NOT NULL, \n\tlufs_level FLOAT, \n\tpeak_db FLOAT, \n\tis_normalized BOOLEAN NOT NULL, \n\tgeneration_started_at DATETIME, \n\tgeneration_completed_at DATETIME, \n\tdownloaded_at DATETIME, \n\tplay_count INTEGER NOT NULL, \n\ttotal_upvotes INTEGER NOT NULL, \n\ttotal_downvotes INTEGER NOT NULL, \n\tis_approved BOOLEAN NOT NULL, \n\tmoderation_notes TEXT, \n\tflagged_at DATETIME, \n\tcreated_at DATETIME NOT NULL, \n\tupdated_at DATETIME NOT NULL, \n\tCONSTRAINT pk_songs PRIMARY KEY (id)\n)\n\n', ()) completed
2026-01-03 00:52:35 | [36mDEBUG[0m | aiosqlite | executing functools.partial(<built-in method close of sqlite3.Cursor object at 0x000001BA83D9E0C0>)
2026-01-03 00:52:35 | [36mDEBUG[0m | aiosqlite | operation functools.partial(<built-in method close of sqlite3.Cursor object at 0x000001BA83D9E0C0>) completed
2026-01-03 00:52:35 | [32mINFO[0m | sqlalchemy.engine.Engine | CREATE UNIQUE INDEX ix_songs_suno_job_id ON songs (suno_job_id)
2026-01-03 00:52:35 | [32mINFO[0m | sqlalchemy.engine.Engine | [no key 0.00017s] ()
2026-01-03 00:52:35 | [36mDEBUG[0m | aiosqlite | executing functools.partial(<built-in method cursor of sqlite3.Connection object at 0x000001BA83F84E50>)
2026-01-03 00:52:35 | [36mDEBUG[0m | aiosqlite | operation functools.partial(<built-in method cursor of sqlite3.Connection object at 0x000001BA83F84E50>) completed
2026-01-03 00:52:35 | [36mDEBUG[0m | aiosqlite | executing functools.partial(<built-in method execute of sqlite3.Cursor object at 0x000001BA83FB7A40>, 'CREATE UNIQUE INDEX ix_songs_suno_job_id ON songs (suno_job_id)', ())
2026-01-03 00:52:35 | [36mDEBUG[0m | aiosqlite | operation functools.partial(<built-in method execute of sqlite3.Cursor object at 0x000001BA83FB7A40>, 'CREATE UNIQUE INDEX ix_songs_suno_job_id ON songs (suno_job_id)', ()) completed
2026-01-03 00:52:35 | [36mDEBUG[0m | aiosqlite | executing functools.partial(<built-in method close of sqlite3.Cursor object at 0x000001BA83FB7A40>)
2026-01-03 00:52:35 | [36mDEBUG[0m | aiosqlite | operation functools.partial(<built-in method close of sqlite3.Cursor object at 0x000001BA83FB7A40>) completed
2026-01-03 00:52:35 | [32mINFO[0m | sqlalchemy.engine.Engine | 
CREATE TABLE users (
	id INTEGER NOT NULL, 
	telegram_id BIGINT NOT NULL, 
	telegram_username VARCHAR(255), 
	telegram_first_name VARCHAR(255), 
	telegram_last_name VARCHAR(255), 
	reputation_score FLOAT NOT NULL, 
	total_requests INTEGER NOT NULL, 
	successful_requests INTEGER NOT NULL, 
	failed_requests INTEGER NOT NULL, 
	total_upvotes_received INTEGER NOT NULL, 
	total_downvotes_received INTEGER NOT NULL, 
	total_upvotes_given INTEGER NOT NULL, 
	total_downvotes_given INTEGER NOT NULL, 
	is_banned BOOLEAN NOT NULL, 
	is_premium BOOLEAN NOT NULL, 
	ban_reason TEXT, 
	banned_at DATETIME, 
	banned_until DATETIME, 
	last_request_at DATETIME, 
	last_vote_at DATETIME, 
	last_active_at DATETIME, 
	created_at DATETIME NOT NULL, 
	updated_at DATETIME NOT NULL, 
	CONSTRAINT pk_users PRIMARY KEY (id)
)


2026-01-03 00:52:35 | [32mINFO[0m | sqlalchemy.engine.Engine | [no key 0.00020s] ()
2026-01-03 00:52:35 | [36mDEBUG[0m | aiosqlite | executing functools.partial(<built-in method cursor of sqlite3.Connection object at 0x000001BA83F84E50>)
2026-01-03 00:52:35 | [36mDEBUG[0m | aiosqlite | operation functools.partial(<built-in method cursor of sqlite3.Connection object at 0x000001BA83F84E50>) completed
2026-01-03 00:52:35 | [36mDEBUG[0m | aiosqlite | executing functools.partial(<built-in method execute of sqlite3.Cursor object at 0x000001BA83FB4340>, '\nCREATE TABLE users (\n\tid INTEGER NOT NULL, \n\ttelegram_id BIGINT NOT NULL, \n\ttelegram_username VARCHAR(255), \n\ttelegram_first_name VARCHAR(255), \n\ttelegram_last_name VARCHAR(255), \n\treputation_score FLOAT NOT NULL, \n\ttotal_requests INTEGER NOT NULL, \n\tsuccessful_requests INTEGER NOT NULL, \n\tfailed_requests INTEGER NOT NULL, \n\ttotal_upvotes_received INTEGER NOT NULL, \n\ttotal_downvotes_received INTEGER NOT NULL, \n\ttotal_upvotes_given INTEGER NOT NULL, \n\ttotal_downvotes_given INTEGER NOT NULL, \n\tis_banned BOOLEAN NOT NULL, \n\tis_premium BOOLEAN NOT NULL, \n\tban_reason TEXT, \n\tbanned_at DATETIME, \n\tbanned_until DATETIME, \n\tlast_request_at DATETIME, \n\tlast_vote_at DATETIME, \n\tlast_active_at DATETIME, \n\tcreated_at DATETIME NOT NULL, \n\tupdated_at DATETIME NOT NULL, \n\tCONSTRAINT pk_users PRIMARY KEY (id)\n)\n\n', ())
2026-01-03 00:52:35 | [36mDEBUG[0m | aiosqlite | operation functools.partial(<built-in method execute of sqlite3.Cursor object at 0x000001BA83FB4340>, '\nCREATE TABLE users (\n\tid INTEGER NOT NULL, \n\ttelegram_id BIGINT NOT NULL, \n\ttelegram_username VARCHAR(255), \n\ttelegram_first_name VARCHAR(255), \n\ttelegram_last_name VARCHAR(255), \n\treputation_score FLOAT NOT NULL, \n\ttotal_requests INTEGER NOT NULL, \n\tsuccessful_requests INTEGER NOT NULL, \n\tfailed_requests INTEGER NOT NULL, \n\ttotal_upvotes_received INTEGER NOT NULL, \n\ttotal_downvotes_received INTEGER NOT NULL, \n\ttotal_upvotes_given INTEGER NOT NULL, \n\ttotal_downvotes_given INTEGER NOT NULL, \n\tis_banned BOOLEAN NOT NULL, \n\tis_premium BOOLEAN NOT NULL, \n\tban_reason TEXT, \n\tbanned_at DATETIME, \n\tbanned_until DATETIME, \n\tlast_request_at DATETIME, \n\tlast_vote_at DATETIME, \n\tlast_active_at DATETIME, \n\tcreated_at DATETIME NOT NULL, \n\tupdated_at DATETIME NOT NULL, \n\tCONSTRAINT pk_users PRIMARY KEY (id)\n)\n\n', ()) completed
2026-01-03 00:52:35 | [36mDEBUG[0m | aiosqlite | executing functools.partial(<built-in method close of sqlite3.Cursor object at 0x000001BA83FB4340>)
2026-01-03 00:52:35 | [32mINFO[0m | sqlalchemy.engine.Engine | CREATE UNIQUE INDEX ix_users_telegram_id ON users (telegram_id)
2026-01-03 00:52:35 | [36mDEBUG[0m | aiosqlite | operation functools.partial(<built-in method close of sqlite3.Cursor object at 0x000001BA83FB4340>) completed
2026-01-03 00:52:35 | [32mINFO[0m | sqlalchemy.engine.Engine | [no key 0.00024s] ()
2026-01-03 00:52:35 | [36mDEBUG[0m | aiosqlite | executing functools.partial(<built-in method cursor of sqlite3.Connection object at 0x000001BA83F84E50>)
2026-01-03 00:52:35 | [36mDEBUG[0m | aiosqlite | operation functools.partial(<built-in method cursor of sqlite3.Connection object at 0x000001BA83F84E50>) completed
2026-01-03 00:52:35 | [36mDEBUG[0m | aiosqlite | executing functools.partial(<built-in method execute of sqlite3.Cursor object at 0x000001BA83FB54C0>, 'CREATE UNIQUE INDEX ix_users_telegram_id ON users (telegram_id)', ())
2026-01-03 00:52:35 | [36mDEBUG[0m | aiosqlite | operation functools.partial(<built-in method execute of sqlite3.Cursor object at 0x000001BA83FB54C0>, 'CREATE UNIQUE INDEX ix_users_telegram_id ON users (telegram_id)', ()) completed
2026-01-03 00:52:35 | [36mDEBUG[0m | aiosqlite | executing functools.partial(<built-in method close of sqlite3.Cursor object at 0x000001BA83FB54C0>)
2026-01-03 00:52:35 | [36mDEBUG[0m | aiosqlite | operation functools.partial(<built-in method close of sqlite3.Cursor object at 0x000001BA83FB54C0>) completed
2026-01-03 00:52:35 | [32mINFO[0m | sqlalchemy.engine.Engine | 
CREATE TABLE chat_messages (
	id INTEGER NOT NULL, 
	user_id INTEGER, 
	content TEXT NOT NULL, 
	message_type VARCHAR(20) NOT NULL, 
	is_deleted BOOLEAN NOT NULL, 
	deleted_by_id INTEGER, 
	deleted_at DATETIME, 
	delete_reason VARCHAR(255), 
	reply_to_id INTEGER, 
	created_at DATETIME NOT NULL, 
	updated_at DATETIME NOT NULL, 
	CONSTRAINT pk_chat_messages PRIMARY KEY (id), 
	CONSTRAINT fk_chat_messages_user_id_users FOREIGN KEY(user_id) REFERENCES users (id) ON DELETE SET NULL, 
	CONSTRAINT fk_chat_messages_reply_to_id_chat_messages FOREIGN KEY(reply_to_id) REFERENCES chat_messages (id) ON DELETE SET NULL
)


2026-01-03 00:52:35 | [32mINFO[0m | sqlalchemy.engine.Engine | [no key 0.00019s] ()
2026-01-03 00:52:35 | [36mDEBUG[0m | aiosqlite | executing functools.partial(<built-in method cursor of sqlite3.Connection object at 0x000001BA83F84E50>)
2026-01-03 00:52:35 | [36mDEBUG[0m | aiosqlite | operation functools.partial(<built-in method cursor of sqlite3.Connection object at 0x000001BA83F84E50>) completed
2026-01-03 00:52:35 | [36mDEBUG[0m | aiosqlite | executing functools.partial(<built-in method execute of sqlite3.Cursor object at 0x000001BA83FB5940>, '\nCREATE TABLE chat_messages (\n\tid INTEGER NOT NULL, \n\tuser_id INTEGER, \n\tcontent TEXT NOT NULL, \n\tmessage_type VARCHAR(20) NOT NULL, \n\tis_deleted BOOLEAN NOT NULL, \n\tdeleted_by_id INTEGER, \n\tdeleted_at DATETIME, \n\tdelete_reason VARCHAR(255), \n\treply_to_id INTEGER, \n\tcreated_at DATETIME NOT NULL, \n\tupdated_at DATETIME NOT NULL, \n\tCONSTRAINT pk_chat_messages PRIMARY KEY (id), \n\tCONSTRAINT fk_chat_messages_user_id_users FOREIGN KEY(user_id) REFERENCES users (id) ON DELETE SET NULL, \n\tCONSTRAINT fk_chat_messages_reply_to_id_chat_messages FOREIGN KEY(reply_to_id) REFERENCES chat_messages (id) ON DELETE SET NULL\n)\n\n', ())
2026-01-03 00:52:35 | [36mDEBUG[0m | aiosqlite | operation functools.partial(<built-in method execute of sqlite3.Cursor object at 0x000001BA83FB5940>, '\nCREATE TABLE chat_messages (\n\tid INTEGER NOT NULL, \n\tuser_id INTEGER, \n\tcontent TEXT NOT NULL, \n\tmessage_type VARCHAR(20) NOT NULL, \n\tis_deleted BOOLEAN NOT NULL, \n\tdeleted_by_id INTEGER, \n\tdeleted_at DATETIME, \n\tdelete_reason VARCHAR(255), \n\treply_to_id INTEGER, \n\tcreated_at DATETIME NOT NULL, \n\tupdated_at DATETIME NOT NULL, \n\tCONSTRAINT pk_chat_messages PRIMARY KEY (id), \n\tCONSTRAINT fk_chat_messages_user_id_users FOREIGN KEY(user_id) REFERENCES users (id) ON DELETE SET NULL, \n\tCONSTRAINT fk_chat_messages_reply_to_id_chat_messages FOREIGN KEY(reply_to_id) REFERENCES chat_messages (id) ON DELETE SET NULL\n)\n\n', ()) completed
2026-01-03 00:52:35 | [36mDEBUG[0m | aiosqlite | executing functools.partial(<built-in method close of sqlite3.Cursor object at 0x000001BA83FB5940>)
2026-01-03 00:52:35 | [32mINFO[0m | sqlalchemy.engine.Engine | 
CREATE TABLE radio_history (
	id INTEGER NOT NULL, 
	song_id INTEGER NOT NULL, 
	queue_id INTEGER, 
	played_at DATETIME NOT NULL, 
	ended_at DATETIME, 
	duration_played_seconds FLOAT, 
	broadcast_file_path VARCHAR(500), 
	stream_mount VARCHAR(100), 
	requester_telegram_id BIGINT, 
	requester_username VARCHAR(255), 
	song_title VARCHAR(500), 
	song_artist VARCHAR(255), 
	song_genre VARCHAR(100), 
	had_dj_intro BOOLEAN NOT NULL, 
	dj_intro_text TEXT, 
	listener_count INTEGER, 
	upvotes_during_play INTEGER NOT NULL, 
	downvotes_during_play INTEGER NOT NULL, 
	skips_requested INTEGER NOT NULL, 
	created_at DATETIME NOT NULL, 
	updated_at DATETIME NOT NULL, 
	CONSTRAINT pk_radio_history PRIMARY KEY (id), 
	CONSTRAINT fk_radio_history_song_id_songs FOREIGN KEY(song_id) REFERENCES songs (id)
)


2026-01-03 00:52:35 | [36mDEBUG[0m | aiosqlite | operation functools.partial(<built-in method close of sqlite3.Cursor object at 0x000001BA83FB5940>) completed
2026-01-03 00:52:35 | [32mINFO[0m | sqlalchemy.engine.Engine | [no key 0.00027s] ()
2026-01-03 00:52:35 | [36mDEBUG[0m | aiosqlite | executing functools.partial(<built-in method cursor of sqlite3.Connection object at 0x000001BA83F84E50>)
2026-01-03 00:52:35 | [36mDEBUG[0m | aiosqlite | operation functools.partial(<built-in method cursor of sqlite3.Connection object at 0x000001BA83F84E50>) completed
2026-01-03 00:52:35 | [36mDEBUG[0m | aiosqlite | executing functools.partial(<built-in method execute of sqlite3.Cursor object at 0x000001BA83FB5340>, '\nCREATE TABLE radio_history (\n\tid INTEGER NOT NULL, \n\tsong_id INTEGER NOT NULL, \n\tqueue_id INTEGER, \n\tplayed_at DATETIME NOT NULL, \n\tended_at DATETIME, \n\tduration_played_seconds FLOAT, \n\tbroadcast_file_path VARCHAR(500), \n\tstream_mount VARCHAR(100), \n\trequester_telegram_id BIGINT, \n\trequester_username VARCHAR(255), \n\tsong_title VARCHAR(500), \n\tsong_artist VARCHAR(255), \n\tsong_genre VARCHAR(100), \n\thad_dj_intro BOOLEAN NOT NULL, \n\tdj_intro_text TEXT, \n\tlistener_count INTEGER, \n\tupvotes_during_play INTEGER NOT NULL, \n\tdownvotes_during_play INTEGER NOT NULL, \n\tskips_requested INTEGER NOT NULL, \n\tcreated_at DATETIME NOT NULL, \n\tupdated_at DATETIME NOT NULL, \n\tCONSTRAINT pk_radio_history PRIMARY KEY (id), \n\tCONSTRAINT fk_radio_history_song_id_songs FOREIGN KEY(song_id) REFERENCES songs (id)\n)\n\n', ())
2026-01-03 00:52:35 | [36mDEBUG[0m | aiosqlite | operation functools.partial(<built-in method execute of sqlite3.Cursor object at 0x000001BA83FB5340>, '\nCREATE TABLE radio_history (\n\tid INTEGER NOT NULL, \n\tsong_id INTEGER NOT NULL, \n\tqueue_id INTEGER, \n\tplayed_at DATETIME NOT NULL, \n\tended_at DATETIME, \n\tduration_played_seconds FLOAT, \n\tbroadcast_file_path VARCHAR(500), \n\tstream_mount VARCHAR(100), \n\trequester_telegram_id BIGINT, \n\trequester_username VARCHAR(255), \n\tsong_title VARCHAR(500), \n\tsong_artist VARCHAR(255), \n\tsong_genre VARCHAR(100), \n\thad_dj_intro BOOLEAN NOT NULL, \n\tdj_intro_text TEXT, \n\tlistener_count INTEGER, \n\tupvotes_during_play INTEGER NOT NULL, \n\tdownvotes_during_play INTEGER NOT NULL, \n\tskips_requested INTEGER NOT NULL, \n\tcreated_at DATETIME NOT NULL, \n\tupdated_at DATETIME NOT NULL, \n\tCONSTRAINT pk_radio_history PRIMARY KEY (id), \n\tCONSTRAINT fk_radio_history_song_id_songs FOREIGN KEY(song_id) REFERENCES songs (id)\n)\n\n', ()) completed
2026-01-03 00:52:35 | [36mDEBUG[0m | aiosqlite | executing functools.partial(<built-in method close of sqlite3.Cursor object at 0x000001BA83FB5340>)
2026-01-03 00:52:35 | [36mDEBUG[0m | aiosqlite | operation functools.partial(<built-in method close of sqlite3.Cursor object at 0x000001BA83FB5340>) completed
2026-01-03 00:52:35 | [32mINFO[0m | sqlalchemy.engine.Engine | CREATE INDEX ix_radio_history_song_id ON radio_history (song_id)
2026-01-03 00:52:35 | [32mINFO[0m | sqlalchemy.engine.Engine | [no key 0.00028s] ()
2026-01-03 00:52:35 | [36mDEBUG[0m | aiosqlite | executing functools.partial(<built-in method cursor of sqlite3.Connection object at 0x000001BA83F84E50>)
2026-01-03 00:52:35 | [36mDEBUG[0m | aiosqlite | operation functools.partial(<built-in method cursor of sqlite3.Connection object at 0x000001BA83F84E50>) completed
2026-01-03 00:52:35 | [36mDEBUG[0m | aiosqlite | executing functools.partial(<built-in method execute of sqlite3.Cursor object at 0x000001BA83D3B9C0>, 'CREATE INDEX ix_radio_history_song_id ON radio_history (song_id)', ())
2026-01-03 00:52:35 | [36mDEBUG[0m | aiosqlite | operation functools.partial(<built-in method execute of sqlite3.Cursor object at 0x000001BA83D3B9C0>, 'CREATE INDEX ix_radio_history_song_id ON radio_history (song_id)', ()) completed
2026-01-03 00:52:35 | [36mDEBUG[0m | aiosqlite | executing functools.partial(<built-in method close of sqlite3.Cursor object at 0x000001BA83D3B9C0>)
2026-01-03 00:52:35 | [32mINFO[0m | sqlalchemy.engine.Engine | CREATE INDEX ix_radio_history_queue_id ON radio_history (queue_id)
2026-01-03 00:52:35 | [36mDEBUG[0m | aiosqlite | operation functools.partial(<built-in method close of sqlite3.Cursor object at 0x000001BA83D3B9C0>) completed
2026-01-03 00:52:35 | [32mINFO[0m | sqlalchemy.engine.Engine | [no key 0.00022s] ()
2026-01-03 00:52:35 | [36mDEBUG[0m | aiosqlite | executing functools.partial(<built-in method cursor of sqlite3.Connection object at 0x000001BA83F84E50>)
2026-01-03 00:52:35 | [36mDEBUG[0m | aiosqlite | operation functools.partial(<built-in method cursor of sqlite3.Connection object at 0x000001BA83F84E50>) completed
2026-01-03 00:52:35 | [36mDEBUG[0m | aiosqlite | executing functools.partial(<built-in method execute of sqlite3.Cursor object at 0x000001BA83D39740>, 'CREATE INDEX ix_radio_history_queue_id ON radio_history (queue_id)', ())
2026-01-03 00:52:35 | [36mDEBUG[0m | aiosqlite | operation functools.partial(<built-in method execute of sqlite3.Cursor object at 0x000001BA83D39740>, 'CREATE INDEX ix_radio_history_queue_id ON radio_history (queue_id)', ()) completed
2026-01-03 00:52:35 | [36mDEBUG[0m | aiosqlite | executing functools.partial(<built-in method close of sqlite3.Cursor object at 0x000001BA83D39740>)
2026-01-03 00:52:35 | [32mINFO[0m | sqlalchemy.engine.Engine | CREATE INDEX ix_radio_history_played_at ON radio_history (played_at)
2026-01-03 00:52:35 | [36mDEBUG[0m | aiosqlite | operation functools.partial(<built-in method close of sqlite3.Cursor object at 0x000001BA83D39740>) completed
2026-01-03 00:52:35 | [32mINFO[0m | sqlalchemy.engine.Engine | [no key 0.00042s] ()
2026-01-03 00:52:35 | [36mDEBUG[0m | aiosqlite | executing functools.partial(<built-in method cursor of sqlite3.Connection object at 0x000001BA83F84E50>)
2026-01-03 00:52:35 | [36mDEBUG[0m | aiosqlite | operation functools.partial(<built-in method cursor of sqlite3.Connection object at 0x000001BA83F84E50>) completed
2026-01-03 00:52:35 | [36mDEBUG[0m | aiosqlite | executing functools.partial(<built-in method execute of sqlite3.Cursor object at 0x000001BA83FB5E40>, 'CREATE INDEX ix_radio_history_played_at ON radio_history (played_at)', ())
2026-01-03 00:52:35 | [36mDEBUG[0m | aiosqlite | operation functools.partial(<built-in method execute of sqlite3.Cursor object at 0x000001BA83FB5E40>, 'CREATE INDEX ix_radio_history_played_at ON radio_history (played_at)', ()) completed
2026-01-03 00:52:35 | [36mDEBUG[0m | aiosqlite | executing functools.partial(<built-in method close of sqlite3.Cursor object at 0x000001BA83FB5E40>)
2026-01-03 00:52:35 | [36mDEBUG[0m | aiosqlite | operation functools.partial(<built-in method close of sqlite3.Cursor object at 0x000001BA83FB5E40>) completed
2026-01-03 00:52:35 | [32mINFO[0m | sqlalchemy.engine.Engine | 
CREATE TABLE radio_queue (
	id INTEGER NOT NULL, 
	user_id INTEGER, 
	telegram_user_id BIGINT, 
	telegram_message_id BIGINT, 
	song_id INTEGER, 
	original_prompt TEXT NOT NULL, 
	enhanced_prompt TEXT, 
	genre_hint VARCHAR(100), 
	is_instrumental BOOLEAN NOT NULL, 
	status VARCHAR(50) NOT NULL, 
	suno_job_id VARCHAR(255), 
	error_message TEXT, 
	retry_count INTEGER NOT NULL, 
	max_retries INTEGER NOT NULL, 
	base_priority FLOAT NOT NULL, 
	priority_score FLOAT NOT NULL, 
	is_priority_boost BOOLEAN NOT NULL, 
	priority_boost_reason VARCHAR(255), 
	upvotes INTEGER NOT NULL, 
	downvotes INTEGER NOT NULL, 
	requested_at DATETIME NOT NULL, 
	queued_at DATETIME, 
	generation_started_at DATETIME, 
	generation_completed_at DATETIME, 
	broadcast_started_at DATETIME, 
	completed_at DATETIME, 
	is_moderated BOOLEAN NOT NULL, 
	moderation_passed BOOLEAN, 
	moderation_reason TEXT, 
	has_dj_intro BOOLEAN NOT NULL, 
	dj_intro_path VARCHAR(500), 
	created_at DATETIME NOT NULL, 
	updated_at DATETIME NOT NULL, 
	CONSTRAINT pk_radio_queue PRIMARY KEY (id), 
	CONSTRAINT fk_radio_queue_user_id_users FOREIGN KEY(user_id) REFERENCES users (id), 
	CONSTRAINT fk_radio_queue_song_id_songs FOREIGN KEY(song_id) REFERENCES songs (id)
)


2026-01-03 00:52:35 | [32mINFO[0m | sqlalchemy.engine.Engine | [no key 0.00033s] ()
2026-01-03 00:52:35 | [36mDEBUG[0m | aiosqlite | executing functools.partial(<built-in method cursor of sqlite3.Connection object at 0x000001BA83F84E50>)
2026-01-03 00:52:35 | [36mDEBUG[0m | aiosqlite | operation functools.partial(<built-in method cursor of sqlite3.Connection object at 0x000001BA83F84E50>) completed
2026-01-03 00:52:35 | [36mDEBUG[0m | aiosqlite | executing functools.partial(<built-in method execute of sqlite3.Cursor object at 0x000001BA83D9EEC0>, '\nCREATE TABLE radio_queue (\n\tid INTEGER NOT NULL, \n\tuser_id INTEGER, \n\ttelegram_user_id BIGINT, \n\ttelegram_message_id BIGINT, \n\tsong_id INTEGER, \n\toriginal_prompt TEXT NOT NULL, \n\tenhanced_prompt TEXT, \n\tgenre_hint VARCHAR(100), \n\tis_instrumental BOOLEAN NOT NULL, \n\tstatus VARCHAR(50) NOT NULL, \n\tsuno_job_id VARCHAR(255), \n\terror_message TEXT, \n\tretry_count INTEGER NOT NULL, \n\tmax_retries INTEGER NOT NULL, \n\tbase_priority FLOAT NOT NULL, \n\tpriority_score FLOAT NOT NULL, \n\tis_priority_boost BOOLEAN NOT NULL, \n\tpriority_boost_reason VARCHAR(255), \n\tupvotes INTEGER NOT NULL, \n\tdownvotes INTEGER NOT NULL, \n\trequested_at DATETIME NOT NULL, \n\tqueued_at DATETIME, \n\tgeneration_started_at DATETIME, \n\tgeneration_completed_at DATETIME, \n\tbroadcast_started_at DATETIME, \n\tcompleted_at DATETIME, \n\tis_moderated BOOLEAN NOT NULL, \n\tmoderation_passed BOOLEAN, \n\tmoderation_reason TEXT, \n\thas_dj_intro BOOLEAN NOT NULL, \n\tdj_intro_path VARCHAR(500), \n\tcreated_at DATETIME NOT NULL, \n\tupdated_at DATETIME NOT NULL, \n\tCONSTRAINT pk_radio_queue PRIMARY KEY (id), \n\tCONSTRAINT fk_radio_queue_user_id_users FOREIGN KEY(user_id) REFERENCES users (id), \n\tCONSTRAINT fk_radio_queue_song_id_songs FOREIGN KEY(song_id) REFERENCES songs (id)\n)\n\n', ())
2026-01-03 00:52:35 | [36mDEBUG[0m | aiosqlite | operation functools.partial(<built-in method execute of sqlite3.Cursor object at 0x000001BA83D9EEC0>, '\nCREATE TABLE radio_queue (\n\tid INTEGER NOT NULL, \n\tuser_id INTEGER, \n\ttelegram_user_id BIGINT, \n\ttelegram_message_id BIGINT, \n\tsong_id INTEGER, \n\toriginal_prompt TEXT NOT NULL, \n\tenhanced_prompt TEXT, \n\tgenre_hint VARCHAR(100), \n\tis_instrumental BOOLEAN NOT NULL, \n\tstatus VARCHAR(50) NOT NULL, \n\tsuno_job_id VARCHAR(255), \n\terror_message TEXT, \n\tretry_count INTEGER NOT NULL, \n\tmax_retries INTEGER NOT NULL, \n\tbase_priority FLOAT NOT NULL, \n\tpriority_score FLOAT NOT NULL, \n\tis_priority_boost BOOLEAN NOT NULL, \n\tpriority_boost_reason VARCHAR(255), \n\tupvotes INTEGER NOT NULL, \n\tdownvotes INTEGER NOT NULL, \n\trequested_at DATETIME NOT NULL, \n\tqueued_at DATETIME, \n\tgeneration_started_at DATETIME, \n\tgeneration_completed_at DATETIME, \n\tbroadcast_started_at DATETIME, \n\tcompleted_at DATETIME, \n\tis_moderated BOOLEAN NOT NULL, \n\tmoderation_passed BOOLEAN, \n\tmoderation_reason TEXT, \n\thas_dj_intro BOOLEAN NOT NULL, \n\tdj_intro_path VARCHAR(500), \n\tcreated_at DATETIME NOT NULL, \n\tupdated_at DATETIME NOT NULL, \n\tCONSTRAINT pk_radio_queue PRIMARY KEY (id), \n\tCONSTRAINT fk_radio_queue_user_id_users FOREIGN KEY(user_id) REFERENCES users (id), \n\tCONSTRAINT fk_radio_queue_song_id_songs FOREIGN KEY(song_id) REFERENCES songs (id)\n)\n\n', ()) completed
2026-01-03 00:52:35 | [36mDEBUG[0m | aiosqlite | executing functools.partial(<built-in method close of sqlite3.Cursor object at 0x000001BA83D9EEC0>)
2026-01-03 00:52:35 | [36mDEBUG[0m | aiosqlite | operation functools.partial(<built-in method close of sqlite3.Cursor object at 0x000001BA83D9EEC0>) completed
2026-01-03 00:52:35 | [32mINFO[0m | sqlalchemy.engine.Engine | CREATE INDEX ix_radio_queue_song_id ON radio_queue (song_id)
2026-01-03 00:52:35 | [32mINFO[0m | sqlalchemy.engine.Engine | [no key 0.00025s] ()
2026-01-03 00:52:35 | [36mDEBUG[0m | aiosqlite | executing functools.partial(<built-in method cursor of sqlite3.Connection object at 0x000001BA83F84E50>)
2026-01-03 00:52:35 | [36mDEBUG[0m | aiosqlite | operation functools.partial(<built-in method cursor of sqlite3.Connection object at 0x000001BA83F84E50>) completed
2026-01-03 00:52:35 | [36mDEBUG[0m | aiosqlite | executing functools.partial(<built-in method execute of sqlite3.Cursor object at 0x000001BA83FCCB40>, 'CREATE INDEX ix_radio_queue_song_id ON radio_queue (song_id)', ())
2026-01-03 00:52:35 | [36mDEBUG[0m | aiosqlite | operation functools.partial(<built-in method execute of sqlite3.Cursor object at 0x000001BA83FCCB40>, 'CREATE INDEX ix_radio_queue_song_id ON radio_queue (song_id)', ()) completed
2026-01-03 00:52:35 | [36mDEBUG[0m | aiosqlite | executing functools.partial(<built-in method close of sqlite3.Cursor object at 0x000001BA83FCCB40>)
2026-01-03 00:52:35 | [32mINFO[0m | sqlalchemy.engine.Engine | CREATE INDEX ix_radio_queue_telegram_user_id ON radio_queue (telegram_user_id)
2026-01-03 00:52:35 | [36mDEBUG[0m | aiosqlite | operation functools.partial(<built-in method close of sqlite3.Cursor object at 0x000001BA83FCCB40>) completed
2026-01-03 00:52:35 | [32mINFO[0m | sqlalchemy.engine.Engine | [no key 0.00023s] ()
2026-01-03 00:52:35 | [36mDEBUG[0m | aiosqlite | executing functools.partial(<built-in method cursor of sqlite3.Connection object at 0x000001BA83F84E50>)
2026-01-03 00:52:35 | [36mDEBUG[0m | aiosqlite | operation functools.partial(<built-in method cursor of sqlite3.Connection object at 0x000001BA83F84E50>) completed
2026-01-03 00:52:35 | [36mDEBUG[0m | aiosqlite | executing functools.partial(<built-in method execute of sqlite3.Cursor object at 0x000001BA83FCD2C0>, 'CREATE INDEX ix_radio_queue_telegram_user_id ON radio_queue (telegram_user_id)', ())
2026-01-03 00:52:35 | [36mDEBUG[0m | aiosqlite | operation functools.partial(<built-in method execute of sqlite3.Cursor object at 0x000001BA83FCD2C0>, 'CREATE INDEX ix_radio_queue_telegram_user_id ON radio_queue (telegram_user_id)', ()) completed
2026-01-03 00:52:35 | [36mDEBUG[0m | aiosqlite | executing functools.partial(<built-in method close of sqlite3.Cursor object at 0x000001BA83FCD2C0>)
2026-01-03 00:52:35 | [32mINFO[0m | sqlalchemy.engine.Engine | CREATE INDEX ix_radio_queue_user_id ON radio_queue (user_id)
2026-01-03 00:52:35 | [36mDEBUG[0m | aiosqlite | operation functools.partial(<built-in method close of sqlite3.Cursor object at 0x000001BA83FCD2C0>) completed
2026-01-03 00:52:35 | [32mINFO[0m | sqlalchemy.engine.Engine | [no key 0.00028s] ()
2026-01-03 00:52:35 | [36mDEBUG[0m | aiosqlite | executing functools.partial(<built-in method cursor of sqlite3.Connection object at 0x000001BA83F84E50>)
2026-01-03 00:52:35 | [36mDEBUG[0m | aiosqlite | operation functools.partial(<built-in method cursor of sqlite3.Connection object at 0x000001BA83F84E50>) completed
2026-01-03 00:52:35 | [36mDEBUG[0m | aiosqlite | executing functools.partial(<built-in method execute of sqlite3.Cursor object at 0x000001BA83FCDF40>, 'CREATE INDEX ix_radio_queue_user_id ON radio_queue (user_id)', ())
2026-01-03 00:52:35 | [36mDEBUG[0m | aiosqlite | operation functools.partial(<built-in method execute of sqlite3.Cursor object at 0x000001BA83FCDF40>, 'CREATE INDEX ix_radio_queue_user_id ON radio_queue (user_id)', ()) completed
2026-01-03 00:52:35 | [36mDEBUG[0m | aiosqlite | executing functools.partial(<built-in method close of sqlite3.Cursor object at 0x000001BA83FCDF40>)
2026-01-03 00:52:35 | [36mDEBUG[0m | aiosqlite | operation functools.partial(<built-in method close of sqlite3.Cursor object at 0x000001BA83FCDF40>) completed
2026-01-03 00:52:35 | [32mINFO[0m | sqlalchemy.engine.Engine | CREATE INDEX ix_radio_queue_status ON radio_queue (status)
2026-01-03 00:52:35 | [32mINFO[0m | sqlalchemy.engine.Engine | [no key 0.00017s] ()
2026-01-03 00:52:35 | [36mDEBUG[0m | aiosqlite | executing functools.partial(<built-in method cursor of sqlite3.Connection object at 0x000001BA83F84E50>)
2026-01-03 00:52:35 | [36mDEBUG[0m | aiosqlite | operation functools.partial(<built-in method cursor of sqlite3.Connection object at 0x000001BA83F84E50>) completed
2026-01-03 00:52:35 | [36mDEBUG[0m | aiosqlite | executing functools.partial(<built-in method execute of sqlite3.Cursor object at 0x000001BA83FCCC40>, 'CREATE INDEX ix_radio_queue_status ON radio_queue (status)', ())
2026-01-03 00:52:35 | [36mDEBUG[0m | aiosqlite | operation functools.partial(<built-in method execute of sqlite3.Cursor object at 0x000001BA83FCCC40>, 'CREATE INDEX ix_radio_queue_status ON radio_queue (status)', ()) completed
2026-01-03 00:52:35 | [36mDEBUG[0m | aiosqlite | executing functools.partial(<built-in method close of sqlite3.Cursor object at 0x000001BA83FCCC40>)
2026-01-03 00:52:35 | [36mDEBUG[0m | aiosqlite | operation functools.partial(<built-in method close of sqlite3.Cursor object at 0x000001BA83FCCC40>) completed
2026-01-03 00:52:35 | [32mINFO[0m | sqlalchemy.engine.Engine | CREATE INDEX ix_radio_queue_priority_score ON radio_queue (priority_score)
2026-01-03 00:52:35 | [32mINFO[0m | sqlalchemy.engine.Engine | [no key 0.00030s] ()
2026-01-03 00:52:35 | [36mDEBUG[0m | aiosqlite | executing functools.partial(<built-in method cursor of sqlite3.Connection object at 0x000001BA83F84E50>)
2026-01-03 00:52:35 | [36mDEBUG[0m | aiosqlite | operation functools.partial(<built-in method cursor of sqlite3.Connection object at 0x000001BA83F84E50>) completed
2026-01-03 00:52:35 | [36mDEBUG[0m | aiosqlite | executing functools.partial(<built-in method execute of sqlite3.Cursor object at 0x000001BA83FCDFC0>, 'CREATE INDEX ix_radio_queue_priority_score ON radio_queue (priority_score)', ())
2026-01-03 00:52:35 | [36mDEBUG[0m | aiosqlite | operation functools.partial(<built-in method execute of sqlite3.Cursor object at 0x000001BA83FCDFC0>, 'CREATE INDEX ix_radio_queue_priority_score ON radio_queue (priority_score)', ()) completed
2026-01-03 00:52:35 | [36mDEBUG[0m | aiosqlite | executing functools.partial(<built-in method close of sqlite3.Cursor object at 0x000001BA83FCDFC0>)
2026-01-03 00:52:35 | [36mDEBUG[0m | aiosqlite | operation functools.partial(<built-in method close of sqlite3.Cursor object at 0x000001BA83FCDFC0>) completed
2026-01-03 00:52:35 | [32mINFO[0m | sqlalchemy.engine.Engine | 
CREATE TABLE votes (
	id INTEGER NOT NULL, 
	user_id INTEGER NOT NULL, 
	telegram_user_id BIGINT, 
	queue_item_id INTEGER NOT NULL, 
	vote_type VARCHAR(20) NOT NULL, 
	voted_at DATETIME NOT NULL, 
	previous_vote_type VARCHAR(20), 
	changed_at DATETIME, 
	source VARCHAR(50) NOT NULL, 
	telegram_callback_id VARCHAR(255), 
	created_at DATETIME NOT NULL, 
	updated_at DATETIME NOT NULL, 
	CONSTRAINT pk_votes PRIMARY KEY (id), 
	CONSTRAINT uq_votes_user_queue UNIQUE (user_id, queue_item_id), 
	CONSTRAINT fk_votes_user_id_users FOREIGN KEY(user_id) REFERENCES users (id), 
	CONSTRAINT fk_votes_queue_item_id_radio_queue FOREIGN KEY(queue_item_id) REFERENCES radio_queue (id)
)


2026-01-03 00:52:35 | [32mINFO[0m | sqlalchemy.engine.Engine | [no key 0.00040s] ()
2026-01-03 00:52:35 | [36mDEBUG[0m | aiosqlite | executing functools.partial(<built-in method cursor of sqlite3.Connection object at 0x000001BA83F84E50>)
2026-01-03 00:52:35 | [36mDEBUG[0m | aiosqlite | operation functools.partial(<built-in method cursor of sqlite3.Connection object at 0x000001BA83F84E50>) completed
2026-01-03 00:52:35 | [36mDEBUG[0m | aiosqlite | executing functools.partial(<built-in method execute of sqlite3.Cursor object at 0x000001BA83D3AA40>, '\nCREATE TABLE votes (\n\tid INTEGER NOT NULL, \n\tuser_id INTEGER NOT NULL, \n\ttelegram_user_id BIGINT, \n\tqueue_item_id INTEGER NOT NULL, \n\tvote_type VARCHAR(20) NOT NULL, \n\tvoted_at DATETIME NOT NULL, \n\tprevious_vote_type VARCHAR(20), \n\tchanged_at DATETIME, \n\tsource VARCHAR(50) NOT NULL, \n\ttelegram_callback_id VARCHAR(255), \n\tcreated_at DATETIME NOT NULL, \n\tupdated_at DATETIME NOT NULL, \n\tCONSTRAINT pk_votes PRIMARY KEY (id), \n\tCONSTRAINT uq_votes_user_queue UNIQUE (user_id, queue_item_id), \n\tCONSTRAINT fk_votes_user_id_users FOREIGN KEY(user_id) REFERENCES users (id), \n\tCONSTRAINT fk_votes_queue_item_id_radio_queue FOREIGN KEY(queue_item_id) REFERENCES radio_queue (id)\n)\n\n', ())
2026-01-03 00:52:35 | [36mDEBUG[0m | aiosqlite | operation functools.partial(<built-in method execute of sqlite3.Cursor object at 0x000001BA83D3AA40>, '\nCREATE TABLE votes (\n\tid INTEGER NOT NULL, \n\tuser_id INTEGER NOT NULL, \n\ttelegram_user_id BIGINT, \n\tqueue_item_id INTEGER NOT NULL, \n\tvote_type VARCHAR(20) NOT NULL, \n\tvoted_at DATETIME NOT NULL, \n\tprevious_vote_type VARCHAR(20), \n\tchanged_at DATETIME, \n\tsource VARCHAR(50) NOT NULL, \n\ttelegram_callback_id VARCHAR(255), \n\tcreated_at DATETIME NOT NULL, \n\tupdated_at DATETIME NOT NULL, \n\tCONSTRAINT pk_votes PRIMARY KEY (id), \n\tCONSTRAINT uq_votes_user_queue UNIQUE (user_id, queue_item_id), \n\tCONSTRAINT fk_votes_user_id_users FOREIGN KEY(user_id) REFERENCES users (id), \n\tCONSTRAINT fk_votes_queue_item_id_radio_queue FOREIGN KEY(queue_item_id) REFERENCES radio_queue (id)\n)\n\n', ()) completed
2026-01-03 00:52:35 | [36mDEBUG[0m | aiosqlite | executing functools.partial(<built-in method close of sqlite3.Cursor object at 0x000001BA83D3AA40>)
2026-01-03 00:52:35 | [36mDEBUG[0m | aiosqlite | operation functools.partial(<built-in method close of sqlite3.Cursor object at 0x000001BA83D3AA40>) completed
2026-01-03 00:52:35 | [32mINFO[0m | sqlalchemy.engine.Engine | CREATE INDEX ix_votes_user_id ON votes (user_id)
2026-01-03 00:52:35 | [32mINFO[0m | sqlalchemy.engine.Engine | [no key 0.00017s] ()
2026-01-03 00:52:35 | [36mDEBUG[0m | aiosqlite | executing functools.partial(<built-in method cursor of sqlite3.Connection object at 0x000001BA83F84E50>)
2026-01-03 00:52:35 | [36mDEBUG[0m | aiosqlite | operation functools.partial(<built-in method cursor of sqlite3.Connection object at 0x000001BA83F84E50>) completed
2026-01-03 00:52:35 | [36mDEBUG[0m | aiosqlite | executing functools.partial(<built-in method execute of sqlite3.Cursor object at 0x000001BA83FCD040>, 'CREATE INDEX ix_votes_user_id ON votes (user_id)', ())
2026-01-03 00:52:35 | [36mDEBUG[0m | aiosqlite | operation functools.partial(<built-in method execute of sqlite3.Cursor object at 0x000001BA83FCD040>, 'CREATE INDEX ix_votes_user_id ON votes (user_id)', ()) completed
2026-01-03 00:52:35 | [36mDEBUG[0m | aiosqlite | executing functools.partial(<built-in method close of sqlite3.Cursor object at 0x000001BA83FCD040>)
2026-01-03 00:52:35 | [36mDEBUG[0m | aiosqlite | operation functools.partial(<built-in method close of sqlite3.Cursor object at 0x000001BA83FCD040>) completed
2026-01-03 00:52:35 | [32mINFO[0m | sqlalchemy.engine.Engine | CREATE INDEX ix_votes_queue_item_id ON votes (queue_item_id)
2026-01-03 00:52:35 | [32mINFO[0m | sqlalchemy.engine.Engine | [no key 0.00018s] ()
2026-01-03 00:52:35 | [36mDEBUG[0m | aiosqlite | executing functools.partial(<built-in method cursor of sqlite3.Connection object at 0x000001BA83F84E50>)
2026-01-03 00:52:35 | [36mDEBUG[0m | aiosqlite | operation functools.partial(<built-in method cursor of sqlite3.Connection object at 0x000001BA83F84E50>) completed
2026-01-03 00:52:35 | [36mDEBUG[0m | aiosqlite | executing functools.partial(<built-in method execute of sqlite3.Cursor object at 0x000001BA83FCE1C0>, 'CREATE INDEX ix_votes_queue_item_id ON votes (queue_item_id)', ())
2026-01-03 00:52:35 | [36mDEBUG[0m | aiosqlite | operation functools.partial(<built-in method execute of sqlite3.Cursor object at 0x000001BA83FCE1C0>, 'CREATE INDEX ix_votes_queue_item_id ON votes (queue_item_id)', ()) completed
2026-01-03 00:52:35 | [36mDEBUG[0m | aiosqlite | executing functools.partial(<built-in method close of sqlite3.Cursor object at 0x000001BA83FCE1C0>)
2026-01-03 00:52:35 | [32mINFO[0m | sqlalchemy.engine.Engine | CREATE INDEX ix_votes_telegram_user_id ON votes (telegram_user_id)
2026-01-03 00:52:35 | [36mDEBUG[0m | aiosqlite | operation functools.partial(<built-in method close of sqlite3.Cursor object at 0x000001BA83FCE1C0>) completed
2026-01-03 00:52:35 | [32mINFO[0m | sqlalchemy.engine.Engine | [no key 0.00024s] ()
2026-01-03 00:52:35 | [36mDEBUG[0m | aiosqlite | executing functools.partial(<built-in method cursor of sqlite3.Connection object at 0x000001BA83F84E50>)
2026-01-03 00:52:35 | [36mDEBUG[0m | aiosqlite | operation functools.partial(<built-in method cursor of sqlite3.Connection object at 0x000001BA83F84E50>) completed
2026-01-03 00:52:35 | [36mDEBUG[0m | aiosqlite | executing functools.partial(<built-in method execute of sqlite3.Cursor object at 0x000001BA83FCE640>, 'CREATE INDEX ix_votes_telegram_user_id ON votes (telegram_user_id)', ())
2026-01-03 00:52:35 | [36mDEBUG[0m | aiosqlite | operation functools.partial(<built-in method execute of sqlite3.Cursor object at 0x000001BA83FCE640>, 'CREATE INDEX ix_votes_telegram_user_id ON votes (telegram_user_id)', ()) completed
2026-01-03 00:52:35 | [36mDEBUG[0m | aiosqlite | executing functools.partial(<built-in method close of sqlite3.Cursor object at 0x000001BA83FCE640>)
2026-01-03 00:52:35 | [36mDEBUG[0m | aiosqlite | operation functools.partial(<built-in method close of sqlite3.Cursor object at 0x000001BA83FCE640>) completed
2026-01-03 00:52:35 | [32mINFO[0m | sqlalchemy.engine.Engine | COMMIT
2026-01-03 00:52:35 | [36mDEBUG[0m | aiosqlite | executing functools.partial(<built-in method commit of sqlite3.Connection object at 0x000001BA83F84E50>)
2026-01-03 00:52:35 | [36mDEBUG[0m | aiosqlite | operation functools.partial(<built-in method commit of sqlite3.Connection object at 0x000001BA83F84E50>) completed
2026-01-03 00:52:35 | [36mDEBUG[0m | aiosqlite | executing functools.partial(<built-in method rollback of sqlite3.Connection object at 0x000001BA83F84E50>)
2026-01-03 00:52:35 | [36mDEBUG[0m | aiosqlite | operation functools.partial(<built-in method rollback of sqlite3.Connection object at 0x000001BA83F84E50>) completed
----------------------------- Captured log setup ------------------------------
DEBUG    asyncio:proactor_events.py:633 Using proactor: IocpProactor
DEBUG    aiosqlite:core.py:62 executing <function connect.<locals>.connector at 0x000001BA83FE1940>
DEBUG    aiosqlite:core.py:67 operation <function connect.<locals>.connector at 0x000001BA83FE1940> completed
DEBUG    aiosqlite:core.py:62 executing functools.partial(<built-in method create_function of sqlite3.Connection object at 0x000001BA83F84E50>, 'regexp', 2, <function SQLiteDialect_pysqlite.on_connect.<locals>.regexp at 0x000001BA83FE0900>, deterministic=True)
DEBUG    aiosqlite:core.py:67 operation functools.partial(<built-in method create_function of sqlite3.Connection object at 0x000001BA83F84E50>, 'regexp', 2, <function SQLiteDialect_pysqlite.on_connect.<locals>.regexp at 0x000001BA83FE0900>, deterministic=True) completed
DEBUG    aiosqlite:core.py:62 executing functools.partial(<built-in method create_function of sqlite3.Connection object at 0x000001BA83F84E50>, 'floor', 1, <built-in function floor>, deterministic=True)
DEBUG    aiosqlite:core.py:67 operation functools.partial(<built-in method create_function of sqlite3.Connection object at 0x000001BA83F84E50>, 'floor', 1, <built-in function floor>, deterministic=True) completed
DEBUG    aiosqlite:core.py:62 executing functools.partial(<built-in method cursor of sqlite3.Connection object at 0x000001BA83F84E50>)
DEBUG    aiosqlite:core.py:67 operation functools.partial(<built-in method cursor of sqlite3.Connection object at 0x000001BA83F84E50>) completed
DEBUG    aiosqlite:core.py:62 executing functools.partial(<built-in method execute of sqlite3.Cursor object at 0x000001BA83F27CC0>, 'PRAGMA read_uncommitted', [])
DEBUG    aiosqlite:core.py:67 operation functools.partial(<built-in method execute of sqlite3.Cursor object at 0x000001BA83F27CC0>, 'PRAGMA read_uncommitted', []) completed
DEBUG    aiosqlite:core.py:62 executing functools.partial(<built-in method fetchall of sqlite3.Cursor object at 0x000001BA83F27CC0>)
DEBUG    aiosqlite:core.py:67 operation functools.partial(<built-in method fetchall of sqlite3.Cursor object at 0x000001BA83F27CC0>) completed
DEBUG    aiosqlite:core.py:62 executing functools.partial(<built-in method close of sqlite3.Cursor object at 0x000001BA83F27CC0>)
DEBUG    aiosqlite:core.py:67 operation functools.partial(<built-in method close of sqlite3.Cursor object at 0x000001BA83F27CC0>) completed
DEBUG    aiosqlite:core.py:62 executing functools.partial(<built-in method rollback of sqlite3.Connection object at 0x000001BA83F84E50>)
DEBUG    aiosqlite:core.py:67 operation functools.partial(<built-in method rollback of sqlite3.Connection object at 0x000001BA83F84E50>) completed
INFO     sqlalchemy.engine.Engine:base.py:2710 BEGIN (implicit)
INFO     sqlalchemy.engine.Engine:base.py:1846 PRAGMA main.table_info("chat_messages")
INFO     sqlalchemy.engine.Engine:base.py:1846 [raw sql] ()
DEBUG    aiosqlite:core.py:62 executing functools.partial(<built-in method cursor of sqlite3.Connection object at 0x000001BA83F84E50>)
DEBUG    aiosqlite:core.py:67 operation functools.partial(<built-in method cursor of sqlite3.Connection object at 0x000001BA83F84E50>) completed
DEBUG    aiosqlite:core.py:62 executing functools.partial(<built-in method execute of sqlite3.Cursor object at 0x000001BA83FB6140>, 'PRAGMA main.table_info("chat_messages")', ())
DEBUG    aiosqlite:core.py:67 operation functools.partial(<built-in method execute of sqlite3.Cursor object at 0x000001BA83FB6140>, 'PRAGMA main.table_info("chat_messages")', ()) completed
DEBUG    aiosqlite:core.py:62 executing functools.partial(<built-in method fetchall of sqlite3.Cursor object at 0x000001BA83FB6140>)
DEBUG    aiosqlite:core.py:67 operation functools.partial(<built-in method fetchall of sqlite3.Cursor object at 0x000001BA83FB6140>) completed
DEBUG    aiosqlite:core.py:62 executing functools.partial(<built-in method close of sqlite3.Cursor object at 0x000001BA83FB6140>)
DEBUG    sqlalchemy.engine.Engine:cursor.py:1549 Col ('cid', 'name', 'type', 'notnull', 'dflt_value', 'pk')
DEBUG    aiosqlite:core.py:67 operation functools.partial(<built-in method close of sqlite3.Cursor object at 0x000001BA83FB6140>) completed
INFO     sqlalchemy.engine.Engine:base.py:1846 PRAGMA temp.table_info("chat_messages")
INFO     sqlalchemy.engine.Engine:base.py:1846 [raw sql] ()
DEBUG    aiosqlite:core.py:62 executing functools.partial(<built-in method cursor of sqlite3.Connection object at 0x000001BA83F84E50>)
DEBUG    aiosqlite:core.py:67 operation functools.partial(<built-in method cursor of sqlite3.Connection object at 0x000001BA83F84E50>) completed
DEBUG    aiosqlite:core.py:62 executing functools.partial(<built-in method execute of sqlite3.Cursor object at 0x000001BA83D9F1C0>, 'PRAGMA temp.table_info("chat_messages")', ())
DEBUG    aiosqlite:core.py:67 operation functools.partial(<built-in method execute of sqlite3.Cursor object at 0x000001BA83D9F1C0>, 'PRAGMA temp.table_info("chat_messages")', ()) completed
DEBUG    aiosqlite:core.py:62 executing functools.partial(<built-in method fetchall of sqlite3.Cursor object at 0x000001BA83D9F1C0>)
DEBUG    aiosqlite:core.py:67 operation functools.partial(<built-in method fetchall of sqlite3.Cursor object at 0x000001BA83D9F1C0>) completed
DEBUG    aiosqlite:core.py:62 executing functools.partial(<built-in method close of sqlite3.Cursor object at 0x000001BA83D9F1C0>)
DEBUG    aiosqlite:core.py:67 operation functools.partial(<built-in method close of sqlite3.Cursor object at 0x000001BA83D9F1C0>) completed
DEBUG    sqlalchemy.engine.Engine:cursor.py:1549 Col ('cid', 'name', 'type', 'notnull', 'dflt_value', 'pk')
INFO     sqlalchemy.engine.Engine:base.py:1846 PRAGMA main.table_info("radio_history")
INFO     sqlalchemy.engine.Engine:base.py:1846 [raw sql] ()
DEBUG    aiosqlite:core.py:62 executing functools.partial(<built-in method cursor of sqlite3.Connection object at 0x000001BA83F84E50>)
DEBUG    aiosqlite:core.py:67 operation functools.partial(<built-in method cursor of sqlite3.Connection object at 0x000001BA83F84E50>) completed
DEBUG    aiosqlite:core.py:62 executing functools.partial(<built-in method execute of sqlite3.Cursor object at 0x000001BA83FB7D40>, 'PRAGMA main.table_info("radio_history")', ())
DEBUG    aiosqlite:core.py:67 operation functools.partial(<built-in method execute of sqlite3.Cursor object at 0x000001BA83FB7D40>, 'PRAGMA main.table_info("radio_history")', ()) completed
DEBUG    aiosqlite:core.py:62 executing functools.partial(<built-in method fetchall of sqlite3.Cursor object at 0x000001BA83FB7D40>)
DEBUG    aiosqlite:core.py:67 operation functools.partial(<built-in method fetchall of sqlite3.Cursor object at 0x000001BA83FB7D40>) completed
DEBUG    aiosqlite:core.py:62 executing functools.partial(<built-in method close of sqlite3.Cursor object at 0x000001BA83FB7D40>)
DEBUG    sqlalchemy.engine.Engine:cursor.py:1549 Col ('cid', 'name', 'type', 'notnull', 'dflt_value', 'pk')
DEBUG    aiosqlite:core.py:67 operation functools.partial(<built-in method close of sqlite3.Cursor object at 0x000001BA83FB7D40>) completed
INFO     sqlalchemy.engine.Engine:base.py:1846 PRAGMA temp.table_info("radio_history")
INFO     sqlalchemy.engine.Engine:base.py:1846 [raw sql] ()
DEBUG    aiosqlite:core.py:62 executing functools.partial(<built-in method cursor of sqlite3.Connection object at 0x000001BA83F84E50>)
DEBUG    aiosqlite:core.py:67 operation functools.partial(<built-in method cursor of sqlite3.Connection object at 0x000001BA83F84E50>) completed
DEBUG    aiosqlite:core.py:62 executing functools.partial(<built-in method execute of sqlite3.Cursor object at 0x000001BA83ECDD40>, 'PRAGMA temp.table_info("radio_history")', ())
DEBUG    aiosqlite:core.py:67 operation functools.partial(<built-in method execute of sqlite3.Cursor object at 0x000001BA83ECDD40>, 'PRAGMA temp.table_info("radio_history")', ()) completed
DEBUG    aiosqlite:core.py:62 executing functools.partial(<built-in method fetchall of sqlite3.Cursor object at 0x000001BA83ECDD40>)
DEBUG    aiosqlite:core.py:67 operation functools.partial(<built-in method fetchall of sqlite3.Cursor object at 0x000001BA83ECDD40>) completed
DEBUG    aiosqlite:core.py:62 executing functools.partial(<built-in method close of sqlite3.Cursor object at 0x000001BA83ECDD40>)
DEBUG    aiosqlite:core.py:67 operation functools.partial(<built-in method close of sqlite3.Cursor object at 0x000001BA83ECDD40>) completed
DEBUG    sqlalchemy.engine.Engine:cursor.py:1549 Col ('cid', 'name', 'type', 'notnull', 'dflt_value', 'pk')
INFO     sqlalchemy.engine.Engine:base.py:1846 PRAGMA main.table_info("radio_queue")
INFO     sqlalchemy.engine.Engine:base.py:1846 [raw sql] ()
DEBUG    aiosqlite:core.py:62 executing functools.partial(<built-in method cursor of sqlite3.Connection object at 0x000001BA83F84E50>)
DEBUG    aiosqlite:core.py:67 operation functools.partial(<built-in method cursor of sqlite3.Connection object at 0x000001BA83F84E50>) completed
DEBUG    aiosqlite:core.py:62 executing functools.partial(<built-in method execute of sqlite3.Cursor object at 0x000001BA83F27740>, 'PRAGMA main.table_info("radio_queue")', ())
DEBUG    aiosqlite:core.py:67 operation functools.partial(<built-in method execute of sqlite3.Cursor object at 0x000001BA83F27740>, 'PRAGMA main.table_info("radio_queue")', ()) completed
DEBUG    aiosqlite:core.py:62 executing functools.partial(<built-in method fetchall of sqlite3.Cursor object at 0x000001BA83F27740>)
DEBUG    aiosqlite:core.py:67 operation functools.partial(<built-in method fetchall of sqlite3.Cursor object at 0x000001BA83F27740>) completed
DEBUG    aiosqlite:core.py:62 executing functools.partial(<built-in method close of sqlite3.Cursor object at 0x000001BA83F27740>)
DEBUG    sqlalchemy.engine.Engine:cursor.py:1549 Col ('cid', 'name', 'type', 'notnull', 'dflt_value', 'pk')
DEBUG    aiosqlite:core.py:67 operation functools.partial(<built-in method close of sqlite3.Cursor object at 0x000001BA83F27740>) completed
INFO     sqlalchemy.engine.Engine:base.py:1846 PRAGMA temp.table_info("radio_queue")
INFO     sqlalchemy.engine.Engine:base.py:1846 [raw sql] ()
DEBUG    aiosqlite:core.py:62 executing functools.partial(<built-in method cursor of sqlite3.Connection object at 0x000001BA83F84E50>)
DEBUG    aiosqlite:core.py:67 operation functools.partial(<built-in method cursor of sqlite3.Connection object at 0x000001BA83F84E50>) completed
DEBUG    aiosqlite:core.py:62 executing functools.partial(<built-in method execute of sqlite3.Cursor object at 0x000001BA83F279C0>, 'PRAGMA temp.table_info("radio_queue")', ())
DEBUG    aiosqlite:core.py:67 operation functools.partial(<built-in method execute of sqlite3.Cursor object at 0x000001BA83F279C0>, 'PRAGMA temp.table_info("radio_queue")', ()) completed
DEBUG    aiosqlite:core.py:62 executing functools.partial(<built-in method fetchall of sqlite3.Cursor object at 0x000001BA83F279C0>)
DEBUG    aiosqlite:core.py:67 operation functools.partial(<built-in method fetchall of sqlite3.Cursor object at 0x000001BA83F279C0>) completed
DEBUG    aiosqlite:core.py:62 executing functools.partial(<built-in method close of sqlite3.Cursor object at 0x000001BA83F279C0>)
DEBUG    aiosqlite:core.py:67 operation functools.partial(<built-in method close of sqlite3.Cursor object at 0x000001BA83F279C0>) completed
DEBUG    sqlalchemy.engine.Engine:cursor.py:1549 Col ('cid', 'name', 'type', 'notnull', 'dflt_value', 'pk')
INFO     sqlalchemy.engine.Engine:base.py:1846 PRAGMA main.table_info("songs")
INFO     sqlalchemy.engine.Engine:base.py:1846 [raw sql] ()
DEBUG    aiosqlite:core.py:62 executing functools.partial(<built-in method cursor of sqlite3.Connection object at 0x000001BA83F84E50>)
DEBUG    aiosqlite:core.py:67 operation functools.partial(<built-in method cursor of sqlite3.Connection object at 0x000001BA83F84E50>) completed
DEBUG    aiosqlite:core.py:62 executing functools.partial(<built-in method execute of sqlite3.Cursor object at 0x000001BA83ECDCC0>, 'PRAGMA main.table_info("songs")', ())
DEBUG    aiosqlite:core.py:67 operation functools.partial(<built-in method execute of sqlite3.Cursor object at 0x000001BA83ECDCC0>, 'PRAGMA main.table_info("songs")', ()) completed
DEBUG    aiosqlite:core.py:62 executing functools.partial(<built-in method fetchall of sqlite3.Cursor object at 0x000001BA83ECDCC0>)
DEBUG    aiosqlite:core.py:67 operation functools.partial(<built-in method fetchall of sqlite3.Cursor object at 0x000001BA83ECDCC0>) completed
DEBUG    aiosqlite:core.py:62 executing functools.partial(<built-in method close of sqlite3.Cursor object at 0x000001BA83ECDCC0>)
DEBUG    aiosqlite:core.py:67 operation functools.partial(<built-in method close of sqlite3.Cursor object at 0x000001BA83ECDCC0>) completed
DEBUG    sqlalchemy.engine.Engine:cursor.py:1549 Col ('cid', 'name', 'type', 'notnull', 'dflt_value', 'pk')
INFO     sqlalchemy.engine.Engine:base.py:1846 PRAGMA temp.table_info("songs")
INFO     sqlalchemy.engine.Engine:base.py:1846 [raw sql] ()
DEBUG    aiosqlite:core.py:62 executing functools.partial(<built-in method cursor of sqlite3.Connection object at 0x000001BA83F84E50>)
DEBUG    aiosqlite:core.py:67 operation functools.partial(<built-in method cursor of sqlite3.Connection object at 0x000001BA83F84E50>) completed
DEBUG    aiosqlite:core.py:62 executing functools.partial(<built-in method execute of sqlite3.Cursor object at 0x000001BA83FB46C0>, 'PRAGMA temp.table_info("songs")', ())
DEBUG    aiosqlite:core.py:67 operation functools.partial(<built-in method execute of sqlite3.Cursor object at 0x000001BA83FB46C0>, 'PRAGMA temp.table_info("songs")', ()) completed
DEBUG    aiosqlite:core.py:62 executing functools.partial(<built-in method fetchall of sqlite3.Cursor object at 0x000001BA83FB46C0>)
DEBUG    aiosqlite:core.py:67 operation functools.partial(<built-in method fetchall of sqlite3.Cursor object at 0x000001BA83FB46C0>) completed
DEBUG    aiosqlite:core.py:62 executing functools.partial(<built-in method close of sqlite3.Cursor object at 0x000001BA83FB46C0>)
DEBUG    aiosqlite:core.py:67 operation functools.partial(<built-in method close of sqlite3.Cursor object at 0x000001BA83FB46C0>) completed
DEBUG    sqlalchemy.engine.Engine:cursor.py:1549 Col ('cid', 'name', 'type', 'notnull', 'dflt_value', 'pk')
INFO     sqlalchemy.engine.Engine:base.py:1846 PRAGMA main.table_info("users")
INFO     sqlalchemy.engine.Engine:base.py:1846 [raw sql] ()
DEBUG    aiosqlite:core.py:62 executing functools.partial(<built-in method cursor of sqlite3.Connection object at 0x000001BA83F84E50>)
DEBUG    aiosqlite:core.py:67 operation functools.partial(<built-in method cursor of sqlite3.Connection object at 0x000001BA83F84E50>) completed
DEBUG    aiosqlite:core.py:62 executing functools.partial(<built-in method execute of sqlite3.Cursor object at 0x000001BA83FB40C0>, 'PRAGMA main.table_info("users")', ())
DEBUG    aiosqlite:core.py:67 operation functools.partial(<built-in method execute of sqlite3.Cursor object at 0x000001BA83FB40C0>, 'PRAGMA main.table_info("users")', ()) completed
DEBUG    aiosqlite:core.py:62 executing functools.partial(<built-in method fetchall of sqlite3.Cursor object at 0x000001BA83FB40C0>)
DEBUG    aiosqlite:core.py:67 operation functools.partial(<built-in method fetchall of sqlite3.Cursor object at 0x000001BA83FB40C0>) completed
DEBUG    aiosqlite:core.py:62 executing functools.partial(<built-in method close of sqlite3.Cursor object at 0x000001BA83FB40C0>)
DEBUG    aiosqlite:core.py:67 operation functools.partial(<built-in method close of sqlite3.Cursor object at 0x000001BA83FB40C0>) completed
DEBUG    sqlalchemy.engine.Engine:cursor.py:1549 Col ('cid', 'name', 'type', 'notnull', 'dflt_value', 'pk')
INFO     sqlalchemy.engine.Engine:base.py:1846 PRAGMA temp.table_info("users")
INFO     sqlalchemy.engine.Engine:base.py:1846 [raw sql] ()
DEBUG    aiosqlite:core.py:62 executing functools.partial(<built-in method cursor of sqlite3.Connection object at 0x000001BA83F84E50>)
DEBUG    aiosqlite:core.py:67 operation functools.partial(<built-in method cursor of sqlite3.Connection object at 0x000001BA83F84E50>) completed
DEBUG    aiosqlite:core.py:62 executing functools.partial(<built-in method execute of sqlite3.Cursor object at 0x000001BA83FB5A40>, 'PRAGMA temp.table_info("users")', ())
DEBUG    aiosqlite:core.py:67 operation functools.partial(<built-in method execute of sqlite3.Cursor object at 0x000001BA83FB5A40>, 'PRAGMA temp.table_info("users")', ()) completed
DEBUG    aiosqlite:core.py:62 executing functools.partial(<built-in method fetchall of sqlite3.Cursor object at 0x000001BA83FB5A40>)
DEBUG    aiosqlite:core.py:67 operation functools.partial(<built-in method fetchall of sqlite3.Cursor object at 0x000001BA83FB5A40>) completed
DEBUG    aiosqlite:core.py:62 executing functools.partial(<built-in method close of sqlite3.Cursor object at 0x000001BA83FB5A40>)
DEBUG    aiosqlite:core.py:67 operation functools.partial(<built-in method close of sqlite3.Cursor object at 0x000001BA83FB5A40>) completed
DEBUG    sqlalchemy.engine.Engine:cursor.py:1549 Col ('cid', 'name', 'type', 'notnull', 'dflt_value', 'pk')
INFO     sqlalchemy.engine.Engine:base.py:1846 PRAGMA main.table_info("votes")
INFO     sqlalchemy.engine.Engine:base.py:1846 [raw sql] ()
DEBUG    aiosqlite:core.py:62 executing functools.partial(<built-in method cursor of sqlite3.Connection object at 0x000001BA83F84E50>)
DEBUG    aiosqlite:core.py:67 operation functools.partial(<built-in method cursor of sqlite3.Connection object at 0x000001BA83F84E50>) completed
DEBUG    aiosqlite:core.py:62 executing functools.partial(<built-in method execute of sqlite3.Cursor object at 0x000001BA83FB7040>, 'PRAGMA main.table_info("votes")', ())
DEBUG    aiosqlite:core.py:67 operation functools.partial(<built-in method execute of sqlite3.Cursor object at 0x000001BA83FB7040>, 'PRAGMA main.table_info("votes")', ()) completed
DEBUG    aiosqlite:core.py:62 executing functools.partial(<built-in method fetchall of sqlite3.Cursor object at 0x000001BA83FB7040>)
DEBUG    aiosqlite:core.py:67 operation functools.partial(<built-in method fetchall of sqlite3.Cursor object at 0x000001BA83FB7040>) completed
DEBUG    aiosqlite:core.py:62 executing functools.partial(<built-in method close of sqlite3.Cursor object at 0x000001BA83FB7040>)
DEBUG    aiosqlite:core.py:67 operation functools.partial(<built-in method close of sqlite3.Cursor object at 0x000001BA83FB7040>) completed
DEBUG    sqlalchemy.engine.Engine:cursor.py:1549 Col ('cid', 'name', 'type', 'notnull', 'dflt_value', 'pk')
INFO     sqlalchemy.engine.Engine:base.py:1846 PRAGMA temp.table_info("votes")
INFO     sqlalchemy.engine.Engine:base.py:1846 [raw sql] ()
DEBUG    aiosqlite:core.py:62 executing functools.partial(<built-in method cursor of sqlite3.Connection object at 0x000001BA83F84E50>)
DEBUG    aiosqlite:core.py:67 operation functools.partial(<built-in method cursor of sqlite3.Connection object at 0x000001BA83F84E50>) completed
DEBUG    aiosqlite:core.py:62 executing functools.partial(<built-in method execute of sqlite3.Cursor object at 0x000001BA83FB7AC0>, 'PRAGMA temp.table_info("votes")', ())
DEBUG    aiosqlite:core.py:67 operation functools.partial(<built-in method execute of sqlite3.Cursor object at 0x000001BA83FB7AC0>, 'PRAGMA temp.table_info("votes")', ()) completed
DEBUG    aiosqlite:core.py:62 executing functools.partial(<built-in method fetchall of sqlite3.Cursor object at 0x000001BA83FB7AC0>)
DEBUG    aiosqlite:core.py:67 operation functools.partial(<built-in method fetchall of sqlite3.Cursor object at 0x000001BA83FB7AC0>) completed
DEBUG    aiosqlite:core.py:62 executing functools.partial(<built-in method close of sqlite3.Cursor object at 0x000001BA83FB7AC0>)
DEBUG    sqlalchemy.engine.Engine:cursor.py:1549 Col ('cid', 'name', 'type', 'notnull', 'dflt_value', 'pk')
DEBUG    aiosqlite:core.py:67 operation functools.partial(<built-in method close of sqlite3.Cursor object at 0x000001BA83FB7AC0>) completed
INFO     sqlalchemy.engine.Engine:base.py:1846 
CREATE TABLE songs (
	id INTEGER NOT NULL, 
	suno_job_id VARCHAR(255), 
	suno_status VARCHAR(50) NOT NULL, 
	title VARCHAR(500), 
	artist VARCHAR(255) NOT NULL, 
	original_prompt TEXT, 
	enhanced_prompt TEXT, 
	style_prompt TEXT, 
	lyrics TEXT, 
	genre VARCHAR(100), 
	subgenre VARCHAR(100), 
	mood VARCHAR(100), 
	energy VARCHAR(50), 
	duration_seconds FLOAT, 
	bpm INTEGER, 
	"key" VARCHAR(10), 
	is_instrumental BOOLEAN NOT NULL, 
	audio_url VARCHAR(1000), 
	local_file_path VARCHAR(500), 
	file_size_bytes INTEGER, 
	audio_format VARCHAR(10) NOT NULL, 
	lufs_level FLOAT, 
	peak_db FLOAT, 
	is_normalized BOOLEAN NOT NULL, 
	generation_started_at DATETIME, 
	generation_completed_at DATETIME, 
	downloaded_at DATETIME, 
	play_count INTEGER NOT NULL, 
	total_upvotes INTEGER NOT NULL, 
	total_downvotes INTEGER NOT NULL, 
	is_approved BOOLEAN NOT NULL, 
	moderation_notes TEXT, 
	flagged_at DATETIME, 
	created_at DATETIME NOT NULL, 
	updated_at DATETIME NOT NULL, 
	CONSTRAINT pk_songs PRIMARY KEY (id)
)


INFO     sqlalchemy.engine.Engine:base.py:1846 [no key 0.00034s] ()
DEBUG    aiosqlite:core.py:62 executing functools.partial(<built-in method cursor of sqlite3.Connection object at 0x000001BA83F84E50>)
DEBUG    aiosqlite:core.py:67 operation functools.partial(<built-in method cursor of sqlite3.Connection object at 0x000001BA83F84E50>) completed
DEBUG    aiosqlite:core.py:62 executing functools.partial(<built-in method execute of sqlite3.Cursor object at 0x000001BA83D9E0C0>, '\nCREATE TABLE songs (\n\tid INTEGER NOT NULL, \n\tsuno_job_id VARCHAR(255), \n\tsuno_status VARCHAR(50) NOT NULL, \n\ttitle VARCHAR(500), \n\tartist VARCHAR(255) NOT NULL, \n\toriginal_prompt TEXT, \n\tenhanced_prompt TEXT, \n\tstyle_prompt TEXT, \n\tlyrics TEXT, \n\tgenre VARCHAR(100), \n\tsubgenre VARCHAR(100), \n\tmood VARCHAR(100), \n\tenergy VARCHAR(50), \n\tduration_seconds FLOAT, \n\tbpm INTEGER, \n\t"key" VARCHAR(10), \n\tis_instrumental BOOLEAN NOT NULL, \n\taudio_url VARCHAR(1000), \n\tlocal_file_path VARCHAR(500), \n\tfile_size_bytes INTEGER, \n\taudio_format VARCHAR(10) NOT NULL, \n\tlufs_level FLOAT, \n\tpeak_db FLOAT, \n\tis_normalized BOOLEAN NOT NULL, \n\tgeneration_started_at DATETIME, \n\tgeneration_completed_at DATETIME, \n\tdownloaded_at DATETIME, \n\tplay_count INTEGER NOT NULL, \n\ttotal_upvotes INTEGER NOT NULL, \n\ttotal_downvotes INTEGER NOT NULL, \n\tis_approved BOOLEAN NOT NULL, \n\tmoderation_notes TEXT, \n\tflagged_at DATETIME, \n\tcreated_at DATETIME NOT NULL, \n\tupdated_at DATETIME NOT NULL, \n\tCONSTRAINT pk_songs PRIMARY KEY (id)\n)\n\n', ())
DEBUG    aiosqlite:core.py:67 operation functools.partial(<built-in method execute of sqlite3.Cursor object at 0x000001BA83D9E0C0>, '\nCREATE TABLE songs (\n\tid INTEGER NOT NULL, \n\tsuno_job_id VARCHAR(255), \n\tsuno_status VARCHAR(50) NOT NULL, \n\ttitle VARCHAR(500), \n\tartist VARCHAR(255) NOT NULL, \n\toriginal_prompt TEXT, \n\tenhanced_prompt TEXT, \n\tstyle_prompt TEXT, \n\tlyrics TEXT, \n\tgenre VARCHAR(100), \n\tsubgenre VARCHAR(100), \n\tmood VARCHAR(100), \n\tenergy VARCHAR(50), \n\tduration_seconds FLOAT, \n\tbpm INTEGER, \n\t"key" VARCHAR(10), \n\tis_instrumental BOOLEAN NOT NULL, \n\taudio_url VARCHAR(1000), \n\tlocal_file_path VARCHAR(500), \n\tfile_size_bytes INTEGER, \n\taudio_format VARCHAR(10) NOT NULL, \n\tlufs_level FLOAT, \n\tpeak_db FLOAT, \n\tis_normalized BOOLEAN NOT NULL, \n\tgeneration_started_at DATETIME, \n\tgeneration_completed_at DATETIME, \n\tdownloaded_at DATETIME, \n\tplay_count INTEGER NOT NULL, \n\ttotal_upvotes INTEGER NOT NULL, \n\ttotal_downvotes INTEGER NOT NULL, \n\tis_approved BOOLEAN NOT NULL, \n\tmoderation_notes TEXT, \n\tflagged_at DATETIME, \n\tcreated_at DATETIME NOT NULL, \n\tupdated_at DATETIME NOT NULL, \n\tCONSTRAINT pk_songs PRIMARY KEY (id)\n)\n\n', ()) completed
DEBUG    aiosqlite:core.py:62 executing functools.partial(<built-in method close of sqlite3.Cursor object at 0x000001BA83D9E0C0>)
DEBUG    aiosqlite:core.py:67 operation functools.partial(<built-in method close of sqlite3.Cursor object at 0x000001BA83D9E0C0>) completed
INFO     sqlalchemy.engine.Engine:base.py:1846 CREATE UNIQUE INDEX ix_songs_suno_job_id ON songs (suno_job_id)
INFO     sqlalchemy.engine.Engine:base.py:1846 [no key 0.00017s] ()
DEBUG    aiosqlite:core.py:62 executing functools.partial(<built-in method cursor of sqlite3.Connection object at 0x000001BA83F84E50>)
DEBUG    aiosqlite:core.py:67 operation functools.partial(<built-in method cursor of sqlite3.Connection object at 0x000001BA83F84E50>) completed
DEBUG    aiosqlite:core.py:62 executing functools.partial(<built-in method execute of sqlite3.Cursor object at 0x000001BA83FB7A40>, 'CREATE UNIQUE INDEX ix_songs_suno_job_id ON songs (suno_job_id)', ())
DEBUG    aiosqlite:core.py:67 operation functools.partial(<built-in method execute of sqlite3.Cursor object at 0x000001BA83FB7A40>, 'CREATE UNIQUE INDEX ix_songs_suno_job_id ON songs (suno_job_id)', ()) completed
DEBUG    aiosqlite:core.py:62 executing functools.partial(<built-in method close of sqlite3.Cursor object at 0x000001BA83FB7A40>)
DEBUG    aiosqlite:core.py:67 operation functools.partial(<built-in method close of sqlite3.Cursor object at 0x000001BA83FB7A40>) completed
INFO     sqlalchemy.engine.Engine:base.py:1846 
CREATE TABLE users (
	id INTEGER NOT NULL, 
	telegram_id BIGINT NOT NULL, 
	telegram_username VARCHAR(255), 
	telegram_first_name VARCHAR(255), 
	telegram_last_name VARCHAR(255), 
	reputation_score FLOAT NOT NULL, 
	total_requests INTEGER NOT NULL, 
	successful_requests INTEGER NOT NULL, 
	failed_requests INTEGER NOT NULL, 
	total_upvotes_received INTEGER NOT NULL, 
	total_downvotes_received INTEGER NOT NULL, 
	total_upvotes_given INTEGER NOT NULL, 
	total_downvotes_given INTEGER NOT NULL, 
	is_banned BOOLEAN NOT NULL, 
	is_premium BOOLEAN NOT NULL, 
	ban_reason TEXT, 
	banned_at DATETIME, 
	banned_until DATETIME, 
	last_request_at DATETIME, 
	last_vote_at DATETIME, 
	last_active_at DATETIME, 
	created_at DATETIME NOT NULL, 
	updated_at DATETIME NOT NULL, 
	CONSTRAINT pk_users PRIMARY KEY (id)
)


INFO     sqlalchemy.engine.Engine:base.py:1846 [no key 0.00020s] ()
DEBUG    aiosqlite:core.py:62 executing functools.partial(<built-in method cursor of sqlite3.Connection object at 0x000001BA83F84E50>)
DEBUG    aiosqlite:core.py:67 operation functools.partial(<built-in method cursor of sqlite3.Connection object at 0x000001BA83F84E50>) completed
DEBUG    aiosqlite:core.py:62 executing functools.partial(<built-in method execute of sqlite3.Cursor object at 0x000001BA83FB4340>, '\nCREATE TABLE users (\n\tid INTEGER NOT NULL, \n\ttelegram_id BIGINT NOT NULL, \n\ttelegram_username VARCHAR(255), \n\ttelegram_first_name VARCHAR(255), \n\ttelegram_last_name VARCHAR(255), \n\treputation_score FLOAT NOT NULL, \n\ttotal_requests INTEGER NOT NULL, \n\tsuccessful_requests INTEGER NOT NULL, \n\tfailed_requests INTEGER NOT NULL, \n\ttotal_upvotes_received INTEGER NOT NULL, \n\ttotal_downvotes_received INTEGER NOT NULL, \n\ttotal_upvotes_given INTEGER NOT NULL, \n\ttotal_downvotes_given INTEGER NOT NULL, \n\tis_banned BOOLEAN NOT NULL, \n\tis_premium BOOLEAN NOT NULL, \n\tban_reason TEXT, \n\tbanned_at DATETIME, \n\tbanned_until DATETIME, \n\tlast_request_at DATETIME, \n\tlast_vote_at DATETIME, \n\tlast_active_at DATETIME, \n\tcreated_at DATETIME NOT NULL, \n\tupdated_at DATETIME NOT NULL, \n\tCONSTRAINT pk_users PRIMARY KEY (id)\n)\n\n', ())
DEBUG    aiosqlite:core.py:67 operation functools.partial(<built-in method execute of sqlite3.Cursor object at 0x000001BA83FB4340>, '\nCREATE TABLE users (\n\tid INTEGER NOT NULL, \n\ttelegram_id BIGINT NOT NULL, \n\ttelegram_username VARCHAR(255), \n\ttelegram_first_name VARCHAR(255), \n\ttelegram_last_name VARCHAR(255), \n\treputation_score FLOAT NOT NULL, \n\ttotal_requests INTEGER NOT NULL, \n\tsuccessful_requests INTEGER NOT NULL, \n\tfailed_requests INTEGER NOT NULL, \n\ttotal_upvotes_received INTEGER NOT NULL, \n\ttotal_downvotes_received INTEGER NOT NULL, \n\ttotal_upvotes_given INTEGER NOT NULL, \n\ttotal_downvotes_given INTEGER NOT NULL, \n\tis_banned BOOLEAN NOT NULL, \n\tis_premium BOOLEAN NOT NULL, \n\tban_reason TEXT, \n\tbanned_at DATETIME, \n\tbanned_until DATETIME, \n\tlast_request_at DATETIME, \n\tlast_vote_at DATETIME, \n\tlast_active_at DATETIME, \n\tcreated_at DATETIME NOT NULL, \n\tupdated_at DATETIME NOT NULL, \n\tCONSTRAINT pk_users PRIMARY KEY (id)\n)\n\n', ()) completed
DEBUG    aiosqlite:core.py:62 executing functools.partial(<built-in method close of sqlite3.Cursor object at 0x000001BA83FB4340>)
INFO     sqlalchemy.engine.Engine:base.py:1846 CREATE UNIQUE INDEX ix_users_telegram_id ON users (telegram_id)
DEBUG    aiosqlite:core.py:67 operation functools.partial(<built-in method close of sqlite3.Cursor object at 0x000001BA83FB4340>) completed
INFO     sqlalchemy.engine.Engine:base.py:1846 [no key 0.00024s] ()
DEBUG    aiosqlite:core.py:62 executing functools.partial(<built-in method cursor of sqlite3.Connection object at 0x000001BA83F84E50>)
DEBUG    aiosqlite:core.py:67 operation functools.partial(<built-in method cursor of sqlite3.Connection object at 0x000001BA83F84E50>) completed
DEBUG    aiosqlite:core.py:62 executing functools.partial(<built-in method execute of sqlite3.Cursor object at 0x000001BA83FB54C0>, 'CREATE UNIQUE INDEX ix_users_telegram_id ON users (telegram_id)', ())
DEBUG    aiosqlite:core.py:67 operation functools.partial(<built-in method execute of sqlite3.Cursor object at 0x000001BA83FB54C0>, 'CREATE UNIQUE INDEX ix_users_telegram_id ON users (telegram_id)', ()) completed
DEBUG    aiosqlite:core.py:62 executing functools.partial(<built-in method close of sqlite3.Cursor object at 0x000001BA83FB54C0>)
DEBUG    aiosqlite:core.py:67 operation functools.partial(<built-in method close of sqlite3.Cursor object at 0x000001BA83FB54C0>) completed
INFO     sqlalchemy.engine.Engine:base.py:1846 
CREATE TABLE chat_messages (
	id INTEGER NOT NULL, 
	user_id INTEGER, 
	content TEXT NOT NULL, 
	message_type VARCHAR(20) NOT NULL, 
	is_deleted BOOLEAN NOT NULL, 
	deleted_by_id INTEGER, 
	deleted_at DATETIME, 
	delete_reason VARCHAR(255), 
	reply_to_id INTEGER, 
	created_at DATETIME NOT NULL, 
	updated_at DATETIME NOT NULL, 
	CONSTRAINT pk_chat_messages PRIMARY KEY (id), 
	CONSTRAINT fk_chat_messages_user_id_users FOREIGN KEY(user_id) REFERENCES users (id) ON DELETE SET NULL, 
	CONSTRAINT fk_chat_messages_reply_to_id_chat_messages FOREIGN KEY(reply_to_id) REFERENCES chat_messages (id) ON DELETE SET NULL
)


INFO     sqlalchemy.engine.Engine:base.py:1846 [no key 0.00019s] ()
DEBUG    aiosqlite:core.py:62 executing functools.partial(<built-in method cursor of sqlite3.Connection object at 0x000001BA83F84E50>)
DEBUG    aiosqlite:core.py:67 operation functools.partial(<built-in method cursor of sqlite3.Connection object at 0x000001BA83F84E50>) completed
DEBUG    aiosqlite:core.py:62 executing functools.partial(<built-in method execute of sqlite3.Cursor object at 0x000001BA83FB5940>, '\nCREATE TABLE chat_messages (\n\tid INTEGER NOT NULL, \n\tuser_id INTEGER, \n\tcontent TEXT NOT NULL, \n\tmessage_type VARCHAR(20) NOT NULL, \n\tis_deleted BOOLEAN NOT NULL, \n\tdeleted_by_id INTEGER, \n\tdeleted_at DATETIME, \n\tdelete_reason VARCHAR(255), \n\treply_to_id INTEGER, \n\tcreated_at DATETIME NOT NULL, \n\tupdated_at DATETIME NOT NULL, \n\tCONSTRAINT pk_chat_messages PRIMARY KEY (id), \n\tCONSTRAINT fk_chat_messages_user_id_users FOREIGN KEY(user_id) REFERENCES users (id) ON DELETE SET NULL, \n\tCONSTRAINT fk_chat_messages_reply_to_id_chat_messages FOREIGN KEY(reply_to_id) REFERENCES chat_messages (id) ON DELETE SET NULL\n)\n\n', ())
DEBUG    aiosqlite:core.py:67 operation functools.partial(<built-in method execute of sqlite3.Cursor object at 0x000001BA83FB5940>, '\nCREATE TABLE chat_messages (\n\tid INTEGER NOT NULL, \n\tuser_id INTEGER, \n\tcontent TEXT NOT NULL, \n\tmessage_type VARCHAR(20) NOT NULL, \n\tis_deleted BOOLEAN NOT NULL, \n\tdeleted_by_id INTEGER, \n\tdeleted_at DATETIME, \n\tdelete_reason VARCHAR(255), \n\treply_to_id INTEGER, \n\tcreated_at DATETIME NOT NULL, \n\tupdated_at DATETIME NOT NULL, \n\tCONSTRAINT pk_chat_messages PRIMARY KEY (id), \n\tCONSTRAINT fk_chat_messages_user_id_users FOREIGN KEY(user_id) REFERENCES users (id) ON DELETE SET NULL, \n\tCONSTRAINT fk_chat_messages_reply_to_id_chat_messages FOREIGN KEY(reply_to_id) REFERENCES chat_messages (id) ON DELETE SET NULL\n)\n\n', ()) completed
DEBUG    aiosqlite:core.py:62 executing functools.partial(<built-in method close of sqlite3.Cursor object at 0x000001BA83FB5940>)
INFO     sqlalchemy.engine.Engine:base.py:1846 
CREATE TABLE radio_history (
	id INTEGER NOT NULL, 
	song_id INTEGER NOT NULL, 
	queue_id INTEGER, 
	played_at DATETIME NOT NULL, 
	ended_at DATETIME, 
	duration_played_seconds FLOAT, 
	broadcast_file_path VARCHAR(500), 
	stream_mount VARCHAR(100), 
	requester_telegram_id BIGINT, 
	requester_username VARCHAR(255), 
	song_title VARCHAR(500), 
	song_artist VARCHAR(255), 
	song_genre VARCHAR(100), 
	had_dj_intro BOOLEAN NOT NULL, 
	dj_intro_text TEXT, 
	listener_count INTEGER, 
	upvotes_during_play INTEGER NOT NULL, 
	downvotes_during_play INTEGER NOT NULL, 
	skips_requested INTEGER NOT NULL, 
	created_at DATETIME NOT NULL, 
	updated_at DATETIME NOT NULL, 
	CONSTRAINT pk_radio_history PRIMARY KEY (id), 
	CONSTRAINT fk_radio_history_song_id_songs FOREIGN KEY(song_id) REFERENCES songs (id)
)


DEBUG    aiosqlite:core.py:67 operation functools.partial(<built-in method close of sqlite3.Cursor object at 0x000001BA83FB5940>) completed
INFO     sqlalchemy.engine.Engine:base.py:1846 [no key 0.00027s] ()
DEBUG    aiosqlite:core.py:62 executing functools.partial(<built-in method cursor of sqlite3.Connection object at 0x000001BA83F84E50>)
DEBUG    aiosqlite:core.py:67 operation functools.partial(<built-in method cursor of sqlite3.Connection object at 0x000001BA83F84E50>) completed
DEBUG    aiosqlite:core.py:62 executing functools.partial(<built-in method execute of sqlite3.Cursor object at 0x000001BA83FB5340>, '\nCREATE TABLE radio_history (\n\tid INTEGER NOT NULL, \n\tsong_id INTEGER NOT NULL, \n\tqueue_id INTEGER, \n\tplayed_at DATETIME NOT NULL, \n\tended_at DATETIME, \n\tduration_played_seconds FLOAT, \n\tbroadcast_file_path VARCHAR(500), \n\tstream_mount VARCHAR(100), \n\trequester_telegram_id BIGINT, \n\trequester_username VARCHAR(255), \n\tsong_title VARCHAR(500), \n\tsong_artist VARCHAR(255), \n\tsong_genre VARCHAR(100), \n\thad_dj_intro BOOLEAN NOT NULL, \n\tdj_intro_text TEXT, \n\tlistener_count INTEGER, \n\tupvotes_during_play INTEGER NOT NULL, \n\tdownvotes_during_play INTEGER NOT NULL, \n\tskips_requested INTEGER NOT NULL, \n\tcreated_at DATETIME NOT NULL, \n\tupdated_at DATETIME NOT NULL, \n\tCONSTRAINT pk_radio_history PRIMARY KEY (id), \n\tCONSTRAINT fk_radio_history_song_id_songs FOREIGN KEY(song_id) REFERENCES songs (id)\n)\n\n', ())
DEBUG    aiosqlite:core.py:67 operation functools.partial(<built-in method execute of sqlite3.Cursor object at 0x000001BA83FB5340>, '\nCREATE TABLE radio_history (\n\tid INTEGER NOT NULL, \n\tsong_id INTEGER NOT NULL, \n\tqueue_id INTEGER, \n\tplayed_at DATETIME NOT NULL, \n\tended_at DATETIME, \n\tduration_played_seconds FLOAT, \n\tbroadcast_file_path VARCHAR(500), \n\tstream_mount VARCHAR(100), \n\trequester_telegram_id BIGINT, \n\trequester_username VARCHAR(255), \n\tsong_title VARCHAR(500), \n\tsong_artist VARCHAR(255), \n\tsong_genre VARCHAR(100), \n\thad_dj_intro BOOLEAN NOT NULL, \n\tdj_intro_text TEXT, \n\tlistener_count INTEGER, \n\tupvotes_during_play INTEGER NOT NULL, \n\tdownvotes_during_play INTEGER NOT NULL, \n\tskips_requested INTEGER NOT NULL, \n\tcreated_at DATETIME NOT NULL, \n\tupdated_at DATETIME NOT NULL, \n\tCONSTRAINT pk_radio_history PRIMARY KEY (id), \n\tCONSTRAINT fk_radio_history_song_id_songs FOREIGN KEY(song_id) REFERENCES songs (id)\n)\n\n', ()) completed
DEBUG    aiosqlite:core.py:62 executing functools.partial(<built-in method close of sqlite3.Cursor object at 0x000001BA83FB5340>)
DEBUG    aiosqlite:core.py:67 operation functools.partial(<built-in method close of sqlite3.Cursor object at 0x000001BA83FB5340>) completed
INFO     sqlalchemy.engine.Engine:base.py:1846 CREATE INDEX ix_radio_history_song_id ON radio_history (song_id)
INFO     sqlalchemy.engine.Engine:base.py:1846 [no key 0.00028s] ()
DEBUG    aiosqlite:core.py:62 executing functools.partial(<built-in method cursor of sqlite3.Connection object at 0x000001BA83F84E50>)
DEBUG    aiosqlite:core.py:67 operation functools.partial(<built-in method cursor of sqlite3.Connection object at 0x000001BA83F84E50>) completed
DEBUG    aiosqlite:core.py:62 executing functools.partial(<built-in method execute of sqlite3.Cursor object at 0x000001BA83D3B9C0>, 'CREATE INDEX ix_radio_history_song_id ON radio_history (song_id)', ())
DEBUG    aiosqlite:core.py:67 operation functools.partial(<built-in method execute of sqlite3.Cursor object at 0x000001BA83D3B9C0>, 'CREATE INDEX ix_radio_history_song_id ON radio_history (song_id)', ()) completed
DEBUG    aiosqlite:core.py:62 executing functools.partial(<built-in method close of sqlite3.Cursor object at 0x000001BA83D3B9C0>)
INFO     sqlalchemy.engine.Engine:base.py:1846 CREATE INDEX ix_radio_history_queue_id ON radio_history (queue_id)
DEBUG    aiosqlite:core.py:67 operation functools.partial(<built-in method close of sqlite3.Cursor object at 0x000001BA83D3B9C0>) completed
INFO     sqlalchemy.engine.Engine:base.py:1846 [no key 0.00022s] ()
DEBUG    aiosqlite:core.py:62 executing functools.partial(<built-in method cursor of sqlite3.Connection object at 0x000001BA83F84E50>)
DEBUG    aiosqlite:core.py:67 operation functools.partial(<built-in method cursor of sqlite3.Connection object at 0x000001BA83F84E50>) completed
DEBUG    aiosqlite:core.py:62 executing functools.partial(<built-in method execute of sqlite3.Cursor object at 0x000001BA83D39740>, 'CREATE INDEX ix_radio_history_queue_id ON radio_history (queue_id)', ())
DEBUG    aiosqlite:core.py:67 operation functools.partial(<built-in method execute of sqlite3.Cursor object at 0x000001BA83D39740>, 'CREATE INDEX ix_radio_history_queue_id ON radio_history (queue_id)', ()) completed
DEBUG    aiosqlite:core.py:62 executing functools.partial(<built-in method close of sqlite3.Cursor object at 0x000001BA83D39740>)
INFO     sqlalchemy.engine.Engine:base.py:1846 CREATE INDEX ix_radio_history_played_at ON radio_history (played_at)
DEBUG    aiosqlite:core.py:67 operation functools.partial(<built-in method close of sqlite3.Cursor object at 0x000001BA83D39740>) completed
INFO     sqlalchemy.engine.Engine:base.py:1846 [no key 0.00042s] ()
DEBUG    aiosqlite:core.py:62 executing functools.partial(<built-in method cursor of sqlite3.Connection object at 0x000001BA83F84E50>)
DEBUG    aiosqlite:core.py:67 operation functools.partial(<built-in method cursor of sqlite3.Connection object at 0x000001BA83F84E50>) completed
DEBUG    aiosqlite:core.py:62 executing functools.partial(<built-in method execute of sqlite3.Cursor object at 0x000001BA83FB5E40>, 'CREATE INDEX ix_radio_history_played_at ON radio_history (played_at)', ())
DEBUG    aiosqlite:core.py:67 operation functools.partial(<built-in method execute of sqlite3.Cursor object at 0x000001BA83FB5E40>, 'CREATE INDEX ix_radio_history_played_at ON radio_history (played_at)', ()) completed
DEBUG    aiosqlite:core.py:62 executing functools.partial(<built-in method close of sqlite3.Cursor object at 0x000001BA83FB5E40>)
DEBUG    aiosqlite:core.py:67 operation functools.partial(<built-in method close of sqlite3.Cursor object at 0x000001BA83FB5E40>) completed
INFO     sqlalchemy.engine.Engine:base.py:1846 
CREATE TABLE radio_queue (
	id INTEGER NOT NULL, 
	user_id INTEGER, 
	telegram_user_id BIGINT, 
	telegram_message_id BIGINT, 
	song_id INTEGER, 
	original_prompt TEXT NOT NULL, 
	enhanced_prompt TEXT, 
	genre_hint VARCHAR(100), 
	is_instrumental BOOLEAN NOT NULL, 
	status VARCHAR(50) NOT NULL, 
	suno_job_id VARCHAR(255), 
	error_message TEXT, 
	retry_count INTEGER NOT NULL, 
	max_retries INTEGER NOT NULL, 
	base_priority FLOAT NOT NULL, 
	priority_score FLOAT NOT NULL, 
	is_priority_boost BOOLEAN NOT NULL, 
	priority_boost_reason VARCHAR(255), 
	upvotes INTEGER NOT NULL, 
	downvotes INTEGER NOT NULL, 
	requested_at DATETIME NOT NULL, 
	queued_at DATETIME, 
	generation_started_at DATETIME, 
	generation_completed_at DATETIME, 
	broadcast_started_at DATETIME, 
	completed_at DATETIME, 
	is_moderated BOOLEAN NOT NULL, 
	moderation_passed BOOLEAN, 
	moderation_reason TEXT, 
	has_dj_intro BOOLEAN NOT NULL, 
	dj_intro_path VARCHAR(500), 
	created_at DATETIME NOT NULL, 
	updated_at DATETIME NOT NULL, 
	CONSTRAINT pk_radio_queue PRIMARY KEY (id), 
	CONSTRAINT fk_radio_queue_user_id_users FOREIGN KEY(user_id) REFERENCES users (id), 
	CONSTRAINT fk_radio_queue_song_id_songs FOREIGN KEY(song_id) REFERENCES songs (id)
)


INFO     sqlalchemy.engine.Engine:base.py:1846 [no key 0.00033s] ()
DEBUG    aiosqlite:core.py:62 executing functools.partial(<built-in method cursor of sqlite3.Connection object at 0x000001BA83F84E50>)
DEBUG    aiosqlite:core.py:67 operation functools.partial(<built-in method cursor of sqlite3.Connection object at 0x000001BA83F84E50>) completed
DEBUG    aiosqlite:core.py:62 executing functools.partial(<built-in method execute of sqlite3.Cursor object at 0x000001BA83D9EEC0>, '\nCREATE TABLE radio_queue (\n\tid INTEGER NOT NULL, \n\tuser_id INTEGER, \n\ttelegram_user_id BIGINT, \n\ttelegram_message_id BIGINT, \n\tsong_id INTEGER, \n\toriginal_prompt TEXT NOT NULL, \n\tenhanced_prompt TEXT, \n\tgenre_hint VARCHAR(100), \n\tis_instrumental BOOLEAN NOT NULL, \n\tstatus VARCHAR(50) NOT NULL, \n\tsuno_job_id VARCHAR(255), \n\terror_message TEXT, \n\tretry_count INTEGER NOT NULL, \n\tmax_retries INTEGER NOT NULL, \n\tbase_priority FLOAT NOT NULL, \n\tpriority_score FLOAT NOT NULL, \n\tis_priority_boost BOOLEAN NOT NULL, \n\tpriority_boost_reason VARCHAR(255), \n\tupvotes INTEGER NOT NULL, \n\tdownvotes INTEGER NOT NULL, \n\trequested_at DATETIME NOT NULL, \n\tqueued_at DATETIME, \n\tgeneration_started_at DATETIME, \n\tgeneration_completed_at DATETIME, \n\tbroadcast_started_at DATETIME, \n\tcompleted_at DATETIME, \n\tis_moderated BOOLEAN NOT NULL, \n\tmoderation_passed BOOLEAN, \n\tmoderation_reason TEXT, \n\thas_dj_intro BOOLEAN NOT NULL, \n\tdj_intro_path VARCHAR(500), \n\tcreated_at DATETIME NOT NULL, \n\tupdated_at DATETIME NOT NULL, \n\tCONSTRAINT pk_radio_queue PRIMARY KEY (id), \n\tCONSTRAINT fk_radio_queue_user_id_users FOREIGN KEY(user_id) REFERENCES users (id), \n\tCONSTRAINT fk_radio_queue_song_id_songs FOREIGN KEY(song_id) REFERENCES songs (id)\n)\n\n', ())
DEBUG    aiosqlite:core.py:67 operation functools.partial(<built-in method execute of sqlite3.Cursor object at 0x000001BA83D9EEC0>, '\nCREATE TABLE radio_queue (\n\tid INTEGER NOT NULL, \n\tuser_id INTEGER, \n\ttelegram_user_id BIGINT, \n\ttelegram_message_id BIGINT, \n\tsong_id INTEGER, \n\toriginal_prompt TEXT NOT NULL, \n\tenhanced_prompt TEXT, \n\tgenre_hint VARCHAR(100), \n\tis_instrumental BOOLEAN NOT NULL, \n\tstatus VARCHAR(50) NOT NULL, \n\tsuno_job_id VARCHAR(255), \n\terror_message TEXT, \n\tretry_count INTEGER NOT NULL, \n\tmax_retries INTEGER NOT NULL, \n\tbase_priority FLOAT NOT NULL, \n\tpriority_score FLOAT NOT NULL, \n\tis_priority_boost BOOLEAN NOT NULL, \n\tpriority_boost_reason VARCHAR(255), \n\tupvotes INTEGER NOT NULL, \n\tdownvotes INTEGER NOT NULL, \n\trequested_at DATETIME NOT NULL, \n\tqueued_at DATETIME, \n\tgeneration_started_at DATETIME, \n\tgeneration_completed_at DATETIME, \n\tbroadcast_started_at DATETIME, \n\tcompleted_at DATETIME, \n\tis_moderated BOOLEAN NOT NULL, \n\tmoderation_passed BOOLEAN, \n\tmoderation_reason TEXT, \n\thas_dj_intro BOOLEAN NOT NULL, \n\tdj_intro_path VARCHAR(500), \n\tcreated_at DATETIME NOT NULL, \n\tupdated_at DATETIME NOT NULL, \n\tCONSTRAINT pk_radio_queue PRIMARY KEY (id), \n\tCONSTRAINT fk_radio_queue_user_id_users FOREIGN KEY(user_id) REFERENCES users (id), \n\tCONSTRAINT fk_radio_queue_song_id_songs FOREIGN KEY(song_id) REFERENCES songs (id)\n)\n\n', ()) completed
DEBUG    aiosqlite:core.py:62 executing functools.partial(<built-in method close of sqlite3.Cursor object at 0x000001BA83D9EEC0>)
DEBUG    aiosqlite:core.py:67 operation functools.partial(<built-in method close of sqlite3.Cursor object at 0x000001BA83D9EEC0>) completed
INFO     sqlalchemy.engine.Engine:base.py:1846 CREATE INDEX ix_radio_queue_song_id ON radio_queue (song_id)
INFO     sqlalchemy.engine.Engine:base.py:1846 [no key 0.00025s] ()
DEBUG    aiosqlite:core.py:62 executing functools.partial(<built-in method cursor of sqlite3.Connection object at 0x000001BA83F84E50>)
DEBUG    aiosqlite:core.py:67 operation functools.partial(<built-in method cursor of sqlite3.Connection object at 0x000001BA83F84E50>) completed
DEBUG    aiosqlite:core.py:62 executing functools.partial(<built-in method execute of sqlite3.Cursor object at 0x000001BA83FCCB40>, 'CREATE INDEX ix_radio_queue_song_id ON radio_queue (song_id)', ())
DEBUG    aiosqlite:core.py:67 operation functools.partial(<built-in method execute of sqlite3.Cursor object at 0x000001BA83FCCB40>, 'CREATE INDEX ix_radio_queue_song_id ON radio_queue (song_id)', ()) completed
DEBUG    aiosqlite:core.py:62 executing functools.partial(<built-in method close of sqlite3.Cursor object at 0x000001BA83FCCB40>)
INFO     sqlalchemy.engine.Engine:base.py:1846 CREATE INDEX ix_radio_queue_telegram_user_id ON radio_queue (telegram_user_id)
DEBUG    aiosqlite:core.py:67 operation functools.partial(<built-in method close of sqlite3.Cursor object at 0x000001BA83FCCB40>) completed
INFO     sqlalchemy.engine.Engine:base.py:1846 [no key 0.00023s] ()
DEBUG    aiosqlite:core.py:62 executing functools.partial(<built-in method cursor of sqlite3.Connection object at 0x000001BA83F84E50>)
DEBUG    aiosqlite:core.py:67 operation functools.partial(<built-in method cursor of sqlite3.Connection object at 0x000001BA83F84E50>) completed
DEBUG    aiosqlite:core.py:62 executing functools.partial(<built-in method execute of sqlite3.Cursor object at 0x000001BA83FCD2C0>, 'CREATE INDEX ix_radio_queue_telegram_user_id ON radio_queue (telegram_user_id)', ())
DEBUG    aiosqlite:core.py:67 operation functools.partial(<built-in method execute of sqlite3.Cursor object at 0x000001BA83FCD2C0>, 'CREATE INDEX ix_radio_queue_telegram_user_id ON radio_queue (telegram_user_id)', ()) completed
DEBUG    aiosqlite:core.py:62 executing functools.partial(<built-in method close of sqlite3.Cursor object at 0x000001BA83FCD2C0>)
INFO     sqlalchemy.engine.Engine:base.py:1846 CREATE INDEX ix_radio_queue_user_id ON radio_queue (user_id)
DEBUG    aiosqlite:core.py:67 operation functools.partial(<built-in method close of sqlite3.Cursor object at 0x000001BA83FCD2C0>) completed
INFO     sqlalchemy.engine.Engine:base.py:1846 [no key 0.00028s] ()
DEBUG    aiosqlite:core.py:62 executing functools.partial(<built-in method cursor of sqlite3.Connection object at 0x000001BA83F84E50>)
DEBUG    aiosqlite:core.py:67 operation functools.partial(<built-in method cursor of sqlite3.Connection object at 0x000001BA83F84E50>) completed
DEBUG    aiosqlite:core.py:62 executing functools.partial(<built-in method execute of sqlite3.Cursor object at 0x000001BA83FCDF40>, 'CREATE INDEX ix_radio_queue_user_id ON radio_queue (user_id)', ())
DEBUG    aiosqlite:core.py:67 operation functools.partial(<built-in method execute of sqlite3.Cursor object at 0x000001BA83FCDF40>, 'CREATE INDEX ix_radio_queue_user_id ON radio_queue (user_id)', ()) completed
DEBUG    aiosqlite:core.py:62 executing functools.partial(<built-in method close of sqlite3.Cursor object at 0x000001BA83FCDF40>)
DEBUG    aiosqlite:core.py:67 operation functools.partial(<built-in method close of sqlite3.Cursor object at 0x000001BA83FCDF40>) completed
INFO     sqlalchemy.engine.Engine:base.py:1846 CREATE INDEX ix_radio_queue_status ON radio_queue (status)
INFO     sqlalchemy.engine.Engine:base.py:1846 [no key 0.00017s] ()
DEBUG    aiosqlite:core.py:62 executing functools.partial(<built-in method cursor of sqlite3.Connection object at 0x000001BA83F84E50>)
DEBUG    aiosqlite:core.py:67 operation functools.partial(<built-in method cursor of sqlite3.Connection object at 0x000001BA83F84E50>) completed
DEBUG    aiosqlite:core.py:62 executing functools.partial(<built-in method execute of sqlite3.Cursor object at 0x000001BA83FCCC40>, 'CREATE INDEX ix_radio_queue_status ON radio_queue (status)', ())
DEBUG    aiosqlite:core.py:67 operation functools.partial(<built-in method execute of sqlite3.Cursor object at 0x000001BA83FCCC40>, 'CREATE INDEX ix_radio_queue_status ON radio_queue (status)', ()) completed
DEBUG    aiosqlite:core.py:62 executing functools.partial(<built-in method close of sqlite3.Cursor object at 0x000001BA83FCCC40>)
DEBUG    aiosqlite:core.py:67 operation functools.partial(<built-in method close of sqlite3.Cursor object at 0x000001BA83FCCC40>) completed
INFO     sqlalchemy.engine.Engine:base.py:1846 CREATE INDEX ix_radio_queue_priority_score ON radio_queue (priority_score)
INFO     sqlalchemy.engine.Engine:base.py:1846 [no key 0.00030s] ()
DEBUG    aiosqlite:core.py:62 executing functools.partial(<built-in method cursor of sqlite3.Connection object at 0x000001BA83F84E50>)
DEBUG    aiosqlite:core.py:67 operation functools.partial(<built-in method cursor of sqlite3.Connection object at 0x000001BA83F84E50>) completed
DEBUG    aiosqlite:core.py:62 executing functools.partial(<built-in method execute of sqlite3.Cursor object at 0x000001BA83FCDFC0>, 'CREATE INDEX ix_radio_queue_priority_score ON radio_queue (priority_score)', ())
DEBUG    aiosqlite:core.py:67 operation functools.partial(<built-in method execute of sqlite3.Cursor object at 0x000001BA83FCDFC0>, 'CREATE INDEX ix_radio_queue_priority_score ON radio_queue (priority_score)', ()) completed
DEBUG    aiosqlite:core.py:62 executing functools.partial(<built-in method close of sqlite3.Cursor object at 0x000001BA83FCDFC0>)
DEBUG    aiosqlite:core.py:67 operation functools.partial(<built-in method close of sqlite3.Cursor object at 0x000001BA83FCDFC0>) completed
INFO     sqlalchemy.engine.Engine:base.py:1846 
CREATE TABLE votes (
	id INTEGER NOT NULL, 
	user_id INTEGER NOT NULL, 
	telegram_user_id BIGINT, 
	queue_item_id INTEGER NOT NULL, 
	vote_type VARCHAR(20) NOT NULL, 
	voted_at DATETIME NOT NULL, 
	previous_vote_type VARCHAR(20), 
	changed_at DATETIME, 
	source VARCHAR(50) NOT NULL, 
	telegram_callback_id VARCHAR(255), 
	created_at DATETIME NOT NULL, 
	updated_at DATETIME NOT NULL, 
	CONSTRAINT pk_votes PRIMARY KEY (id), 
	CONSTRAINT uq_votes_user_queue UNIQUE (user_id, queue_item_id), 
	CONSTRAINT fk_votes_user_id_users FOREIGN KEY(user_id) REFERENCES users (id), 
	CONSTRAINT fk_votes_queue_item_id_radio_queue FOREIGN KEY(queue_item_id) REFERENCES radio_queue (id)
)


INFO     sqlalchemy.engine.Engine:base.py:1846 [no key 0.00040s] ()
DEBUG    aiosqlite:core.py:62 executing functools.partial(<built-in method cursor of sqlite3.Connection object at 0x000001BA83F84E50>)
DEBUG    aiosqlite:core.py:67 operation functools.partial(<built-in method cursor of sqlite3.Connection object at 0x000001BA83F84E50>) completed
DEBUG    aiosqlite:core.py:62 executing functools.partial(<built-in method execute of sqlite3.Cursor object at 0x000001BA83D3AA40>, '\nCREATE TABLE votes (\n\tid INTEGER NOT NULL, \n\tuser_id INTEGER NOT NULL, \n\ttelegram_user_id BIGINT, \n\tqueue_item_id INTEGER NOT NULL, \n\tvote_type VARCHAR(20) NOT NULL, \n\tvoted_at DATETIME NOT NULL, \n\tprevious_vote_type VARCHAR(20), \n\tchanged_at DATETIME, \n\tsource VARCHAR(50) NOT NULL, \n\ttelegram_callback_id VARCHAR(255), \n\tcreated_at DATETIME NOT NULL, \n\tupdated_at DATETIME NOT NULL, \n\tCONSTRAINT pk_votes PRIMARY KEY (id), \n\tCONSTRAINT uq_votes_user_queue UNIQUE (user_id, queue_item_id), \n\tCONSTRAINT fk_votes_user_id_users FOREIGN KEY(user_id) REFERENCES users (id), \n\tCONSTRAINT fk_votes_queue_item_id_radio_queue FOREIGN KEY(queue_item_id) REFERENCES radio_queue (id)\n)\n\n', ())
DEBUG    aiosqlite:core.py:67 operation functools.partial(<built-in method execute of sqlite3.Cursor object at 0x000001BA83D3AA40>, '\nCREATE TABLE votes (\n\tid INTEGER NOT NULL, \n\tuser_id INTEGER NOT NULL, \n\ttelegram_user_id BIGINT, \n\tqueue_item_id INTEGER NOT NULL, \n\tvote_type VARCHAR(20) NOT NULL, \n\tvoted_at DATETIME NOT NULL, \n\tprevious_vote_type VARCHAR(20), \n\tchanged_at DATETIME, \n\tsource VARCHAR(50) NOT NULL, \n\ttelegram_callback_id VARCHAR(255), \n\tcreated_at DATETIME NOT NULL, \n\tupdated_at DATETIME NOT NULL, \n\tCONSTRAINT pk_votes PRIMARY KEY (id), \n\tCONSTRAINT uq_votes_user_queue UNIQUE (user_id, queue_item_id), \n\tCONSTRAINT fk_votes_user_id_users FOREIGN KEY(user_id) REFERENCES users (id), \n\tCONSTRAINT fk_votes_queue_item_id_radio_queue FOREIGN KEY(queue_item_id) REFERENCES radio_queue (id)\n)\n\n', ()) completed
DEBUG    aiosqlite:core.py:62 executing functools.partial(<built-in method close of sqlite3.Cursor object at 0x000001BA83D3AA40>)
DEBUG    aiosqlite:core.py:67 operation functools.partial(<built-in method close of sqlite3.Cursor object at 0x000001BA83D3AA40>) completed
INFO     sqlalchemy.engine.Engine:base.py:1846 CREATE INDEX ix_votes_user_id ON votes (user_id)
INFO     sqlalchemy.engine.Engine:base.py:1846 [no key 0.00017s] ()
DEBUG    aiosqlite:core.py:62 executing functools.partial(<built-in method cursor of sqlite3.Connection object at 0x000001BA83F84E50>)
DEBUG    aiosqlite:core.py:67 operation functools.partial(<built-in method cursor of sqlite3.Connection object at 0x000001BA83F84E50>) completed
DEBUG    aiosqlite:core.py:62 executing functools.partial(<built-in method execute of sqlite3.Cursor object at 0x000001BA83FCD040>, 'CREATE INDEX ix_votes_user_id ON votes (user_id)', ())
DEBUG    aiosqlite:core.py:67 operation functools.partial(<built-in method execute of sqlite3.Cursor object at 0x000001BA83FCD040>, 'CREATE INDEX ix_votes_user_id ON votes (user_id)', ()) completed
DEBUG    aiosqlite:core.py:62 executing functools.partial(<built-in method close of sqlite3.Cursor object at 0x000001BA83FCD040>)
DEBUG    aiosqlite:core.py:67 operation functools.partial(<built-in method close of sqlite3.Cursor object at 0x000001BA83FCD040>) completed
INFO     sqlalchemy.engine.Engine:base.py:1846 CREATE INDEX ix_votes_queue_item_id ON votes (queue_item_id)
INFO     sqlalchemy.engine.Engine:base.py:1846 [no key 0.00018s] ()
DEBUG    aiosqlite:core.py:62 executing functools.partial(<built-in method cursor of sqlite3.Connection object at 0x000001BA83F84E50>)
DEBUG    aiosqlite:core.py:67 operation functools.partial(<built-in method cursor of sqlite3.Connection object at 0x000001BA83F84E50>) completed
DEBUG    aiosqlite:core.py:62 executing functools.partial(<built-in method execute of sqlite3.Cursor object at 0x000001BA83FCE1C0>, 'CREATE INDEX ix_votes_queue_item_id ON votes (queue_item_id)', ())
DEBUG    aiosqlite:core.py:67 operation functools.partial(<built-in method execute of sqlite3.Cursor object at 0x000001BA83FCE1C0>, 'CREATE INDEX ix_votes_queue_item_id ON votes (queue_item_id)', ()) completed
DEBUG    aiosqlite:core.py:62 executing functools.partial(<built-in method close of sqlite3.Cursor object at 0x000001BA83FCE1C0>)
INFO     sqlalchemy.engine.Engine:base.py:1846 CREATE INDEX ix_votes_telegram_user_id ON votes (telegram_user_id)
DEBUG    aiosqlite:core.py:67 operation functools.partial(<built-in method close of sqlite3.Cursor object at 0x000001BA83FCE1C0>) completed
INFO     sqlalchemy.engine.Engine:base.py:1846 [no key 0.00024s] ()
DEBUG    aiosqlite:core.py:62 executing functools.partial(<built-in method cursor of sqlite3.Connection object at 0x000001BA83F84E50>)
DEBUG    aiosqlite:core.py:67 operation functools.partial(<built-in method cursor of sqlite3.Connection object at 0x000001BA83F84E50>) completed
DEBUG    aiosqlite:core.py:62 executing functools.partial(<built-in method execute of sqlite3.Cursor object at 0x000001BA83FCE640>, 'CREATE INDEX ix_votes_telegram_user_id ON votes (telegram_user_id)', ())
DEBUG    aiosqlite:core.py:67 operation functools.partial(<built-in method execute of sqlite3.Cursor object at 0x000001BA83FCE640>, 'CREATE INDEX ix_votes_telegram_user_id ON votes (telegram_user_id)', ()) completed
DEBUG    aiosqlite:core.py:62 executing functools.partial(<built-in method close of sqlite3.Cursor object at 0x000001BA83FCE640>)
DEBUG    aiosqlite:core.py:67 operation functools.partial(<built-in method close of sqlite3.Cursor object at 0x000001BA83FCE640>) completed
INFO     sqlalchemy.engine.Engine:base.py:2716 COMMIT
DEBUG    aiosqlite:core.py:62 executing functools.partial(<built-in method commit of sqlite3.Connection object at 0x000001BA83F84E50>)
DEBUG    aiosqlite:core.py:67 operation functools.partial(<built-in method commit of sqlite3.Connection object at 0x000001BA83F84E50>) completed
DEBUG    aiosqlite:core.py:62 executing functools.partial(<built-in method rollback of sqlite3.Connection object at 0x000001BA83F84E50>)
DEBUG    aiosqlite:core.py:67 operation functools.partial(<built-in method rollback of sqlite3.Connection object at 0x000001BA83F84E50>) completed
-------------------------- Captured stdout teardown ---------------------------
2026-01-03 00:52:35 | [32mINFO[0m | sqlalchemy.engine.Engine | BEGIN (implicit)
2026-01-03 00:52:35 | [32mINFO[0m | sqlalchemy.engine.Engine | PRAGMA main.table_info("chat_messages")
2026-01-03 00:52:35 | [32mINFO[0m | sqlalchemy.engine.Engine | [raw sql] ()
2026-01-03 00:52:35 | [36mDEBUG[0m | aiosqlite | executing functools.partial(<built-in method cursor of sqlite3.Connection object at 0x000001BA83F84E50>)
2026-01-03 00:52:35 | [36mDEBUG[0m | aiosqlite | operation functools.partial(<built-in method cursor of sqlite3.Connection object at 0x000001BA83F84E50>) completed
2026-01-03 00:52:35 | [36mDEBUG[0m | aiosqlite | executing functools.partial(<built-in method execute of sqlite3.Cursor object at 0x000001BA83FB53C0>, 'PRAGMA main.table_info("chat_messages")', ())
2026-01-03 00:52:35 | [36mDEBUG[0m | aiosqlite | operation functools.partial(<built-in method execute of sqlite3.Cursor object at 0x000001BA83FB53C0>, 'PRAGMA main.table_info("chat_messages")', ()) completed
2026-01-03 00:52:35 | [36mDEBUG[0m | aiosqlite | executing functools.partial(<built-in method fetchall of sqlite3.Cursor object at 0x000001BA83FB53C0>)
2026-01-03 00:52:35 | [36mDEBUG[0m | aiosqlite | operation functools.partial(<built-in method fetchall of sqlite3.Cursor object at 0x000001BA83FB53C0>) completed
2026-01-03 00:52:35 | [36mDEBUG[0m | aiosqlite | executing functools.partial(<built-in method close of sqlite3.Cursor object at 0x000001BA83FB53C0>)
2026-01-03 00:52:35 | [36mDEBUG[0m | sqlalchemy.engine.Engine | Col ('cid', 'name', 'type', 'notnull', 'dflt_value', 'pk')
2026-01-03 00:52:35 | [36mDEBUG[0m | aiosqlite | operation functools.partial(<built-in method close of sqlite3.Cursor object at 0x000001BA83FB53C0>) completed
2026-01-03 00:52:35 | [36mDEBUG[0m | sqlalchemy.engine.Engine | Row (0, 'id', 'INTEGER', 1, None, 1)
2026-01-03 00:52:35 | [36mDEBUG[0m | sqlalchemy.engine.Engine | Row (1, 'user_id', 'INTEGER', 0, None, 0)
2026-01-03 00:52:35 | [36mDEBUG[0m | sqlalchemy.engine.Engine | Row (2, 'content', 'TEXT', 1, None, 0)
2026-01-03 00:52:35 | [36mDEBUG[0m | sqlalchemy.engine.Engine | Row (3, 'message_type', 'VARCHAR(20)', 1, None, 0)
2026-01-03 00:52:35 | [36mDEBUG[0m | sqlalchemy.engine.Engine | Row (4, 'is_deleted', 'BOOLEAN', 1, None, 0)
2026-01-03 00:52:35 | [36mDEBUG[0m | sqlalchemy.engine.Engine | Row (5, 'deleted_by_id', 'INTEGER', 0, None, 0)
2026-01-03 00:52:35 | [36mDEBUG[0m | sqlalchemy.engine.Engine | Row (6, 'deleted_at', 'DATETIME', 0, None, 0)
2026-01-03 00:52:35 | [36mDEBUG[0m | sqlalchemy.engine.Engine | Row (7, 'delete_reason', 'VARCHAR(255)', 0, None, 0)
2026-01-03 00:52:35 | [36mDEBUG[0m | sqlalchemy.engine.Engine | Row (8, 'reply_to_id', 'INTEGER', 0, None, 0)
2026-01-03 00:52:35 | [36mDEBUG[0m | sqlalchemy.engine.Engine | Row (9, 'created_at', 'DATETIME', 1, None, 0)
2026-01-03 00:52:35 | [36mDEBUG[0m | sqlalchemy.engine.Engine | Row (10, 'updated_at', 'DATETIME', 1, None, 0)
2026-01-03 00:52:35 | [32mINFO[0m | sqlalchemy.engine.Engine | PRAGMA main.table_info("radio_history")
2026-01-03 00:52:35 | [32mINFO[0m | sqlalchemy.engine.Engine | [raw sql] ()
2026-01-03 00:52:35 | [36mDEBUG[0m | aiosqlite | executing functools.partial(<built-in method cursor of sqlite3.Connection object at 0x000001BA83F84E50>)
2026-01-03 00:52:35 | [36mDEBUG[0m | aiosqlite | operation functools.partial(<built-in method cursor of sqlite3.Connection object at 0x000001BA83F84E50>) completed
2026-01-03 00:52:35 | [36mDEBUG[0m | aiosqlite | executing functools.partial(<built-in method execute of sqlite3.Cursor object at 0x000001BA83FB52C0>, 'PRAGMA main.table_info("radio_history")', ())
2026-01-03 00:52:35 | [36mDEBUG[0m | aiosqlite | operation functools.partial(<built-in method execute of sqlite3.Cursor object at 0x000001BA83FB52C0>, 'PRAGMA main.table_info("radio_history")', ()) completed
2026-01-03 00:52:35 | [36mDEBUG[0m | aiosqlite | executing functools.partial(<built-in method fetchall of sqlite3.Cursor object at 0x000001BA83FB52C0>)
2026-01-03 00:52:35 | [36mDEBUG[0m | aiosqlite | operation functools.partial(<built-in method fetchall of sqlite3.Cursor object at 0x000001BA83FB52C0>) completed
2026-01-03 00:52:35 | [36mDEBUG[0m | aiosqlite | executing functools.partial(<built-in method close of sqlite3.Cursor object at 0x000001BA83FB52C0>)
2026-01-03 00:52:35 | [36mDEBUG[0m | aiosqlite | operation functools.partial(<built-in method close of sqlite3.Cursor object at 0x000001BA83FB52C0>) completed
2026-01-03 00:52:35 | [36mDEBUG[0m | sqlalchemy.engine.Engine | Col ('cid', 'name', 'type', 'notnull', 'dflt_value', 'pk')
2026-01-03 00:52:35 | [36mDEBUG[0m | sqlalchemy.engine.Engine | Row (0, 'id', 'INTEGER', 1, None, 1)
2026-01-03 00:52:35 | [36mDEBUG[0m | sqlalchemy.engine.Engine | Row (1, 'song_id', 'INTEGER', 1, None, 0)
2026-01-03 00:52:35 | [36mDEBUG[0m | sqlalchemy.engine.Engine | Row (2, 'queue_id', 'INTEGER', 0, None, 0)
2026-01-03 00:52:35 | [36mDEBUG[0m | sqlalchemy.engine.Engine | Row (3, 'played_at', 'DATETIME', 1, None, 0)
2026-01-03 00:52:35 | [36mDEBUG[0m | sqlalchemy.engine.Engine | Row (4, 'ended_at', 'DATETIME', 0, None, 0)
2026-01-03 00:52:35 | [36mDEBUG[0m | sqlalchemy.engine.Engine | Row (5, 'duration_played_seconds', 'FLOAT', 0, None, 0)
2026-01-03 00:52:35 | [36mDEBUG[0m | sqlalchemy.engine.Engine | Row (6, 'broadcast_file_path', 'VARCHAR(500)', 0, None, 0)
2026-01-03 00:52:35 | [36mDEBUG[0m | sqlalchemy.engine.Engine | Row (7, 'stream_mount', 'VARCHAR(100)', 0, None, 0)
2026-01-03 00:52:35 | [36mDEBUG[0m | sqlalchemy.engine.Engine | Row (8, 'requester_telegram_id', 'BIGINT', 0, None, 0)
2026-01-03 00:52:35 | [36mDEBUG[0m | sqlalchemy.engine.Engine | Row (9, 'requester_username', 'VARCHAR(255)', 0, None, 0)
2026-01-03 00:52:35 | [36mDEBUG[0m | sqlalchemy.engine.Engine | Row (10, 'song_title', 'VARCHAR(500)', 0, None, 0)
2026-01-03 00:52:35 | [36mDEBUG[0m | sqlalchemy.engine.Engine | Row (11, 'song_artist', 'VARCHAR(255)', 0, None, 0)
2026-01-03 00:52:35 | [36mDEBUG[0m | sqlalchemy.engine.Engine | Row (12, 'song_genre', 'VARCHAR(100)', 0, None, 0)
2026-01-03 00:52:35 | [36mDEBUG[0m | sqlalchemy.engine.Engine | Row (13, 'had_dj_intro', 'BOOLEAN', 1, None, 0)
2026-01-03 00:52:35 | [36mDEBUG[0m | sqlalchemy.engine.Engine | Row (14, 'dj_intro_text', 'TEXT', 0, None, 0)
2026-01-03 00:52:35 | [36mDEBUG[0m | sqlalchemy.engine.Engine | Row (15, 'listener_count', 'INTEGER', 0, None, 0)
2026-01-03 00:52:35 | [36mDEBUG[0m | sqlalchemy.engine.Engine | Row (16, 'upvotes_during_play', 'INTEGER', 1, None, 0)
2026-01-03 00:52:35 | [36mDEBUG[0m | sqlalchemy.engine.Engine | Row (17, 'downvotes_during_play', 'INTEGER', 1, None, 0)
2026-01-03 00:52:35 | [36mDEBUG[0m | sqlalchemy.engine.Engine | Row (18, 'skips_requested', 'INTEGER', 1, None, 0)
2026-01-03 00:52:35 | [36mDEBUG[0m | sqlalchemy.engine.Engine | Row (19, 'created_at', 'DATETIME', 1, None, 0)
2026-01-03 00:52:35 | [36mDEBUG[0m | sqlalchemy.engine.Engine | Row (20, 'updated_at', 'DATETIME', 1, None, 0)
2026-01-03 00:52:35 | [32mINFO[0m | sqlalchemy.engine.Engine | PRAGMA main.table_info("radio_queue")
2026-01-03 00:52:35 | [32mINFO[0m | sqlalchemy.engine.Engine | [raw sql] ()
2026-01-03 00:52:35 | [36mDEBUG[0m | aiosqlite | executing functools.partial(<built-in method cursor of sqlite3.Connection object at 0x000001BA83F84E50>)
2026-01-03 00:52:35 | [36mDEBUG[0m | aiosqlite | operation functools.partial(<built-in method cursor of sqlite3.Connection object at 0x000001BA83F84E50>) completed
2026-01-03 00:52:35 | [36mDEBUG[0m | aiosqlite | executing functools.partial(<built-in method execute of sqlite3.Cursor object at 0x000001BA83D3BDC0>, 'PRAGMA main.table_info("radio_queue")', ())
2026-01-03 00:52:35 | [36mDEBUG[0m | aiosqlite | operation functools.partial(<built-in method execute of sqlite3.Cursor object at 0x000001BA83D3BDC0>, 'PRAGMA main.table_info("radio_queue")', ()) completed
2026-01-03 00:52:35 | [36mDEBUG[0m | aiosqlite | executing functools.partial(<built-in method fetchall of sqlite3.Cursor object at 0x000001BA83D3BDC0>)
2026-01-03 00:52:35 | [36mDEBUG[0m | aiosqlite | operation functools.partial(<built-in method fetchall of sqlite3.Cursor object at 0x000001BA83D3BDC0>) completed
2026-01-03 00:52:35 | [36mDEBUG[0m | aiosqlite | executing functools.partial(<built-in method close of sqlite3.Cursor object at 0x000001BA83D3BDC0>)
2026-01-03 00:52:35 | [36mDEBUG[0m | aiosqlite | operation functools.partial(<built-in method close of sqlite3.Cursor object at 0x000001BA83D3BDC0>) completed
2026-01-03 00:52:35 | [36mDEBUG[0m | sqlalchemy.engine.Engine | Col ('cid', 'name', 'type', 'notnull', 'dflt_value', 'pk')
2026-01-03 00:52:35 | [36mDEBUG[0m | sqlalchemy.engine.Engine | Row (0, 'id', 'INTEGER', 1, None, 1)
2026-01-03 00:52:35 | [36mDEBUG[0m | sqlalchemy.engine.Engine | Row (1, 'user_id', 'INTEGER', 0, None, 0)
2026-01-03 00:52:35 | [36mDEBUG[0m | sqlalchemy.engine.Engine | Row (2, 'telegram_user_id', 'BIGINT', 0, None, 0)
2026-01-03 00:52:35 | [36mDEBUG[0m | sqlalchemy.engine.Engine | Row (3, 'telegram_message_id', 'BIGINT', 0, None, 0)
2026-01-03 00:52:35 | [36mDEBUG[0m | sqlalchemy.engine.Engine | Row (4, 'song_id', 'INTEGER', 0, None, 0)
2026-01-03 00:52:35 | [36mDEBUG[0m | sqlalchemy.engine.Engine | Row (5, 'original_prompt', 'TEXT', 1, None, 0)
2026-01-03 00:52:35 | [36mDEBUG[0m | sqlalchemy.engine.Engine | Row (6, 'enhanced_prompt', 'TEXT', 0, None, 0)
2026-01-03 00:52:35 | [36mDEBUG[0m | sqlalchemy.engine.Engine | Row (7, 'genre_hint', 'VARCHAR(100)', 0, None, 0)
2026-01-03 00:52:35 | [36mDEBUG[0m | sqlalchemy.engine.Engine | Row (8, 'is_instrumental', 'BOOLEAN', 1, None, 0)
2026-01-03 00:52:35 | [36mDEBUG[0m | sqlalchemy.engine.Engine | Row (9, 'status', 'VARCHAR(50)', 1, None, 0)
2026-01-03 00:52:35 | [36mDEBUG[0m | sqlalchemy.engine.Engine | Row (10, 'suno_job_id', 'VARCHAR(255)', 0, None, 0)
2026-01-03 00:52:35 | [36mDEBUG[0m | sqlalchemy.engine.Engine | Row (11, 'error_message', 'TEXT', 0, None, 0)
2026-01-03 00:52:35 | [36mDEBUG[0m | sqlalchemy.engine.Engine | Row (12, 'retry_count', 'INTEGER', 1, None, 0)
2026-01-03 00:52:35 | [36mDEBUG[0m | sqlalchemy.engine.Engine | Row (13, 'max_retries', 'INTEGER', 1, None, 0)
2026-01-03 00:52:35 | [36mDEBUG[0m | sqlalchemy.engine.Engine | Row (14, 'base_priority', 'FLOAT', 1, None, 0)
2026-01-03 00:52:35 | [36mDEBUG[0m | sqlalchemy.engine.Engine | Row (15, 'priority_score', 'FLOAT', 1, None, 0)
2026-01-03 00:52:35 | [36mDEBUG[0m | sqlalchemy.engine.Engine | Row (16, 'is_priority_boost', 'BOOLEAN', 1, None, 0)
2026-01-03 00:52:35 | [36mDEBUG[0m | sqlalchemy.engine.Engine | Row (17, 'priority_boost_reason', 'VARCHAR(255)', 0, None, 0)
2026-01-03 00:52:35 | [36mDEBUG[0m | sqlalchemy.engine.Engine | Row (18, 'upvotes', 'INTEGER', 1, None, 0)
2026-01-03 00:52:35 | [36mDEBUG[0m | sqlalchemy.engine.Engine | Row (19, 'downvotes', 'INTEGER', 1, None, 0)
2026-01-03 00:52:35 | [36mDEBUG[0m | sqlalchemy.engine.Engine | Row (20, 'requested_at', 'DATETIME', 1, None, 0)
2026-01-03 00:52:35 | [36mDEBUG[0m | sqlalchemy.engine.Engine | Row (21, 'queued_at', 'DATETIME', 0, None, 0)
2026-01-03 00:52:35 | [36mDEBUG[0m | sqlalchemy.engine.Engine | Row (22, 'generation_started_at', 'DATETIME', 0, None, 0)
2026-01-03 00:52:35 | [36mDEBUG[0m | sqlalchemy.engine.Engine | Row (23, 'generation_completed_at', 'DATETIME', 0, None, 0)
2026-01-03 00:52:35 | [36mDEBUG[0m | sqlalchemy.engine.Engine | Row (24, 'broadcast_started_at', 'DATETIME', 0, None, 0)
2026-01-03 00:52:35 | [36mDEBUG[0m | sqlalchemy.engine.Engine | Row (25, 'completed_at', 'DATETIME', 0, None, 0)
2026-01-03 00:52:35 | [36mDEBUG[0m | sqlalchemy.engine.Engine | Row (26, 'is_moderated', 'BOOLEAN', 1, None, 0)
2026-01-03 00:52:35 | [36mDEBUG[0m | sqlalchemy.engine.Engine | Row (27, 'moderation_passed', 'BOOLEAN', 0, None, 0)
2026-01-03 00:52:35 | [36mDEBUG[0m | sqlalchemy.engine.Engine | Row (28, 'moderation_reason', 'TEXT', 0, None, 0)
2026-01-03 00:52:35 | [36mDEBUG[0m | sqlalchemy.engine.Engine | Row (29, 'has_dj_intro', 'BOOLEAN', 1, None, 0)
2026-01-03 00:52:35 | [36mDEBUG[0m | sqlalchemy.engine.Engine | Row (30, 'dj_intro_path', 'VARCHAR(500)', 0, None, 0)
2026-01-03 00:52:35 | [36mDEBUG[0m | sqlalchemy.engine.Engine | Row (31, 'created_at', 'DATETIME', 1, None, 0)
2026-01-03 00:52:35 | [36mDEBUG[0m | sqlalchemy.engine.Engine | Row (32, 'updated_at', 'DATETIME', 1, None, 0)
2026-01-03 00:52:35 | [32mINFO[0m | sqlalchemy.engine.Engine | PRAGMA main.table_info("songs")
2026-01-03 00:52:35 | [32mINFO[0m | sqlalchemy.engine.Engine | [raw sql] ()
2026-01-03 00:52:35 | [36mDEBUG[0m | aiosqlite | executing functools.partial(<built-in method cursor of sqlite3.Connection object at 0x000001BA83F84E50>)
2026-01-03 00:52:35 | [36mDEBUG[0m | aiosqlite | operation functools.partial(<built-in method cursor of sqlite3.Connection object at 0x000001BA83F84E50>) completed
2026-01-03 00:52:35 | [36mDEBUG[0m | aiosqlite | executing functools.partial(<built-in method execute of sqlite3.Cursor object at 0x000001BA83FB41C0>, 'PRAGMA main.table_info("songs")', ())
2026-01-03 00:52:35 | [36mDEBUG[0m | aiosqlite | operation functools.partial(<built-in method execute of sqlite3.Cursor object at 0x000001BA83FB41C0>, 'PRAGMA main.table_info("songs")', ()) completed
2026-01-03 00:52:35 | [36mDEBUG[0m | aiosqlite | executing functools.partial(<built-in method fetchall of sqlite3.Cursor object at 0x000001BA83FB41C0>)
2026-01-03 00:52:35 | [36mDEBUG[0m | aiosqlite | operation functools.partial(<built-in method fetchall of sqlite3.Cursor object at 0x000001BA83FB41C0>) completed
2026-01-03 00:52:35 | [36mDEBUG[0m | aiosqlite | executing functools.partial(<built-in method close of sqlite3.Cursor object at 0x000001BA83FB41C0>)
2026-01-03 00:52:35 | [36mDEBUG[0m | sqlalchemy.engine.Engine | Col ('cid', 'name', 'type', 'notnull', 'dflt_value', 'pk')
2026-01-03 00:52:35 | [36mDEBUG[0m | sqlalchemy.engine.Engine | Row (0, 'id', 'INTEGER', 1, None, 1)
2026-01-03 00:52:35 | [36mDEBUG[0m | sqlalchemy.engine.Engine | Row (1, 'suno_job_id', 'VARCHAR(255)', 0, None, 0)
2026-01-03 00:52:35 | [36mDEBUG[0m | aiosqlite | operation functools.partial(<built-in method close of sqlite3.Cursor object at 0x000001BA83FB41C0>) completed
2026-01-03 00:52:35 | [36mDEBUG[0m | sqlalchemy.engine.Engine | Row (2, 'suno_status', 'VARCHAR(50)', 1, None, 0)
2026-01-03 00:52:35 | [36mDEBUG[0m | sqlalchemy.engine.Engine | Row (3, 'title', 'VARCHAR(500)', 0, None, 0)
2026-01-03 00:52:35 | [36mDEBUG[0m | sqlalchemy.engine.Engine | Row (4, 'artist', 'VARCHAR(255)', 1, None, 0)
2026-01-03 00:52:35 | [36mDEBUG[0m | sqlalchemy.engine.Engine | Row (5, 'original_prompt', 'TEXT', 0, None, 0)
2026-01-03 00:52:35 | [36mDEBUG[0m | sqlalchemy.engine.Engine | Row (6, 'enhanced_prompt', 'TEXT', 0, None, 0)
2026-01-03 00:52:35 | [36mDEBUG[0m | sqlalchemy.engine.Engine | Row (7, 'style_prompt', 'TEXT', 0, None, 0)
2026-01-03 00:52:35 | [36mDEBUG[0m | sqlalchemy.engine.Engine | Row (8, 'lyrics', 'TEXT', 0, None, 0)
2026-01-03 00:52:35 | [36mDEBUG[0m | sqlalchemy.engine.Engine | Row (9, 'genre', 'VARCHAR(100)', 0, None, 0)
2026-01-03 00:52:35 | [36mDEBUG[0m | sqlalchemy.engine.Engine | Row (10, 'subgenre', 'VARCHAR(100)', 0, None, 0)
2026-01-03 00:52:35 | [36mDEBUG[0m | sqlalchemy.engine.Engine | Row (11, 'mood', 'VARCHAR(100)', 0, None, 0)
2026-01-03 00:52:35 | [36mDEBUG[0m | sqlalchemy.engine.Engine | Row (12, 'energy', 'VARCHAR(50)', 0, None, 0)
2026-01-03 00:52:35 | [36mDEBUG[0m | sqlalchemy.engine.Engine | Row (13, 'duration_seconds', 'FLOAT', 0, None, 0)
2026-01-03 00:52:35 | [36mDEBUG[0m | sqlalchemy.engine.Engine | Row (14, 'bpm', 'INTEGER', 0, None, 0)
2026-01-03 00:52:35 | [36mDEBUG[0m | sqlalchemy.engine.Engine | Row (15, 'key', 'VARCHAR(10)', 0, None, 0)
2026-01-03 00:52:35 | [36mDEBUG[0m | sqlalchemy.engine.Engine | Row (16, 'is_instrumental', 'BOOLEAN', 1, None, 0)
2026-01-03 00:52:35 | [36mDEBUG[0m | sqlalchemy.engine.Engine | Row (17, 'audio_url', 'VARCHAR(1000)', 0, None, 0)
2026-01-03 00:52:35 | [36mDEBUG[0m | sqlalchemy.engine.Engine | Row (18, 'local_file_path', 'VARCHAR(500)', 0, None, 0)
2026-01-03 00:52:35 | [36mDEBUG[0m | sqlalchemy.engine.Engine | Row (19, 'file_size_bytes', 'INTEGER', 0, None, 0)
2026-01-03 00:52:35 | [36mDEBUG[0m | sqlalchemy.engine.Engine | Row (20, 'audio_format', 'VARCHAR(10)', 1, None, 0)
2026-01-03 00:52:35 | [36mDEBUG[0m | sqlalchemy.engine.Engine | Row (21, 'lufs_level', 'FLOAT', 0, None, 0)
2026-01-03 00:52:35 | [36mDEBUG[0m | sqlalchemy.engine.Engine | Row (22, 'peak_db', 'FLOAT', 0, None, 0)
2026-01-03 00:52:35 | [36mDEBUG[0m | sqlalchemy.engine.Engine | Row (23, 'is_normalized', 'BOOLEAN', 1, None, 0)
2026-01-03 00:52:35 | [36mDEBUG[0m | sqlalchemy.engine.Engine | Row (24, 'generation_started_at', 'DATETIME', 0, None, 0)
2026-01-03 00:52:35 | [36mDEBUG[0m | sqlalchemy.engine.Engine | Row (25, 'generation_completed_at', 'DATETIME', 0, None, 0)
2026-01-03 00:52:35 | [36mDEBUG[0m | sqlalchemy.engine.Engine | Row (26, 'downloaded_at', 'DATETIME', 0, None, 0)
2026-01-03 00:52:35 | [36mDEBUG[0m | sqlalchemy.engine.Engine | Row (27, 'play_count', 'INTEGER', 1, None, 0)
2026-01-03 00:52:35 | [36mDEBUG[0m | sqlalchemy.engine.Engine | Row (28, 'total_upvotes', 'INTEGER', 1, None, 0)
2026-01-03 00:52:35 | [36mDEBUG[0m | sqlalchemy.engine.Engine | Row (29, 'total_downvotes', 'INTEGER', 1, None, 0)
2026-01-03 00:52:35 | [36mDEBUG[0m | sqlalchemy.engine.Engine | Row (30, 'is_approved', 'BOOLEAN', 1, None, 0)
2026-01-03 00:52:35 | [36mDEBUG[0m | sqlalchemy.engine.Engine | Row (31, 'moderation_notes', 'TEXT', 0, None, 0)
2026-01-03 00:52:35 | [36mDEBUG[0m | sqlalchemy.engine.Engine | Row (32, 'flagged_at', 'DATETIME', 0, None, 0)
2026-01-03 00:52:35 | [36mDEBUG[0m | sqlalchemy.engine.Engine | Row (33, 'created_at', 'DATETIME', 1, None, 0)
2026-01-03 00:52:35 | [36mDEBUG[0m | sqlalchemy.engine.Engine | Row (34, 'updated_at', 'DATETIME', 1, None, 0)
2026-01-03 00:52:35 | [32mINFO[0m | sqlalchemy.engine.Engine | PRAGMA main.table_info("users")
2026-01-03 00:52:35 | [32mINFO[0m | sqlalchemy.engine.Engine | [raw sql] ()
2026-01-03 00:52:35 | [36mDEBUG[0m | aiosqlite | executing functools.partial(<built-in method cursor of sqlite3.Connection object at 0x000001BA83F84E50>)
2026-01-03 00:52:35 | [36mDEBUG[0m | aiosqlite | operation functools.partial(<built-in method cursor of sqlite3.Connection object at 0x000001BA83F84E50>) completed
2026-01-03 00:52:35 | [36mDEBUG[0m | aiosqlite | executing functools.partial(<built-in method execute of sqlite3.Cursor object at 0x000001BA83FB5FC0>, 'PRAGMA main.table_info("users")', ())
2026-01-03 00:52:35 | [36mDEBUG[0m | aiosqlite | operation functools.partial(<built-in method execute of sqlite3.Cursor object at 0x000001BA83FB5FC0>, 'PRAGMA main.table_info("users")', ()) completed
2026-01-03 00:52:35 | [36mDEBUG[0m | aiosqlite | executing functools.partial(<built-in method fetchall of sqlite3.Cursor object at 0x000001BA83FB5FC0>)
2026-01-03 00:52:35 | [36mDEBUG[0m | aiosqlite | operation functools.partial(<built-in method fetchall of sqlite3.Cursor object at 0x000001BA83FB5FC0>) completed
2026-01-03 00:52:35 | [36mDEBUG[0m | aiosqlite | executing functools.partial(<built-in method close of sqlite3.Cursor object at 0x000001BA83FB5FC0>)
2026-01-03 00:52:35 | [36mDEBUG[0m | sqlalchemy.engine.Engine | Col ('cid', 'name', 'type', 'notnull', 'dflt_value', 'pk')
2026-01-03 00:52:35 | [36mDEBUG[0m | aiosqlite | operation functools.partial(<built-in method close of sqlite3.Cursor object at 0x000001BA83FB5FC0>) completed
2026-01-03 00:52:35 | [36mDEBUG[0m | sqlalchemy.engine.Engine | Row (0, 'id', 'INTEGER', 1, None, 1)
2026-01-03 00:52:35 | [36mDEBUG[0m | sqlalchemy.engine.Engine | Row (1, 'telegram_id', 'BIGINT', 1, None, 0)
2026-01-03 00:52:35 | [36mDEBUG[0m | sqlalchemy.engine.Engine | Row (2, 'telegram_username', 'VARCHAR(255)', 0, None, 0)
2026-01-03 00:52:35 | [36mDEBUG[0m | sqlalchemy.engine.Engine | Row (3, 'telegram_first_name', 'VARCHAR(255)', 0, None, 0)
2026-01-03 00:52:35 | [36mDEBUG[0m | sqlalchemy.engine.Engine | Row (4, 'telegram_last_name', 'VARCHAR(255)', 0, None, 0)
2026-01-03 00:52:35 | [36mDEBUG[0m | sqlalchemy.engine.Engine | Row (5, 'reputation_score', 'FLOAT', 1, None, 0)
2026-01-03 00:52:35 | [36mDEBUG[0m | sqlalchemy.engine.Engine | Row (6, 'total_requests', 'INTEGER', 1, None, 0)
2026-01-03 00:52:35 | [36mDEBUG[0m | sqlalchemy.engine.Engine | Row (7, 'successful_requests', 'INTEGER', 1, None, 0)
2026-01-03 00:52:35 | [36mDEBUG[0m | sqlalchemy.engine.Engine | Row (8, 'failed_requests', 'INTEGER', 1, None, 0)
2026-01-03 00:52:35 | [36mDEBUG[0m | sqlalchemy.engine.Engine | Row (9, 'total_upvotes_received', 'INTEGER', 1, None, 0)
2026-01-03 00:52:35 | [36mDEBUG[0m | sqlalchemy.engine.Engine | Row (10, 'total_downvotes_received', 'INTEGER', 1, None, 0)
2026-01-03 00:52:35 | [36mDEBUG[0m | sqlalchemy.engine.Engine | Row (11, 'total_upvotes_given', 'INTEGER', 1, None, 0)
2026-01-03 00:52:35 | [36mDEBUG[0m | sqlalchemy.engine.Engine | Row (12, 'total_downvotes_given', 'INTEGER', 1, None, 0)
2026-01-03 00:52:35 | [36mDEBUG[0m | sqlalchemy.engine.Engine | Row (13, 'is_banned', 'BOOLEAN', 1, None, 0)
2026-01-03 00:52:35 | [36mDEBUG[0m | sqlalchemy.engine.Engine | Row (14, 'is_premium', 'BOOLEAN', 1, None, 0)
2026-01-03 00:52:35 | [36mDEBUG[0m | sqlalchemy.engine.Engine | Row (15, 'ban_reason', 'TEXT', 0, None, 0)
2026-01-03 00:52:35 | [36mDEBUG[0m | sqlalchemy.engine.Engine | Row (16, 'banned_at', 'DATETIME', 0, None, 0)
2026-01-03 00:52:35 | [36mDEBUG[0m | sqlalchemy.engine.Engine | Row (17, 'banned_until', 'DATETIME', 0, None, 0)
2026-01-03 00:52:35 | [36mDEBUG[0m | sqlalchemy.engine.Engine | Row (18, 'last_request_at', 'DATETIME', 0, None, 0)
2026-01-03 00:52:35 | [36mDEBUG[0m | sqlalchemy.engine.Engine | Row (19, 'last_vote_at', 'DATETIME', 0, None, 0)
2026-01-03 00:52:35 | [36mDEBUG[0m | sqlalchemy.engine.Engine | Row (20, 'last_active_at', 'DATETIME', 0, None, 0)
2026-01-03 00:52:35 | [36mDEBUG[0m | sqlalchemy.engine.Engine | Row (21, 'created_at', 'DATETIME', 1, None, 0)
2026-01-03 00:52:35 | [36mDEBUG[0m | sqlalchemy.engine.Engine | Row (22, 'updated_at', 'DATETIME', 1, None, 0)
2026-01-03 00:52:35 | [32mINFO[0m | sqlalchemy.engine.Engine | PRAGMA main.table_info("votes")
2026-01-03 00:52:35 | [32mINFO[0m | sqlalchemy.engine.Engine | [raw sql] ()
2026-01-03 00:52:35 | [36mDEBUG[0m | aiosqlite | executing functools.partial(<built-in method cursor of sqlite3.Connection object at 0x000001BA83F84E50>)
2026-01-03 00:52:35 | [36mDEBUG[0m | aiosqlite | operation functools.partial(<built-in method cursor of sqlite3.Connection object at 0x000001BA83F84E50>) completed
2026-01-03 00:52:35 | [36mDEBUG[0m | aiosqlite | executing functools.partial(<built-in method execute of sqlite3.Cursor object at 0x000001BA83ECC240>, 'PRAGMA main.table_info("votes")', ())
2026-01-03 00:52:35 | [36mDEBUG[0m | aiosqlite | operation functools.partial(<built-in method execute of sqlite3.Cursor object at 0x000001BA83ECC240>, 'PRAGMA main.table_info("votes")', ()) completed
2026-01-03 00:52:35 | [36mDEBUG[0m | aiosqlite | executing functools.partial(<built-in method fetchall of sqlite3.Cursor object at 0x000001BA83ECC240>)
2026-01-03 00:52:35 | [36mDEBUG[0m | aiosqlite | operation functools.partial(<built-in method fetchall of sqlite3.Cursor object at 0x000001BA83ECC240>) completed
2026-01-03 00:52:35 | [36mDEBUG[0m | aiosqlite | executing functools.partial(<built-in method close of sqlite3.Cursor object at 0x000001BA83ECC240>)
2026-01-03 00:52:35 | [36mDEBUG[0m | aiosqlite | operation functools.partial(<built-in method close of sqlite3.Cursor object at 0x000001BA83ECC240>) completed
2026-01-03 00:52:35 | [36mDEBUG[0m | sqlalchemy.engine.Engine | Col ('cid', 'name', 'type', 'notnull', 'dflt_value', 'pk')
2026-01-03 00:52:35 | [36mDEBUG[0m | sqlalchemy.engine.Engine | Row (0, 'id', 'INTEGER', 1, None, 1)
2026-01-03 00:52:35 | [36mDEBUG[0m | sqlalchemy.engine.Engine | Row (1, 'user_id', 'INTEGER', 1, None, 0)
2026-01-03 00:52:35 | [36mDEBUG[0m | sqlalchemy.engine.Engine | Row (2, 'telegram_user_id', 'BIGINT', 0, None, 0)
2026-01-03 00:52:35 | [36mDEBUG[0m | sqlalchemy.engine.Engine | Row (3, 'queue_item_id', 'INTEGER', 1, None, 0)
2026-01-03 00:52:35 | [36mDEBUG[0m | sqlalchemy.engine.Engine | Row (4, 'vote_type', 'VARCHAR(20)', 1, None, 0)
2026-01-03 00:52:35 | [36mDEBUG[0m | sqlalchemy.engine.Engine | Row (5, 'voted_at', 'DATETIME', 1, None, 0)
2026-01-03 00:52:35 | [36mDEBUG[0m | sqlalchemy.engine.Engine | Row (6, 'previous_vote_type', 'VARCHAR(20)', 0, None, 0)
2026-01-03 00:52:35 | [36mDEBUG[0m | sqlalchemy.engine.Engine | Row (7, 'changed_at', 'DATETIME', 0, None, 0)
2026-01-03 00:52:35 | [36mDEBUG[0m | sqlalchemy.engine.Engine | Row (8, 'source', 'VARCHAR(50)', 1, None, 0)
2026-01-03 00:52:35 | [36mDEBUG[0m | sqlalchemy.engine.Engine | Row (9, 'telegram_callback_id', 'VARCHAR(255)', 0, None, 0)
2026-01-03 00:52:35 | [36mDEBUG[0m | sqlalchemy.engine.Engine | Row (10, 'created_at', 'DATETIME', 1, None, 0)
2026-01-03 00:52:35 | [36mDEBUG[0m | sqlalchemy.engine.Engine | Row (11, 'updated_at', 'DATETIME', 1, None, 0)
2026-01-03 00:52:35 | [32mINFO[0m | sqlalchemy.engine.Engine | 
DROP TABLE votes
2026-01-03 00:52:35 | [32mINFO[0m | sqlalchemy.engine.Engine | [no key 0.00032s] ()
2026-01-03 00:52:35 | [36mDEBUG[0m | aiosqlite | executing functools.partial(<built-in method cursor of sqlite3.Connection object at 0x000001BA83F84E50>)
2026-01-03 00:52:35 | [36mDEBUG[0m | aiosqlite | operation functools.partial(<built-in method cursor of sqlite3.Connection object at 0x000001BA83F84E50>) completed
2026-01-03 00:52:35 | [36mDEBUG[0m | aiosqlite | executing functools.partial(<built-in method execute of sqlite3.Cursor object at 0x000001BA83D3A1C0>, '\nDROP TABLE votes', ())
2026-01-03 00:52:35 | [36mDEBUG[0m | aiosqlite | operation functools.partial(<built-in method execute of sqlite3.Cursor object at 0x000001BA83D3A1C0>, '\nDROP TABLE votes', ()) completed
2026-01-03 00:52:35 | [36mDEBUG[0m | aiosqlite | executing functools.partial(<built-in method close of sqlite3.Cursor object at 0x000001BA83D3A1C0>)
2026-01-03 00:52:35 | [36mDEBUG[0m | aiosqlite | operation functools.partial(<built-in method close of sqlite3.Cursor object at 0x000001BA83D3A1C0>) completed
2026-01-03 00:52:35 | [32mINFO[0m | sqlalchemy.engine.Engine | 
DROP TABLE radio_queue
2026-01-03 00:52:35 | [32mINFO[0m | sqlalchemy.engine.Engine | [no key 0.00017s] ()
2026-01-03 00:52:35 | [36mDEBUG[0m | aiosqlite | executing functools.partial(<built-in method cursor of sqlite3.Connection object at 0x000001BA83F84E50>)
2026-01-03 00:52:35 | [36mDEBUG[0m | aiosqlite | operation functools.partial(<built-in method cursor of sqlite3.Connection object at 0x000001BA83F84E50>) completed
2026-01-03 00:52:35 | [36mDEBUG[0m | aiosqlite | executing functools.partial(<built-in method execute of sqlite3.Cursor object at 0x000001BA83FB5140>, '\nDROP TABLE radio_queue', ())
2026-01-03 00:52:35 | [36mDEBUG[0m | aiosqlite | operation functools.partial(<built-in method execute of sqlite3.Cursor object at 0x000001BA83FB5140>, '\nDROP TABLE radio_queue', ()) completed
2026-01-03 00:52:35 | [36mDEBUG[0m | aiosqlite | executing functools.partial(<built-in method close of sqlite3.Cursor object at 0x000001BA83FB5140>)
2026-01-03 00:52:35 | [36mDEBUG[0m | aiosqlite | operation functools.partial(<built-in method close of sqlite3.Cursor object at 0x000001BA83FB5140>) completed
2026-01-03 00:52:35 | [32mINFO[0m | sqlalchemy.engine.Engine | 
DROP TABLE radio_history
2026-01-03 00:52:35 | [32mINFO[0m | sqlalchemy.engine.Engine | [no key 0.00068s] ()
2026-01-03 00:52:35 | [36mDEBUG[0m | aiosqlite | executing functools.partial(<built-in method cursor of sqlite3.Connection object at 0x000001BA83F84E50>)
2026-01-03 00:52:35 | [36mDEBUG[0m | aiosqlite | operation functools.partial(<built-in method cursor of sqlite3.Connection object at 0x000001BA83F84E50>) completed
2026-01-03 00:52:35 | [36mDEBUG[0m | aiosqlite | executing functools.partial(<built-in method execute of sqlite3.Cursor object at 0x000001BA83FCD6C0>, '\nDROP TABLE radio_history', ())
2026-01-03 00:52:35 | [36mDEBUG[0m | aiosqlite | operation functools.partial(<built-in method execute of sqlite3.Cursor object at 0x000001BA83FCD6C0>, '\nDROP TABLE radio_history', ()) completed
2026-01-03 00:52:35 | [36mDEBUG[0m | aiosqlite | executing functools.partial(<built-in method close of sqlite3.Cursor object at 0x000001BA83FCD6C0>)
2026-01-03 00:52:35 | [32mINFO[0m | sqlalchemy.engine.Engine | 
DROP TABLE chat_messages
2026-01-03 00:52:35 | [36mDEBUG[0m | aiosqlite | operation functools.partial(<built-in method close of sqlite3.Cursor object at 0x000001BA83FCD6C0>) completed
2026-01-03 00:52:35 | [32mINFO[0m | sqlalchemy.engine.Engine | [no key 0.00031s] ()
2026-01-03 00:52:35 | [36mDEBUG[0m | aiosqlite | executing functools.partial(<built-in method cursor of sqlite3.Connection object at 0x000001BA83F84E50>)
2026-01-03 00:52:35 | [36mDEBUG[0m | aiosqlite | operation functools.partial(<built-in method cursor of sqlite3.Connection object at 0x000001BA83F84E50>) completed
2026-01-03 00:52:35 | [36mDEBUG[0m | aiosqlite | executing functools.partial(<built-in method execute of sqlite3.Cursor object at 0x000001BA83FCCE40>, '\nDROP TABLE chat_messages', ())
2026-01-03 00:52:35 | [36mDEBUG[0m | aiosqlite | operation functools.partial(<built-in method execute of sqlite3.Cursor object at 0x000001BA83FCCE40>, '\nDROP TABLE chat_messages', ()) completed
2026-01-03 00:52:35 | [36mDEBUG[0m | aiosqlite | executing functools.partial(<built-in method close of sqlite3.Cursor object at 0x000001BA83FCCE40>)
2026-01-03 00:52:35 | [32mINFO[0m | sqlalchemy.engine.Engine | 
DROP TABLE users
2026-01-03 00:52:35 | [36mDEBUG[0m | aiosqlite | operation functools.partial(<built-in method close of sqlite3.Cursor object at 0x000001BA83FCCE40>) completed
2026-01-03 00:52:35 | [32mINFO[0m | sqlalchemy.engine.Engine | [no key 0.00023s] ()
2026-01-03 00:52:35 | [36mDEBUG[0m | aiosqlite | executing functools.partial(<built-in method cursor of sqlite3.Connection object at 0x000001BA83F84E50>)
2026-01-03 00:52:35 | [36mDEBUG[0m | aiosqlite | operation functools.partial(<built-in method cursor of sqlite3.Connection object at 0x000001BA83F84E50>) completed
2026-01-03 00:52:35 | [36mDEBUG[0m | aiosqlite | executing functools.partial(<built-in method execute of sqlite3.Cursor object at 0x000001BA83FCCA40>, '\nDROP TABLE users', ())
2026-01-03 00:52:35 | [36mDEBUG[0m | aiosqlite | operation functools.partial(<built-in method execute of sqlite3.Cursor object at 0x000001BA83FCCA40>, '\nDROP TABLE users', ()) completed
2026-01-03 00:52:35 | [36mDEBUG[0m | aiosqlite | executing functools.partial(<built-in method close of sqlite3.Cursor object at 0x000001BA83FCCA40>)
2026-01-03 00:52:35 | [32mINFO[0m | sqlalchemy.engine.Engine | 
DROP TABLE songs
2026-01-03 00:52:35 | [36mDEBUG[0m | aiosqlite | operation functools.partial(<built-in method close of sqlite3.Cursor object at 0x000001BA83FCCA40>) completed
2026-01-03 00:52:35 | [32mINFO[0m | sqlalchemy.engine.Engine | [no key 0.00025s] ()
2026-01-03 00:52:35 | [36mDEBUG[0m | aiosqlite | executing functools.partial(<built-in method cursor of sqlite3.Connection object at 0x000001BA83F84E50>)
2026-01-03 00:52:35 | [36mDEBUG[0m | aiosqlite | operation functools.partial(<built-in method cursor of sqlite3.Connection object at 0x000001BA83F84E50>) completed
2026-01-03 00:52:35 | [36mDEBUG[0m | aiosqlite | executing functools.partial(<built-in method execute of sqlite3.Cursor object at 0x000001BA83FCDD40>, '\nDROP TABLE songs', ())
2026-01-03 00:52:35 | [36mDEBUG[0m | aiosqlite | operation functools.partial(<built-in method execute of sqlite3.Cursor object at 0x000001BA83FCDD40>, '\nDROP TABLE songs', ()) completed
2026-01-03 00:52:35 | [36mDEBUG[0m | aiosqlite | executing functools.partial(<built-in method close of sqlite3.Cursor object at 0x000001BA83FCDD40>)
2026-01-03 00:52:35 | [32mINFO[0m | sqlalchemy.engine.Engine | COMMIT
2026-01-03 00:52:35 | [36mDEBUG[0m | aiosqlite | operation functools.partial(<built-in method close of sqlite3.Cursor object at 0x000001BA83FCDD40>) completed
2026-01-03 00:52:35 | [36mDEBUG[0m | aiosqlite | executing functools.partial(<built-in method commit of sqlite3.Connection object at 0x000001BA83F84E50>)
2026-01-03 00:52:35 | [36mDEBUG[0m | aiosqlite | operation functools.partial(<built-in method commit of sqlite3.Connection object at 0x000001BA83F84E50>) completed
2026-01-03 00:52:35 | [36mDEBUG[0m | aiosqlite | executing functools.partial(<built-in method rollback of sqlite3.Connection object at 0x000001BA83F84E50>)
2026-01-03 00:52:35 | [36mDEBUG[0m | aiosqlite | operation functools.partial(<built-in method rollback of sqlite3.Connection object at 0x000001BA83F84E50>) completed
2026-01-03 00:52:35 | [36mDEBUG[0m | aiosqlite | executing functools.partial(<built-in method close of sqlite3.Connection object at 0x000001BA83F84E50>)
2026-01-03 00:52:35 | [36mDEBUG[0m | aiosqlite | operation functools.partial(<built-in method close of sqlite3.Connection object at 0x000001BA83F84E50>) completed
2026-01-03 00:52:35 | [36mDEBUG[0m | aiosqlite | executing <function Connection.stop.<locals>.close_and_stop at 0x000001BA83FE1EE0>
2026-01-03 00:52:35 | [36mDEBUG[0m | aiosqlite | operation <function Connection.stop.<locals>.close_and_stop at 0x000001BA83FE1EE0> completed
---------------------------- Captured log teardown ----------------------------
INFO     sqlalchemy.engine.Engine:base.py:2710 BEGIN (implicit)
INFO     sqlalchemy.engine.Engine:base.py:1846 PRAGMA main.table_info("chat_messages")
INFO     sqlalchemy.engine.Engine:base.py:1846 [raw sql] ()
DEBUG    aiosqlite:core.py:62 executing functools.partial(<built-in method cursor of sqlite3.Connection object at 0x000001BA83F84E50>)
DEBUG    aiosqlite:core.py:67 operation functools.partial(<built-in method cursor of sqlite3.Connection object at 0x000001BA83F84E50>) completed
DEBUG    aiosqlite:core.py:62 executing functools.partial(<built-in method execute of sqlite3.Cursor object at 0x000001BA83FB53C0>, 'PRAGMA main.table_info("chat_messages")', ())
DEBUG    aiosqlite:core.py:67 operation functools.partial(<built-in method execute of sqlite3.Cursor object at 0x000001BA83FB53C0>, 'PRAGMA main.table_info("chat_messages")', ()) completed
DEBUG    aiosqlite:core.py:62 executing functools.partial(<built-in method fetchall of sqlite3.Cursor object at 0x000001BA83FB53C0>)
DEBUG    aiosqlite:core.py:67 operation functools.partial(<built-in method fetchall of sqlite3.Cursor object at 0x000001BA83FB53C0>) completed
DEBUG    aiosqlite:core.py:62 executing functools.partial(<built-in method close of sqlite3.Cursor object at 0x000001BA83FB53C0>)
DEBUG    sqlalchemy.engine.Engine:cursor.py:1549 Col ('cid', 'name', 'type', 'notnull', 'dflt_value', 'pk')
DEBUG    aiosqlite:core.py:67 operation functools.partial(<built-in method close of sqlite3.Cursor object at 0x000001BA83FB53C0>) completed
DEBUG    sqlalchemy.engine.Engine:cursor.py:1581 Row (0, 'id', 'INTEGER', 1, None, 1)
DEBUG    sqlalchemy.engine.Engine:cursor.py:1581 Row (1, 'user_id', 'INTEGER', 0, None, 0)
DEBUG    sqlalchemy.engine.Engine:cursor.py:1581 Row (2, 'content', 'TEXT', 1, None, 0)
DEBUG    sqlalchemy.engine.Engine:cursor.py:1581 Row (3, 'message_type', 'VARCHAR(20)', 1, None, 0)
DEBUG    sqlalchemy.engine.Engine:cursor.py:1581 Row (4, 'is_deleted', 'BOOLEAN', 1, None, 0)
DEBUG    sqlalchemy.engine.Engine:cursor.py:1581 Row (5, 'deleted_by_id', 'INTEGER', 0, None, 0)
DEBUG    sqlalchemy.engine.Engine:cursor.py:1581 Row (6, 'deleted_at', 'DATETIME', 0, None, 0)
DEBUG    sqlalchemy.engine.Engine:cursor.py:1581 Row (7, 'delete_reason', 'VARCHAR(255)', 0, None, 0)
DEBUG    sqlalchemy.engine.Engine:cursor.py:1581 Row (8, 'reply_to_id', 'INTEGER', 0, None, 0)
DEBUG    sqlalchemy.engine.Engine:cursor.py:1581 Row (9, 'created_at', 'DATETIME', 1, None, 0)
DEBUG    sqlalchemy.engine.Engine:cursor.py:1581 Row (10, 'updated_at', 'DATETIME', 1, None, 0)
INFO     sqlalchemy.engine.Engine:base.py:1846 PRAGMA main.table_info("radio_history")
INFO     sqlalchemy.engine.Engine:base.py:1846 [raw sql] ()
DEBUG    aiosqlite:core.py:62 executing functools.partial(<built-in method cursor of sqlite3.Connection object at 0x000001BA83F84E50>)
DEBUG    aiosqlite:core.py:67 operation functools.partial(<built-in method cursor of sqlite3.Connection object at 0x000001BA83F84E50>) completed
DEBUG    aiosqlite:core.py:62 executing functools.partial(<built-in method execute of sqlite3.Cursor object at 0x000001BA83FB52C0>, 'PRAGMA main.table_info("radio_history")', ())
DEBUG    aiosqlite:core.py:67 operation functools.partial(<built-in method execute of sqlite3.Cursor object at 0x000001BA83FB52C0>, 'PRAGMA main.table_info("radio_history")', ()) completed
DEBUG    aiosqlite:core.py:62 executing functools.partial(<built-in method fetchall of sqlite3.Cursor object at 0x000001BA83FB52C0>)
DEBUG    aiosqlite:core.py:67 operation functools.partial(<built-in method fetchall of sqlite3.Cursor object at 0x000001BA83FB52C0>) completed
DEBUG    aiosqlite:core.py:62 executing functools.partial(<built-in method close of sqlite3.Cursor object at 0x000001BA83FB52C0>)
DEBUG    aiosqlite:core.py:67 operation functools.partial(<built-in method close of sqlite3.Cursor object at 0x000001BA83FB52C0>) completed
DEBUG    sqlalchemy.engine.Engine:cursor.py:1549 Col ('cid', 'name', 'type', 'notnull', 'dflt_value', 'pk')
DEBUG    sqlalchemy.engine.Engine:cursor.py:1581 Row (0, 'id', 'INTEGER', 1, None, 1)
DEBUG    sqlalchemy.engine.Engine:cursor.py:1581 Row (1, 'song_id', 'INTEGER', 1, None, 0)
DEBUG    sqlalchemy.engine.Engine:cursor.py:1581 Row (2, 'queue_id', 'INTEGER', 0, None, 0)
DEBUG    sqlalchemy.engine.Engine:cursor.py:1581 Row (3, 'played_at', 'DATETIME', 1, None, 0)
DEBUG    sqlalchemy.engine.Engine:cursor.py:1581 Row (4, 'ended_at', 'DATETIME', 0, None, 0)
DEBUG    sqlalchemy.engine.Engine:cursor.py:1581 Row (5, 'duration_played_seconds', 'FLOAT', 0, None, 0)
DEBUG    sqlalchemy.engine.Engine:cursor.py:1581 Row (6, 'broadcast_file_path', 'VARCHAR(500)', 0, None, 0)
DEBUG    sqlalchemy.engine.Engine:cursor.py:1581 Row (7, 'stream_mount', 'VARCHAR(100)', 0, None, 0)
DEBUG    sqlalchemy.engine.Engine:cursor.py:1581 Row (8, 'requester_telegram_id', 'BIGINT', 0, None, 0)
DEBUG    sqlalchemy.engine.Engine:cursor.py:1581 Row (9, 'requester_username', 'VARCHAR(255)', 0, None, 0)
DEBUG    sqlalchemy.engine.Engine:cursor.py:1581 Row (10, 'song_title', 'VARCHAR(500)', 0, None, 0)
DEBUG    sqlalchemy.engine.Engine:cursor.py:1581 Row (11, 'song_artist', 'VARCHAR(255)', 0, None, 0)
DEBUG    sqlalchemy.engine.Engine:cursor.py:1581 Row (12, 'song_genre', 'VARCHAR(100)', 0, None, 0)
DEBUG    sqlalchemy.engine.Engine:cursor.py:1581 Row (13, 'had_dj_intro', 'BOOLEAN', 1, None, 0)
DEBUG    sqlalchemy.engine.Engine:cursor.py:1581 Row (14, 'dj_intro_text', 'TEXT', 0, None, 0)
DEBUG    sqlalchemy.engine.Engine:cursor.py:1581 Row (15, 'listener_count', 'INTEGER', 0, None, 0)
DEBUG    sqlalchemy.engine.Engine:cursor.py:1581 Row (16, 'upvotes_during_play', 'INTEGER', 1, None, 0)
DEBUG    sqlalchemy.engine.Engine:cursor.py:1581 Row (17, 'downvotes_during_play', 'INTEGER', 1, None, 0)
DEBUG    sqlalchemy.engine.Engine:cursor.py:1581 Row (18, 'skips_requested', 'INTEGER', 1, None, 0)
DEBUG    sqlalchemy.engine.Engine:cursor.py:1581 Row (19, 'created_at', 'DATETIME', 1, None, 0)
DEBUG    sqlalchemy.engine.Engine:cursor.py:1581 Row (20, 'updated_at', 'DATETIME', 1, None, 0)
INFO     sqlalchemy.engine.Engine:base.py:1846 PRAGMA main.table_info("radio_queue")
INFO     sqlalchemy.engine.Engine:base.py:1846 [raw sql] ()
DEBUG    aiosqlite:core.py:62 executing functools.partial(<built-in method cursor of sqlite3.Connection object at 0x000001BA83F84E50>)
DEBUG    aiosqlite:core.py:67 operation functools.partial(<built-in method cursor of sqlite3.Connection object at 0x000001BA83F84E50>) completed
DEBUG    aiosqlite:core.py:62 executing functools.partial(<built-in method execute of sqlite3.Cursor object at 0x000001BA83D3BDC0>, 'PRAGMA main.table_info("radio_queue")', ())
DEBUG    aiosqlite:core.py:67 operation functools.partial(<built-in method execute of sqlite3.Cursor object at 0x000001BA83D3BDC0>, 'PRAGMA main.table_info("radio_queue")', ()) completed
DEBUG    aiosqlite:core.py:62 executing functools.partial(<built-in method fetchall of sqlite3.Cursor object at 0x000001BA83D3BDC0>)
DEBUG    aiosqlite:core.py:67 operation functools.partial(<built-in method fetchall of sqlite3.Cursor object at 0x000001BA83D3BDC0>) completed
DEBUG    aiosqlite:core.py:62 executing functools.partial(<built-in method close of sqlite3.Cursor object at 0x000001BA83D3BDC0>)
DEBUG    aiosqlite:core.py:67 operation functools.partial(<built-in method close of sqlite3.Cursor object at 0x000001BA83D3BDC0>) completed
DEBUG    sqlalchemy.engine.Engine:cursor.py:1549 Col ('cid', 'name', 'type', 'notnull', 'dflt_value', 'pk')
DEBUG    sqlalchemy.engine.Engine:cursor.py:1581 Row (0, 'id', 'INTEGER', 1, None, 1)
DEBUG    sqlalchemy.engine.Engine:cursor.py:1581 Row (1, 'user_id', 'INTEGER', 0, None, 0)
DEBUG    sqlalchemy.engine.Engine:cursor.py:1581 Row (2, 'telegram_user_id', 'BIGINT', 0, None, 0)
DEBUG    sqlalchemy.engine.Engine:cursor.py:1581 Row (3, 'telegram_message_id', 'BIGINT', 0, None, 0)
DEBUG    sqlalchemy.engine.Engine:cursor.py:1581 Row (4, 'song_id', 'INTEGER', 0, None, 0)
DEBUG    sqlalchemy.engine.Engine:cursor.py:1581 Row (5, 'original_prompt', 'TEXT', 1, None, 0)
DEBUG    sqlalchemy.engine.Engine:cursor.py:1581 Row (6, 'enhanced_prompt', 'TEXT', 0, None, 0)
DEBUG    sqlalchemy.engine.Engine:cursor.py:1581 Row (7, 'genre_hint', 'VARCHAR(100)', 0, None, 0)
DEBUG    sqlalchemy.engine.Engine:cursor.py:1581 Row (8, 'is_instrumental', 'BOOLEAN', 1, None, 0)
DEBUG    sqlalchemy.engine.Engine:cursor.py:1581 Row (9, 'status', 'VARCHAR(50)', 1, None, 0)
DEBUG    sqlalchemy.engine.Engine:cursor.py:1581 Row (10, 'suno_job_id', 'VARCHAR(255)', 0, None, 0)
DEBUG    sqlalchemy.engine.Engine:cursor.py:1581 Row (11, 'error_message', 'TEXT', 0, None, 0)
DEBUG    sqlalchemy.engine.Engine:cursor.py:1581 Row (12, 'retry_count', 'INTEGER', 1, None, 0)
DEBUG    sqlalchemy.engine.Engine:cursor.py:1581 Row (13, 'max_retries', 'INTEGER', 1, None, 0)
DEBUG    sqlalchemy.engine.Engine:cursor.py:1581 Row (14, 'base_priority', 'FLOAT', 1, None, 0)
DEBUG    sqlalchemy.engine.Engine:cursor.py:1581 Row (15, 'priority_score', 'FLOAT', 1, None, 0)
DEBUG    sqlalchemy.engine.Engine:cursor.py:1581 Row (16, 'is_priority_boost', 'BOOLEAN', 1, None, 0)
DEBUG    sqlalchemy.engine.Engine:cursor.py:1581 Row (17, 'priority_boost_reason', 'VARCHAR(255)', 0, None, 0)
DEBUG    sqlalchemy.engine.Engine:cursor.py:1581 Row (18, 'upvotes', 'INTEGER', 1, None, 0)
DEBUG    sqlalchemy.engine.Engine:cursor.py:1581 Row (19, 'downvotes', 'INTEGER', 1, None, 0)
DEBUG    sqlalchemy.engine.Engine:cursor.py:1581 Row (20, 'requested_at', 'DATETIME', 1, None, 0)
DEBUG    sqlalchemy.engine.Engine:cursor.py:1581 Row (21, 'queued_at', 'DATETIME', 0, None, 0)
DEBUG    sqlalchemy.engine.Engine:cursor.py:1581 Row (22, 'generation_started_at', 'DATETIME', 0, None, 0)
DEBUG    sqlalchemy.engine.Engine:cursor.py:1581 Row (23, 'generation_completed_at', 'DATETIME', 0, None, 0)
DEBUG    sqlalchemy.engine.Engine:cursor.py:1581 Row (24, 'broadcast_started_at', 'DATETIME', 0, None, 0)
DEBUG    sqlalchemy.engine.Engine:cursor.py:1581 Row (25, 'completed_at', 'DATETIME', 0, None, 0)
DEBUG    sqlalchemy.engine.Engine:cursor.py:1581 Row (26, 'is_moderated', 'BOOLEAN', 1, None, 0)
DEBUG    sqlalchemy.engine.Engine:cursor.py:1581 Row (27, 'moderation_passed', 'BOOLEAN', 0, None, 0)
DEBUG    sqlalchemy.engine.Engine:cursor.py:1581 Row (28, 'moderation_reason', 'TEXT', 0, None, 0)
DEBUG    sqlalchemy.engine.Engine:cursor.py:1581 Row (29, 'has_dj_intro', 'BOOLEAN', 1, None, 0)
DEBUG    sqlalchemy.engine.Engine:cursor.py:1581 Row (30, 'dj_intro_path', 'VARCHAR(500)', 0, None, 0)
DEBUG    sqlalchemy.engine.Engine:cursor.py:1581 Row (31, 'created_at', 'DATETIME', 1, None, 0)
DEBUG    sqlalchemy.engine.Engine:cursor.py:1581 Row (32, 'updated_at', 'DATETIME', 1, None, 0)
INFO     sqlalchemy.engine.Engine:base.py:1846 PRAGMA main.table_info("songs")
INFO     sqlalchemy.engine.Engine:base.py:1846 [raw sql] ()
DEBUG    aiosqlite:core.py:62 executing functools.partial(<built-in method cursor of sqlite3.Connection object at 0x000001BA83F84E50>)
DEBUG    aiosqlite:core.py:67 operation functools.partial(<built-in method cursor of sqlite3.Connection object at 0x000001BA83F84E50>) completed
DEBUG    aiosqlite:core.py:62 executing functools.partial(<built-in method execute of sqlite3.Cursor object at 0x000001BA83FB41C0>, 'PRAGMA main.table_info("songs")', ())
DEBUG    aiosqlite:core.py:67 operation functools.partial(<built-in method execute of sqlite3.Cursor object at 0x000001BA83FB41C0>, 'PRAGMA main.table_info("songs")', ()) completed
DEBUG    aiosqlite:core.py:62 executing functools.partial(<built-in method fetchall of sqlite3.Cursor object at 0x000001BA83FB41C0>)
DEBUG    aiosqlite:core.py:67 operation functools.partial(<built-in method fetchall of sqlite3.Cursor object at 0x000001BA83FB41C0>) completed
DEBUG    aiosqlite:core.py:62 executing functools.partial(<built-in method close of sqlite3.Cursor object at 0x000001BA83FB41C0>)
DEBUG    sqlalchemy.engine.Engine:cursor.py:1549 Col ('cid', 'name', 'type', 'notnull', 'dflt_value', 'pk')
DEBUG    sqlalchemy.engine.Engine:cursor.py:1581 Row (0, 'id', 'INTEGER', 1, None, 1)
DEBUG    sqlalchemy.engine.Engine:cursor.py:1581 Row (1, 'suno_job_id', 'VARCHAR(255)', 0, None, 0)
DEBUG    aiosqlite:core.py:67 operation functools.partial(<built-in method close of sqlite3.Cursor object at 0x000001BA83FB41C0>) completed
DEBUG    sqlalchemy.engine.Engine:cursor.py:1581 Row (2, 'suno_status', 'VARCHAR(50)', 1, None, 0)
DEBUG    sqlalchemy.engine.Engine:cursor.py:1581 Row (3, 'title', 'VARCHAR(500)', 0, None, 0)
DEBUG    sqlalchemy.engine.Engine:cursor.py:1581 Row (4, 'artist', 'VARCHAR(255)', 1, None, 0)
DEBUG    sqlalchemy.engine.Engine:cursor.py:1581 Row (5, 'original_prompt', 'TEXT', 0, None, 0)
DEBUG    sqlalchemy.engine.Engine:cursor.py:1581 Row (6, 'enhanced_prompt', 'TEXT', 0, None, 0)
DEBUG    sqlalchemy.engine.Engine:cursor.py:1581 Row (7, 'style_prompt', 'TEXT', 0, None, 0)
DEBUG    sqlalchemy.engine.Engine:cursor.py:1581 Row (8, 'lyrics', 'TEXT', 0, None, 0)
DEBUG    sqlalchemy.engine.Engine:cursor.py:1581 Row (9, 'genre', 'VARCHAR(100)', 0, None, 0)
DEBUG    sqlalchemy.engine.Engine:cursor.py:1581 Row (10, 'subgenre', 'VARCHAR(100)', 0, None, 0)
DEBUG    sqlalchemy.engine.Engine:cursor.py:1581 Row (11, 'mood', 'VARCHAR(100)', 0, None, 0)
DEBUG    sqlalchemy.engine.Engine:cursor.py:1581 Row (12, 'energy', 'VARCHAR(50)', 0, None, 0)
DEBUG    sqlalchemy.engine.Engine:cursor.py:1581 Row (13, 'duration_seconds', 'FLOAT', 0, None, 0)
DEBUG    sqlalchemy.engine.Engine:cursor.py:1581 Row (14, 'bpm', 'INTEGER', 0, None, 0)
DEBUG    sqlalchemy.engine.Engine:cursor.py:1581 Row (15, 'key', 'VARCHAR(10)', 0, None, 0)
DEBUG    sqlalchemy.engine.Engine:cursor.py:1581 Row (16, 'is_instrumental', 'BOOLEAN', 1, None, 0)
DEBUG    sqlalchemy.engine.Engine:cursor.py:1581 Row (17, 'audio_url', 'VARCHAR(1000)', 0, None, 0)
DEBUG    sqlalchemy.engine.Engine:cursor.py:1581 Row (18, 'local_file_path', 'VARCHAR(500)', 0, None, 0)
DEBUG    sqlalchemy.engine.Engine:cursor.py:1581 Row (19, 'file_size_bytes', 'INTEGER', 0, None, 0)
DEBUG    sqlalchemy.engine.Engine:cursor.py:1581 Row (20, 'audio_format', 'VARCHAR(10)', 1, None, 0)
DEBUG    sqlalchemy.engine.Engine:cursor.py:1581 Row (21, 'lufs_level', 'FLOAT', 0, None, 0)
DEBUG    sqlalchemy.engine.Engine:cursor.py:1581 Row (22, 'peak_db', 'FLOAT', 0, None, 0)
DEBUG    sqlalchemy.engine.Engine:cursor.py:1581 Row (23, 'is_normalized', 'BOOLEAN', 1, None, 0)
DEBUG    sqlalchemy.engine.Engine:cursor.py:1581 Row (24, 'generation_started_at', 'DATETIME', 0, None, 0)
DEBUG    sqlalchemy.engine.Engine:cursor.py:1581 Row (25, 'generation_completed_at', 'DATETIME', 0, None, 0)
DEBUG    sqlalchemy.engine.Engine:cursor.py:1581 Row (26, 'downloaded_at', 'DATETIME', 0, None, 0)
DEBUG    sqlalchemy.engine.Engine:cursor.py:1581 Row (27, 'play_count', 'INTEGER', 1, None, 0)
DEBUG    sqlalchemy.engine.Engine:cursor.py:1581 Row (28, 'total_upvotes', 'INTEGER', 1, None, 0)
DEBUG    sqlalchemy.engine.Engine:cursor.py:1581 Row (29, 'total_downvotes', 'INTEGER', 1, None, 0)
DEBUG    sqlalchemy.engine.Engine:cursor.py:1581 Row (30, 'is_approved', 'BOOLEAN', 1, None, 0)
DEBUG    sqlalchemy.engine.Engine:cursor.py:1581 Row (31, 'moderation_notes', 'TEXT', 0, None, 0)
DEBUG    sqlalchemy.engine.Engine:cursor.py:1581 Row (32, 'flagged_at', 'DATETIME', 0, None, 0)
DEBUG    sqlalchemy.engine.Engine:cursor.py:1581 Row (33, 'created_at', 'DATETIME', 1, None, 0)
DEBUG    sqlalchemy.engine.Engine:cursor.py:1581 Row (34, 'updated_at', 'DATETIME', 1, None, 0)
INFO     sqlalchemy.engine.Engine:base.py:1846 PRAGMA main.table_info("users")
INFO     sqlalchemy.engine.Engine:base.py:1846 [raw sql] ()
DEBUG    aiosqlite:core.py:62 executing functools.partial(<built-in method cursor of sqlite3.Connection object at 0x000001BA83F84E50>)
DEBUG    aiosqlite:core.py:67 operation functools.partial(<built-in method cursor of sqlite3.Connection object at 0x000001BA83F84E50>) completed
DEBUG    aiosqlite:core.py:62 executing functools.partial(<built-in method execute of sqlite3.Cursor object at 0x000001BA83FB5FC0>, 'PRAGMA main.table_info("users")', ())
DEBUG    aiosqlite:core.py:67 operation functools.partial(<built-in method execute of sqlite3.Cursor object at 0x000001BA83FB5FC0>, 'PRAGMA main.table_info("users")', ()) completed
DEBUG    aiosqlite:core.py:62 executing functools.partial(<built-in method fetchall of sqlite3.Cursor object at 0x000001BA83FB5FC0>)
DEBUG    aiosqlite:core.py:67 operation functools.partial(<built-in method fetchall of sqlite3.Cursor object at 0x000001BA83FB5FC0>) completed
DEBUG    aiosqlite:core.py:62 executing functools.partial(<built-in method close of sqlite3.Cursor object at 0x000001BA83FB5FC0>)
DEBUG    sqlalchemy.engine.Engine:cursor.py:1549 Col ('cid', 'name', 'type', 'notnull', 'dflt_value', 'pk')
DEBUG    aiosqlite:core.py:67 operation functools.partial(<built-in method close of sqlite3.Cursor object at 0x000001BA83FB5FC0>) completed
DEBUG    sqlalchemy.engine.Engine:cursor.py:1581 Row (0, 'id', 'INTEGER', 1, None, 1)
DEBUG    sqlalchemy.engine.Engine:cursor.py:1581 Row (1, 'telegram_id', 'BIGINT', 1, None, 0)
DEBUG    sqlalchemy.engine.Engine:cursor.py:1581 Row (2, 'telegram_username', 'VARCHAR(255)', 0, None, 0)
DEBUG    sqlalchemy.engine.Engine:cursor.py:1581 Row (3, 'telegram_first_name', 'VARCHAR(255)', 0, None, 0)
DEBUG    sqlalchemy.engine.Engine:cursor.py:1581 Row (4, 'telegram_last_name', 'VARCHAR(255)', 0, None, 0)
DEBUG    sqlalchemy.engine.Engine:cursor.py:1581 Row (5, 'reputation_score', 'FLOAT', 1, None, 0)
DEBUG    sqlalchemy.engine.Engine:cursor.py:1581 Row (6, 'total_requests', 'INTEGER', 1, None, 0)
DEBUG    sqlalchemy.engine.Engine:cursor.py:1581 Row (7, 'successful_requests', 'INTEGER', 1, None, 0)
DEBUG    sqlalchemy.engine.Engine:cursor.py:1581 Row (8, 'failed_requests', 'INTEGER', 1, None, 0)
DEBUG    sqlalchemy.engine.Engine:cursor.py:1581 Row (9, 'total_upvotes_received', 'INTEGER', 1, None, 0)
DEBUG    sqlalchemy.engine.Engine:cursor.py:1581 Row (10, 'total_downvotes_received', 'INTEGER', 1, None, 0)
DEBUG    sqlalchemy.engine.Engine:cursor.py:1581 Row (11, 'total_upvotes_given', 'INTEGER', 1, None, 0)
DEBUG    sqlalchemy.engine.Engine:cursor.py:1581 Row (12, 'total_downvotes_given', 'INTEGER', 1, None, 0)
DEBUG    sqlalchemy.engine.Engine:cursor.py:1581 Row (13, 'is_banned', 'BOOLEAN', 1, None, 0)
DEBUG    sqlalchemy.engine.Engine:cursor.py:1581 Row (14, 'is_premium', 'BOOLEAN', 1, None, 0)
DEBUG    sqlalchemy.engine.Engine:cursor.py:1581 Row (15, 'ban_reason', 'TEXT', 0, None, 0)
DEBUG    sqlalchemy.engine.Engine:cursor.py:1581 Row (16, 'banned_at', 'DATETIME', 0, None, 0)
DEBUG    sqlalchemy.engine.Engine:cursor.py:1581 Row (17, 'banned_until', 'DATETIME', 0, None, 0)
DEBUG    sqlalchemy.engine.Engine:cursor.py:1581 Row (18, 'last_request_at', 'DATETIME', 0, None, 0)
DEBUG    sqlalchemy.engine.Engine:cursor.py:1581 Row (19, 'last_vote_at', 'DATETIME', 0, None, 0)
DEBUG    sqlalchemy.engine.Engine:cursor.py:1581 Row (20, 'last_active_at', 'DATETIME', 0, None, 0)
DEBUG    sqlalchemy.engine.Engine:cursor.py:1581 Row (21, 'created_at', 'DATETIME', 1, None, 0)
DEBUG    sqlalchemy.engine.Engine:cursor.py:1581 Row (22, 'updated_at', 'DATETIME', 1, None, 0)
INFO     sqlalchemy.engine.Engine:base.py:1846 PRAGMA main.table_info("votes")
INFO     sqlalchemy.engine.Engine:base.py:1846 [raw sql] ()
DEBUG    aiosqlite:core.py:62 executing functools.partial(<built-in method cursor of sqlite3.Connection object at 0x000001BA83F84E50>)
DEBUG    aiosqlite:core.py:67 operation functools.partial(<built-in method cursor of sqlite3.Connection object at 0x000001BA83F84E50>) completed
DEBUG    aiosqlite:core.py:62 executing functools.partial(<built-in method execute of sqlite3.Cursor object at 0x000001BA83ECC240>, 'PRAGMA main.table_info("votes")', ())
DEBUG    aiosqlite:core.py:67 operation functools.partial(<built-in method execute of sqlite3.Cursor object at 0x000001BA83ECC240>, 'PRAGMA main.table_info("votes")', ()) completed
DEBUG    aiosqlite:core.py:62 executing functools.partial(<built-in method fetchall of sqlite3.Cursor object at 0x000001BA83ECC240>)
DEBUG    aiosqlite:core.py:67 operation functools.partial(<built-in method fetchall of sqlite3.Cursor object at 0x000001BA83ECC240>) completed
DEBUG    aiosqlite:core.py:62 executing functools.partial(<built-in method close of sqlite3.Cursor object at 0x000001BA83ECC240>)
DEBUG    aiosqlite:core.py:67 operation functools.partial(<built-in method close of sqlite3.Cursor object at 0x000001BA83ECC240>) completed
DEBUG    sqlalchemy.engine.Engine:cursor.py:1549 Col ('cid', 'name', 'type', 'notnull', 'dflt_value', 'pk')
DEBUG    sqlalchemy.engine.Engine:cursor.py:1581 Row (0, 'id', 'INTEGER', 1, None, 1)
DEBUG    sqlalchemy.engine.Engine:cursor.py:1581 Row (1, 'user_id', 'INTEGER', 1, None, 0)
DEBUG    sqlalchemy.engine.Engine:cursor.py:1581 Row (2, 'telegram_user_id', 'BIGINT', 0, None, 0)
DEBUG    sqlalchemy.engine.Engine:cursor.py:1581 Row (3, 'queue_item_id', 'INTEGER', 1, None, 0)
DEBUG    sqlalchemy.engine.Engine:cursor.py:1581 Row (4, 'vote_type', 'VARCHAR(20)', 1, None, 0)
DEBUG    sqlalchemy.engine.Engine:cursor.py:1581 Row (5, 'voted_at', 'DATETIME', 1, None, 0)
DEBUG    sqlalchemy.engine.Engine:cursor.py:1581 Row (6, 'previous_vote_type', 'VARCHAR(20)', 0, None, 0)
DEBUG    sqlalchemy.engine.Engine:cursor.py:1581 Row (7, 'changed_at', 'DATETIME', 0, None, 0)
DEBUG    sqlalchemy.engine.Engine:cursor.py:1581 Row (8, 'source', 'VARCHAR(50)', 1, None, 0)
DEBUG    sqlalchemy.engine.Engine:cursor.py:1581 Row (9, 'telegram_callback_id', 'VARCHAR(255)', 0, None, 0)
DEBUG    sqlalchemy.engine.Engine:cursor.py:1581 Row (10, 'created_at', 'DATETIME', 1, None, 0)
DEBUG    sqlalchemy.engine.Engine:cursor.py:1581 Row (11, 'updated_at', 'DATETIME', 1, None, 0)
INFO     sqlalchemy.engine.Engine:base.py:1846 
DROP TABLE votes
INFO     sqlalchemy.engine.Engine:base.py:1846 [no key 0.00032s] ()
DEBUG    aiosqlite:core.py:62 executing functools.partial(<built-in method cursor of sqlite3.Connection object at 0x000001BA83F84E50>)
DEBUG    aiosqlite:core.py:67 operation functools.partial(<built-in method cursor of sqlite3.Connection object at 0x000001BA83F84E50>) completed
DEBUG    aiosqlite:core.py:62 executing functools.partial(<built-in method execute of sqlite3.Cursor object at 0x000001BA83D3A1C0>, '\nDROP TABLE votes', ())
DEBUG    aiosqlite:core.py:67 operation functools.partial(<built-in method execute of sqlite3.Cursor object at 0x000001BA83D3A1C0>, '\nDROP TABLE votes', ()) completed
DEBUG    aiosqlite:core.py:62 executing functools.partial(<built-in method close of sqlite3.Cursor object at 0x000001BA83D3A1C0>)
DEBUG    aiosqlite:core.py:67 operation functools.partial(<built-in method close of sqlite3.Cursor object at 0x000001BA83D3A1C0>) completed
INFO     sqlalchemy.engine.Engine:base.py:1846 
DROP TABLE radio_queue
INFO     sqlalchemy.engine.Engine:base.py:1846 [no key 0.00017s] ()
DEBUG    aiosqlite:core.py:62 executing functools.partial(<built-in method cursor of sqlite3.Connection object at 0x000001BA83F84E50>)
DEBUG    aiosqlite:core.py:67 operation functools.partial(<built-in method cursor of sqlite3.Connection object at 0x000001BA83F84E50>) completed
DEBUG    aiosqlite:core.py:62 executing functools.partial(<built-in method execute of sqlite3.Cursor object at 0x000001BA83FB5140>, '\nDROP TABLE radio_queue', ())
DEBUG    aiosqlite:core.py:67 operation functools.partial(<built-in method execute of sqlite3.Cursor object at 0x000001BA83FB5140>, '\nDROP TABLE radio_queue', ()) completed
DEBUG    aiosqlite:core.py:62 executing functools.partial(<built-in method close of sqlite3.Cursor object at 0x000001BA83FB5140>)
DEBUG    aiosqlite:core.py:67 operation functools.partial(<built-in method close of sqlite3.Cursor object at 0x000001BA83FB5140>) completed
INFO     sqlalchemy.engine.Engine:base.py:1846 
DROP TABLE radio_history
INFO     sqlalchemy.engine.Engine:base.py:1846 [no key 0.00068s] ()
DEBUG    aiosqlite:core.py:62 executing functools.partial(<built-in method cursor of sqlite3.Connection object at 0x000001BA83F84E50>)
DEBUG    aiosqlite:core.py:67 operation functools.partial(<built-in method cursor of sqlite3.Connection object at 0x000001BA83F84E50>) completed
DEBUG    aiosqlite:core.py:62 executing functools.partial(<built-in method execute of sqlite3.Cursor object at 0x000001BA83FCD6C0>, '\nDROP TABLE radio_history', ())
DEBUG    aiosqlite:core.py:67 operation functools.partial(<built-in method execute of sqlite3.Cursor object at 0x000001BA83FCD6C0>, '\nDROP TABLE radio_history', ()) completed
DEBUG    aiosqlite:core.py:62 executing functools.partial(<built-in method close of sqlite3.Cursor object at 0x000001BA83FCD6C0>)
INFO     sqlalchemy.engine.Engine:base.py:1846 
DROP TABLE chat_messages
DEBUG    aiosqlite:core.py:67 operation functools.partial(<built-in method close of sqlite3.Cursor object at 0x000001BA83FCD6C0>) completed
INFO     sqlalchemy.engine.Engine:base.py:1846 [no key 0.00031s] ()
DEBUG    aiosqlite:core.py:62 executing functools.partial(<built-in method cursor of sqlite3.Connection object at 0x000001BA83F84E50>)
DEBUG    aiosqlite:core.py:67 operation functools.partial(<built-in method cursor of sqlite3.Connection object at 0x000001BA83F84E50>) completed
DEBUG    aiosqlite:core.py:62 executing functools.partial(<built-in method execute of sqlite3.Cursor object at 0x000001BA83FCCE40>, '\nDROP TABLE chat_messages', ())
DEBUG    aiosqlite:core.py:67 operation functools.partial(<built-in method execute of sqlite3.Cursor object at 0x000001BA83FCCE40>, '\nDROP TABLE chat_messages', ()) completed
DEBUG    aiosqlite:core.py:62 executing functools.partial(<built-in method close of sqlite3.Cursor object at 0x000001BA83FCCE40>)
INFO     sqlalchemy.engine.Engine:base.py:1846 
DROP TABLE users
DEBUG    aiosqlite:core.py:67 operation functools.partial(<built-in method close of sqlite3.Cursor object at 0x000001BA83FCCE40>) completed
INFO     sqlalchemy.engine.Engine:base.py:1846 [no key 0.00023s] ()
DEBUG    aiosqlite:core.py:62 executing functools.partial(<built-in method cursor of sqlite3.Connection object at 0x000001BA83F84E50>)
DEBUG    aiosqlite:core.py:67 operation functools.partial(<built-in method cursor of sqlite3.Connection object at 0x000001BA83F84E50>) completed
DEBUG    aiosqlite:core.py:62 executing functools.partial(<built-in method execute of sqlite3.Cursor object at 0x000001BA83FCCA40>, '\nDROP TABLE users', ())
DEBUG    aiosqlite:core.py:67 operation functools.partial(<built-in method execute of sqlite3.Cursor object at 0x000001BA83FCCA40>, '\nDROP TABLE users', ()) completed
DEBUG    aiosqlite:core.py:62 executing functools.partial(<built-in method close of sqlite3.Cursor object at 0x000001BA83FCCA40>)
INFO     sqlalchemy.engine.Engine:base.py:1846 
DROP TABLE songs
DEBUG    aiosqlite:core.py:67 operation functools.partial(<built-in method close of sqlite3.Cursor object at 0x000001BA83FCCA40>) completed
INFO     sqlalchemy.engine.Engine:base.py:1846 [no key 0.00025s] ()
DEBUG    aiosqlite:core.py:62 executing functools.partial(<built-in method cursor of sqlite3.Connection object at 0x000001BA83F84E50>)
DEBUG    aiosqlite:core.py:67 operation functools.partial(<built-in method cursor of sqlite3.Connection object at 0x000001BA83F84E50>) completed
DEBUG    aiosqlite:core.py:62 executing functools.partial(<built-in method execute of sqlite3.Cursor object at 0x000001BA83FCDD40>, '\nDROP TABLE songs', ())
DEBUG    aiosqlite:core.py:67 operation functools.partial(<built-in method execute of sqlite3.Cursor object at 0x000001BA83FCDD40>, '\nDROP TABLE songs', ()) completed
DEBUG    aiosqlite:core.py:62 executing functools.partial(<built-in method close of sqlite3.Cursor object at 0x000001BA83FCDD40>)
INFO     sqlalchemy.engine.Engine:base.py:2716 COMMIT
DEBUG    aiosqlite:core.py:67 operation functools.partial(<built-in method close of sqlite3.Cursor object at 0x000001BA83FCDD40>) completed
DEBUG    aiosqlite:core.py:62 executing functools.partial(<built-in method commit of sqlite3.Connection object at 0x000001BA83F84E50>)
DEBUG    aiosqlite:core.py:67 operation functools.partial(<built-in method commit of sqlite3.Connection object at 0x000001BA83F84E50>) completed
DEBUG    aiosqlite:core.py:62 executing functools.partial(<built-in method rollback of sqlite3.Connection object at 0x000001BA83F84E50>)
DEBUG    aiosqlite:core.py:67 operation functools.partial(<built-in method rollback of sqlite3.Connection object at 0x000001BA83F84E50>) completed
DEBUG    aiosqlite:core.py:62 executing functools.partial(<built-in method close of sqlite3.Connection object at 0x000001BA83F84E50>)
DEBUG    aiosqlite:core.py:67 operation functools.partial(<built-in method close of sqlite3.Connection object at 0x000001BA83F84E50>) completed
DEBUG    aiosqlite:core.py:62 executing <function Connection.stop.<locals>.close_and_stop at 0x000001BA83FE1EE0>
DEBUG    aiosqlite:core.py:67 operation <function Connection.stop.<locals>.close_and_stop at 0x000001BA83FE1EE0> completed
=========================== short test summary info ===========================
FAILED tests/test_webhooks_broadcast.py::test_broadcast_status_start_song - a...
FAILED tests/test_webhooks_broadcast.py::test_broadcast_status_end_song - ass...
FAILED tests/test_webhooks_broadcast.py::test_broadcast_unknown_song - assert...
========================= 3 failed, 1 passed in 2.14s =========================
